  [1m[35m (3.5ms)[0m  [1m[34mSELECT "schema_migrations"."version" FROM "schema_migrations" ORDER BY "schema_migrations"."version" ASC[0m
  [1m[35m (0.2ms)[0m  [1m[35mBEGIN[0m
  [1m[35m (6.4ms)[0m  [1m[35mALTER TABLE "users" DISABLE TRIGGER ALL;ALTER TABLE "articles" DISABLE TRIGGER ALL;ALTER TABLE "comments" DISABLE TRIGGER ALL;ALTER TABLE "schema_migrations" DISABLE TRIGGER ALL;ALTER TABLE "ar_internal_metadata" DISABLE TRIGGER ALL[0m
  [1m[35m (0.6ms)[0m  [1m[35mCOMMIT[0m
  [1m[35m (0.2ms)[0m  [1m[35mBEGIN[0m
  [1m[36mFixture Delete (1.5ms)[0m  [1m[31mDELETE FROM "users"[0m
  [1m[36mFixture Delete (1.0ms)[0m  [1m[31mDELETE FROM "articles"[0m
  [1m[36mFixture Insert (1.7ms)[0m  [1m[32mINSERT INTO "articles" ("title", "created_at", "updated_at", "id") VALUES ('MyString', '2018-03-01 22:30:42.385912', '2018-03-01 22:30:42.385912', 980190962)[0m
  [1m[36mFixture Insert (0.4ms)[0m  [1m[32mINSERT INTO "articles" ("title", "created_at", "updated_at", "id") VALUES ('MyString', '2018-03-01 22:30:42.385912', '2018-03-01 22:30:42.385912', 298486374)[0m
  [1m[36mFixture Delete (1.2ms)[0m  [1m[31mDELETE FROM "comments"[0m
  [1m[36mFixture Insert (0.6ms)[0m  [1m[32mINSERT INTO "comments" ("commenter", "body", "created_at", "updated_at", "id", "article_id") VALUES ('MyString', 'MyText', '2018-03-01 22:30:42.404294', '2018-03-01 22:30:42.404294', 980190962, 980190962)[0m
  [1m[36mFixture Insert (0.2ms)[0m  [1m[32mINSERT INTO "comments" ("commenter", "body", "created_at", "updated_at", "id", "article_id") VALUES ('MyString', 'MyText', '2018-03-01 22:30:42.404294', '2018-03-01 22:30:42.404294', 298486374, 298486374)[0m
  [1m[35m (0.6ms)[0m  [1m[35mCOMMIT[0m
  [1m[35m (0.2ms)[0m  [1m[35mBEGIN[0m
  [1m[35m (0.6ms)[0m  [1m[35mALTER TABLE "users" ENABLE TRIGGER ALL;ALTER TABLE "articles" ENABLE TRIGGER ALL;ALTER TABLE "comments" ENABLE TRIGGER ALL;ALTER TABLE "schema_migrations" ENABLE TRIGGER ALL;ALTER TABLE "ar_internal_metadata" ENABLE TRIGGER ALL[0m
  [1m[35m (0.4ms)[0m  [1m[35mCOMMIT[0m
  [1m[35m (0.1ms)[0m  [1m[35mBEGIN[0m
-------------------------------------------------------
ArticleTest: test_should_not_save_article_without_title
-------------------------------------------------------
  [1m[35m (0.1ms)[0m  [1m[35mSAVEPOINT active_record_1[0m
  [1m[35m (0.1ms)[0m  [1m[31mROLLBACK TO SAVEPOINT active_record_1[0m
  [1m[35m (0.1ms)[0m  [1m[31mROLLBACK[0m
  [1m[35m (0.1ms)[0m  [1m[35mBEGIN[0m
-------------------------------------
ArticleTest: test_should_report_error
-------------------------------------
  [1m[35m (0.1ms)[0m  [1m[31mROLLBACK[0m
  [1m[35m (0.1ms)[0m  [1m[35mBEGIN[0m
--------------------------------------------------
StaticPagesControllerTest: test_should_get_contact
--------------------------------------------------
Started GET "/contact" for 127.0.0.1 at 2018-03-01 14:30:42 -0800
Processing by StaticPagesController#contact as HTML
  Rendering static_pages/contact.html.erb within layouts/application
  Rendered static_pages/contact.html.erb within layouts/application (0.8ms)
  Rendered layouts/_shim.html.erb (0.3ms)
  Rendered layouts/_header.html.erb (0.7ms)
  Rendered layouts/_footer.html.erb (0.4ms)
Completed 200 OK in 2987ms (Views: 2977.4ms | ActiveRecord: 0.0ms)
  [1m[35m (0.2ms)[0m  [1m[31mROLLBACK[0m
  [1m[35m (0.1ms)[0m  [1m[35mBEGIN[0m
-----------------------------------------------
StaticPagesControllerTest: test_should_get_help
-----------------------------------------------
Started GET "/help" for 127.0.0.1 at 2018-03-01 14:30:45 -0800
Processing by StaticPagesController#help as HTML
  Rendering static_pages/help.html.erb within layouts/application
  Rendered static_pages/help.html.erb within layouts/application (0.4ms)
  Rendered layouts/_shim.html.erb (0.0ms)
  Rendered layouts/_header.html.erb (0.2ms)
  Rendered layouts/_footer.html.erb (0.1ms)
Completed 200 OK in 4ms (Views: 2.2ms | ActiveRecord: 0.0ms)
  [1m[35m (0.1ms)[0m  [1m[31mROLLBACK[0m
  [1m[35m (0.1ms)[0m  [1m[35mBEGIN[0m
-----------------------------------------------
StaticPagesControllerTest: test_should_get_home
-----------------------------------------------
Started GET "/" for 127.0.0.1 at 2018-03-01 14:30:45 -0800
Processing by StaticPagesController#home as HTML
  Rendering static_pages/home.html.erb within layouts/application
  Rendered static_pages/home.html.erb within layouts/application (1.0ms)
  Rendered layouts/_shim.html.erb (0.0ms)
  Rendered layouts/_header.html.erb (0.1ms)
  Rendered layouts/_footer.html.erb (0.1ms)
Completed 200 OK in 4ms (Views: 2.3ms | ActiveRecord: 0.0ms)
  [1m[35m (0.1ms)[0m  [1m[31mROLLBACK[0m
  [1m[35m (0.1ms)[0m  [1m[35mBEGIN[0m
------------------------------------------------
StaticPagesControllerTest: test_should_get_about
------------------------------------------------
Started GET "/about" for 127.0.0.1 at 2018-03-01 14:30:45 -0800
Processing by StaticPagesController#about as HTML
  Rendering static_pages/about.html.erb within layouts/application
  Rendered static_pages/about.html.erb within layouts/application (0.5ms)
  Rendered layouts/_shim.html.erb (0.0ms)
  Rendered layouts/_header.html.erb (0.1ms)
  Rendered layouts/_footer.html.erb (0.1ms)
Completed 200 OK in 4ms (Views: 2.1ms | ActiveRecord: 0.0ms)
  [1m[35m (0.1ms)[0m  [1m[31mROLLBACK[0m
  [1m[35m (0.1ms)[0m  [1m[35mBEGIN[0m
---------------------------------
SiteLayoutTest: test_layout_links
---------------------------------
Started GET "/" for 127.0.0.1 at 2018-03-01 14:30:45 -0800
Processing by StaticPagesController#home as HTML
  Rendering static_pages/home.html.erb within layouts/application
  Rendered static_pages/home.html.erb within layouts/application (0.4ms)
  Rendered layouts/_shim.html.erb (0.0ms)
  Rendered layouts/_header.html.erb (0.1ms)
  Rendered layouts/_footer.html.erb (0.1ms)
Completed 200 OK in 2ms (Views: 1.6ms | ActiveRecord: 0.0ms)
  [1m[35m (0.1ms)[0m  [1m[31mROLLBACK[0m
  [1m[35m (0.1ms)[0m  [1m[35mBEGIN[0m
----------------------------------------
UsersControllerTest: test_should_get_new
----------------------------------------
Started GET "/signup" for 127.0.0.1 at 2018-03-01 14:30:45 -0800
Processing by UsersController#new as HTML
  Rendering users/new.html.erb within layouts/application
  Rendered shared/_error_messages.html.erb (0.3ms)
  Rendered users/new.html.erb within layouts/application (6.9ms)
  Rendered layouts/_shim.html.erb (0.0ms)
  Rendered layouts/_header.html.erb (0.1ms)
  Rendered layouts/_footer.html.erb (0.1ms)
Completed 200 OK in 18ms (Views: 9.7ms | ActiveRecord: 2.8ms)
  [1m[35m (0.1ms)[0m  [1m[31mROLLBACK[0m
  [1m[35m (0.1ms)[0m  [1m[35mBEGIN[0m
------------------------------------------------------------
UserTest: test_email_addresses_should_be_saved_as_lower-case
------------------------------------------------------------
  [1m[35m (0.1ms)[0m  [1m[35mSAVEPOINT active_record_1[0m
  [1m[36mUser Exists (1.3ms)[0m  [1m[34mSELECT  1 AS one FROM "users" WHERE LOWER("users"."email") = LOWER($1) LIMIT $2[0m  [["email", "Foo@ExAMPle.CoM"], ["LIMIT", 1]]
  [1m[35mSQL (0.6ms)[0m  [1m[32mINSERT INTO "users" ("name", "email", "created_at", "updated_at", "password_digest") VALUES ($1, $2, $3, $4, $5) RETURNING "id"[0m  [["name", "Example User"], ["email", "foo@example.com"], ["created_at", "2018-03-01 22:30:45.812242"], ["updated_at", "2018-03-01 22:30:45.812242"], ["password_digest", "$2a$04$BoA9n0TUtmW36I7g4zaS4Omx0mIwMbqI7DyqE2bxMSCotcKZaWw.y"]]
  [1m[35m (0.1ms)[0m  [1m[35mRELEASE SAVEPOINT active_record_1[0m
  [1m[36mUser Load (0.2ms)[0m  [1m[34mSELECT  "users".* FROM "users" WHERE "users"."id" = $1 LIMIT $2[0m  [["id", 1], ["LIMIT", 1]]
  [1m[35m (0.2ms)[0m  [1m[31mROLLBACK[0m
  [1m[35m (0.1ms)[0m  [1m[35mBEGIN[0m
------------------------------------------
UserTest: test_name_should_not_be_too_long
------------------------------------------
  [1m[36mUser Exists (0.3ms)[0m  [1m[34mSELECT  1 AS one FROM "users" WHERE LOWER("users"."email") = LOWER($1) LIMIT $2[0m  [["email", "user@example.com"], ["LIMIT", 1]]
  [1m[35m (0.1ms)[0m  [1m[31mROLLBACK[0m
  [1m[35m (0.1ms)[0m  [1m[35mBEGIN[0m
------------------------------
UserTest: test_should_be_valid
------------------------------
  [1m[36mUser Exists (0.3ms)[0m  [1m[34mSELECT  1 AS one FROM "users" WHERE LOWER("users"."email") = LOWER($1) LIMIT $2[0m  [["email", "user@example.com"], ["LIMIT", 1]]
  [1m[35m (0.1ms)[0m  [1m[31mROLLBACK[0m
  [1m[35m (0.1ms)[0m  [1m[35mBEGIN[0m
-----------------------------------------------
UserTest: test_email_addresses_should_be_unique
-----------------------------------------------
  [1m[35m (0.1ms)[0m  [1m[35mSAVEPOINT active_record_1[0m
  [1m[36mUser Exists (0.3ms)[0m  [1m[34mSELECT  1 AS one FROM "users" WHERE LOWER("users"."email") = LOWER($1) LIMIT $2[0m  [["email", "user@example.com"], ["LIMIT", 1]]
  [1m[35mSQL (0.3ms)[0m  [1m[32mINSERT INTO "users" ("name", "email", "created_at", "updated_at", "password_digest") VALUES ($1, $2, $3, $4, $5) RETURNING "id"[0m  [["name", "Example User"], ["email", "user@example.com"], ["created_at", "2018-03-01 22:30:45.826524"], ["updated_at", "2018-03-01 22:30:45.826524"], ["password_digest", "$2a$04$kZoZ1PcMkTgso6.FXNu.yu9GqolpaEQR2CvTY7FvMivhvYUCeh6Fi"]]
  [1m[35m (0.1ms)[0m  [1m[35mRELEASE SAVEPOINT active_record_1[0m
  [1m[36mUser Exists (0.3ms)[0m  [1m[34mSELECT  1 AS one FROM "users" WHERE LOWER("users"."email") = LOWER($1) LIMIT $2[0m  [["email", "USER@EXAMPLE.COM"], ["LIMIT", 1]]
  [1m[35m (0.1ms)[0m  [1m[31mROLLBACK[0m
  [1m[35m (0.1ms)[0m  [1m[35mBEGIN[0m
---------------------------------------------------------------
UserTest: test_email_validation_should_reject_invalid_addresses
---------------------------------------------------------------
  [1m[36mUser Exists (0.3ms)[0m  [1m[34mSELECT  1 AS one FROM "users" WHERE LOWER("users"."email") = LOWER($1) LIMIT $2[0m  [["email", "user@example,com"], ["LIMIT", 1]]
  [1m[36mUser Exists (0.2ms)[0m  [1m[34mSELECT  1 AS one FROM "users" WHERE LOWER("users"."email") = LOWER($1) LIMIT $2[0m  [["email", "user_at_foo.org"], ["LIMIT", 1]]
  [1m[36mUser Exists (0.2ms)[0m  [1m[34mSELECT  1 AS one FROM "users" WHERE LOWER("users"."email") = LOWER($1) LIMIT $2[0m  [["email", "user.name@example."], ["LIMIT", 1]]
  [1m[36mUser Exists (0.2ms)[0m  [1m[34mSELECT  1 AS one FROM "users" WHERE LOWER("users"."email") = LOWER($1) LIMIT $2[0m  [["email", "foo@bar_baz.com"], ["LIMIT", 1]]
  [1m[36mUser Exists (0.2ms)[0m  [1m[34mSELECT  1 AS one FROM "users" WHERE LOWER("users"."email") = LOWER($1) LIMIT $2[0m  [["email", "foo@bar+baz.com"], ["LIMIT", 1]]
  [1m[36mUser Exists (0.3ms)[0m  [1m[34mSELECT  1 AS one FROM "users" WHERE LOWER("users"."email") = LOWER($1) LIMIT $2[0m  [["email", "foo@bar..com"], ["LIMIT", 1]]
  [1m[35m (0.1ms)[0m  [1m[31mROLLBACK[0m
  [1m[35m (0.1ms)[0m  [1m[35mBEGIN[0m
-------------------------------------------
UserTest: test_email_should_not_be_too_long
-------------------------------------------
  [1m[36mUser Exists (0.3ms)[0m  [1m[34mSELECT  1 AS one FROM "users" WHERE LOWER("users"."email") = LOWER($1) LIMIT $2[0m  [["email", "aaaaaaaaaaaaaaaaaaaaaaaaaaaaaaaaaaaaaaaaaaaaaaaaaaaaaaaaaaaaaaaaaaaaaaaaaaaaaaaaaaaaaaaaaaaaaaaaaaaaaaaaaaaaaaaaaaaaaaaaaaaaaaaaaaaaaaaaaaaaaaaaaaaaaaaaaaaaaaaaaaaaaaaaaaaaaaaaaaaaaaaaaaaaaaaaaaaaaaaaaaaaaaaaaaaaaaaaaaaaaaaaaaaaaaaaaaaaaaaaaaaa@example.com"], ["LIMIT", 1]]
  [1m[35m (0.1ms)[0m  [1m[31mROLLBACK[0m
  [1m[35m (0.1ms)[0m  [1m[35mBEGIN[0m
----------------------------------------------------
UserTest: test_password_should_have_a_minimum_length
----------------------------------------------------
  [1m[36mUser Exists (0.2ms)[0m  [1m[34mSELECT  1 AS one FROM "users" WHERE LOWER("users"."email") = LOWER($1) LIMIT $2[0m  [["email", "user@example.com"], ["LIMIT", 1]]
  [1m[35m (0.1ms)[0m  [1m[31mROLLBACK[0m
  [1m[35m (0.1ms)[0m  [1m[35mBEGIN[0m
--------------------------------------
UserTest: test_email_should_be_present
--------------------------------------
  [1m[36mUser Exists (0.2ms)[0m  [1m[34mSELECT  1 AS one FROM "users" WHERE LOWER("users"."email") = LOWER($1) LIMIT $2[0m  [["email", "     "], ["LIMIT", 1]]
  [1m[35m (0.1ms)[0m  [1m[31mROLLBACK[0m
  [1m[35m (0.1ms)[0m  [1m[35mBEGIN[0m
-------------------------------------
UserTest: test_name_should_be_present
-------------------------------------
  [1m[36mUser Exists (0.2ms)[0m  [1m[34mSELECT  1 AS one FROM "users" WHERE LOWER("users"."email") = LOWER($1) LIMIT $2[0m  [["email", "user@example.com"], ["LIMIT", 1]]
  [1m[35m (0.1ms)[0m  [1m[31mROLLBACK[0m
  [1m[35m (0.1ms)[0m  [1m[35mBEGIN[0m
----------------------------------------------------
UserTest: test_password_should_be_present_(nonblank)
----------------------------------------------------
  [1m[36mUser Exists (0.2ms)[0m  [1m[34mSELECT  1 AS one FROM "users" WHERE LOWER("users"."email") = LOWER($1) LIMIT $2[0m  [["email", "user@example.com"], ["LIMIT", 1]]
  [1m[35m (0.1ms)[0m  [1m[31mROLLBACK[0m
  [1m[35m (0.1ms)[0m  [1m[35mBEGIN[0m
-------------------------------------------------------------
UserTest: test_email_validation_should_accept_valid_addresses
-------------------------------------------------------------
  [1m[36mUser Exists (0.3ms)[0m  [1m[34mSELECT  1 AS one FROM "users" WHERE LOWER("users"."email") = LOWER($1) LIMIT $2[0m  [["email", "user@example.com"], ["LIMIT", 1]]
  [1m[36mUser Exists (0.2ms)[0m  [1m[34mSELECT  1 AS one FROM "users" WHERE LOWER("users"."email") = LOWER($1) LIMIT $2[0m  [["email", "USER@foo.COM"], ["LIMIT", 1]]
  [1m[36mUser Exists (0.2ms)[0m  [1m[34mSELECT  1 AS one FROM "users" WHERE LOWER("users"."email") = LOWER($1) LIMIT $2[0m  [["email", "A_US-ER@foo.bar.org"], ["LIMIT", 1]]
  [1m[36mUser Exists (0.2ms)[0m  [1m[34mSELECT  1 AS one FROM "users" WHERE LOWER("users"."email") = LOWER($1) LIMIT $2[0m  [["email", "first.last@foo.jp"], ["LIMIT", 1]]
  [1m[36mUser Exists (0.2ms)[0m  [1m[34mSELECT  1 AS one FROM "users" WHERE LOWER("users"."email") = LOWER($1) LIMIT $2[0m  [["email", "alice+bob@baz.cn"], ["LIMIT", 1]]
  [1m[35m (0.1ms)[0m  [1m[31mROLLBACK[0m
  [1m[35m (0.1ms)[0m  [1m[35mBEGIN[0m
---------------------------------------------------------
ArticlesControllerTest: test_should_get_article_home_page
---------------------------------------------------------
Started GET "/articles" for 127.0.0.1 at 2018-03-01 14:30:45 -0800
Processing by ArticlesController#index as HTML
  Rendering articles/index.html.erb within layouts/application
  [1m[36mArticle Load (0.4ms)[0m  [1m[34mSELECT "articles".* FROM "articles"[0m
  Rendered articles/index.html.erb within layouts/application (1.9ms)
  Rendered layouts/_shim.html.erb (0.0ms)
  Rendered layouts/_header.html.erb (0.1ms)
  Rendered layouts/_footer.html.erb (0.1ms)
Completed 200 OK in 18ms (Views: 15.8ms | ActiveRecord: 0.4ms)
  [1m[35m (0.2ms)[0m  [1m[31mROLLBACK[0m
  [1m[35m (0.1ms)[0m  [1m[35mBEGIN[0m
---------------------------------------------------------
CommentsControllerTest: test_should_get_comment_home_page
---------------------------------------------------------
Started GET "/articles" for 127.0.0.1 at 2018-03-01 14:30:45 -0800
Processing by ArticlesController#index as HTML
  Rendering articles/index.html.erb within layouts/application
  [1m[36mArticle Load (0.3ms)[0m  [1m[34mSELECT "articles".* FROM "articles"[0m
  Rendered articles/index.html.erb within layouts/application (1.5ms)
  Rendered layouts/_shim.html.erb (0.0ms)
  Rendered layouts/_header.html.erb (0.1ms)
  Rendered layouts/_footer.html.erb (0.1ms)
Completed 200 OK in 4ms (Views: 3.1ms | ActiveRecord: 0.3ms)
  [1m[35m (0.1ms)[0m  [1m[31mROLLBACK[0m
  [1m[35m (0.1ms)[0m  [1m[35mBEGIN[0m
------------------------------------------------
CommentTest: test_can_save_comment_without_title
------------------------------------------------
  [1m[35m (0.1ms)[0m  [1m[35mSAVEPOINT active_record_1[0m
  [1m[35m (0.2ms)[0m  [1m[31mROLLBACK TO SAVEPOINT active_record_1[0m
  [1m[35m (0.1ms)[0m  [1m[31mROLLBACK[0m
  [1m[35m (0.1ms)[0m  [1m[35mBEGIN[0m
-------------------------------------
CommentTest: test_should_report_error
-------------------------------------
  [1m[35m (0.1ms)[0m  [1m[31mROLLBACK[0m
  [1m[35m (0.1ms)[0m  [1m[35mBEGIN[0m
------------------------------------------------
UsersSignupTest: test_invalid_signup_information
------------------------------------------------
Started GET "/signup" for 127.0.0.1 at 2018-03-01 14:30:45 -0800
Processing by UsersController#new as HTML
  Rendering users/new.html.erb within layouts/application
  Rendered shared/_error_messages.html.erb (0.0ms)
  Rendered users/new.html.erb within layouts/application (1.2ms)
  Rendered layouts/_shim.html.erb (0.0ms)
  Rendered layouts/_header.html.erb (0.1ms)
  Rendered layouts/_footer.html.erb (0.1ms)
Completed 200 OK in 3ms (Views: 2.5ms | ActiveRecord: 0.0ms)
  [1m[35m (0.4ms)[0m  [1m[34mSELECT COUNT(*) FROM "users"[0m
Started POST "/users" for 127.0.0.1 at 2018-03-01 14:30:45 -0800
Processing by UsersController#create as HTML
  Parameters: {"user"=>{"name"=>"", "email"=>"user@invalid", "password"=>"[FILTERED]", "password_confirmation"=>"[FILTERED]"}}
  [1m[35m (0.1ms)[0m  [1m[35mSAVEPOINT active_record_1[0m
  [1m[36mUser Exists (0.3ms)[0m  [1m[34mSELECT  1 AS one FROM "users" WHERE LOWER("users"."email") = LOWER($1) LIMIT $2[0m  [["email", "user@invalid"], ["LIMIT", 1]]
  [1m[35m (0.1ms)[0m  [1m[31mROLLBACK TO SAVEPOINT active_record_1[0m
  Rendering users/new.html.erb within layouts/application
  Rendered shared/_error_messages.html.erb (0.4ms)
  Rendered users/new.html.erb within layouts/application (1.5ms)
  Rendered layouts/_shim.html.erb (0.0ms)
  Rendered layouts/_header.html.erb (0.1ms)
  Rendered layouts/_footer.html.erb (0.1ms)
Completed 200 OK in 7ms (Views: 3.0ms | ActiveRecord: 0.5ms)
  [1m[35m (0.3ms)[0m  [1m[34mSELECT COUNT(*) FROM "users"[0m
  [1m[35m (0.1ms)[0m  [1m[31mROLLBACK[0m
  [1m[35m (0.7ms)[0m  [1m[34mSELECT "schema_migrations"."version" FROM "schema_migrations" ORDER BY "schema_migrations"."version" ASC[0m
  [1m[35m (0.1ms)[0m  [1m[35mBEGIN[0m
  [1m[35m (0.6ms)[0m  [1m[35mALTER TABLE "users" DISABLE TRIGGER ALL;ALTER TABLE "articles" DISABLE TRIGGER ALL;ALTER TABLE "comments" DISABLE TRIGGER ALL;ALTER TABLE "schema_migrations" DISABLE TRIGGER ALL;ALTER TABLE "ar_internal_metadata" DISABLE TRIGGER ALL[0m
  [1m[35m (5.7ms)[0m  [1m[35mCOMMIT[0m
  [1m[35m (0.2ms)[0m  [1m[35mBEGIN[0m
  [1m[36mFixture Delete (0.5ms)[0m  [1m[31mDELETE FROM "users"[0m
  [1m[36mFixture Delete (0.3ms)[0m  [1m[31mDELETE FROM "articles"[0m
  [1m[36mFixture Insert (0.8ms)[0m  [1m[32mINSERT INTO "articles" ("title", "created_at", "updated_at", "id") VALUES ('MyString', '2018-03-01 23:16:42.005602', '2018-03-01 23:16:42.005602', 980190962)[0m
  [1m[36mFixture Insert (0.4ms)[0m  [1m[32mINSERT INTO "articles" ("title", "created_at", "updated_at", "id") VALUES ('MyString', '2018-03-01 23:16:42.005602', '2018-03-01 23:16:42.005602', 298486374)[0m
  [1m[36mFixture Delete (0.3ms)[0m  [1m[31mDELETE FROM "comments"[0m
  [1m[36mFixture Insert (1.4ms)[0m  [1m[32mINSERT INTO "comments" ("commenter", "body", "created_at", "updated_at", "id", "article_id") VALUES ('MyString', 'MyText', '2018-03-01 23:16:42.016673', '2018-03-01 23:16:42.016673', 980190962, 980190962)[0m
  [1m[36mFixture Insert (0.4ms)[0m  [1m[32mINSERT INTO "comments" ("commenter", "body", "created_at", "updated_at", "id", "article_id") VALUES ('MyString', 'MyText', '2018-03-01 23:16:42.016673', '2018-03-01 23:16:42.016673', 298486374, 298486374)[0m
  [1m[35m (0.5ms)[0m  [1m[35mCOMMIT[0m
  [1m[35m (0.1ms)[0m  [1m[35mBEGIN[0m
  [1m[35m (0.9ms)[0m  [1m[35mALTER TABLE "users" ENABLE TRIGGER ALL;ALTER TABLE "articles" ENABLE TRIGGER ALL;ALTER TABLE "comments" ENABLE TRIGGER ALL;ALTER TABLE "schema_migrations" ENABLE TRIGGER ALL;ALTER TABLE "ar_internal_metadata" ENABLE TRIGGER ALL[0m
  [1m[35m (0.5ms)[0m  [1m[35mCOMMIT[0m
  [1m[35m (0.2ms)[0m  [1m[35mBEGIN[0m
---------------------------------
SiteLayoutTest: test_layout_links
---------------------------------
Started GET "/" for 127.0.0.1 at 2018-03-01 15:16:42 -0800
Processing by StaticPagesController#home as HTML
  Rendering static_pages/home.html.erb within layouts/application
  Rendered static_pages/home.html.erb within layouts/application (127.1ms)
  Rendered layouts/_shim.html.erb (0.4ms)
  Rendered layouts/_header.html.erb (0.7ms)
  Rendered layouts/_footer.html.erb (0.6ms)
Completed 200 OK in 148ms (Views: 141.7ms | ActiveRecord: 0.0ms)
  [1m[35m (0.2ms)[0m  [1m[31mROLLBACK[0m
  [1m[35m (0.2ms)[0m  [1m[35mBEGIN[0m
-------------------------------------
CommentTest: test_should_report_error
-------------------------------------
  [1m[35m (0.1ms)[0m  [1m[31mROLLBACK[0m
  [1m[35m (0.1ms)[0m  [1m[35mBEGIN[0m
------------------------------------------------
CommentTest: test_can_save_comment_without_title
------------------------------------------------
  [1m[35m (0.2ms)[0m  [1m[35mSAVEPOINT active_record_1[0m
  [1m[35m (0.2ms)[0m  [1m[31mROLLBACK TO SAVEPOINT active_record_1[0m
  [1m[35m (0.2ms)[0m  [1m[31mROLLBACK[0m
  [1m[35m (0.2ms)[0m  [1m[35mBEGIN[0m
---------------------------------------------------------
ArticlesControllerTest: test_should_get_article_home_page
---------------------------------------------------------
Started GET "/articles" for 127.0.0.1 at 2018-03-01 15:16:42 -0800
Processing by ArticlesController#index as HTML
  Rendering articles/index.html.erb within layouts/application
  [1m[36mArticle Load (0.8ms)[0m  [1m[34mSELECT "articles".* FROM "articles"[0m
  Rendered articles/index.html.erb within layouts/application (11.6ms)
  Rendered layouts/_shim.html.erb (0.1ms)
  Rendered layouts/_header.html.erb (0.3ms)
  Rendered layouts/_footer.html.erb (0.2ms)
Completed 200 OK in 22ms (Views: 17.1ms | ActiveRecord: 0.8ms)
  [1m[35m (0.2ms)[0m  [1m[31mROLLBACK[0m
  [1m[35m (0.2ms)[0m  [1m[35mBEGIN[0m
----------------------------------------
UsersControllerTest: test_should_get_new
----------------------------------------
Started GET "/signup" for 127.0.0.1 at 2018-03-01 15:16:42 -0800
Processing by UsersController#new as HTML
  Rendering users/new.html.erb within layouts/application
  Rendered shared/_error_messages.html.erb (0.3ms)
  Rendered users/new.html.erb within layouts/application (7.9ms)
  Rendered layouts/_shim.html.erb (0.0ms)
  Rendered layouts/_header.html.erb (0.1ms)
  Rendered layouts/_footer.html.erb (0.1ms)
Completed 200 OK in 27ms (Views: 10.9ms | ActiveRecord: 6.2ms)
  [1m[35m (0.1ms)[0m  [1m[31mROLLBACK[0m
  [1m[35m (0.1ms)[0m  [1m[35mBEGIN[0m
-----------------------------------------------
UserTest: test_email_addresses_should_be_unique
-----------------------------------------------
  [1m[35m (0.1ms)[0m  [1m[35mSAVEPOINT active_record_1[0m
  [1m[36mUser Exists (0.4ms)[0m  [1m[34mSELECT  1 AS one FROM "users" WHERE LOWER("users"."email") = LOWER($1) LIMIT $2[0m  [["email", "user@example.com"], ["LIMIT", 1]]
  [1m[35mSQL (0.4ms)[0m  [1m[32mINSERT INTO "users" ("name", "email", "created_at", "updated_at", "password_digest") VALUES ($1, $2, $3, $4, $5) RETURNING "id"[0m  [["name", "Example User"], ["email", "user@example.com"], ["created_at", "2018-03-01 23:16:42.425394"], ["updated_at", "2018-03-01 23:16:42.425394"], ["password_digest", "$2a$04$WNIKJ3gnF6jcqwXEjOrtQ.2X5vzcYmAcWffnI/a/bjI5NBEitKld2"]]
  [1m[35m (0.1ms)[0m  [1m[35mRELEASE SAVEPOINT active_record_1[0m
  [1m[36mUser Exists (0.2ms)[0m  [1m[34mSELECT  1 AS one FROM "users" WHERE LOWER("users"."email") = LOWER($1) LIMIT $2[0m  [["email", "USER@EXAMPLE.COM"], ["LIMIT", 1]]
  [1m[35m (0.1ms)[0m  [1m[31mROLLBACK[0m
  [1m[35m (0.1ms)[0m  [1m[35mBEGIN[0m
---------------------------------------------------------------
UserTest: test_email_validation_should_reject_invalid_addresses
---------------------------------------------------------------
  [1m[36mUser Exists (0.3ms)[0m  [1m[34mSELECT  1 AS one FROM "users" WHERE LOWER("users"."email") = LOWER($1) LIMIT $2[0m  [["email", "user@example,com"], ["LIMIT", 1]]
  [1m[36mUser Exists (0.3ms)[0m  [1m[34mSELECT  1 AS one FROM "users" WHERE LOWER("users"."email") = LOWER($1) LIMIT $2[0m  [["email", "user_at_foo.org"], ["LIMIT", 1]]
  [1m[36mUser Exists (0.2ms)[0m  [1m[34mSELECT  1 AS one FROM "users" WHERE LOWER("users"."email") = LOWER($1) LIMIT $2[0m  [["email", "user.name@example."], ["LIMIT", 1]]
  [1m[36mUser Exists (0.2ms)[0m  [1m[34mSELECT  1 AS one FROM "users" WHERE LOWER("users"."email") = LOWER($1) LIMIT $2[0m  [["email", "foo@bar_baz.com"], ["LIMIT", 1]]
  [1m[36mUser Exists (0.2ms)[0m  [1m[34mSELECT  1 AS one FROM "users" WHERE LOWER("users"."email") = LOWER($1) LIMIT $2[0m  [["email", "foo@bar+baz.com"], ["LIMIT", 1]]
  [1m[36mUser Exists (0.2ms)[0m  [1m[34mSELECT  1 AS one FROM "users" WHERE LOWER("users"."email") = LOWER($1) LIMIT $2[0m  [["email", "foo@bar..com"], ["LIMIT", 1]]
  [1m[35m (0.1ms)[0m  [1m[31mROLLBACK[0m
  [1m[35m (0.1ms)[0m  [1m[35mBEGIN[0m
------------------------------------------
UserTest: test_name_should_not_be_too_long
------------------------------------------
  [1m[36mUser Exists (0.2ms)[0m  [1m[34mSELECT  1 AS one FROM "users" WHERE LOWER("users"."email") = LOWER($1) LIMIT $2[0m  [["email", "user@example.com"], ["LIMIT", 1]]
  [1m[35m (0.1ms)[0m  [1m[31mROLLBACK[0m
  [1m[35m (0.1ms)[0m  [1m[35mBEGIN[0m
-------------------------------------------
UserTest: test_email_should_not_be_too_long
-------------------------------------------
  [1m[36mUser Exists (0.3ms)[0m  [1m[34mSELECT  1 AS one FROM "users" WHERE LOWER("users"."email") = LOWER($1) LIMIT $2[0m  [["email", "aaaaaaaaaaaaaaaaaaaaaaaaaaaaaaaaaaaaaaaaaaaaaaaaaaaaaaaaaaaaaaaaaaaaaaaaaaaaaaaaaaaaaaaaaaaaaaaaaaaaaaaaaaaaaaaaaaaaaaaaaaaaaaaaaaaaaaaaaaaaaaaaaaaaaaaaaaaaaaaaaaaaaaaaaaaaaaaaaaaaaaaaaaaaaaaaaaaaaaaaaaaaaaaaaaaaaaaaaaaaaaaaaaaaaaaaaaaaaaaaaaaa@example.com"], ["LIMIT", 1]]
  [1m[35m (0.1ms)[0m  [1m[31mROLLBACK[0m
  [1m[35m (0.1ms)[0m  [1m[35mBEGIN[0m
----------------------------------------------------
UserTest: test_password_should_have_a_minimum_length
----------------------------------------------------
  [1m[36mUser Exists (0.2ms)[0m  [1m[34mSELECT  1 AS one FROM "users" WHERE LOWER("users"."email") = LOWER($1) LIMIT $2[0m  [["email", "user@example.com"], ["LIMIT", 1]]
  [1m[35m (0.1ms)[0m  [1m[31mROLLBACK[0m
  [1m[35m (0.1ms)[0m  [1m[35mBEGIN[0m
--------------------------------------
UserTest: test_email_should_be_present
--------------------------------------
  [1m[36mUser Exists (0.2ms)[0m  [1m[34mSELECT  1 AS one FROM "users" WHERE LOWER("users"."email") = LOWER($1) LIMIT $2[0m  [["email", "     "], ["LIMIT", 1]]
  [1m[35m (0.1ms)[0m  [1m[31mROLLBACK[0m
  [1m[35m (0.1ms)[0m  [1m[35mBEGIN[0m
------------------------------------------------------------
UserTest: test_email_addresses_should_be_saved_as_lower-case
------------------------------------------------------------
  [1m[35m (0.1ms)[0m  [1m[35mSAVEPOINT active_record_1[0m
  [1m[36mUser Exists (0.2ms)[0m  [1m[34mSELECT  1 AS one FROM "users" WHERE LOWER("users"."email") = LOWER($1) LIMIT $2[0m  [["email", "Foo@ExAMPle.CoM"], ["LIMIT", 1]]
  [1m[35mSQL (0.3ms)[0m  [1m[32mINSERT INTO "users" ("name", "email", "created_at", "updated_at", "password_digest") VALUES ($1, $2, $3, $4, $5) RETURNING "id"[0m  [["name", "Example User"], ["email", "foo@example.com"], ["created_at", "2018-03-01 23:16:42.449973"], ["updated_at", "2018-03-01 23:16:42.449973"], ["password_digest", "$2a$04$OjLcX9v977UUoR/JDweE9uVsp50T5Zw10aW6xZ7Q78qwYvSDaoRtu"]]
  [1m[35m (0.1ms)[0m  [1m[35mRELEASE SAVEPOINT active_record_1[0m
  [1m[36mUser Load (0.2ms)[0m  [1m[34mSELECT  "users".* FROM "users" WHERE "users"."id" = $1 LIMIT $2[0m  [["id", 2], ["LIMIT", 1]]
  [1m[35m (0.1ms)[0m  [1m[31mROLLBACK[0m
  [1m[35m (0.1ms)[0m  [1m[35mBEGIN[0m
----------------------------------------------------
UserTest: test_password_should_be_present_(nonblank)
----------------------------------------------------
  [1m[36mUser Exists (0.3ms)[0m  [1m[34mSELECT  1 AS one FROM "users" WHERE LOWER("users"."email") = LOWER($1) LIMIT $2[0m  [["email", "user@example.com"], ["LIMIT", 1]]
  [1m[35m (0.1ms)[0m  [1m[31mROLLBACK[0m
  [1m[35m (0.1ms)[0m  [1m[35mBEGIN[0m
-------------------------------------------------------------
UserTest: test_email_validation_should_accept_valid_addresses
-------------------------------------------------------------
  [1m[36mUser Exists (0.2ms)[0m  [1m[34mSELECT  1 AS one FROM "users" WHERE LOWER("users"."email") = LOWER($1) LIMIT $2[0m  [["email", "user@example.com"], ["LIMIT", 1]]
  [1m[36mUser Exists (0.2ms)[0m  [1m[34mSELECT  1 AS one FROM "users" WHERE LOWER("users"."email") = LOWER($1) LIMIT $2[0m  [["email", "USER@foo.COM"], ["LIMIT", 1]]
  [1m[36mUser Exists (0.2ms)[0m  [1m[34mSELECT  1 AS one FROM "users" WHERE LOWER("users"."email") = LOWER($1) LIMIT $2[0m  [["email", "A_US-ER@foo.bar.org"], ["LIMIT", 1]]
  [1m[36mUser Exists (0.2ms)[0m  [1m[34mSELECT  1 AS one FROM "users" WHERE LOWER("users"."email") = LOWER($1) LIMIT $2[0m  [["email", "first.last@foo.jp"], ["LIMIT", 1]]
  [1m[36mUser Exists (0.2ms)[0m  [1m[34mSELECT  1 AS one FROM "users" WHERE LOWER("users"."email") = LOWER($1) LIMIT $2[0m  [["email", "alice+bob@baz.cn"], ["LIMIT", 1]]
  [1m[35m (0.1ms)[0m  [1m[31mROLLBACK[0m
  [1m[35m (0.1ms)[0m  [1m[35mBEGIN[0m
------------------------------
UserTest: test_should_be_valid
------------------------------
  [1m[36mUser Exists (0.3ms)[0m  [1m[34mSELECT  1 AS one FROM "users" WHERE LOWER("users"."email") = LOWER($1) LIMIT $2[0m  [["email", "user@example.com"], ["LIMIT", 1]]
  [1m[35m (0.1ms)[0m  [1m[31mROLLBACK[0m
  [1m[35m (0.1ms)[0m  [1m[35mBEGIN[0m
-------------------------------------
UserTest: test_name_should_be_present
-------------------------------------
  [1m[36mUser Exists (0.3ms)[0m  [1m[34mSELECT  1 AS one FROM "users" WHERE LOWER("users"."email") = LOWER($1) LIMIT $2[0m  [["email", "user@example.com"], ["LIMIT", 1]]
  [1m[35m (0.1ms)[0m  [1m[31mROLLBACK[0m
  [1m[35m (0.1ms)[0m  [1m[35mBEGIN[0m
----------------------------------------------
UsersSignupTest: test_valid_signup_information
----------------------------------------------
Started GET "/signup" for 127.0.0.1 at 2018-03-01 15:16:42 -0800
Processing by UsersController#new as HTML
  Rendering users/new.html.erb within layouts/application
  Rendered shared/_error_messages.html.erb (0.0ms)
  Rendered users/new.html.erb within layouts/application (1.0ms)
  Rendered layouts/_shim.html.erb (0.0ms)
  Rendered layouts/_header.html.erb (0.1ms)
  Rendered layouts/_footer.html.erb (0.1ms)
Completed 200 OK in 3ms (Views: 2.2ms | ActiveRecord: 0.0ms)
  [1m[35m (0.4ms)[0m  [1m[34mSELECT COUNT(*) FROM "users"[0m
Started POST "/users" for 127.0.0.1 at 2018-03-01 15:16:42 -0800
Processing by UsersController#create as HTML
  Parameters: {"user"=>{"name"=>"Example User", "email"=>"user@example.com", "password"=>"[FILTERED]", "password_confirmation"=>"[FILTERED]"}}
  [1m[35m (0.2ms)[0m  [1m[35mSAVEPOINT active_record_1[0m
  [1m[36mUser Exists (0.4ms)[0m  [1m[34mSELECT  1 AS one FROM "users" WHERE LOWER("users"."email") = LOWER($1) LIMIT $2[0m  [["email", "user@example.com"], ["LIMIT", 1]]
  [1m[35mSQL (0.3ms)[0m  [1m[32mINSERT INTO "users" ("name", "email", "created_at", "updated_at", "password_digest") VALUES ($1, $2, $3, $4, $5) RETURNING "id"[0m  [["name", "Example User"], ["email", "user@example.com"], ["created_at", "2018-03-01 23:16:42.482241"], ["updated_at", "2018-03-01 23:16:42.482241"], ["password_digest", "$2a$04$2.xhh2yvwB0UPJCUw81LruCnNnn3txKZ9Bxvh5FmdSwfXgVBAF2F6"]]
  [1m[35m (0.1ms)[0m  [1m[35mRELEASE SAVEPOINT active_record_1[0m
Redirected to http://www.example.com/users/3
Completed 302 Found in 6ms (ActiveRecord: 1.1ms)
  [1m[35m (0.3ms)[0m  [1m[34mSELECT COUNT(*) FROM "users"[0m
Started GET "/users/3" for 127.0.0.1 at 2018-03-01 15:16:42 -0800
Processing by UsersController#show as HTML
  Parameters: {"id"=>"3"}
  [1m[36mUser Load (0.3ms)[0m  [1m[34mSELECT  "users".* FROM "users" WHERE "users"."id" = $1 LIMIT $2[0m  [["id", 3], ["LIMIT", 1]]
  Rendering users/show.html.erb within layouts/application
  Rendered users/show.html.erb within layouts/application (0.5ms)
  Rendered layouts/_shim.html.erb (0.0ms)
  Rendered layouts/_header.html.erb (0.2ms)
  Rendered layouts/_footer.html.erb (0.1ms)
Completed 200 OK in 6ms (Views: 2.3ms | ActiveRecord: 0.3ms)
  [1m[35m (0.9ms)[0m  [1m[31mROLLBACK[0m
  [1m[35m (0.6ms)[0m  [1m[34mSELECT "schema_migrations"."version" FROM "schema_migrations" ORDER BY "schema_migrations"."version" ASC[0m
  [1m[35m (0.1ms)[0m  [1m[35mBEGIN[0m
  [1m[35m (0.7ms)[0m  [1m[35mALTER TABLE "users" DISABLE TRIGGER ALL;ALTER TABLE "articles" DISABLE TRIGGER ALL;ALTER TABLE "comments" DISABLE TRIGGER ALL;ALTER TABLE "schema_migrations" DISABLE TRIGGER ALL;ALTER TABLE "ar_internal_metadata" DISABLE TRIGGER ALL[0m
  [1m[35m (5.7ms)[0m  [1m[35mCOMMIT[0m
  [1m[35m (0.2ms)[0m  [1m[35mBEGIN[0m
  [1m[36mFixture Delete (0.5ms)[0m  [1m[31mDELETE FROM "users"[0m
  [1m[36mFixture Delete (0.3ms)[0m  [1m[31mDELETE FROM "articles"[0m
  [1m[36mFixture Insert (0.2ms)[0m  [1m[32mINSERT INTO "articles" ("title", "created_at", "updated_at", "id") VALUES ('MyString', '2018-03-01 23:20:34.936803', '2018-03-01 23:20:34.936803', 980190962)[0m
  [1m[36mFixture Insert (0.1ms)[0m  [1m[32mINSERT INTO "articles" ("title", "created_at", "updated_at", "id") VALUES ('MyString', '2018-03-01 23:20:34.936803', '2018-03-01 23:20:34.936803', 298486374)[0m
  [1m[36mFixture Delete (0.3ms)[0m  [1m[31mDELETE FROM "comments"[0m
  [1m[36mFixture Insert (0.3ms)[0m  [1m[32mINSERT INTO "comments" ("commenter", "body", "created_at", "updated_at", "id", "article_id") VALUES ('MyString', 'MyText', '2018-03-01 23:20:34.946740', '2018-03-01 23:20:34.946740', 980190962, 980190962)[0m
  [1m[36mFixture Insert (0.2ms)[0m  [1m[32mINSERT INTO "comments" ("commenter", "body", "created_at", "updated_at", "id", "article_id") VALUES ('MyString', 'MyText', '2018-03-01 23:20:34.946740', '2018-03-01 23:20:34.946740', 298486374, 298486374)[0m
  [1m[35m (0.4ms)[0m  [1m[35mCOMMIT[0m
  [1m[35m (0.1ms)[0m  [1m[35mBEGIN[0m
  [1m[35m (0.4ms)[0m  [1m[35mALTER TABLE "users" ENABLE TRIGGER ALL;ALTER TABLE "articles" ENABLE TRIGGER ALL;ALTER TABLE "comments" ENABLE TRIGGER ALL;ALTER TABLE "schema_migrations" ENABLE TRIGGER ALL;ALTER TABLE "ar_internal_metadata" ENABLE TRIGGER ALL[0m
  [1m[35m (0.4ms)[0m  [1m[35mCOMMIT[0m
  [1m[35m (0.1ms)[0m  [1m[35mBEGIN[0m
----------------------------------------
UsersControllerTest: test_should_get_new
----------------------------------------
Started GET "/signup" for 127.0.0.1 at 2018-03-01 15:20:35 -0800
Processing by UsersController#new as HTML
  Rendering users/new.html.erb within layouts/application
  Rendered shared/_error_messages.html.erb (0.3ms)
  Rendered users/new.html.erb within layouts/application (10.1ms)
  Rendered layouts/_shim.html.erb (0.4ms)
  Rendered layouts/_header.html.erb (0.7ms)
  Rendered layouts/_footer.html.erb (0.6ms)
Completed 200 OK in 166ms (Views: 153.2ms | ActiveRecord: 2.8ms)
  [1m[35m (0.2ms)[0m  [1m[31mROLLBACK[0m
  [1m[35m (0.2ms)[0m  [1m[35mBEGIN[0m
------------------------------------------------
UsersSignupTest: test_invalid_signup_information
------------------------------------------------
Started GET "/signup" for 127.0.0.1 at 2018-03-01 15:20:35 -0800
Processing by UsersController#new as HTML
  Rendering users/new.html.erb within layouts/application
  Rendered shared/_error_messages.html.erb (0.1ms)
  Rendered users/new.html.erb within layouts/application (2.3ms)
  Rendered layouts/_shim.html.erb (0.1ms)
  Rendered layouts/_header.html.erb (0.2ms)
  Rendered layouts/_footer.html.erb (0.1ms)
Completed 200 OK in 6ms (Views: 5.5ms | ActiveRecord: 0.0ms)
  [1m[35m (0.5ms)[0m  [1m[34mSELECT COUNT(*) FROM "users"[0m
Started POST "/users" for 127.0.0.1 at 2018-03-01 15:20:35 -0800
Processing by UsersController#create as HTML
  Parameters: {"user"=>{"name"=>"", "email"=>"user@invalid", "password"=>"[FILTERED]", "password_confirmation"=>"[FILTERED]"}}
  [1m[35m (0.3ms)[0m  [1m[35mSAVEPOINT active_record_1[0m
  [1m[36mUser Exists (0.9ms)[0m  [1m[34mSELECT  1 AS one FROM "users" WHERE LOWER("users"."email") = LOWER($1) LIMIT $2[0m  [["email", "user@invalid"], ["LIMIT", 1]]
  [1m[35m (0.3ms)[0m  [1m[31mROLLBACK TO SAVEPOINT active_record_1[0m
  Rendering users/new.html.erb within layouts/application
  Rendered shared/_error_messages.html.erb (1.0ms)
  Rendered users/new.html.erb within layouts/application (3.2ms)
  Rendered layouts/_shim.html.erb (0.1ms)
  Rendered layouts/_header.html.erb (0.2ms)
  Rendered layouts/_footer.html.erb (0.1ms)
Completed 200 OK in 22ms (Views: 6.0ms | ActiveRecord: 3.9ms)
  [1m[35m (0.4ms)[0m  [1m[34mSELECT COUNT(*) FROM "users"[0m
  [1m[35m (0.3ms)[0m  [1m[31mROLLBACK[0m
  [1m[35m (0.7ms)[0m  [1m[34mSELECT "schema_migrations"."version" FROM "schema_migrations" ORDER BY "schema_migrations"."version" ASC[0m
  [1m[35m (0.2ms)[0m  [1m[35mBEGIN[0m
  [1m[35m (0.7ms)[0m  [1m[35mALTER TABLE "users" DISABLE TRIGGER ALL;ALTER TABLE "articles" DISABLE TRIGGER ALL;ALTER TABLE "comments" DISABLE TRIGGER ALL;ALTER TABLE "schema_migrations" DISABLE TRIGGER ALL;ALTER TABLE "ar_internal_metadata" DISABLE TRIGGER ALL[0m
  [1m[35m (5.7ms)[0m  [1m[35mCOMMIT[0m
  [1m[35m (0.2ms)[0m  [1m[35mBEGIN[0m
  [1m[36mFixture Delete (0.4ms)[0m  [1m[31mDELETE FROM "users"[0m
  [1m[36mFixture Delete (0.3ms)[0m  [1m[31mDELETE FROM "articles"[0m
  [1m[36mFixture Insert (0.2ms)[0m  [1m[32mINSERT INTO "articles" ("title", "created_at", "updated_at", "id") VALUES ('MyString', '2018-03-01 23:26:32.987753', '2018-03-01 23:26:32.987753', 980190962)[0m
  [1m[36mFixture Insert (0.1ms)[0m  [1m[32mINSERT INTO "articles" ("title", "created_at", "updated_at", "id") VALUES ('MyString', '2018-03-01 23:26:32.987753', '2018-03-01 23:26:32.987753', 298486374)[0m
  [1m[36mFixture Delete (0.4ms)[0m  [1m[31mDELETE FROM "comments"[0m
  [1m[36mFixture Insert (0.2ms)[0m  [1m[32mINSERT INTO "comments" ("commenter", "body", "created_at", "updated_at", "id", "article_id") VALUES ('MyString', 'MyText', '2018-03-01 23:26:32.998202', '2018-03-01 23:26:32.998202', 980190962, 980190962)[0m
  [1m[36mFixture Insert (0.2ms)[0m  [1m[32mINSERT INTO "comments" ("commenter", "body", "created_at", "updated_at", "id", "article_id") VALUES ('MyString', 'MyText', '2018-03-01 23:26:32.998202', '2018-03-01 23:26:32.998202', 298486374, 298486374)[0m
  [1m[35m (0.4ms)[0m  [1m[35mCOMMIT[0m
  [1m[35m (0.1ms)[0m  [1m[35mBEGIN[0m
  [1m[35m (0.9ms)[0m  [1m[35mALTER TABLE "users" ENABLE TRIGGER ALL;ALTER TABLE "articles" ENABLE TRIGGER ALL;ALTER TABLE "comments" ENABLE TRIGGER ALL;ALTER TABLE "schema_migrations" ENABLE TRIGGER ALL;ALTER TABLE "ar_internal_metadata" ENABLE TRIGGER ALL[0m
  [1m[35m (0.4ms)[0m  [1m[35mCOMMIT[0m
  [1m[35m (0.1ms)[0m  [1m[35mBEGIN[0m
------------------------------------------------
UsersSignupTest: test_invalid_signup_information
------------------------------------------------
Started GET "/signup" for 127.0.0.1 at 2018-03-01 15:26:33 -0800
Processing by UsersController#new as HTML
  Rendering users/new.html.erb within layouts/application
  Rendered shared/_error_messages.html.erb (0.3ms)
  Rendered users/new.html.erb within layouts/application (10.2ms)
  Rendered layouts/_shim.html.erb (0.4ms)
  Rendered layouts/_header.html.erb (0.8ms)
  Rendered layouts/_footer.html.erb (0.4ms)
Completed 200 OK in 1827ms (Views: 1813.8ms | ActiveRecord: 2.8ms)
  [1m[35m (0.5ms)[0m  [1m[34mSELECT COUNT(*) FROM "users"[0m
Started POST "/users" for 127.0.0.1 at 2018-03-01 15:26:34 -0800
Processing by UsersController#create as HTML
  Parameters: {"user"=>{"name"=>"", "email"=>"user@invalid", "password"=>"[FILTERED]", "password_confirmation"=>"[FILTERED]"}}
  [1m[35m (0.1ms)[0m  [1m[35mSAVEPOINT active_record_1[0m
  [1m[36mUser Exists (0.4ms)[0m  [1m[34mSELECT  1 AS one FROM "users" WHERE LOWER("users"."email") = LOWER($1) LIMIT $2[0m  [["email", "user@invalid"], ["LIMIT", 1]]
  [1m[35m (0.1ms)[0m  [1m[31mROLLBACK TO SAVEPOINT active_record_1[0m
  Rendering users/new.html.erb within layouts/application
  Rendered shared/_error_messages.html.erb (0.4ms)
  Rendered users/new.html.erb within layouts/application (1.4ms)
  Rendered layouts/_shim.html.erb (0.0ms)
  Rendered layouts/_header.html.erb (0.1ms)
  Rendered layouts/_footer.html.erb (0.1ms)
Completed 200 OK in 10ms (Views: 2.9ms | ActiveRecord: 1.9ms)
  [1m[35m (0.3ms)[0m  [1m[34mSELECT COUNT(*) FROM "users"[0m
  [1m[35m (0.2ms)[0m  [1m[31mROLLBACK[0m
  [1m[35m (0.7ms)[0m  [1m[34mSELECT "schema_migrations"."version" FROM "schema_migrations" ORDER BY "schema_migrations"."version" ASC[0m
  [1m[35m (0.1ms)[0m  [1m[35mBEGIN[0m
  [1m[35m (0.7ms)[0m  [1m[35mALTER TABLE "users" DISABLE TRIGGER ALL;ALTER TABLE "articles" DISABLE TRIGGER ALL;ALTER TABLE "comments" DISABLE TRIGGER ALL;ALTER TABLE "schema_migrations" DISABLE TRIGGER ALL;ALTER TABLE "ar_internal_metadata" DISABLE TRIGGER ALL[0m
  [1m[35m (5.7ms)[0m  [1m[35mCOMMIT[0m
  [1m[35m (0.1ms)[0m  [1m[35mBEGIN[0m
  [1m[36mFixture Delete (0.4ms)[0m  [1m[31mDELETE FROM "users"[0m
  [1m[36mFixture Delete (0.4ms)[0m  [1m[31mDELETE FROM "articles"[0m
  [1m[36mFixture Insert (0.2ms)[0m  [1m[32mINSERT INTO "articles" ("title", "created_at", "updated_at", "id") VALUES ('MyString', '2018-03-01 23:32:22.437416', '2018-03-01 23:32:22.437416', 980190962)[0m
  [1m[36mFixture Insert (0.2ms)[0m  [1m[32mINSERT INTO "articles" ("title", "created_at", "updated_at", "id") VALUES ('MyString', '2018-03-01 23:32:22.437416', '2018-03-01 23:32:22.437416', 298486374)[0m
  [1m[36mFixture Delete (0.3ms)[0m  [1m[31mDELETE FROM "comments"[0m
  [1m[36mFixture Insert (0.2ms)[0m  [1m[32mINSERT INTO "comments" ("commenter", "body", "created_at", "updated_at", "id", "article_id") VALUES ('MyString', 'MyText', '2018-03-01 23:32:22.448708', '2018-03-01 23:32:22.448708', 980190962, 980190962)[0m
  [1m[36mFixture Insert (0.1ms)[0m  [1m[32mINSERT INTO "comments" ("commenter", "body", "created_at", "updated_at", "id", "article_id") VALUES ('MyString', 'MyText', '2018-03-01 23:32:22.448708', '2018-03-01 23:32:22.448708', 298486374, 298486374)[0m
  [1m[35m (2.8ms)[0m  [1m[35mCOMMIT[0m
  [1m[35m (0.2ms)[0m  [1m[35mBEGIN[0m
  [1m[35m (0.5ms)[0m  [1m[35mALTER TABLE "users" ENABLE TRIGGER ALL;ALTER TABLE "articles" ENABLE TRIGGER ALL;ALTER TABLE "comments" ENABLE TRIGGER ALL;ALTER TABLE "schema_migrations" ENABLE TRIGGER ALL;ALTER TABLE "ar_internal_metadata" ENABLE TRIGGER ALL[0m
  [1m[35m (0.4ms)[0m  [1m[35mCOMMIT[0m
  [1m[35m (0.1ms)[0m  [1m[35mBEGIN[0m
---------------------------------------------------------
CommentsControllerTest: test_should_get_comment_home_page
---------------------------------------------------------
Started GET "/articles" for 127.0.0.1 at 2018-03-01 15:32:22 -0800
Processing by ArticlesController#index as HTML
  Rendering articles/index.html.erb within layouts/application
  [1m[36mArticle Load (0.4ms)[0m  [1m[34mSELECT "articles".* FROM "articles"[0m
  Rendered articles/index.html.erb within layouts/application (5.7ms)
  Rendered layouts/_shim.html.erb (0.4ms)
  Rendered layouts/_header.html.erb (0.7ms)
  Rendered layouts/_footer.html.erb (0.6ms)
Completed 200 OK in 153ms (Views: 146.1ms | ActiveRecord: 0.4ms)
  [1m[35m (0.3ms)[0m  [1m[31mROLLBACK[0m
  [1m[35m (0.1ms)[0m  [1m[35mBEGIN[0m
---------------------------------
SiteLayoutTest: test_layout_links
---------------------------------
Started GET "/" for 127.0.0.1 at 2018-03-01 15:32:22 -0800
Processing by StaticPagesController#home as HTML
  Rendering static_pages/home.html.erb within layouts/application
  Rendered static_pages/home.html.erb within layouts/application (1.7ms)
  Rendered layouts/_shim.html.erb (0.1ms)
  Rendered layouts/_header.html.erb (0.2ms)
  Rendered layouts/_footer.html.erb (0.1ms)
Completed 200 OK in 8ms (Views: 6.1ms | ActiveRecord: 0.0ms)
  [1m[35m (0.2ms)[0m  [1m[31mROLLBACK[0m
  [1m[35m (0.2ms)[0m  [1m[35mBEGIN[0m
------------------------------------------------
CommentTest: test_can_save_comment_without_title
------------------------------------------------
  [1m[35m (0.2ms)[0m  [1m[35mSAVEPOINT active_record_1[0m
  [1m[35m (0.2ms)[0m  [1m[31mROLLBACK TO SAVEPOINT active_record_1[0m
  [1m[35m (0.1ms)[0m  [1m[31mROLLBACK[0m
  [1m[35m (0.1ms)[0m  [1m[35mBEGIN[0m
-------------------------------------
CommentTest: test_should_report_error
-------------------------------------
  [1m[35m (0.1ms)[0m  [1m[31mROLLBACK[0m
  [1m[35m (0.2ms)[0m  [1m[35mBEGIN[0m
---------------------------------------------------------
ArticlesControllerTest: test_should_get_article_home_page
---------------------------------------------------------
Started GET "/articles" for 127.0.0.1 at 2018-03-01 15:32:22 -0800
Processing by ArticlesController#index as HTML
  Rendering articles/index.html.erb within layouts/application
  [1m[36mArticle Load (0.4ms)[0m  [1m[34mSELECT "articles".* FROM "articles"[0m
  Rendered articles/index.html.erb within layouts/application (1.9ms)
  Rendered layouts/_shim.html.erb (0.1ms)
  Rendered layouts/_header.html.erb (0.3ms)
  Rendered layouts/_footer.html.erb (0.2ms)
Completed 200 OK in 6ms (Views: 5.1ms | ActiveRecord: 0.4ms)
  [1m[35m (0.2ms)[0m  [1m[31mROLLBACK[0m
  [1m[35m (0.1ms)[0m  [1m[35mBEGIN[0m
-----------------------------------------------
StaticPagesControllerTest: test_should_get_home
-----------------------------------------------
Started GET "/" for 127.0.0.1 at 2018-03-01 15:32:22 -0800
Processing by StaticPagesController#home as HTML
  Rendering static_pages/home.html.erb within layouts/application
  Rendered static_pages/home.html.erb within layouts/application (0.8ms)
  Rendered layouts/_shim.html.erb (0.1ms)
  Rendered layouts/_header.html.erb (0.2ms)
  Rendered layouts/_footer.html.erb (0.1ms)
Completed 200 OK in 4ms (Views: 3.2ms | ActiveRecord: 0.0ms)
  [1m[35m (0.2ms)[0m  [1m[31mROLLBACK[0m
  [1m[35m (0.2ms)[0m  [1m[35mBEGIN[0m
------------------------------------------------
StaticPagesControllerTest: test_should_get_about
------------------------------------------------
Started GET "/about" for 127.0.0.1 at 2018-03-01 15:32:22 -0800
Processing by StaticPagesController#about as HTML
  Rendering static_pages/about.html.erb within layouts/application
  Rendered static_pages/about.html.erb within layouts/application (0.5ms)
  Rendered layouts/_shim.html.erb (0.0ms)
  Rendered layouts/_header.html.erb (0.1ms)
  Rendered layouts/_footer.html.erb (0.1ms)
Completed 200 OK in 3ms (Views: 1.9ms | ActiveRecord: 0.0ms)
  [1m[35m (0.2ms)[0m  [1m[31mROLLBACK[0m
  [1m[35m (0.1ms)[0m  [1m[35mBEGIN[0m
--------------------------------------------------
StaticPagesControllerTest: test_should_get_contact
--------------------------------------------------
Started GET "/contact" for 127.0.0.1 at 2018-03-01 15:32:22 -0800
Processing by StaticPagesController#contact as HTML
  Rendering static_pages/contact.html.erb within layouts/application
  Rendered static_pages/contact.html.erb within layouts/application (0.4ms)
  Rendered layouts/_shim.html.erb (0.0ms)
  Rendered layouts/_header.html.erb (0.1ms)
  Rendered layouts/_footer.html.erb (0.1ms)
Completed 200 OK in 3ms (Views: 2.0ms | ActiveRecord: 0.0ms)
  [1m[35m (0.1ms)[0m  [1m[31mROLLBACK[0m
  [1m[35m (0.1ms)[0m  [1m[35mBEGIN[0m
-----------------------------------------------
StaticPagesControllerTest: test_should_get_help
-----------------------------------------------
Started GET "/help" for 127.0.0.1 at 2018-03-01 15:32:22 -0800
Processing by StaticPagesController#help as HTML
  Rendering static_pages/help.html.erb within layouts/application
  Rendered static_pages/help.html.erb within layouts/application (0.3ms)
  Rendered layouts/_shim.html.erb (0.0ms)
  Rendered layouts/_header.html.erb (0.1ms)
  Rendered layouts/_footer.html.erb (0.1ms)
Completed 200 OK in 3ms (Views: 1.7ms | ActiveRecord: 0.0ms)
  [1m[35m (0.1ms)[0m  [1m[31mROLLBACK[0m
  [1m[35m (0.1ms)[0m  [1m[35mBEGIN[0m
-------------------------------------------
SessionsControllerTest: test_should_get_new
-------------------------------------------
  [1m[35m (0.1ms)[0m  [1m[31mROLLBACK[0m
  [1m[35m (0.8ms)[0m  [1m[34mSELECT "schema_migrations"."version" FROM "schema_migrations" ORDER BY "schema_migrations"."version" ASC[0m
  [1m[35m (0.1ms)[0m  [1m[35mBEGIN[0m
  [1m[35m (0.7ms)[0m  [1m[35mALTER TABLE "users" DISABLE TRIGGER ALL;ALTER TABLE "articles" DISABLE TRIGGER ALL;ALTER TABLE "comments" DISABLE TRIGGER ALL;ALTER TABLE "schema_migrations" DISABLE TRIGGER ALL;ALTER TABLE "ar_internal_metadata" DISABLE TRIGGER ALL[0m
  [1m[35m (5.7ms)[0m  [1m[35mCOMMIT[0m
  [1m[35m (0.1ms)[0m  [1m[35mBEGIN[0m
  [1m[36mFixture Delete (0.4ms)[0m  [1m[31mDELETE FROM "users"[0m
  [1m[36mFixture Delete (0.3ms)[0m  [1m[31mDELETE FROM "articles"[0m
  [1m[36mFixture Insert (0.2ms)[0m  [1m[32mINSERT INTO "articles" ("title", "created_at", "updated_at", "id") VALUES ('MyString', '2018-03-01 23:34:46.450747', '2018-03-01 23:34:46.450747', 980190962)[0m
  [1m[36mFixture Insert (0.2ms)[0m  [1m[32mINSERT INTO "articles" ("title", "created_at", "updated_at", "id") VALUES ('MyString', '2018-03-01 23:34:46.450747', '2018-03-01 23:34:46.450747', 298486374)[0m
  [1m[36mFixture Delete (0.6ms)[0m  [1m[31mDELETE FROM "comments"[0m
  [1m[36mFixture Insert (0.2ms)[0m  [1m[32mINSERT INTO "comments" ("commenter", "body", "created_at", "updated_at", "id", "article_id") VALUES ('MyString', 'MyText', '2018-03-01 23:34:46.461775', '2018-03-01 23:34:46.461775', 980190962, 980190962)[0m
  [1m[36mFixture Insert (0.2ms)[0m  [1m[32mINSERT INTO "comments" ("commenter", "body", "created_at", "updated_at", "id", "article_id") VALUES ('MyString', 'MyText', '2018-03-01 23:34:46.461775', '2018-03-01 23:34:46.461775', 298486374, 298486374)[0m
  [1m[35m (2.2ms)[0m  [1m[35mCOMMIT[0m
  [1m[35m (0.2ms)[0m  [1m[35mBEGIN[0m
  [1m[35m (0.5ms)[0m  [1m[35mALTER TABLE "users" ENABLE TRIGGER ALL;ALTER TABLE "articles" ENABLE TRIGGER ALL;ALTER TABLE "comments" ENABLE TRIGGER ALL;ALTER TABLE "schema_migrations" ENABLE TRIGGER ALL;ALTER TABLE "ar_internal_metadata" ENABLE TRIGGER ALL[0m
  [1m[35m (0.5ms)[0m  [1m[35mCOMMIT[0m
  [1m[35m (0.2ms)[0m  [1m[35mBEGIN[0m
-----------------------------------------------
UserTest: test_email_addresses_should_be_unique
-----------------------------------------------
  [1m[35m (0.2ms)[0m  [1m[35mSAVEPOINT active_record_1[0m
  [1m[36mUser Exists (0.9ms)[0m  [1m[34mSELECT  1 AS one FROM "users" WHERE LOWER("users"."email") = LOWER($1) LIMIT $2[0m  [["email", "user@example.com"], ["LIMIT", 1]]
  [1m[35mSQL (0.3ms)[0m  [1m[32mINSERT INTO "users" ("name", "email", "created_at", "updated_at", "password_digest") VALUES ($1, $2, $3, $4, $5) RETURNING "id"[0m  [["name", "Example User"], ["email", "user@example.com"], ["created_at", "2018-03-01 23:34:46.500306"], ["updated_at", "2018-03-01 23:34:46.500306"], ["password_digest", "$2a$04$AZuhD.WGzZulu4QkpUSNyO1d2zVzm5eBVJubcI7/XYqWbiwmrkbRm"]]
  [1m[35m (0.1ms)[0m  [1m[35mRELEASE SAVEPOINT active_record_1[0m
  [1m[36mUser Exists (0.2ms)[0m  [1m[34mSELECT  1 AS one FROM "users" WHERE LOWER("users"."email") = LOWER($1) LIMIT $2[0m  [["email", "USER@EXAMPLE.COM"], ["LIMIT", 1]]
  [1m[35m (0.2ms)[0m  [1m[31mROLLBACK[0m
  [1m[35m (0.1ms)[0m  [1m[35mBEGIN[0m
-------------------------------------------
UserTest: test_email_should_not_be_too_long
-------------------------------------------
  [1m[36mUser Exists (0.3ms)[0m  [1m[34mSELECT  1 AS one FROM "users" WHERE LOWER("users"."email") = LOWER($1) LIMIT $2[0m  [["email", "aaaaaaaaaaaaaaaaaaaaaaaaaaaaaaaaaaaaaaaaaaaaaaaaaaaaaaaaaaaaaaaaaaaaaaaaaaaaaaaaaaaaaaaaaaaaaaaaaaaaaaaaaaaaaaaaaaaaaaaaaaaaaaaaaaaaaaaaaaaaaaaaaaaaaaaaaaaaaaaaaaaaaaaaaaaaaaaaaaaaaaaaaaaaaaaaaaaaaaaaaaaaaaaaaaaaaaaaaaaaaaaaaaaaaaaaaaaaaaaaaaaa@example.com"], ["LIMIT", 1]]
  [1m[35m (0.1ms)[0m  [1m[31mROLLBACK[0m
  [1m[35m (0.1ms)[0m  [1m[35mBEGIN[0m
--------------------------------------
UserTest: test_email_should_be_present
--------------------------------------
  [1m[36mUser Exists (0.2ms)[0m  [1m[34mSELECT  1 AS one FROM "users" WHERE LOWER("users"."email") = LOWER($1) LIMIT $2[0m  [["email", "     "], ["LIMIT", 1]]
  [1m[35m (0.1ms)[0m  [1m[31mROLLBACK[0m
  [1m[35m (0.1ms)[0m  [1m[35mBEGIN[0m
------------------------------------------
UserTest: test_name_should_not_be_too_long
------------------------------------------
  [1m[36mUser Exists (0.2ms)[0m  [1m[34mSELECT  1 AS one FROM "users" WHERE LOWER("users"."email") = LOWER($1) LIMIT $2[0m  [["email", "user@example.com"], ["LIMIT", 1]]
  [1m[35m (0.1ms)[0m  [1m[31mROLLBACK[0m
  [1m[35m (0.1ms)[0m  [1m[35mBEGIN[0m
----------------------------------------------------
UserTest: test_password_should_be_present_(nonblank)
----------------------------------------------------
  [1m[36mUser Exists (0.2ms)[0m  [1m[34mSELECT  1 AS one FROM "users" WHERE LOWER("users"."email") = LOWER($1) LIMIT $2[0m  [["email", "user@example.com"], ["LIMIT", 1]]
  [1m[35m (0.1ms)[0m  [1m[31mROLLBACK[0m
  [1m[35m (0.1ms)[0m  [1m[35mBEGIN[0m
------------------------------------------------------------
UserTest: test_email_addresses_should_be_saved_as_lower-case
------------------------------------------------------------
  [1m[35m (0.1ms)[0m  [1m[35mSAVEPOINT active_record_1[0m
  [1m[36mUser Exists (0.2ms)[0m  [1m[34mSELECT  1 AS one FROM "users" WHERE LOWER("users"."email") = LOWER($1) LIMIT $2[0m  [["email", "Foo@ExAMPle.CoM"], ["LIMIT", 1]]
  [1m[35mSQL (0.3ms)[0m  [1m[32mINSERT INTO "users" ("name", "email", "created_at", "updated_at", "password_digest") VALUES ($1, $2, $3, $4, $5) RETURNING "id"[0m  [["name", "Example User"], ["email", "foo@example.com"], ["created_at", "2018-03-01 23:34:46.527623"], ["updated_at", "2018-03-01 23:34:46.527623"], ["password_digest", "$2a$04$kL1cCtoJCjljXgvN1XY3MeTfh11NEnsSlQmZdWFBVqFUeikH4VtTa"]]
  [1m[35m (0.1ms)[0m  [1m[35mRELEASE SAVEPOINT active_record_1[0m
  [1m[36mUser Load (0.2ms)[0m  [1m[34mSELECT  "users".* FROM "users" WHERE "users"."id" = $1 LIMIT $2[0m  [["id", 2], ["LIMIT", 1]]
  [1m[35m (0.1ms)[0m  [1m[31mROLLBACK[0m
  [1m[35m (0.1ms)[0m  [1m[35mBEGIN[0m
----------------------------------------------------
UserTest: test_password_should_have_a_minimum_length
----------------------------------------------------
  [1m[36mUser Exists (0.2ms)[0m  [1m[34mSELECT  1 AS one FROM "users" WHERE LOWER("users"."email") = LOWER($1) LIMIT $2[0m  [["email", "user@example.com"], ["LIMIT", 1]]
  [1m[35m (0.1ms)[0m  [1m[31mROLLBACK[0m
  [1m[35m (0.1ms)[0m  [1m[35mBEGIN[0m
------------------------------
UserTest: test_should_be_valid
------------------------------
  [1m[36mUser Exists (0.2ms)[0m  [1m[34mSELECT  1 AS one FROM "users" WHERE LOWER("users"."email") = LOWER($1) LIMIT $2[0m  [["email", "user@example.com"], ["LIMIT", 1]]
  [1m[35m (0.1ms)[0m  [1m[31mROLLBACK[0m
  [1m[35m (0.1ms)[0m  [1m[35mBEGIN[0m
---------------------------------------------------------------
UserTest: test_email_validation_should_reject_invalid_addresses
---------------------------------------------------------------
  [1m[36mUser Exists (0.2ms)[0m  [1m[34mSELECT  1 AS one FROM "users" WHERE LOWER("users"."email") = LOWER($1) LIMIT $2[0m  [["email", "user@example,com"], ["LIMIT", 1]]
  [1m[36mUser Exists (0.2ms)[0m  [1m[34mSELECT  1 AS one FROM "users" WHERE LOWER("users"."email") = LOWER($1) LIMIT $2[0m  [["email", "user_at_foo.org"], ["LIMIT", 1]]
  [1m[36mUser Exists (0.2ms)[0m  [1m[34mSELECT  1 AS one FROM "users" WHERE LOWER("users"."email") = LOWER($1) LIMIT $2[0m  [["email", "user.name@example."], ["LIMIT", 1]]
  [1m[36mUser Exists (0.2ms)[0m  [1m[34mSELECT  1 AS one FROM "users" WHERE LOWER("users"."email") = LOWER($1) LIMIT $2[0m  [["email", "foo@bar_baz.com"], ["LIMIT", 1]]
  [1m[36mUser Exists (0.2ms)[0m  [1m[34mSELECT  1 AS one FROM "users" WHERE LOWER("users"."email") = LOWER($1) LIMIT $2[0m  [["email", "foo@bar+baz.com"], ["LIMIT", 1]]
  [1m[36mUser Exists (0.2ms)[0m  [1m[34mSELECT  1 AS one FROM "users" WHERE LOWER("users"."email") = LOWER($1) LIMIT $2[0m  [["email", "foo@bar..com"], ["LIMIT", 1]]
  [1m[35m (0.1ms)[0m  [1m[31mROLLBACK[0m
  [1m[35m (0.1ms)[0m  [1m[35mBEGIN[0m
-------------------------------------
UserTest: test_name_should_be_present
-------------------------------------
  [1m[36mUser Exists (0.3ms)[0m  [1m[34mSELECT  1 AS one FROM "users" WHERE LOWER("users"."email") = LOWER($1) LIMIT $2[0m  [["email", "user@example.com"], ["LIMIT", 1]]
  [1m[35m (0.1ms)[0m  [1m[31mROLLBACK[0m
  [1m[35m (0.1ms)[0m  [1m[35mBEGIN[0m
-------------------------------------------------------------
UserTest: test_email_validation_should_accept_valid_addresses
-------------------------------------------------------------
  [1m[36mUser Exists (0.3ms)[0m  [1m[34mSELECT  1 AS one FROM "users" WHERE LOWER("users"."email") = LOWER($1) LIMIT $2[0m  [["email", "user@example.com"], ["LIMIT", 1]]
  [1m[36mUser Exists (0.4ms)[0m  [1m[34mSELECT  1 AS one FROM "users" WHERE LOWER("users"."email") = LOWER($1) LIMIT $2[0m  [["email", "USER@foo.COM"], ["LIMIT", 1]]
  [1m[36mUser Exists (0.2ms)[0m  [1m[34mSELECT  1 AS one FROM "users" WHERE LOWER("users"."email") = LOWER($1) LIMIT $2[0m  [["email", "A_US-ER@foo.bar.org"], ["LIMIT", 1]]
  [1m[36mUser Exists (0.2ms)[0m  [1m[34mSELECT  1 AS one FROM "users" WHERE LOWER("users"."email") = LOWER($1) LIMIT $2[0m  [["email", "first.last@foo.jp"], ["LIMIT", 1]]
  [1m[36mUser Exists (0.2ms)[0m  [1m[34mSELECT  1 AS one FROM "users" WHERE LOWER("users"."email") = LOWER($1) LIMIT $2[0m  [["email", "alice+bob@baz.cn"], ["LIMIT", 1]]
  [1m[35m (0.1ms)[0m  [1m[31mROLLBACK[0m
  [1m[35m (0.1ms)[0m  [1m[35mBEGIN[0m
--------------------------------------------------
StaticPagesControllerTest: test_should_get_contact
--------------------------------------------------
Started GET "/contact" for 127.0.0.1 at 2018-03-01 15:34:46 -0800
Processing by StaticPagesController#contact as HTML
  Rendering static_pages/contact.html.erb within layouts/application
  Rendered static_pages/contact.html.erb within layouts/application (0.7ms)
  Rendered layouts/_shim.html.erb (0.4ms)
  Rendered layouts/_header.html.erb (0.7ms)
  Rendered layouts/_footer.html.erb (0.6ms)
Completed 200 OK in 143ms (Views: 136.5ms | ActiveRecord: 0.0ms)
  [1m[35m (0.2ms)[0m  [1m[31mROLLBACK[0m
  [1m[35m (0.2ms)[0m  [1m[35mBEGIN[0m
-----------------------------------------------
StaticPagesControllerTest: test_should_get_home
-----------------------------------------------
Started GET "/" for 127.0.0.1 at 2018-03-01 15:34:46 -0800
Processing by StaticPagesController#home as HTML
  Rendering static_pages/home.html.erb within layouts/application
  Rendered static_pages/home.html.erb within layouts/application (2.1ms)
  Rendered layouts/_shim.html.erb (0.1ms)
  Rendered layouts/_header.html.erb (0.3ms)
  Rendered layouts/_footer.html.erb (0.1ms)
Completed 200 OK in 8ms (Views: 5.0ms | ActiveRecord: 0.0ms)
  [1m[35m (0.3ms)[0m  [1m[31mROLLBACK[0m
  [1m[35m (0.1ms)[0m  [1m[35mBEGIN[0m
-----------------------------------------------
StaticPagesControllerTest: test_should_get_help
-----------------------------------------------
Started GET "/help" for 127.0.0.1 at 2018-03-01 15:34:46 -0800
Processing by StaticPagesController#help as HTML
  Rendering static_pages/help.html.erb within layouts/application
  Rendered static_pages/help.html.erb within layouts/application (0.5ms)
  Rendered layouts/_shim.html.erb (0.1ms)
  Rendered layouts/_header.html.erb (0.3ms)
  Rendered layouts/_footer.html.erb (0.2ms)
Completed 200 OK in 7ms (Views: 3.7ms | ActiveRecord: 0.0ms)
  [1m[35m (0.3ms)[0m  [1m[31mROLLBACK[0m
  [1m[35m (0.1ms)[0m  [1m[35mBEGIN[0m
------------------------------------------------
StaticPagesControllerTest: test_should_get_about
------------------------------------------------
Started GET "/about" for 127.0.0.1 at 2018-03-01 15:34:46 -0800
Processing by StaticPagesController#about as HTML
  Rendering static_pages/about.html.erb within layouts/application
  Rendered static_pages/about.html.erb within layouts/application (0.8ms)
  Rendered layouts/_shim.html.erb (0.1ms)
  Rendered layouts/_header.html.erb (0.3ms)
  Rendered layouts/_footer.html.erb (0.1ms)
Completed 200 OK in 7ms (Views: 4.0ms | ActiveRecord: 0.0ms)
  [1m[35m (0.3ms)[0m  [1m[31mROLLBACK[0m
  [1m[35m (0.1ms)[0m  [1m[35mBEGIN[0m
---------------------------------------------------------
ArticlesControllerTest: test_should_get_article_home_page
---------------------------------------------------------
Started GET "/articles" for 127.0.0.1 at 2018-03-01 15:34:46 -0800
Processing by ArticlesController#index as HTML
  Rendering articles/index.html.erb within layouts/application
  [1m[36mArticle Load (0.6ms)[0m  [1m[34mSELECT "articles".* FROM "articles"[0m
  Rendered articles/index.html.erb within layouts/application (7.3ms)
  Rendered layouts/_shim.html.erb (0.1ms)
  Rendered layouts/_header.html.erb (0.2ms)
  Rendered layouts/_footer.html.erb (0.1ms)
Completed 200 OK in 15ms (Views: 11.4ms | ActiveRecord: 0.6ms)
  [1m[35m (0.2ms)[0m  [1m[31mROLLBACK[0m
  [1m[35m (0.1ms)[0m  [1m[35mBEGIN[0m
-------------------------------------------------------
ArticleTest: test_should_not_save_article_without_title
-------------------------------------------------------
  [1m[35m (0.1ms)[0m  [1m[35mSAVEPOINT active_record_1[0m
  [1m[35m (0.2ms)[0m  [1m[31mROLLBACK TO SAVEPOINT active_record_1[0m
  [1m[35m (0.2ms)[0m  [1m[31mROLLBACK[0m
  [1m[35m (0.2ms)[0m  [1m[35mBEGIN[0m
-------------------------------------
ArticleTest: test_should_report_error
-------------------------------------
  [1m[35m (0.1ms)[0m  [1m[31mROLLBACK[0m
  [1m[35m (0.1ms)[0m  [1m[35mBEGIN[0m
---------------------------------------------------------
CommentsControllerTest: test_should_get_comment_home_page
---------------------------------------------------------
Started GET "/articles" for 127.0.0.1 at 2018-03-01 15:34:46 -0800
Processing by ArticlesController#index as HTML
  Rendering articles/index.html.erb within layouts/application
  [1m[36mArticle Load (0.4ms)[0m  [1m[34mSELECT "articles".* FROM "articles"[0m
  Rendered articles/index.html.erb within layouts/application (1.8ms)
  Rendered layouts/_shim.html.erb (0.0ms)
  Rendered layouts/_header.html.erb (0.2ms)
  Rendered layouts/_footer.html.erb (0.1ms)
Completed 200 OK in 5ms (Views: 3.7ms | ActiveRecord: 0.4ms)
  [1m[35m (0.1ms)[0m  [1m[31mROLLBACK[0m
  [1m[35m (0.1ms)[0m  [1m[35mBEGIN[0m
------------------------------------------------
UsersSignupTest: test_invalid_signup_information
------------------------------------------------
Started GET "/signup" for 127.0.0.1 at 2018-03-01 15:34:46 -0800
Processing by UsersController#new as HTML
  Rendering users/new.html.erb within layouts/application
  Rendered shared/_error_messages.html.erb (0.3ms)
  Rendered users/new.html.erb within layouts/application (7.2ms)
  Rendered layouts/_shim.html.erb (0.0ms)
  Rendered layouts/_header.html.erb (0.1ms)
  Rendered layouts/_footer.html.erb (0.1ms)
Completed 200 OK in 11ms (Views: 9.6ms | ActiveRecord: 0.0ms)
  [1m[35m (0.4ms)[0m  [1m[34mSELECT COUNT(*) FROM "users"[0m
Started POST "/users" for 127.0.0.1 at 2018-03-01 15:34:46 -0800
Processing by UsersController#create as HTML
  Parameters: {"user"=>{"name"=>"", "email"=>"user@invalid", "password"=>"[FILTERED]", "password_confirmation"=>"[FILTERED]"}}
  [1m[35m (0.1ms)[0m  [1m[35mSAVEPOINT active_record_1[0m
  [1m[36mUser Exists (0.3ms)[0m  [1m[34mSELECT  1 AS one FROM "users" WHERE LOWER("users"."email") = LOWER($1) LIMIT $2[0m  [["email", "user@invalid"], ["LIMIT", 1]]
  [1m[35m (0.1ms)[0m  [1m[31mROLLBACK TO SAVEPOINT active_record_1[0m
  Rendering users/new.html.erb within layouts/application
  Rendered shared/_error_messages.html.erb (0.4ms)
  Rendered users/new.html.erb within layouts/application (1.4ms)
  Rendered layouts/_shim.html.erb (0.0ms)
  Rendered layouts/_header.html.erb (0.1ms)
  Rendered layouts/_footer.html.erb (0.1ms)
Completed 200 OK in 7ms (Views: 2.7ms | ActiveRecord: 0.5ms)
  [1m[35m (0.3ms)[0m  [1m[34mSELECT COUNT(*) FROM "users"[0m
  [1m[35m (0.1ms)[0m  [1m[31mROLLBACK[0m
  [1m[35m (0.7ms)[0m  [1m[34mSELECT "schema_migrations"."version" FROM "schema_migrations" ORDER BY "schema_migrations"."version" ASC[0m
  [1m[35m (0.2ms)[0m  [1m[35mBEGIN[0m
  [1m[35m (0.7ms)[0m  [1m[35mALTER TABLE "users" DISABLE TRIGGER ALL;ALTER TABLE "articles" DISABLE TRIGGER ALL;ALTER TABLE "comments" DISABLE TRIGGER ALL;ALTER TABLE "schema_migrations" DISABLE TRIGGER ALL;ALTER TABLE "ar_internal_metadata" DISABLE TRIGGER ALL[0m
  [1m[35m (5.7ms)[0m  [1m[35mCOMMIT[0m
  [1m[35m (0.1ms)[0m  [1m[35mBEGIN[0m
  [1m[36mFixture Delete (0.4ms)[0m  [1m[31mDELETE FROM "users"[0m
  [1m[36mFixture Delete (0.3ms)[0m  [1m[31mDELETE FROM "articles"[0m
  [1m[36mFixture Insert (0.2ms)[0m  [1m[32mINSERT INTO "articles" ("title", "created_at", "updated_at", "id") VALUES ('MyString', '2018-03-01 23:34:51.233457', '2018-03-01 23:34:51.233457', 980190962)[0m
  [1m[36mFixture Insert (0.1ms)[0m  [1m[32mINSERT INTO "articles" ("title", "created_at", "updated_at", "id") VALUES ('MyString', '2018-03-01 23:34:51.233457', '2018-03-01 23:34:51.233457', 298486374)[0m
  [1m[36mFixture Delete (0.3ms)[0m  [1m[31mDELETE FROM "comments"[0m
  [1m[36mFixture Insert (0.2ms)[0m  [1m[32mINSERT INTO "comments" ("commenter", "body", "created_at", "updated_at", "id", "article_id") VALUES ('MyString', 'MyText', '2018-03-01 23:34:51.244068', '2018-03-01 23:34:51.244068', 980190962, 980190962)[0m
  [1m[36mFixture Insert (0.1ms)[0m  [1m[32mINSERT INTO "comments" ("commenter", "body", "created_at", "updated_at", "id", "article_id") VALUES ('MyString', 'MyText', '2018-03-01 23:34:51.244068', '2018-03-01 23:34:51.244068', 298486374, 298486374)[0m
  [1m[35m (0.4ms)[0m  [1m[35mCOMMIT[0m
  [1m[35m (0.1ms)[0m  [1m[35mBEGIN[0m
  [1m[35m (0.4ms)[0m  [1m[35mALTER TABLE "users" ENABLE TRIGGER ALL;ALTER TABLE "articles" ENABLE TRIGGER ALL;ALTER TABLE "comments" ENABLE TRIGGER ALL;ALTER TABLE "schema_migrations" ENABLE TRIGGER ALL;ALTER TABLE "ar_internal_metadata" ENABLE TRIGGER ALL[0m
  [1m[35m (0.6ms)[0m  [1m[35mCOMMIT[0m
  [1m[35m (0.8ms)[0m  [1m[35mBEGIN[0m
----------------------------------------------
UsersSignupTest: test_valid_signup_information
----------------------------------------------
Started GET "/signup" for 127.0.0.1 at 2018-03-01 15:34:51 -0800
Processing by UsersController#new as HTML
  Rendering users/new.html.erb within layouts/application
  Rendered shared/_error_messages.html.erb (0.3ms)
  Rendered users/new.html.erb within layouts/application (10.1ms)
  Rendered layouts/_shim.html.erb (0.4ms)
  Rendered layouts/_header.html.erb (0.7ms)
  Rendered layouts/_footer.html.erb (0.5ms)
Completed 200 OK in 160ms (Views: 145.9ms | ActiveRecord: 3.0ms)
  [1m[35m (0.7ms)[0m  [1m[34mSELECT COUNT(*) FROM "users"[0m
Started POST "/users" for 127.0.0.1 at 2018-03-01 15:34:51 -0800
Processing by UsersController#create as HTML
  Parameters: {"user"=>{"name"=>"Example User", "email"=>"user@example.com", "password"=>"[FILTERED]", "password_confirmation"=>"[FILTERED]"}}
  [1m[35m (0.3ms)[0m  [1m[35mSAVEPOINT active_record_1[0m
  [1m[36mUser Exists (0.8ms)[0m  [1m[34mSELECT  1 AS one FROM "users" WHERE LOWER("users"."email") = LOWER($1) LIMIT $2[0m  [["email", "user@example.com"], ["LIMIT", 1]]
  [1m[35mSQL (0.7ms)[0m  [1m[32mINSERT INTO "users" ("name", "email", "created_at", "updated_at", "password_digest") VALUES ($1, $2, $3, $4, $5) RETURNING "id"[0m  [["name", "Example User"], ["email", "user@example.com"], ["created_at", "2018-03-01 23:34:51.558362"], ["updated_at", "2018-03-01 23:34:51.558362"], ["password_digest", "$2a$04$6opD/V9I5Yu5FznwKRLqdOi/RuEFCd0bs9jM1NdOyeyDWmJ6AmIH2"]]
  [1m[35m (0.2ms)[0m  [1m[35mRELEASE SAVEPOINT active_record_1[0m
Redirected to http://www.example.com/users/1
Completed 302 Found in 13ms (ActiveRecord: 4.7ms)
  [1m[35m (0.4ms)[0m  [1m[34mSELECT COUNT(*) FROM "users"[0m
Started GET "/users/1" for 127.0.0.1 at 2018-03-01 15:34:51 -0800
Processing by UsersController#show as HTML
  Parameters: {"id"=>"1"}
  [1m[36mUser Load (0.3ms)[0m  [1m[34mSELECT  "users".* FROM "users" WHERE "users"."id" = $1 LIMIT $2[0m  [["id", 1], ["LIMIT", 1]]
  Rendering users/show.html.erb within layouts/application
  Rendered users/show.html.erb within layouts/application (0.8ms)
  Rendered layouts/_shim.html.erb (0.1ms)
  Rendered layouts/_header.html.erb (0.3ms)
  Rendered layouts/_footer.html.erb (0.2ms)
Completed 200 OK in 12ms (Views: 3.7ms | ActiveRecord: 0.5ms)
  [1m[35m (0.4ms)[0m  [1m[31mROLLBACK[0m
  [1m[35m (0.1ms)[0m  [1m[35mBEGIN[0m
------------------------------------------------
UsersSignupTest: test_invalid_signup_information
------------------------------------------------
Started GET "/signup" for 127.0.0.1 at 2018-03-01 15:34:51 -0800
Processing by UsersController#new as HTML
  Rendering users/new.html.erb within layouts/application
  Rendered shared/_error_messages.html.erb (0.1ms)
  Rendered users/new.html.erb within layouts/application (1.6ms)
  Rendered layouts/_shim.html.erb (0.0ms)
  Rendered layouts/_header.html.erb (0.2ms)
  Rendered layouts/_footer.html.erb (0.1ms)
Completed 200 OK in 4ms (Views: 3.8ms | ActiveRecord: 0.0ms)
  [1m[35m (0.5ms)[0m  [1m[34mSELECT COUNT(*) FROM "users"[0m
Started POST "/users" for 127.0.0.1 at 2018-03-01 15:34:51 -0800
Processing by UsersController#create as HTML
  Parameters: {"user"=>{"name"=>"", "email"=>"user@invalid", "password"=>"[FILTERED]", "password_confirmation"=>"[FILTERED]"}}
  [1m[35m (0.2ms)[0m  [1m[35mSAVEPOINT active_record_1[0m
  [1m[36mUser Exists (0.3ms)[0m  [1m[34mSELECT  1 AS one FROM "users" WHERE LOWER("users"."email") = LOWER($1) LIMIT $2[0m  [["email", "user@invalid"], ["LIMIT", 1]]
  [1m[35m (0.1ms)[0m  [1m[31mROLLBACK TO SAVEPOINT active_record_1[0m
  Rendering users/new.html.erb within layouts/application
  Rendered shared/_error_messages.html.erb (0.5ms)
  Rendered users/new.html.erb within layouts/application (1.4ms)
  Rendered layouts/_shim.html.erb (0.0ms)
  Rendered layouts/_header.html.erb (0.1ms)
  Rendered layouts/_footer.html.erb (0.1ms)
Completed 200 OK in 7ms (Views: 2.8ms | ActiveRecord: 0.6ms)
  [1m[35m (0.3ms)[0m  [1m[34mSELECT COUNT(*) FROM "users"[0m
  [1m[35m (0.1ms)[0m  [1m[31mROLLBACK[0m
  [1m[35m (0.7ms)[0m  [1m[34mSELECT "schema_migrations"."version" FROM "schema_migrations" ORDER BY "schema_migrations"."version" ASC[0m
  [1m[35m (0.1ms)[0m  [1m[35mBEGIN[0m
  [1m[35m (0.6ms)[0m  [1m[35mALTER TABLE "users" DISABLE TRIGGER ALL;ALTER TABLE "articles" DISABLE TRIGGER ALL;ALTER TABLE "comments" DISABLE TRIGGER ALL;ALTER TABLE "schema_migrations" DISABLE TRIGGER ALL;ALTER TABLE "ar_internal_metadata" DISABLE TRIGGER ALL[0m
  [1m[35m (5.7ms)[0m  [1m[35mCOMMIT[0m
  [1m[35m (0.2ms)[0m  [1m[35mBEGIN[0m
  [1m[36mFixture Delete (0.4ms)[0m  [1m[31mDELETE FROM "users"[0m
  [1m[36mFixture Delete (0.3ms)[0m  [1m[31mDELETE FROM "articles"[0m
  [1m[36mFixture Insert (0.3ms)[0m  [1m[32mINSERT INTO "articles" ("title", "created_at", "updated_at", "id") VALUES ('MyString', '2018-03-01 23:44:33.874462', '2018-03-01 23:44:33.874462', 980190962)[0m
  [1m[36mFixture Insert (0.3ms)[0m  [1m[32mINSERT INTO "articles" ("title", "created_at", "updated_at", "id") VALUES ('MyString', '2018-03-01 23:44:33.874462', '2018-03-01 23:44:33.874462', 298486374)[0m
  [1m[36mFixture Delete (0.3ms)[0m  [1m[31mDELETE FROM "comments"[0m
  [1m[36mFixture Insert (0.2ms)[0m  [1m[32mINSERT INTO "comments" ("commenter", "body", "created_at", "updated_at", "id", "article_id") VALUES ('MyString', 'MyText', '2018-03-01 23:44:33.884820', '2018-03-01 23:44:33.884820', 980190962, 980190962)[0m
  [1m[36mFixture Insert (0.1ms)[0m  [1m[32mINSERT INTO "comments" ("commenter", "body", "created_at", "updated_at", "id", "article_id") VALUES ('MyString', 'MyText', '2018-03-01 23:44:33.884820', '2018-03-01 23:44:33.884820', 298486374, 298486374)[0m
  [1m[35m (0.5ms)[0m  [1m[35mCOMMIT[0m
  [1m[35m (0.1ms)[0m  [1m[35mBEGIN[0m
  [1m[35m (0.4ms)[0m  [1m[35mALTER TABLE "users" ENABLE TRIGGER ALL;ALTER TABLE "articles" ENABLE TRIGGER ALL;ALTER TABLE "comments" ENABLE TRIGGER ALL;ALTER TABLE "schema_migrations" ENABLE TRIGGER ALL;ALTER TABLE "ar_internal_metadata" ENABLE TRIGGER ALL[0m
  [1m[35m (0.4ms)[0m  [1m[35mCOMMIT[0m
  [1m[35m (0.1ms)[0m  [1m[35mBEGIN[0m
--------------------------------------------------
StaticPagesControllerTest: test_should_get_contact
--------------------------------------------------
Started GET "/contact" for 127.0.0.1 at 2018-03-01 15:44:34 -0800
Processing by StaticPagesController#contact as HTML
  Rendering static_pages/contact.html.erb within layouts/application
  Rendered static_pages/contact.html.erb within layouts/application (0.6ms)
  Rendered layouts/_shim.html.erb (0.4ms)
  Rendered layouts/_header.html.erb (0.8ms)
  Rendered layouts/_footer.html.erb (0.5ms)
Completed 200 OK in 143ms (Views: 136.2ms | ActiveRecord: 0.0ms)
  [1m[35m (0.2ms)[0m  [1m[31mROLLBACK[0m
  [1m[35m (0.1ms)[0m  [1m[35mBEGIN[0m
-----------------------------------------------
StaticPagesControllerTest: test_should_get_home
-----------------------------------------------
Started GET "/" for 127.0.0.1 at 2018-03-01 15:44:34 -0800
Processing by StaticPagesController#home as HTML
  Rendering static_pages/home.html.erb within layouts/application
  Rendered static_pages/home.html.erb within layouts/application (1.7ms)
  Rendered layouts/_shim.html.erb (0.1ms)
  Rendered layouts/_header.html.erb (0.2ms)
  Rendered layouts/_footer.html.erb (0.1ms)
Completed 200 OK in 7ms (Views: 4.2ms | ActiveRecord: 0.0ms)
  [1m[35m (0.2ms)[0m  [1m[31mROLLBACK[0m
  [1m[35m (0.1ms)[0m  [1m[35mBEGIN[0m
-----------------------------------------------
StaticPagesControllerTest: test_should_get_help
-----------------------------------------------
Started GET "/help" for 127.0.0.1 at 2018-03-01 15:44:34 -0800
Processing by StaticPagesController#help as HTML
  Rendering static_pages/help.html.erb within layouts/application
  Rendered static_pages/help.html.erb within layouts/application (0.4ms)
  Rendered layouts/_shim.html.erb (0.1ms)
  Rendered layouts/_header.html.erb (0.2ms)
  Rendered layouts/_footer.html.erb (0.1ms)
Completed 200 OK in 5ms (Views: 2.9ms | ActiveRecord: 0.0ms)
  [1m[35m (0.2ms)[0m  [1m[31mROLLBACK[0m
  [1m[35m (0.1ms)[0m  [1m[35mBEGIN[0m
------------------------------------------------
StaticPagesControllerTest: test_should_get_about
------------------------------------------------
Started GET "/about" for 127.0.0.1 at 2018-03-01 15:44:34 -0800
Processing by StaticPagesController#about as HTML
  Rendering static_pages/about.html.erb within layouts/application
  Rendered static_pages/about.html.erb within layouts/application (0.8ms)
  Rendered layouts/_shim.html.erb (0.1ms)
  Rendered layouts/_header.html.erb (0.2ms)
  Rendered layouts/_footer.html.erb (0.1ms)
Completed 200 OK in 7ms (Views: 3.8ms | ActiveRecord: 0.0ms)
  [1m[35m (0.2ms)[0m  [1m[31mROLLBACK[0m
  [1m[35m (0.1ms)[0m  [1m[35mBEGIN[0m
------------------------------------------------
UsersSignupTest: test_invalid_signup_information
------------------------------------------------
Started GET "/signup" for 127.0.0.1 at 2018-03-01 15:44:34 -0800
Processing by UsersController#new as HTML
  Rendering users/new.html.erb within layouts/application
  Rendered shared/_error_messages.html.erb (0.5ms)
  Rendered users/new.html.erb within layouts/application (13.2ms)
  Rendered layouts/_shim.html.erb (0.0ms)
  Rendered layouts/_header.html.erb (0.1ms)
  Rendered layouts/_footer.html.erb (0.1ms)
Completed 200 OK in 33ms (Views: 16.9ms | ActiveRecord: 7.2ms)
  [1m[35m (0.4ms)[0m  [1m[34mSELECT COUNT(*) FROM "users"[0m
Started POST "/users" for 127.0.0.1 at 2018-03-01 15:44:34 -0800
Processing by UsersController#create as HTML
  Parameters: {"user"=>{"name"=>"", "email"=>"user@invalid", "password"=>"[FILTERED]", "password_confirmation"=>"[FILTERED]"}}
  [1m[35m (0.1ms)[0m  [1m[35mSAVEPOINT active_record_1[0m
  [1m[36mUser Exists (0.4ms)[0m  [1m[34mSELECT  1 AS one FROM "users" WHERE LOWER("users"."email") = LOWER($1) LIMIT $2[0m  [["email", "user@invalid"], ["LIMIT", 1]]
  [1m[35m (0.1ms)[0m  [1m[31mROLLBACK TO SAVEPOINT active_record_1[0m
  Rendering users/new.html.erb within layouts/application
  Rendered shared/_error_messages.html.erb (0.4ms)
  Rendered users/new.html.erb within layouts/application (1.5ms)
  Rendered layouts/_shim.html.erb (0.0ms)
  Rendered layouts/_header.html.erb (0.1ms)
  Rendered layouts/_footer.html.erb (0.1ms)
Completed 200 OK in 10ms (Views: 3.0ms | ActiveRecord: 1.9ms)
  [1m[35m (0.3ms)[0m  [1m[34mSELECT COUNT(*) FROM "users"[0m
  [1m[35m (0.2ms)[0m  [1m[31mROLLBACK[0m
  [1m[35m (0.1ms)[0m  [1m[35mBEGIN[0m
-----------------------------------------------
UserTest: test_email_addresses_should_be_unique
-----------------------------------------------
  [1m[35m (0.1ms)[0m  [1m[35mSAVEPOINT active_record_1[0m
  [1m[36mUser Exists (0.2ms)[0m  [1m[34mSELECT  1 AS one FROM "users" WHERE LOWER("users"."email") = LOWER($1) LIMIT $2[0m  [["email", "user@example.com"], ["LIMIT", 1]]
  [1m[35mSQL (0.3ms)[0m  [1m[32mINSERT INTO "users" ("name", "email", "created_at", "updated_at", "password_digest") VALUES ($1, $2, $3, $4, $5) RETURNING "id"[0m  [["name", "Example User"], ["email", "user@example.com"], ["created_at", "2018-03-01 23:44:34.292248"], ["updated_at", "2018-03-01 23:44:34.292248"], ["password_digest", "$2a$04$EAhmqwbecPGpdRFSz77scOxiLrxdEvb.meo..rhmt/SpwPeBCQpoW"]]
  [1m[35m (0.1ms)[0m  [1m[35mRELEASE SAVEPOINT active_record_1[0m
  [1m[36mUser Exists (0.2ms)[0m  [1m[34mSELECT  1 AS one FROM "users" WHERE LOWER("users"."email") = LOWER($1) LIMIT $2[0m  [["email", "USER@EXAMPLE.COM"], ["LIMIT", 1]]
  [1m[35m (0.2ms)[0m  [1m[31mROLLBACK[0m
  [1m[35m (0.1ms)[0m  [1m[35mBEGIN[0m
-------------------------------------------
UserTest: test_email_should_not_be_too_long
-------------------------------------------
  [1m[36mUser Exists (0.2ms)[0m  [1m[34mSELECT  1 AS one FROM "users" WHERE LOWER("users"."email") = LOWER($1) LIMIT $2[0m  [["email", "aaaaaaaaaaaaaaaaaaaaaaaaaaaaaaaaaaaaaaaaaaaaaaaaaaaaaaaaaaaaaaaaaaaaaaaaaaaaaaaaaaaaaaaaaaaaaaaaaaaaaaaaaaaaaaaaaaaaaaaaaaaaaaaaaaaaaaaaaaaaaaaaaaaaaaaaaaaaaaaaaaaaaaaaaaaaaaaaaaaaaaaaaaaaaaaaaaaaaaaaaaaaaaaaaaaaaaaaaaaaaaaaaaaaaaaaaaaaaaaaaaaa@example.com"], ["LIMIT", 1]]
  [1m[35m (0.1ms)[0m  [1m[31mROLLBACK[0m
  [1m[35m (0.1ms)[0m  [1m[35mBEGIN[0m
---------------------------------------------------------------
UserTest: test_email_validation_should_reject_invalid_addresses
---------------------------------------------------------------
  [1m[36mUser Exists (0.3ms)[0m  [1m[34mSELECT  1 AS one FROM "users" WHERE LOWER("users"."email") = LOWER($1) LIMIT $2[0m  [["email", "user@example,com"], ["LIMIT", 1]]
  [1m[36mUser Exists (0.2ms)[0m  [1m[34mSELECT  1 AS one FROM "users" WHERE LOWER("users"."email") = LOWER($1) LIMIT $2[0m  [["email", "user_at_foo.org"], ["LIMIT", 1]]
  [1m[36mUser Exists (0.2ms)[0m  [1m[34mSELECT  1 AS one FROM "users" WHERE LOWER("users"."email") = LOWER($1) LIMIT $2[0m  [["email", "user.name@example."], ["LIMIT", 1]]
  [1m[36mUser Exists (0.2ms)[0m  [1m[34mSELECT  1 AS one FROM "users" WHERE LOWER("users"."email") = LOWER($1) LIMIT $2[0m  [["email", "foo@bar_baz.com"], ["LIMIT", 1]]
  [1m[36mUser Exists (0.2ms)[0m  [1m[34mSELECT  1 AS one FROM "users" WHERE LOWER("users"."email") = LOWER($1) LIMIT $2[0m  [["email", "foo@bar+baz.com"], ["LIMIT", 1]]
  [1m[36mUser Exists (0.2ms)[0m  [1m[34mSELECT  1 AS one FROM "users" WHERE LOWER("users"."email") = LOWER($1) LIMIT $2[0m  [["email", "foo@bar..com"], ["LIMIT", 1]]
  [1m[35m (0.1ms)[0m  [1m[31mROLLBACK[0m
  [1m[35m (0.1ms)[0m  [1m[35mBEGIN[0m
----------------------------------------------------
UserTest: test_password_should_be_present_(nonblank)
----------------------------------------------------
  [1m[36mUser Exists (0.2ms)[0m  [1m[34mSELECT  1 AS one FROM "users" WHERE LOWER("users"."email") = LOWER($1) LIMIT $2[0m  [["email", "user@example.com"], ["LIMIT", 1]]
  [1m[35m (0.1ms)[0m  [1m[31mROLLBACK[0m
  [1m[35m (0.1ms)[0m  [1m[35mBEGIN[0m
------------------------------------------------------------
UserTest: test_email_addresses_should_be_saved_as_lower-case
------------------------------------------------------------
  [1m[35m (0.1ms)[0m  [1m[35mSAVEPOINT active_record_1[0m
  [1m[36mUser Exists (0.4ms)[0m  [1m[34mSELECT  1 AS one FROM "users" WHERE LOWER("users"."email") = LOWER($1) LIMIT $2[0m  [["email", "Foo@ExAMPle.CoM"], ["LIMIT", 1]]
  [1m[35mSQL (0.3ms)[0m  [1m[32mINSERT INTO "users" ("name", "email", "created_at", "updated_at", "password_digest") VALUES ($1, $2, $3, $4, $5) RETURNING "id"[0m  [["name", "Example User"], ["email", "foo@example.com"], ["created_at", "2018-03-01 23:44:34.311542"], ["updated_at", "2018-03-01 23:44:34.311542"], ["password_digest", "$2a$04$Aj8TBFBA.pfOOdQIjc7vJuTVzPTvEsGY.mUkIprdmfvtow0edx1HO"]]
  [1m[35m (0.1ms)[0m  [1m[35mRELEASE SAVEPOINT active_record_1[0m
  [1m[36mUser Load (0.2ms)[0m  [1m[34mSELECT  "users".* FROM "users" WHERE "users"."id" = $1 LIMIT $2[0m  [["id", 2], ["LIMIT", 1]]
  [1m[35m (0.1ms)[0m  [1m[31mROLLBACK[0m
  [1m[35m (0.1ms)[0m  [1m[35mBEGIN[0m
-------------------------------------------------------------
UserTest: test_email_validation_should_accept_valid_addresses
-------------------------------------------------------------
  [1m[36mUser Exists (0.2ms)[0m  [1m[34mSELECT  1 AS one FROM "users" WHERE LOWER("users"."email") = LOWER($1) LIMIT $2[0m  [["email", "user@example.com"], ["LIMIT", 1]]
  [1m[36mUser Exists (0.2ms)[0m  [1m[34mSELECT  1 AS one FROM "users" WHERE LOWER("users"."email") = LOWER($1) LIMIT $2[0m  [["email", "USER@foo.COM"], ["LIMIT", 1]]
  [1m[36mUser Exists (0.2ms)[0m  [1m[34mSELECT  1 AS one FROM "users" WHERE LOWER("users"."email") = LOWER($1) LIMIT $2[0m  [["email", "A_US-ER@foo.bar.org"], ["LIMIT", 1]]
  [1m[36mUser Exists (0.2ms)[0m  [1m[34mSELECT  1 AS one FROM "users" WHERE LOWER("users"."email") = LOWER($1) LIMIT $2[0m  [["email", "first.last@foo.jp"], ["LIMIT", 1]]
  [1m[36mUser Exists (0.2ms)[0m  [1m[34mSELECT  1 AS one FROM "users" WHERE LOWER("users"."email") = LOWER($1) LIMIT $2[0m  [["email", "alice+bob@baz.cn"], ["LIMIT", 1]]
  [1m[35m (0.1ms)[0m  [1m[31mROLLBACK[0m
  [1m[35m (0.1ms)[0m  [1m[35mBEGIN[0m
------------------------------------------
UserTest: test_name_should_not_be_too_long
------------------------------------------
  [1m[36mUser Exists (0.2ms)[0m  [1m[34mSELECT  1 AS one FROM "users" WHERE LOWER("users"."email") = LOWER($1) LIMIT $2[0m  [["email", "user@example.com"], ["LIMIT", 1]]
  [1m[35m (0.1ms)[0m  [1m[31mROLLBACK[0m
  [1m[35m (0.1ms)[0m  [1m[35mBEGIN[0m
------------------------------
UserTest: test_should_be_valid
------------------------------
  [1m[36mUser Exists (0.2ms)[0m  [1m[34mSELECT  1 AS one FROM "users" WHERE LOWER("users"."email") = LOWER($1) LIMIT $2[0m  [["email", "user@example.com"], ["LIMIT", 1]]
  [1m[35m (0.1ms)[0m  [1m[31mROLLBACK[0m
  [1m[35m (0.1ms)[0m  [1m[35mBEGIN[0m
----------------------------------------------------
UserTest: test_password_should_have_a_minimum_length
----------------------------------------------------
  [1m[36mUser Exists (0.3ms)[0m  [1m[34mSELECT  1 AS one FROM "users" WHERE LOWER("users"."email") = LOWER($1) LIMIT $2[0m  [["email", "user@example.com"], ["LIMIT", 1]]
  [1m[35m (0.1ms)[0m  [1m[31mROLLBACK[0m
  [1m[35m (0.1ms)[0m  [1m[35mBEGIN[0m
-------------------------------------
UserTest: test_name_should_be_present
-------------------------------------
  [1m[36mUser Exists (0.3ms)[0m  [1m[34mSELECT  1 AS one FROM "users" WHERE LOWER("users"."email") = LOWER($1) LIMIT $2[0m  [["email", "user@example.com"], ["LIMIT", 1]]
  [1m[35m (0.1ms)[0m  [1m[31mROLLBACK[0m
  [1m[35m (0.2ms)[0m  [1m[35mBEGIN[0m
--------------------------------------
UserTest: test_email_should_be_present
--------------------------------------
  [1m[36mUser Exists (0.2ms)[0m  [1m[34mSELECT  1 AS one FROM "users" WHERE LOWER("users"."email") = LOWER($1) LIMIT $2[0m  [["email", "     "], ["LIMIT", 1]]
  [1m[35m (0.1ms)[0m  [1m[31mROLLBACK[0m
  [1m[35m (0.1ms)[0m  [1m[35mBEGIN[0m
-------------------------------------------
SessionsControllerTest: test_should_get_new
-------------------------------------------
  [1m[35m (0.1ms)[0m  [1m[31mROLLBACK[0m
  [1m[35m (0.6ms)[0m  [1m[34mSELECT "schema_migrations"."version" FROM "schema_migrations" ORDER BY "schema_migrations"."version" ASC[0m
  [1m[35m (0.2ms)[0m  [1m[35mBEGIN[0m
  [1m[35m (0.6ms)[0m  [1m[35mALTER TABLE "users" DISABLE TRIGGER ALL;ALTER TABLE "articles" DISABLE TRIGGER ALL;ALTER TABLE "comments" DISABLE TRIGGER ALL;ALTER TABLE "schema_migrations" DISABLE TRIGGER ALL;ALTER TABLE "ar_internal_metadata" DISABLE TRIGGER ALL[0m
  [1m[35m (5.6ms)[0m  [1m[35mCOMMIT[0m
  [1m[35m (0.2ms)[0m  [1m[35mBEGIN[0m
  [1m[36mFixture Delete (0.5ms)[0m  [1m[31mDELETE FROM "users"[0m
  [1m[36mFixture Delete (0.4ms)[0m  [1m[31mDELETE FROM "articles"[0m
  [1m[36mFixture Insert (0.3ms)[0m  [1m[32mINSERT INTO "articles" ("title", "created_at", "updated_at", "id") VALUES ('MyString', '2018-03-01 23:49:58.725174', '2018-03-01 23:49:58.725174', 980190962)[0m
  [1m[36mFixture Insert (0.2ms)[0m  [1m[32mINSERT INTO "articles" ("title", "created_at", "updated_at", "id") VALUES ('MyString', '2018-03-01 23:49:58.725174', '2018-03-01 23:49:58.725174', 298486374)[0m
  [1m[36mFixture Delete (0.3ms)[0m  [1m[31mDELETE FROM "comments"[0m
  [1m[36mFixture Insert (0.2ms)[0m  [1m[32mINSERT INTO "comments" ("commenter", "body", "created_at", "updated_at", "id", "article_id") VALUES ('MyString', 'MyText', '2018-03-01 23:49:58.736084', '2018-03-01 23:49:58.736084', 980190962, 980190962)[0m
  [1m[36mFixture Insert (0.1ms)[0m  [1m[32mINSERT INTO "comments" ("commenter", "body", "created_at", "updated_at", "id", "article_id") VALUES ('MyString', 'MyText', '2018-03-01 23:49:58.736084', '2018-03-01 23:49:58.736084', 298486374, 298486374)[0m
  [1m[35m (0.5ms)[0m  [1m[35mCOMMIT[0m
  [1m[35m (0.2ms)[0m  [1m[35mBEGIN[0m
  [1m[35m (0.6ms)[0m  [1m[35mALTER TABLE "users" ENABLE TRIGGER ALL;ALTER TABLE "articles" ENABLE TRIGGER ALL;ALTER TABLE "comments" ENABLE TRIGGER ALL;ALTER TABLE "schema_migrations" ENABLE TRIGGER ALL;ALTER TABLE "ar_internal_metadata" ENABLE TRIGGER ALL[0m
  [1m[35m (0.5ms)[0m  [1m[35mCOMMIT[0m
  [1m[35m (0.2ms)[0m  [1m[35mBEGIN[0m
---------------------------------
SiteLayoutTest: test_layout_links
---------------------------------
Started GET "/" for 127.0.0.1 at 2018-03-01 15:49:58 -0800
Processing by StaticPagesController#home as HTML
  Rendering static_pages/home.html.erb within layouts/application
  Rendered static_pages/home.html.erb within layouts/application (126.2ms)
  Rendered layouts/_shim.html.erb (0.4ms)
  Rendered layouts/_header.html.erb (0.6ms)
  Rendered layouts/_footer.html.erb (0.5ms)
Completed 200 OK in 147ms (Views: 140.3ms | ActiveRecord: 0.0ms)
  [1m[35m (0.3ms)[0m  [1m[31mROLLBACK[0m
  [1m[35m (0.2ms)[0m  [1m[35mBEGIN[0m
------------------------------------------------
UsersSignupTest: test_invalid_signup_information
------------------------------------------------
Started GET "/signup" for 127.0.0.1 at 2018-03-01 15:49:59 -0800
Processing by UsersController#new as HTML
  Rendering users/new.html.erb within layouts/application
  Rendered shared/_error_messages.html.erb (0.5ms)
  Rendered users/new.html.erb within layouts/application (21.0ms)
  Rendered layouts/_shim.html.erb (0.1ms)
  Rendered layouts/_header.html.erb (0.4ms)
  Rendered layouts/_footer.html.erb (0.1ms)
Completed 200 OK in 45ms (Views: 26.4ms | ActiveRecord: 6.8ms)
  [1m[35m (0.7ms)[0m  [1m[34mSELECT COUNT(*) FROM "users"[0m
Started POST "/users" for 127.0.0.1 at 2018-03-01 15:49:59 -0800
Processing by UsersController#create as HTML
  Parameters: {"user"=>{"name"=>"", "email"=>"user@invalid", "password"=>"[FILTERED]", "password_confirmation"=>"[FILTERED]"}}
  [1m[35m (0.2ms)[0m  [1m[35mSAVEPOINT active_record_1[0m
  [1m[36mUser Exists (0.4ms)[0m  [1m[34mSELECT  1 AS one FROM "users" WHERE LOWER("users"."email") = LOWER($1) LIMIT $2[0m  [["email", "user@invalid"], ["LIMIT", 1]]
  [1m[35m (0.1ms)[0m  [1m[31mROLLBACK TO SAVEPOINT active_record_1[0m
  Rendering users/new.html.erb within layouts/application
  Rendered shared/_error_messages.html.erb (0.4ms)
  Rendered users/new.html.erb within layouts/application (1.4ms)
  Rendered layouts/_shim.html.erb (0.0ms)
  Rendered layouts/_header.html.erb (0.1ms)
  Rendered layouts/_footer.html.erb (0.1ms)
Completed 200 OK in 12ms (Views: 2.7ms | ActiveRecord: 2.2ms)
  [1m[35m (0.2ms)[0m  [1m[34mSELECT COUNT(*) FROM "users"[0m
  [1m[35m (0.2ms)[0m  [1m[31mROLLBACK[0m
  [1m[35m (0.1ms)[0m  [1m[35mBEGIN[0m
---------------------------------------------------------
ArticlesControllerTest: test_should_get_article_home_page
---------------------------------------------------------
Started GET "/articles" for 127.0.0.1 at 2018-03-01 15:49:59 -0800
Processing by ArticlesController#index as HTML
  Rendering articles/index.html.erb within layouts/application
  [1m[36mArticle Load (0.3ms)[0m  [1m[34mSELECT "articles".* FROM "articles"[0m
  Rendered articles/index.html.erb within layouts/application (6.7ms)
  Rendered layouts/_shim.html.erb (0.0ms)
  Rendered layouts/_header.html.erb (0.1ms)
  Rendered layouts/_footer.html.erb (0.1ms)
Completed 200 OK in 11ms (Views: 9.2ms | ActiveRecord: 0.3ms)
  [1m[35m (0.2ms)[0m  [1m[31mROLLBACK[0m
  [1m[35m (0.1ms)[0m  [1m[35mBEGIN[0m
----------------------------------------
UsersControllerTest: test_should_get_new
----------------------------------------
Started GET "/signup" for 127.0.0.1 at 2018-03-01 15:49:59 -0800
Processing by UsersController#new as HTML
  Rendering users/new.html.erb within layouts/application
  Rendered shared/_error_messages.html.erb (0.0ms)
  Rendered users/new.html.erb within layouts/application (1.1ms)
  Rendered layouts/_shim.html.erb (0.0ms)
  Rendered layouts/_header.html.erb (0.1ms)
  Rendered layouts/_footer.html.erb (0.1ms)
Completed 200 OK in 3ms (Views: 2.5ms | ActiveRecord: 0.0ms)
  [1m[35m (0.1ms)[0m  [1m[31mROLLBACK[0m
  [1m[35m (0.1ms)[0m  [1m[35mBEGIN[0m
-------------------------------------
CommentTest: test_should_report_error
-------------------------------------
  [1m[35m (0.1ms)[0m  [1m[31mROLLBACK[0m
  [1m[35m (0.1ms)[0m  [1m[35mBEGIN[0m
------------------------------------------------
CommentTest: test_can_save_comment_without_title
------------------------------------------------
  [1m[35m (0.1ms)[0m  [1m[35mSAVEPOINT active_record_1[0m
  [1m[35m (0.1ms)[0m  [1m[31mROLLBACK TO SAVEPOINT active_record_1[0m
  [1m[35m (0.1ms)[0m  [1m[31mROLLBACK[0m
  [1m[35m (0.1ms)[0m  [1m[35mBEGIN[0m
---------------------------------------------------------
CommentsControllerTest: test_should_get_comment_home_page
---------------------------------------------------------
Started GET "/articles" for 127.0.0.1 at 2018-03-01 15:49:59 -0800
Processing by ArticlesController#index as HTML
  Rendering articles/index.html.erb within layouts/application
  [1m[36mArticle Load (0.2ms)[0m  [1m[34mSELECT "articles".* FROM "articles"[0m
  Rendered articles/index.html.erb within layouts/application (0.8ms)
  Rendered layouts/_shim.html.erb (0.0ms)
  Rendered layouts/_header.html.erb (0.1ms)
  Rendered layouts/_footer.html.erb (0.1ms)
Completed 200 OK in 2ms (Views: 1.9ms | ActiveRecord: 0.2ms)
  [1m[35m (0.1ms)[0m  [1m[31mROLLBACK[0m
  [1m[35m (0.1ms)[0m  [1m[35mBEGIN[0m
-------------------------------------------------------
ArticleTest: test_should_not_save_article_without_title
-------------------------------------------------------
  [1m[35m (0.1ms)[0m  [1m[35mSAVEPOINT active_record_1[0m
  [1m[35m (0.1ms)[0m  [1m[31mROLLBACK TO SAVEPOINT active_record_1[0m
  [1m[35m (0.1ms)[0m  [1m[31mROLLBACK[0m
  [1m[35m (0.1ms)[0m  [1m[35mBEGIN[0m
-------------------------------------
ArticleTest: test_should_report_error
-------------------------------------
  [1m[35m (0.1ms)[0m  [1m[31mROLLBACK[0m
  [1m[35m (0.1ms)[0m  [1m[35mBEGIN[0m
----------------------------------------------------
UserTest: test_password_should_have_a_minimum_length
----------------------------------------------------
  [1m[36mUser Exists (0.3ms)[0m  [1m[34mSELECT  1 AS one FROM "users" WHERE LOWER("users"."email") = LOWER($1) LIMIT $2[0m  [["email", "user@example.com"], ["LIMIT", 1]]
  [1m[35m (0.1ms)[0m  [1m[31mROLLBACK[0m
  [1m[35m (0.1ms)[0m  [1m[35mBEGIN[0m
-------------------------------------
UserTest: test_name_should_be_present
-------------------------------------
  [1m[36mUser Exists (0.3ms)[0m  [1m[34mSELECT  1 AS one FROM "users" WHERE LOWER("users"."email") = LOWER($1) LIMIT $2[0m  [["email", "user@example.com"], ["LIMIT", 1]]
  [1m[35m (0.1ms)[0m  [1m[31mROLLBACK[0m
  [1m[35m (0.1ms)[0m  [1m[35mBEGIN[0m
------------------------------
UserTest: test_should_be_valid
------------------------------
  [1m[36mUser Exists (0.3ms)[0m  [1m[34mSELECT  1 AS one FROM "users" WHERE LOWER("users"."email") = LOWER($1) LIMIT $2[0m  [["email", "user@example.com"], ["LIMIT", 1]]
  [1m[35m (0.1ms)[0m  [1m[31mROLLBACK[0m
  [1m[35m (0.1ms)[0m  [1m[35mBEGIN[0m
----------------------------------------------------
UserTest: test_password_should_be_present_(nonblank)
----------------------------------------------------
  [1m[36mUser Exists (0.2ms)[0m  [1m[34mSELECT  1 AS one FROM "users" WHERE LOWER("users"."email") = LOWER($1) LIMIT $2[0m  [["email", "user@example.com"], ["LIMIT", 1]]
  [1m[35m (0.1ms)[0m  [1m[31mROLLBACK[0m
  [1m[35m (0.1ms)[0m  [1m[35mBEGIN[0m
--------------------------------------
UserTest: test_email_should_be_present
--------------------------------------
  [1m[36mUser Exists (0.2ms)[0m  [1m[34mSELECT  1 AS one FROM "users" WHERE LOWER("users"."email") = LOWER($1) LIMIT $2[0m  [["email", "     "], ["LIMIT", 1]]
  [1m[35m (0.1ms)[0m  [1m[31mROLLBACK[0m
  [1m[35m (0.1ms)[0m  [1m[35mBEGIN[0m
------------------------------------------------------------
UserTest: test_email_addresses_should_be_saved_as_lower-case
------------------------------------------------------------
  [1m[35m (0.1ms)[0m  [1m[35mSAVEPOINT active_record_1[0m
  [1m[36mUser Exists (0.2ms)[0m  [1m[34mSELECT  1 AS one FROM "users" WHERE LOWER("users"."email") = LOWER($1) LIMIT $2[0m  [["email", "Foo@ExAMPle.CoM"], ["LIMIT", 1]]
  [1m[35mSQL (0.3ms)[0m  [1m[32mINSERT INTO "users" ("name", "email", "created_at", "updated_at", "password_digest") VALUES ($1, $2, $3, $4, $5) RETURNING "id"[0m  [["name", "Example User"], ["email", "foo@example.com"], ["created_at", "2018-03-01 23:49:59.169517"], ["updated_at", "2018-03-01 23:49:59.169517"], ["password_digest", "$2a$04$E3zLS/YsZWKpsZ6aqfUJe./SVQ4UvE1RKeK.rDdCumfaXclqUDDPK"]]
  [1m[35m (0.1ms)[0m  [1m[35mRELEASE SAVEPOINT active_record_1[0m
  [1m[36mUser Load (0.2ms)[0m  [1m[34mSELECT  "users".* FROM "users" WHERE "users"."id" = $1 LIMIT $2[0m  [["id", 1], ["LIMIT", 1]]
  [1m[35m (0.1ms)[0m  [1m[31mROLLBACK[0m
  [1m[35m (0.1ms)[0m  [1m[35mBEGIN[0m
-----------------------------------------------
UserTest: test_email_addresses_should_be_unique
-----------------------------------------------
  [1m[35m (0.1ms)[0m  [1m[35mSAVEPOINT active_record_1[0m
  [1m[36mUser Exists (0.2ms)[0m  [1m[34mSELECT  1 AS one FROM "users" WHERE LOWER("users"."email") = LOWER($1) LIMIT $2[0m  [["email", "user@example.com"], ["LIMIT", 1]]
  [1m[35mSQL (0.2ms)[0m  [1m[32mINSERT INTO "users" ("name", "email", "created_at", "updated_at", "password_digest") VALUES ($1, $2, $3, $4, $5) RETURNING "id"[0m  [["name", "Example User"], ["email", "user@example.com"], ["created_at", "2018-03-01 23:49:59.174490"], ["updated_at", "2018-03-01 23:49:59.174490"], ["password_digest", "$2a$04$lotTDrvanNihDniZCdhliO.agkAVlwO1xXO.ERu0q2Eak.mGCLjEO"]]
  [1m[35m (0.1ms)[0m  [1m[35mRELEASE SAVEPOINT active_record_1[0m
  [1m[36mUser Exists (0.2ms)[0m  [1m[34mSELECT  1 AS one FROM "users" WHERE LOWER("users"."email") = LOWER($1) LIMIT $2[0m  [["email", "USER@EXAMPLE.COM"], ["LIMIT", 1]]
  [1m[35m (0.1ms)[0m  [1m[31mROLLBACK[0m
  [1m[35m (0.1ms)[0m  [1m[35mBEGIN[0m
-------------------------------------------------------------
UserTest: test_email_validation_should_accept_valid_addresses
-------------------------------------------------------------
  [1m[36mUser Exists (0.2ms)[0m  [1m[34mSELECT  1 AS one FROM "users" WHERE LOWER("users"."email") = LOWER($1) LIMIT $2[0m  [["email", "user@example.com"], ["LIMIT", 1]]
  [1m[36mUser Exists (0.2ms)[0m  [1m[34mSELECT  1 AS one FROM "users" WHERE LOWER("users"."email") = LOWER($1) LIMIT $2[0m  [["email", "USER@foo.COM"], ["LIMIT", 1]]
  [1m[36mUser Exists (0.2ms)[0m  [1m[34mSELECT  1 AS one FROM "users" WHERE LOWER("users"."email") = LOWER($1) LIMIT $2[0m  [["email", "A_US-ER@foo.bar.org"], ["LIMIT", 1]]
  [1m[36mUser Exists (0.2ms)[0m  [1m[34mSELECT  1 AS one FROM "users" WHERE LOWER("users"."email") = LOWER($1) LIMIT $2[0m  [["email", "first.last@foo.jp"], ["LIMIT", 1]]
  [1m[36mUser Exists (0.2ms)[0m  [1m[34mSELECT  1 AS one FROM "users" WHERE LOWER("users"."email") = LOWER($1) LIMIT $2[0m  [["email", "alice+bob@baz.cn"], ["LIMIT", 1]]
  [1m[35m (0.1ms)[0m  [1m[31mROLLBACK[0m
  [1m[35m (0.1ms)[0m  [1m[35mBEGIN[0m
------------------------------------------
UserTest: test_name_should_not_be_too_long
------------------------------------------
  [1m[36mUser Exists (0.2ms)[0m  [1m[34mSELECT  1 AS one FROM "users" WHERE LOWER("users"."email") = LOWER($1) LIMIT $2[0m  [["email", "user@example.com"], ["LIMIT", 1]]
  [1m[35m (0.1ms)[0m  [1m[31mROLLBACK[0m
  [1m[35m (0.1ms)[0m  [1m[35mBEGIN[0m
---------------------------------------------------------------
UserTest: test_email_validation_should_reject_invalid_addresses
---------------------------------------------------------------
  [1m[36mUser Exists (0.3ms)[0m  [1m[34mSELECT  1 AS one FROM "users" WHERE LOWER("users"."email") = LOWER($1) LIMIT $2[0m  [["email", "user@example,com"], ["LIMIT", 1]]
  [1m[36mUser Exists (0.2ms)[0m  [1m[34mSELECT  1 AS one FROM "users" WHERE LOWER("users"."email") = LOWER($1) LIMIT $2[0m  [["email", "user_at_foo.org"], ["LIMIT", 1]]
  [1m[36mUser Exists (0.4ms)[0m  [1m[34mSELECT  1 AS one FROM "users" WHERE LOWER("users"."email") = LOWER($1) LIMIT $2[0m  [["email", "user.name@example."], ["LIMIT", 1]]
  [1m[36mUser Exists (0.2ms)[0m  [1m[34mSELECT  1 AS one FROM "users" WHERE LOWER("users"."email") = LOWER($1) LIMIT $2[0m  [["email", "foo@bar_baz.com"], ["LIMIT", 1]]
  [1m[36mUser Exists (0.2ms)[0m  [1m[34mSELECT  1 AS one FROM "users" WHERE LOWER("users"."email") = LOWER($1) LIMIT $2[0m  [["email", "foo@bar+baz.com"], ["LIMIT", 1]]
  [1m[36mUser Exists (0.2ms)[0m  [1m[34mSELECT  1 AS one FROM "users" WHERE LOWER("users"."email") = LOWER($1) LIMIT $2[0m  [["email", "foo@bar..com"], ["LIMIT", 1]]
  [1m[35m (0.1ms)[0m  [1m[31mROLLBACK[0m
  [1m[35m (0.1ms)[0m  [1m[35mBEGIN[0m
-------------------------------------------
UserTest: test_email_should_not_be_too_long
-------------------------------------------
  [1m[36mUser Exists (0.2ms)[0m  [1m[34mSELECT  1 AS one FROM "users" WHERE LOWER("users"."email") = LOWER($1) LIMIT $2[0m  [["email", "aaaaaaaaaaaaaaaaaaaaaaaaaaaaaaaaaaaaaaaaaaaaaaaaaaaaaaaaaaaaaaaaaaaaaaaaaaaaaaaaaaaaaaaaaaaaaaaaaaaaaaaaaaaaaaaaaaaaaaaaaaaaaaaaaaaaaaaaaaaaaaaaaaaaaaaaaaaaaaaaaaaaaaaaaaaaaaaaaaaaaaaaaaaaaaaaaaaaaaaaaaaaaaaaaaaaaaaaaaaaaaaaaaaaaaaaaaaaaaaaaaaa@example.com"], ["LIMIT", 1]]
  [1m[35m (0.1ms)[0m  [1m[31mROLLBACK[0m
  [1m[35m (0.1ms)[0m  [1m[35mBEGIN[0m
-----------------------------------------------
StaticPagesControllerTest: test_should_get_help
-----------------------------------------------
Started GET "/help" for 127.0.0.1 at 2018-03-01 15:49:59 -0800
Processing by StaticPagesController#help as HTML
  Rendering static_pages/help.html.erb within layouts/application
  Rendered static_pages/help.html.erb within layouts/application (0.4ms)
  Rendered layouts/_shim.html.erb (0.0ms)
  Rendered layouts/_header.html.erb (0.2ms)
  Rendered layouts/_footer.html.erb (0.1ms)
Completed 200 OK in 4ms (Views: 2.3ms | ActiveRecord: 0.0ms)
  [1m[35m (0.1ms)[0m  [1m[31mROLLBACK[0m
  [1m[35m (0.1ms)[0m  [1m[35mBEGIN[0m
--------------------------------------------------
StaticPagesControllerTest: test_should_get_contact
--------------------------------------------------
Started GET "/contact" for 127.0.0.1 at 2018-03-01 15:49:59 -0800
Processing by StaticPagesController#contact as HTML
  Rendering static_pages/contact.html.erb within layouts/application
  Rendered static_pages/contact.html.erb within layouts/application (0.2ms)
  Rendered layouts/_shim.html.erb (0.0ms)
  Rendered layouts/_header.html.erb (0.1ms)
  Rendered layouts/_footer.html.erb (0.1ms)
Completed 200 OK in 3ms (Views: 1.6ms | ActiveRecord: 0.0ms)
  [1m[35m (0.1ms)[0m  [1m[31mROLLBACK[0m
  [1m[35m (0.1ms)[0m  [1m[35mBEGIN[0m
-----------------------------------------------
StaticPagesControllerTest: test_should_get_home
-----------------------------------------------
Started GET "/" for 127.0.0.1 at 2018-03-01 15:49:59 -0800
Processing by StaticPagesController#home as HTML
  Rendering static_pages/home.html.erb within layouts/application
  Rendered static_pages/home.html.erb within layouts/application (0.5ms)
  Rendered layouts/_shim.html.erb (0.0ms)
  Rendered layouts/_header.html.erb (0.1ms)
  Rendered layouts/_footer.html.erb (0.1ms)
Completed 200 OK in 3ms (Views: 2.3ms | ActiveRecord: 0.0ms)
  [1m[35m (0.1ms)[0m  [1m[31mROLLBACK[0m
  [1m[35m (0.1ms)[0m  [1m[35mBEGIN[0m
------------------------------------------------
StaticPagesControllerTest: test_should_get_about
------------------------------------------------
Started GET "/about" for 127.0.0.1 at 2018-03-01 15:49:59 -0800
Processing by StaticPagesController#about as HTML
  Rendering static_pages/about.html.erb within layouts/application
  Rendered static_pages/about.html.erb within layouts/application (0.5ms)
  Rendered layouts/_shim.html.erb (0.0ms)
  Rendered layouts/_header.html.erb (0.1ms)
  Rendered layouts/_footer.html.erb (0.1ms)
Completed 200 OK in 3ms (Views: 1.9ms | ActiveRecord: 0.0ms)
  [1m[35m (0.1ms)[0m  [1m[31mROLLBACK[0m
  [1m[35m (0.1ms)[0m  [1m[35mBEGIN[0m
-------------------------------------------
SessionsControllerTest: test_should_get_new
-------------------------------------------
  [1m[35m (0.1ms)[0m  [1m[31mROLLBACK[0m
  [1m[35m (0.7ms)[0m  [1m[34mSELECT "schema_migrations"."version" FROM "schema_migrations" ORDER BY "schema_migrations"."version" ASC[0m
  [1m[35m (0.1ms)[0m  [1m[35mBEGIN[0m
  [1m[35m (0.6ms)[0m  [1m[35mALTER TABLE "users" DISABLE TRIGGER ALL;ALTER TABLE "articles" DISABLE TRIGGER ALL;ALTER TABLE "comments" DISABLE TRIGGER ALL;ALTER TABLE "schema_migrations" DISABLE TRIGGER ALL;ALTER TABLE "ar_internal_metadata" DISABLE TRIGGER ALL[0m
  [1m[35m (5.6ms)[0m  [1m[35mCOMMIT[0m
  [1m[35m (0.2ms)[0m  [1m[35mBEGIN[0m
  [1m[36mFixture Delete (0.4ms)[0m  [1m[31mDELETE FROM "users"[0m
  [1m[36mFixture Delete (0.3ms)[0m  [1m[31mDELETE FROM "articles"[0m
  [1m[36mFixture Insert (0.2ms)[0m  [1m[32mINSERT INTO "articles" ("title", "created_at", "updated_at", "id") VALUES ('MyString', '2018-03-01 23:55:18.305417', '2018-03-01 23:55:18.305417', 980190962)[0m
  [1m[36mFixture Insert (0.1ms)[0m  [1m[32mINSERT INTO "articles" ("title", "created_at", "updated_at", "id") VALUES ('MyString', '2018-03-01 23:55:18.305417', '2018-03-01 23:55:18.305417', 298486374)[0m
  [1m[36mFixture Delete (0.4ms)[0m  [1m[31mDELETE FROM "comments"[0m
  [1m[36mFixture Insert (0.2ms)[0m  [1m[32mINSERT INTO "comments" ("commenter", "body", "created_at", "updated_at", "id", "article_id") VALUES ('MyString', 'MyText', '2018-03-01 23:55:18.314376', '2018-03-01 23:55:18.314376', 980190962, 980190962)[0m
  [1m[36mFixture Insert (0.1ms)[0m  [1m[32mINSERT INTO "comments" ("commenter", "body", "created_at", "updated_at", "id", "article_id") VALUES ('MyString', 'MyText', '2018-03-01 23:55:18.314376', '2018-03-01 23:55:18.314376', 298486374, 298486374)[0m
  [1m[35m (0.5ms)[0m  [1m[35mCOMMIT[0m
  [1m[35m (0.1ms)[0m  [1m[35mBEGIN[0m
  [1m[35m (0.4ms)[0m  [1m[35mALTER TABLE "users" ENABLE TRIGGER ALL;ALTER TABLE "articles" ENABLE TRIGGER ALL;ALTER TABLE "comments" ENABLE TRIGGER ALL;ALTER TABLE "schema_migrations" ENABLE TRIGGER ALL;ALTER TABLE "ar_internal_metadata" ENABLE TRIGGER ALL[0m
  [1m[35m (0.4ms)[0m  [1m[35mCOMMIT[0m
  [1m[35m (0.1ms)[0m  [1m[35mBEGIN[0m
---------------------------------------------------------
CommentsControllerTest: test_should_get_comment_home_page
---------------------------------------------------------
Started GET "/articles" for 127.0.0.1 at 2018-03-01 15:55:18 -0800
Processing by ArticlesController#index as HTML
  Rendering articles/index.html.erb within layouts/application
  [1m[36mArticle Load (0.4ms)[0m  [1m[34mSELECT "articles".* FROM "articles"[0m
  Rendered articles/index.html.erb within layouts/application (5.6ms)
  Rendered layouts/_shim.html.erb (0.4ms)
  Rendered layouts/_header.html.erb (0.7ms)
  Rendered layouts/_footer.html.erb (0.6ms)
Completed 200 OK in 157ms (Views: 149.3ms | ActiveRecord: 0.4ms)
  [1m[35m (0.2ms)[0m  [1m[31mROLLBACK[0m
  [1m[35m (0.2ms)[0m  [1m[35mBEGIN[0m
----------------------------------------
UsersControllerTest: test_should_get_new
----------------------------------------
Started GET "/signup" for 127.0.0.1 at 2018-03-01 15:55:18 -0800
Processing by UsersController#new as HTML
  Rendering users/new.html.erb within layouts/application
  Rendered shared/_error_messages.html.erb (0.6ms)
  Rendered users/new.html.erb within layouts/application (17.3ms)
  Rendered layouts/_shim.html.erb (0.1ms)
  Rendered layouts/_header.html.erb (0.2ms)
  Rendered layouts/_footer.html.erb (0.1ms)
Completed 200 OK in 40ms (Views: 22.2ms | ActiveRecord: 6.7ms)
  [1m[35m (0.2ms)[0m  [1m[31mROLLBACK[0m
  [1m[35m (0.1ms)[0m  [1m[35mBEGIN[0m
---------------------------------
SiteLayoutTest: test_layout_links
---------------------------------
Started GET "/" for 127.0.0.1 at 2018-03-01 15:55:18 -0800
Processing by StaticPagesController#home as HTML
  Rendering static_pages/home.html.erb within layouts/application
  Rendered static_pages/home.html.erb within layouts/application (1.8ms)
  Rendered layouts/_shim.html.erb (0.0ms)
  Rendered layouts/_header.html.erb (0.2ms)
  Rendered layouts/_footer.html.erb (0.1ms)
Completed 200 OK in 10ms (Views: 7.0ms | ActiveRecord: 0.0ms)
  [1m[35m (0.1ms)[0m  [1m[31mROLLBACK[0m
  [1m[35m (0.1ms)[0m  [1m[35mBEGIN[0m
-------------------------------------------
SessionsControllerTest: test_should_get_new
-------------------------------------------
  [1m[35m (0.1ms)[0m  [1m[31mROLLBACK[0m
  [1m[35m (0.6ms)[0m  [1m[34mSELECT "schema_migrations"."version" FROM "schema_migrations" ORDER BY "schema_migrations"."version" ASC[0m
  [1m[35m (0.2ms)[0m  [1m[35mBEGIN[0m
  [1m[35m (0.7ms)[0m  [1m[35mALTER TABLE "users" DISABLE TRIGGER ALL;ALTER TABLE "articles" DISABLE TRIGGER ALL;ALTER TABLE "comments" DISABLE TRIGGER ALL;ALTER TABLE "schema_migrations" DISABLE TRIGGER ALL;ALTER TABLE "ar_internal_metadata" DISABLE TRIGGER ALL[0m
  [1m[35m (5.8ms)[0m  [1m[35mCOMMIT[0m
  [1m[35m (0.2ms)[0m  [1m[35mBEGIN[0m
  [1m[36mFixture Delete (0.4ms)[0m  [1m[31mDELETE FROM "users"[0m
  [1m[36mFixture Delete (0.3ms)[0m  [1m[31mDELETE FROM "articles"[0m
  [1m[36mFixture Insert (0.2ms)[0m  [1m[32mINSERT INTO "articles" ("title", "created_at", "updated_at", "id") VALUES ('MyString', '2018-03-01 23:59:17.883953', '2018-03-01 23:59:17.883953', 980190962)[0m
  [1m[36mFixture Insert (0.1ms)[0m  [1m[32mINSERT INTO "articles" ("title", "created_at", "updated_at", "id") VALUES ('MyString', '2018-03-01 23:59:17.883953', '2018-03-01 23:59:17.883953', 298486374)[0m
  [1m[36mFixture Delete (1.5ms)[0m  [1m[31mDELETE FROM "comments"[0m
  [1m[36mFixture Insert (0.2ms)[0m  [1m[32mINSERT INTO "comments" ("commenter", "body", "created_at", "updated_at", "id", "article_id") VALUES ('MyString', 'MyText', '2018-03-01 23:59:17.893890', '2018-03-01 23:59:17.893890', 980190962, 980190962)[0m
  [1m[36mFixture Insert (0.1ms)[0m  [1m[32mINSERT INTO "comments" ("commenter", "body", "created_at", "updated_at", "id", "article_id") VALUES ('MyString', 'MyText', '2018-03-01 23:59:17.893890', '2018-03-01 23:59:17.893890', 298486374, 298486374)[0m
  [1m[35m (0.5ms)[0m  [1m[35mCOMMIT[0m
  [1m[35m (0.1ms)[0m  [1m[35mBEGIN[0m
  [1m[35m (0.5ms)[0m  [1m[35mALTER TABLE "users" ENABLE TRIGGER ALL;ALTER TABLE "articles" ENABLE TRIGGER ALL;ALTER TABLE "comments" ENABLE TRIGGER ALL;ALTER TABLE "schema_migrations" ENABLE TRIGGER ALL;ALTER TABLE "ar_internal_metadata" ENABLE TRIGGER ALL[0m
  [1m[35m (0.3ms)[0m  [1m[35mCOMMIT[0m
  [1m[35m (0.1ms)[0m  [1m[35mBEGIN[0m
------------------------------------------------
UsersSignupTest: test_invalid_signup_information
------------------------------------------------
Started GET "/signup" for 127.0.0.1 at 2018-03-01 15:59:18 -0800
Processing by UsersController#new as HTML
  Rendering users/new.html.erb within layouts/application
  Rendered shared/_error_messages.html.erb (0.3ms)
  Rendered users/new.html.erb within layouts/application (10.2ms)
  Rendered layouts/_shim.html.erb (0.4ms)
  Rendered layouts/_header.html.erb (0.7ms)
  Rendered layouts/_footer.html.erb (0.6ms)
Completed 200 OK in 161ms (Views: 147.8ms | ActiveRecord: 2.9ms)
  [1m[35m (0.6ms)[0m  [1m[34mSELECT COUNT(*) FROM "users"[0m
Started POST "/users" for 127.0.0.1 at 2018-03-01 15:59:18 -0800
Processing by UsersController#create as HTML
  Parameters: {"user"=>{"name"=>"", "email"=>"user@invalid", "password"=>"[FILTERED]", "password_confirmation"=>"[FILTERED]"}}
  [1m[35m (0.2ms)[0m  [1m[35mSAVEPOINT active_record_1[0m
  [1m[36mUser Exists (0.8ms)[0m  [1m[34mSELECT  1 AS one FROM "users" WHERE LOWER("users"."email") = LOWER($1) LIMIT $2[0m  [["email", "user@invalid"], ["LIMIT", 1]]
  [1m[35m (0.2ms)[0m  [1m[31mROLLBACK TO SAVEPOINT active_record_1[0m
  Rendering users/new.html.erb within layouts/application
  Rendered shared/_error_messages.html.erb (0.8ms)
  Rendered users/new.html.erb within layouts/application (2.8ms)
  Rendered layouts/_shim.html.erb (0.1ms)
  Rendered layouts/_header.html.erb (0.2ms)
  Rendered layouts/_footer.html.erb (0.1ms)
Completed 200 OK in 17ms (Views: 5.8ms | ActiveRecord: 3.1ms)
  [1m[35m (0.4ms)[0m  [1m[34mSELECT COUNT(*) FROM "users"[0m
  [1m[35m (0.2ms)[0m  [1m[31mROLLBACK[0m
  [1m[35m (0.7ms)[0m  [1m[34mSELECT "schema_migrations"."version" FROM "schema_migrations" ORDER BY "schema_migrations"."version" ASC[0m
  [1m[35m (0.1ms)[0m  [1m[35mBEGIN[0m
  [1m[35m (0.7ms)[0m  [1m[35mALTER TABLE "users" DISABLE TRIGGER ALL;ALTER TABLE "articles" DISABLE TRIGGER ALL;ALTER TABLE "comments" DISABLE TRIGGER ALL;ALTER TABLE "schema_migrations" DISABLE TRIGGER ALL;ALTER TABLE "ar_internal_metadata" DISABLE TRIGGER ALL[0m
  [1m[35m (5.7ms)[0m  [1m[35mCOMMIT[0m
  [1m[35m (0.1ms)[0m  [1m[35mBEGIN[0m
  [1m[36mFixture Delete (0.4ms)[0m  [1m[31mDELETE FROM "users"[0m
  [1m[36mFixture Delete (0.3ms)[0m  [1m[31mDELETE FROM "articles"[0m
  [1m[36mFixture Insert (0.2ms)[0m  [1m[32mINSERT INTO "articles" ("title", "created_at", "updated_at", "id") VALUES ('MyString', '2018-03-02 00:01:20.463429', '2018-03-02 00:01:20.463429', 980190962)[0m
  [1m[36mFixture Insert (0.1ms)[0m  [1m[32mINSERT INTO "articles" ("title", "created_at", "updated_at", "id") VALUES ('MyString', '2018-03-02 00:01:20.463429', '2018-03-02 00:01:20.463429', 298486374)[0m
  [1m[36mFixture Delete (0.3ms)[0m  [1m[31mDELETE FROM "comments"[0m
  [1m[36mFixture Insert (0.2ms)[0m  [1m[32mINSERT INTO "comments" ("commenter", "body", "created_at", "updated_at", "id", "article_id") VALUES ('MyString', 'MyText', '2018-03-02 00:01:20.473273', '2018-03-02 00:01:20.473273', 980190962, 980190962)[0m
  [1m[36mFixture Insert (0.1ms)[0m  [1m[32mINSERT INTO "comments" ("commenter", "body", "created_at", "updated_at", "id", "article_id") VALUES ('MyString', 'MyText', '2018-03-02 00:01:20.473273', '2018-03-02 00:01:20.473273', 298486374, 298486374)[0m
  [1m[35m (2.3ms)[0m  [1m[35mCOMMIT[0m
  [1m[35m (0.1ms)[0m  [1m[35mBEGIN[0m
  [1m[35m (0.4ms)[0m  [1m[35mALTER TABLE "users" ENABLE TRIGGER ALL;ALTER TABLE "articles" ENABLE TRIGGER ALL;ALTER TABLE "comments" ENABLE TRIGGER ALL;ALTER TABLE "schema_migrations" ENABLE TRIGGER ALL;ALTER TABLE "ar_internal_metadata" ENABLE TRIGGER ALL[0m
  [1m[35m (0.5ms)[0m  [1m[35mCOMMIT[0m
  [1m[35m (0.1ms)[0m  [1m[35mBEGIN[0m
------------------------------------------------
UsersSignupTest: test_invalid_signup_information
------------------------------------------------
Started GET "/signup" for 127.0.0.1 at 2018-03-01 16:01:20 -0800
Processing by UsersController#new as HTML
  Rendering users/new.html.erb within layouts/application
  Rendered shared/_error_messages.html.erb (0.3ms)
  Rendered users/new.html.erb within layouts/application (10.5ms)
  Rendered layouts/_shim.html.erb (0.4ms)
  Rendered layouts/_header.html.erb (0.7ms)
  Rendered layouts/_footer.html.erb (0.6ms)
Completed 200 OK in 169ms (Views: 152.3ms | ActiveRecord: 4.4ms)
  [1m[35m (0.7ms)[0m  [1m[34mSELECT COUNT(*) FROM "users"[0m
Started POST "/users" for 127.0.0.1 at 2018-03-01 16:01:20 -0800
Processing by UsersController#create as HTML
  Parameters: {"user"=>{"name"=>"", "email"=>"user@invalid", "password"=>"[FILTERED]", "password_confirmation"=>"[FILTERED]"}}
  [1m[35m (0.2ms)[0m  [1m[35mSAVEPOINT active_record_1[0m
  [1m[36mUser Exists (0.9ms)[0m  [1m[34mSELECT  1 AS one FROM "users" WHERE LOWER("users"."email") = LOWER($1) LIMIT $2[0m  [["email", "user@invalid"], ["LIMIT", 1]]
  [1m[35m (0.3ms)[0m  [1m[31mROLLBACK TO SAVEPOINT active_record_1[0m
  Rendering users/new.html.erb within layouts/application
  Rendered shared/_error_messages.html.erb (0.8ms)
  Rendered users/new.html.erb within layouts/application (2.6ms)
  Rendered layouts/_shim.html.erb (0.1ms)
  Rendered layouts/_header.html.erb (0.2ms)
  Rendered layouts/_footer.html.erb (0.2ms)
Completed 200 OK in 19ms (Views: 5.2ms | ActiveRecord: 4.5ms)
  [1m[35m (0.5ms)[0m  [1m[34mSELECT COUNT(*) FROM "users"[0m
  [1m[35m (0.2ms)[0m  [1m[31mROLLBACK[0m
  [1m[35m (0.6ms)[0m  [1m[34mSELECT "schema_migrations"."version" FROM "schema_migrations" ORDER BY "schema_migrations"."version" ASC[0m
  [1m[35m (0.1ms)[0m  [1m[35mBEGIN[0m
  [1m[35m (0.6ms)[0m  [1m[35mALTER TABLE "users" DISABLE TRIGGER ALL;ALTER TABLE "articles" DISABLE TRIGGER ALL;ALTER TABLE "comments" DISABLE TRIGGER ALL;ALTER TABLE "schema_migrations" DISABLE TRIGGER ALL;ALTER TABLE "ar_internal_metadata" DISABLE TRIGGER ALL[0m
  [1m[35m (5.7ms)[0m  [1m[35mCOMMIT[0m
  [1m[35m (0.2ms)[0m  [1m[35mBEGIN[0m
  [1m[36mFixture Delete (0.4ms)[0m  [1m[31mDELETE FROM "users"[0m
  [1m[36mFixture Delete (0.3ms)[0m  [1m[31mDELETE FROM "articles"[0m
  [1m[36mFixture Insert (0.2ms)[0m  [1m[32mINSERT INTO "articles" ("title", "created_at", "updated_at", "id") VALUES ('MyString', '2018-03-02 00:01:43.315261', '2018-03-02 00:01:43.315261', 980190962)[0m
  [1m[36mFixture Insert (0.2ms)[0m  [1m[32mINSERT INTO "articles" ("title", "created_at", "updated_at", "id") VALUES ('MyString', '2018-03-02 00:01:43.315261', '2018-03-02 00:01:43.315261', 298486374)[0m
  [1m[36mFixture Delete (0.5ms)[0m  [1m[31mDELETE FROM "comments"[0m
  [1m[36mFixture Insert (0.2ms)[0m  [1m[32mINSERT INTO "comments" ("commenter", "body", "created_at", "updated_at", "id", "article_id") VALUES ('MyString', 'MyText', '2018-03-02 00:01:43.325297', '2018-03-02 00:01:43.325297', 980190962, 980190962)[0m
  [1m[36mFixture Insert (0.1ms)[0m  [1m[32mINSERT INTO "comments" ("commenter", "body", "created_at", "updated_at", "id", "article_id") VALUES ('MyString', 'MyText', '2018-03-02 00:01:43.325297', '2018-03-02 00:01:43.325297', 298486374, 298486374)[0m
  [1m[35m (0.5ms)[0m  [1m[35mCOMMIT[0m
  [1m[35m (0.1ms)[0m  [1m[35mBEGIN[0m
  [1m[35m (0.4ms)[0m  [1m[35mALTER TABLE "users" ENABLE TRIGGER ALL;ALTER TABLE "articles" ENABLE TRIGGER ALL;ALTER TABLE "comments" ENABLE TRIGGER ALL;ALTER TABLE "schema_migrations" ENABLE TRIGGER ALL;ALTER TABLE "ar_internal_metadata" ENABLE TRIGGER ALL[0m
  [1m[35m (0.3ms)[0m  [1m[35mCOMMIT[0m
  [1m[35m (0.1ms)[0m  [1m[35mBEGIN[0m
---------------------------------------------------------
CommentsControllerTest: test_should_get_comment_home_page
---------------------------------------------------------
Started GET "/articles" for 127.0.0.1 at 2018-03-01 16:01:43 -0800
Processing by ArticlesController#index as HTML
  Rendering articles/index.html.erb within layouts/application
  [1m[36mArticle Load (0.4ms)[0m  [1m[34mSELECT "articles".* FROM "articles"[0m
  Rendered articles/index.html.erb within layouts/application (5.4ms)
  Rendered layouts/_shim.html.erb (0.4ms)
  Rendered layouts/_header.html.erb (0.7ms)
  Rendered layouts/_footer.html.erb (0.6ms)
Completed 200 OK in 152ms (Views: 145.0ms | ActiveRecord: 0.4ms)
  [1m[35m (0.2ms)[0m  [1m[31mROLLBACK[0m
  [1m[35m (0.1ms)[0m  [1m[35mBEGIN[0m
-----------------------------------------------
UserTest: test_email_addresses_should_be_unique
-----------------------------------------------
  [1m[35m (0.2ms)[0m  [1m[35mSAVEPOINT active_record_1[0m
  [1m[36mUser Exists (0.9ms)[0m  [1m[34mSELECT  1 AS one FROM "users" WHERE LOWER("users"."email") = LOWER($1) LIMIT $2[0m  [["email", "user@example.com"], ["LIMIT", 1]]
  [1m[35mSQL (0.6ms)[0m  [1m[32mINSERT INTO "users" ("name", "email", "created_at", "updated_at", "password_digest") VALUES ($1, $2, $3, $4, $5) RETURNING "id"[0m  [["name", "Example User"], ["email", "user@example.com"], ["created_at", "2018-03-02 00:01:43.661002"], ["updated_at", "2018-03-02 00:01:43.661002"], ["password_digest", "$2a$04$XukQbzcaSok38OQCYukX1u.JoC0Q8n/n7qGrKuTRo8.V48O0ZZFZG"]]
  [1m[35m (0.2ms)[0m  [1m[35mRELEASE SAVEPOINT active_record_1[0m
  [1m[36mUser Exists (0.4ms)[0m  [1m[34mSELECT  1 AS one FROM "users" WHERE LOWER("users"."email") = LOWER($1) LIMIT $2[0m  [["email", "USER@EXAMPLE.COM"], ["LIMIT", 1]]
  [1m[35m (0.4ms)[0m  [1m[31mROLLBACK[0m
  [1m[35m (0.2ms)[0m  [1m[35mBEGIN[0m
-------------------------------------------
UserTest: test_email_should_not_be_too_long
-------------------------------------------
  [1m[36mUser Exists (0.6ms)[0m  [1m[34mSELECT  1 AS one FROM "users" WHERE LOWER("users"."email") = LOWER($1) LIMIT $2[0m  [["email", "aaaaaaaaaaaaaaaaaaaaaaaaaaaaaaaaaaaaaaaaaaaaaaaaaaaaaaaaaaaaaaaaaaaaaaaaaaaaaaaaaaaaaaaaaaaaaaaaaaaaaaaaaaaaaaaaaaaaaaaaaaaaaaaaaaaaaaaaaaaaaaaaaaaaaaaaaaaaaaaaaaaaaaaaaaaaaaaaaaaaaaaaaaaaaaaaaaaaaaaaaaaaaaaaaaaaaaaaaaaaaaaaaaaaaaaaaaaaaaaaaaaa@example.com"], ["LIMIT", 1]]
  [1m[35m (0.2ms)[0m  [1m[31mROLLBACK[0m
  [1m[35m (0.2ms)[0m  [1m[35mBEGIN[0m
------------------------------------------
UserTest: test_name_should_not_be_too_long
------------------------------------------
  [1m[36mUser Exists (0.5ms)[0m  [1m[34mSELECT  1 AS one FROM "users" WHERE LOWER("users"."email") = LOWER($1) LIMIT $2[0m  [["email", "user@example.com"], ["LIMIT", 1]]
  [1m[35m (0.2ms)[0m  [1m[31mROLLBACK[0m
  [1m[35m (0.1ms)[0m  [1m[35mBEGIN[0m
----------------------------------------------------
UserTest: test_password_should_have_a_minimum_length
----------------------------------------------------
  [1m[36mUser Exists (0.5ms)[0m  [1m[34mSELECT  1 AS one FROM "users" WHERE LOWER("users"."email") = LOWER($1) LIMIT $2[0m  [["email", "user@example.com"], ["LIMIT", 1]]
  [1m[35m (0.2ms)[0m  [1m[31mROLLBACK[0m
  [1m[35m (0.1ms)[0m  [1m[35mBEGIN[0m
--------------------------------------
UserTest: test_email_should_be_present
--------------------------------------
  [1m[36mUser Exists (0.6ms)[0m  [1m[34mSELECT  1 AS one FROM "users" WHERE LOWER("users"."email") = LOWER($1) LIMIT $2[0m  [["email", "     "], ["LIMIT", 1]]
  [1m[35m (0.2ms)[0m  [1m[31mROLLBACK[0m
  [1m[35m (0.1ms)[0m  [1m[35mBEGIN[0m
------------------------------
UserTest: test_should_be_valid
------------------------------
  [1m[36mUser Exists (0.6ms)[0m  [1m[34mSELECT  1 AS one FROM "users" WHERE LOWER("users"."email") = LOWER($1) LIMIT $2[0m  [["email", "user@example.com"], ["LIMIT", 1]]
  [1m[35m (0.3ms)[0m  [1m[31mROLLBACK[0m
  [1m[35m (0.1ms)[0m  [1m[35mBEGIN[0m
------------------------------------------------------------
UserTest: test_email_addresses_should_be_saved_as_lower-case
------------------------------------------------------------
  [1m[35m (0.2ms)[0m  [1m[35mSAVEPOINT active_record_1[0m
  [1m[36mUser Exists (0.4ms)[0m  [1m[34mSELECT  1 AS one FROM "users" WHERE LOWER("users"."email") = LOWER($1) LIMIT $2[0m  [["email", "Foo@ExAMPle.CoM"], ["LIMIT", 1]]
  [1m[35mSQL (0.3ms)[0m  [1m[32mINSERT INTO "users" ("name", "email", "created_at", "updated_at", "password_digest") VALUES ($1, $2, $3, $4, $5) RETURNING "id"[0m  [["name", "Example User"], ["email", "foo@example.com"], ["created_at", "2018-03-02 00:01:43.705967"], ["updated_at", "2018-03-02 00:01:43.705967"], ["password_digest", "$2a$04$9d/GiOpQD0qNya1bJARTBeC2Iq4uhptMgeQHcEosrURjE65PQm9/W"]]
  [1m[35m (0.1ms)[0m  [1m[35mRELEASE SAVEPOINT active_record_1[0m
  [1m[36mUser Load (0.2ms)[0m  [1m[34mSELECT  "users".* FROM "users" WHERE "users"."id" = $1 LIMIT $2[0m  [["id", 2], ["LIMIT", 1]]
  [1m[35m (0.2ms)[0m  [1m[31mROLLBACK[0m
  [1m[35m (0.1ms)[0m  [1m[35mBEGIN[0m
----------------------------------------------------
UserTest: test_password_should_be_present_(nonblank)
----------------------------------------------------
  [1m[36mUser Exists (0.3ms)[0m  [1m[34mSELECT  1 AS one FROM "users" WHERE LOWER("users"."email") = LOWER($1) LIMIT $2[0m  [["email", "user@example.com"], ["LIMIT", 1]]
  [1m[35m (0.1ms)[0m  [1m[31mROLLBACK[0m
  [1m[35m (0.2ms)[0m  [1m[35mBEGIN[0m
-------------------------------------------------------------
UserTest: test_email_validation_should_accept_valid_addresses
-------------------------------------------------------------
  [1m[36mUser Exists (0.3ms)[0m  [1m[34mSELECT  1 AS one FROM "users" WHERE LOWER("users"."email") = LOWER($1) LIMIT $2[0m  [["email", "user@example.com"], ["LIMIT", 1]]
  [1m[36mUser Exists (0.2ms)[0m  [1m[34mSELECT  1 AS one FROM "users" WHERE LOWER("users"."email") = LOWER($1) LIMIT $2[0m  [["email", "USER@foo.COM"], ["LIMIT", 1]]
  [1m[36mUser Exists (0.2ms)[0m  [1m[34mSELECT  1 AS one FROM "users" WHERE LOWER("users"."email") = LOWER($1) LIMIT $2[0m  [["email", "A_US-ER@foo.bar.org"], ["LIMIT", 1]]
  [1m[36mUser Exists (0.2ms)[0m  [1m[34mSELECT  1 AS one FROM "users" WHERE LOWER("users"."email") = LOWER($1) LIMIT $2[0m  [["email", "first.last@foo.jp"], ["LIMIT", 1]]
  [1m[36mUser Exists (0.2ms)[0m  [1m[34mSELECT  1 AS one FROM "users" WHERE LOWER("users"."email") = LOWER($1) LIMIT $2[0m  [["email", "alice+bob@baz.cn"], ["LIMIT", 1]]
  [1m[35m (0.1ms)[0m  [1m[31mROLLBACK[0m
  [1m[35m (0.1ms)[0m  [1m[35mBEGIN[0m
-------------------------------------
UserTest: test_name_should_be_present
-------------------------------------
  [1m[36mUser Exists (0.2ms)[0m  [1m[34mSELECT  1 AS one FROM "users" WHERE LOWER("users"."email") = LOWER($1) LIMIT $2[0m  [["email", "user@example.com"], ["LIMIT", 1]]
  [1m[35m (0.1ms)[0m  [1m[31mROLLBACK[0m
  [1m[35m (0.1ms)[0m  [1m[35mBEGIN[0m
---------------------------------------------------------------
UserTest: test_email_validation_should_reject_invalid_addresses
---------------------------------------------------------------
  [1m[36mUser Exists (0.2ms)[0m  [1m[34mSELECT  1 AS one FROM "users" WHERE LOWER("users"."email") = LOWER($1) LIMIT $2[0m  [["email", "user@example,com"], ["LIMIT", 1]]
  [1m[36mUser Exists (0.2ms)[0m  [1m[34mSELECT  1 AS one FROM "users" WHERE LOWER("users"."email") = LOWER($1) LIMIT $2[0m  [["email", "user_at_foo.org"], ["LIMIT", 1]]
  [1m[36mUser Exists (0.2ms)[0m  [1m[34mSELECT  1 AS one FROM "users" WHERE LOWER("users"."email") = LOWER($1) LIMIT $2[0m  [["email", "user.name@example."], ["LIMIT", 1]]
  [1m[36mUser Exists (0.2ms)[0m  [1m[34mSELECT  1 AS one FROM "users" WHERE LOWER("users"."email") = LOWER($1) LIMIT $2[0m  [["email", "foo@bar_baz.com"], ["LIMIT", 1]]
  [1m[36mUser Exists (0.2ms)[0m  [1m[34mSELECT  1 AS one FROM "users" WHERE LOWER("users"."email") = LOWER($1) LIMIT $2[0m  [["email", "foo@bar+baz.com"], ["LIMIT", 1]]
  [1m[36mUser Exists (0.2ms)[0m  [1m[34mSELECT  1 AS one FROM "users" WHERE LOWER("users"."email") = LOWER($1) LIMIT $2[0m  [["email", "foo@bar..com"], ["LIMIT", 1]]
  [1m[35m (0.1ms)[0m  [1m[31mROLLBACK[0m
  [1m[35m (0.1ms)[0m  [1m[35mBEGIN[0m
------------------------------------------------
UsersSignupTest: test_invalid_signup_information
------------------------------------------------
Started GET "/signup" for 127.0.0.1 at 2018-03-01 16:01:43 -0800
Processing by UsersController#new as HTML
  Rendering users/new.html.erb within layouts/application
  Rendered shared/_error_messages.html.erb (0.3ms)
  Rendered users/new.html.erb within layouts/application (6.4ms)
  Rendered layouts/_shim.html.erb (0.0ms)
  Rendered layouts/_header.html.erb (0.1ms)
  Rendered layouts/_footer.html.erb (0.1ms)
Completed 200 OK in 10ms (Views: 8.8ms | ActiveRecord: 0.0ms)
  [1m[35m (0.4ms)[0m  [1m[34mSELECT COUNT(*) FROM "users"[0m
Started POST "/users" for 127.0.0.1 at 2018-03-01 16:01:43 -0800
Processing by UsersController#create as HTML
  Parameters: {"user"=>{"name"=>"", "email"=>"user@invalid", "password"=>"[FILTERED]", "password_confirmation"=>"[FILTERED]"}}
  [1m[35m (0.1ms)[0m  [1m[35mSAVEPOINT active_record_1[0m
  [1m[36mUser Exists (0.3ms)[0m  [1m[34mSELECT  1 AS one FROM "users" WHERE LOWER("users"."email") = LOWER($1) LIMIT $2[0m  [["email", "user@invalid"], ["LIMIT", 1]]
  [1m[35m (0.1ms)[0m  [1m[31mROLLBACK TO SAVEPOINT active_record_1[0m
  Rendering users/new.html.erb within layouts/application
  Rendered shared/_error_messages.html.erb (0.4ms)
  Rendered users/new.html.erb within layouts/application (1.4ms)
  Rendered layouts/_shim.html.erb (0.0ms)
  Rendered layouts/_header.html.erb (0.1ms)
  Rendered layouts/_footer.html.erb (0.1ms)
Completed 200 OK in 7ms (Views: 2.7ms | ActiveRecord: 0.5ms)
  [1m[35m (0.3ms)[0m  [1m[34mSELECT COUNT(*) FROM "users"[0m
  [1m[35m (0.1ms)[0m  [1m[31mROLLBACK[0m
  [1m[35m (0.6ms)[0m  [1m[34mSELECT "schema_migrations"."version" FROM "schema_migrations" ORDER BY "schema_migrations"."version" ASC[0m
  [1m[35m (0.1ms)[0m  [1m[35mBEGIN[0m
  [1m[35m (0.8ms)[0m  [1m[35mALTER TABLE "users" DISABLE TRIGGER ALL;ALTER TABLE "articles" DISABLE TRIGGER ALL;ALTER TABLE "comments" DISABLE TRIGGER ALL;ALTER TABLE "schema_migrations" DISABLE TRIGGER ALL;ALTER TABLE "ar_internal_metadata" DISABLE TRIGGER ALL[0m
  [1m[35m (5.8ms)[0m  [1m[35mCOMMIT[0m
  [1m[35m (0.2ms)[0m  [1m[35mBEGIN[0m
  [1m[36mFixture Delete (0.4ms)[0m  [1m[31mDELETE FROM "users"[0m
  [1m[36mFixture Delete (0.3ms)[0m  [1m[31mDELETE FROM "articles"[0m
  [1m[36mFixture Insert (0.2ms)[0m  [1m[32mINSERT INTO "articles" ("title", "created_at", "updated_at", "id") VALUES ('MyString', '2018-03-02 00:17:26.009776', '2018-03-02 00:17:26.009776', 980190962)[0m
  [1m[36mFixture Insert (0.2ms)[0m  [1m[32mINSERT INTO "articles" ("title", "created_at", "updated_at", "id") VALUES ('MyString', '2018-03-02 00:17:26.009776', '2018-03-02 00:17:26.009776', 298486374)[0m
  [1m[36mFixture Delete (0.4ms)[0m  [1m[31mDELETE FROM "comments"[0m
  [1m[36mFixture Insert (0.2ms)[0m  [1m[32mINSERT INTO "comments" ("commenter", "body", "created_at", "updated_at", "id", "article_id") VALUES ('MyString', 'MyText', '2018-03-02 00:17:26.020427', '2018-03-02 00:17:26.020427', 980190962, 980190962)[0m
  [1m[36mFixture Insert (0.1ms)[0m  [1m[32mINSERT INTO "comments" ("commenter", "body", "created_at", "updated_at", "id", "article_id") VALUES ('MyString', 'MyText', '2018-03-02 00:17:26.020427', '2018-03-02 00:17:26.020427', 298486374, 298486374)[0m
  [1m[35m (0.4ms)[0m  [1m[35mCOMMIT[0m
  [1m[35m (0.1ms)[0m  [1m[35mBEGIN[0m
  [1m[35m (0.6ms)[0m  [1m[35mALTER TABLE "users" ENABLE TRIGGER ALL;ALTER TABLE "articles" ENABLE TRIGGER ALL;ALTER TABLE "comments" ENABLE TRIGGER ALL;ALTER TABLE "schema_migrations" ENABLE TRIGGER ALL;ALTER TABLE "ar_internal_metadata" ENABLE TRIGGER ALL[0m
  [1m[35m (0.5ms)[0m  [1m[35mCOMMIT[0m
  [1m[35m (0.1ms)[0m  [1m[35mBEGIN[0m
-------------------------------------------
UserTest: test_email_should_not_be_too_long
-------------------------------------------
  [1m[36mUser Exists (0.6ms)[0m  [1m[34mSELECT  1 AS one FROM "users" WHERE LOWER("users"."email") = LOWER($1) LIMIT $2[0m  [["email", "aaaaaaaaaaaaaaaaaaaaaaaaaaaaaaaaaaaaaaaaaaaaaaaaaaaaaaaaaaaaaaaaaaaaaaaaaaaaaaaaaaaaaaaaaaaaaaaaaaaaaaaaaaaaaaaaaaaaaaaaaaaaaaaaaaaaaaaaaaaaaaaaaaaaaaaaaaaaaaaaaaaaaaaaaaaaaaaaaaaaaaaaaaaaaaaaaaaaaaaaaaaaaaaaaaaaaaaaaaaaaaaaaaaaaaaaaaaaaaaaaaaa@example.com"], ["LIMIT", 1]]
  [1m[35m (0.1ms)[0m  [1m[31mROLLBACK[0m
  [1m[35m (0.1ms)[0m  [1m[35mBEGIN[0m
------------------------------
UserTest: test_should_be_valid
------------------------------
  [1m[36mUser Exists (0.3ms)[0m  [1m[34mSELECT  1 AS one FROM "users" WHERE LOWER("users"."email") = LOWER($1) LIMIT $2[0m  [["email", "user@example.com"], ["LIMIT", 1]]
  [1m[35m (0.1ms)[0m  [1m[31mROLLBACK[0m
  [1m[35m (0.1ms)[0m  [1m[35mBEGIN[0m
------------------------------------------
UserTest: test_name_should_not_be_too_long
------------------------------------------
  [1m[36mUser Exists (0.3ms)[0m  [1m[34mSELECT  1 AS one FROM "users" WHERE LOWER("users"."email") = LOWER($1) LIMIT $2[0m  [["email", "user@example.com"], ["LIMIT", 1]]
  [1m[35m (0.1ms)[0m  [1m[31mROLLBACK[0m
  [1m[35m (0.1ms)[0m  [1m[35mBEGIN[0m
--------------------------------------
UserTest: test_email_should_be_present
--------------------------------------
  [1m[36mUser Exists (0.2ms)[0m  [1m[34mSELECT  1 AS one FROM "users" WHERE LOWER("users"."email") = LOWER($1) LIMIT $2[0m  [["email", "     "], ["LIMIT", 1]]
  [1m[35m (0.1ms)[0m  [1m[31mROLLBACK[0m
  [1m[35m (0.1ms)[0m  [1m[35mBEGIN[0m
---------------------------------------------------------------
UserTest: test_email_validation_should_reject_invalid_addresses
---------------------------------------------------------------
  [1m[36mUser Exists (0.3ms)[0m  [1m[34mSELECT  1 AS one FROM "users" WHERE LOWER("users"."email") = LOWER($1) LIMIT $2[0m  [["email", "user@example,com"], ["LIMIT", 1]]
  [1m[36mUser Exists (0.2ms)[0m  [1m[34mSELECT  1 AS one FROM "users" WHERE LOWER("users"."email") = LOWER($1) LIMIT $2[0m  [["email", "user_at_foo.org"], ["LIMIT", 1]]
  [1m[36mUser Exists (0.3ms)[0m  [1m[34mSELECT  1 AS one FROM "users" WHERE LOWER("users"."email") = LOWER($1) LIMIT $2[0m  [["email", "user.name@example."], ["LIMIT", 1]]
  [1m[36mUser Exists (0.2ms)[0m  [1m[34mSELECT  1 AS one FROM "users" WHERE LOWER("users"."email") = LOWER($1) LIMIT $2[0m  [["email", "foo@bar_baz.com"], ["LIMIT", 1]]
  [1m[36mUser Exists (0.2ms)[0m  [1m[34mSELECT  1 AS one FROM "users" WHERE LOWER("users"."email") = LOWER($1) LIMIT $2[0m  [["email", "foo@bar+baz.com"], ["LIMIT", 1]]
  [1m[36mUser Exists (0.2ms)[0m  [1m[34mSELECT  1 AS one FROM "users" WHERE LOWER("users"."email") = LOWER($1) LIMIT $2[0m  [["email", "foo@bar..com"], ["LIMIT", 1]]
  [1m[35m (0.1ms)[0m  [1m[31mROLLBACK[0m
  [1m[35m (0.1ms)[0m  [1m[35mBEGIN[0m
------------------------------------------------------------
UserTest: test_email_addresses_should_be_saved_as_lower-case
------------------------------------------------------------
  [1m[35m (0.1ms)[0m  [1m[35mSAVEPOINT active_record_1[0m
  [1m[36mUser Exists (0.2ms)[0m  [1m[34mSELECT  1 AS one FROM "users" WHERE LOWER("users"."email") = LOWER($1) LIMIT $2[0m  [["email", "Foo@ExAMPle.CoM"], ["LIMIT", 1]]
  [1m[35mSQL (0.3ms)[0m  [1m[32mINSERT INTO "users" ("name", "email", "created_at", "updated_at", "password_digest") VALUES ($1, $2, $3, $4, $5) RETURNING "id"[0m  [["name", "Example User"], ["email", "foo@example.com"], ["created_at", "2018-03-02 00:17:26.071044"], ["updated_at", "2018-03-02 00:17:26.071044"], ["password_digest", "$2a$04$pnJqJuezgQqJY1mpQg2lAuevXCD7j1l6OVb24gGqyhAd.Yp2NsAqm"]]
  [1m[35m (0.1ms)[0m  [1m[35mRELEASE SAVEPOINT active_record_1[0m
  [1m[36mUser Load (0.2ms)[0m  [1m[34mSELECT  "users".* FROM "users" WHERE "users"."id" = $1 LIMIT $2[0m  [["id", 1], ["LIMIT", 1]]
  [1m[35m (0.1ms)[0m  [1m[31mROLLBACK[0m
  [1m[35m (0.1ms)[0m  [1m[35mBEGIN[0m
-------------------------------------------------------------
UserTest: test_email_validation_should_accept_valid_addresses
-------------------------------------------------------------
  [1m[36mUser Exists (0.3ms)[0m  [1m[34mSELECT  1 AS one FROM "users" WHERE LOWER("users"."email") = LOWER($1) LIMIT $2[0m  [["email", "user@example.com"], ["LIMIT", 1]]
  [1m[36mUser Exists (0.2ms)[0m  [1m[34mSELECT  1 AS one FROM "users" WHERE LOWER("users"."email") = LOWER($1) LIMIT $2[0m  [["email", "USER@foo.COM"], ["LIMIT", 1]]
  [1m[36mUser Exists (0.2ms)[0m  [1m[34mSELECT  1 AS one FROM "users" WHERE LOWER("users"."email") = LOWER($1) LIMIT $2[0m  [["email", "A_US-ER@foo.bar.org"], ["LIMIT", 1]]
  [1m[36mUser Exists (0.2ms)[0m  [1m[34mSELECT  1 AS one FROM "users" WHERE LOWER("users"."email") = LOWER($1) LIMIT $2[0m  [["email", "first.last@foo.jp"], ["LIMIT", 1]]
  [1m[36mUser Exists (0.2ms)[0m  [1m[34mSELECT  1 AS one FROM "users" WHERE LOWER("users"."email") = LOWER($1) LIMIT $2[0m  [["email", "alice+bob@baz.cn"], ["LIMIT", 1]]
  [1m[35m (0.1ms)[0m  [1m[31mROLLBACK[0m
  [1m[35m (0.1ms)[0m  [1m[35mBEGIN[0m
----------------------------------------------------
UserTest: test_password_should_have_a_minimum_length
----------------------------------------------------
  [1m[36mUser Exists (0.3ms)[0m  [1m[34mSELECT  1 AS one FROM "users" WHERE LOWER("users"."email") = LOWER($1) LIMIT $2[0m  [["email", "user@example.com"], ["LIMIT", 1]]
  [1m[35m (0.1ms)[0m  [1m[31mROLLBACK[0m
  [1m[35m (0.1ms)[0m  [1m[35mBEGIN[0m
-----------------------------------------------
UserTest: test_email_addresses_should_be_unique
-----------------------------------------------
  [1m[35m (0.1ms)[0m  [1m[35mSAVEPOINT active_record_1[0m
  [1m[36mUser Exists (0.3ms)[0m  [1m[34mSELECT  1 AS one FROM "users" WHERE LOWER("users"."email") = LOWER($1) LIMIT $2[0m  [["email", "user@example.com"], ["LIMIT", 1]]
  [1m[35mSQL (0.3ms)[0m  [1m[32mINSERT INTO "users" ("name", "email", "created_at", "updated_at", "password_digest") VALUES ($1, $2, $3, $4, $5) RETURNING "id"[0m  [["name", "Example User"], ["email", "user@example.com"], ["created_at", "2018-03-02 00:17:26.087728"], ["updated_at", "2018-03-02 00:17:26.087728"], ["password_digest", "$2a$04$Xtq3WiUbyexZL2YaUd59dOoV3dVCXRuPtCvWqKVC2VwVbooXpvaf6"]]
  [1m[35m (0.1ms)[0m  [1m[35mRELEASE SAVEPOINT active_record_1[0m
  [1m[36mUser Exists (0.2ms)[0m  [1m[34mSELECT  1 AS one FROM "users" WHERE LOWER("users"."email") = LOWER($1) LIMIT $2[0m  [["email", "USER@EXAMPLE.COM"], ["LIMIT", 1]]
  [1m[35m (0.1ms)[0m  [1m[31mROLLBACK[0m
  [1m[35m (0.1ms)[0m  [1m[35mBEGIN[0m
-------------------------------------
UserTest: test_name_should_be_present
-------------------------------------
  [1m[36mUser Exists (0.3ms)[0m  [1m[34mSELECT  1 AS one FROM "users" WHERE LOWER("users"."email") = LOWER($1) LIMIT $2[0m  [["email", "user@example.com"], ["LIMIT", 1]]
  [1m[35m (0.1ms)[0m  [1m[31mROLLBACK[0m
  [1m[35m (0.1ms)[0m  [1m[35mBEGIN[0m
----------------------------------------------------
UserTest: test_password_should_be_present_(nonblank)
----------------------------------------------------
  [1m[36mUser Exists (0.6ms)[0m  [1m[34mSELECT  1 AS one FROM "users" WHERE LOWER("users"."email") = LOWER($1) LIMIT $2[0m  [["email", "user@example.com"], ["LIMIT", 1]]
  [1m[35m (0.1ms)[0m  [1m[31mROLLBACK[0m
  [1m[35m (0.1ms)[0m  [1m[35mBEGIN[0m
------------------------------------------------
CommentTest: test_can_save_comment_without_title
------------------------------------------------
  [1m[35m (0.1ms)[0m  [1m[35mSAVEPOINT active_record_1[0m
  [1m[35m (0.2ms)[0m  [1m[31mROLLBACK TO SAVEPOINT active_record_1[0m
  [1m[35m (0.1ms)[0m  [1m[31mROLLBACK[0m
  [1m[35m (0.1ms)[0m  [1m[35mBEGIN[0m
-------------------------------------
CommentTest: test_should_report_error
-------------------------------------
  [1m[35m (0.1ms)[0m  [1m[31mROLLBACK[0m
  [1m[35m (0.1ms)[0m  [1m[35mBEGIN[0m
-------------------------------------------------------
ArticleTest: test_should_not_save_article_without_title
-------------------------------------------------------
  [1m[35m (0.1ms)[0m  [1m[35mSAVEPOINT active_record_1[0m
  [1m[35m (0.1ms)[0m  [1m[31mROLLBACK TO SAVEPOINT active_record_1[0m
  [1m[35m (0.1ms)[0m  [1m[31mROLLBACK[0m
  [1m[35m (0.1ms)[0m  [1m[35mBEGIN[0m
-------------------------------------
ArticleTest: test_should_report_error
-------------------------------------
  [1m[35m (0.1ms)[0m  [1m[31mROLLBACK[0m
  [1m[35m (0.1ms)[0m  [1m[35mBEGIN[0m
---------------------------------
SiteLayoutTest: test_layout_links
---------------------------------
Started GET "/" for 127.0.0.1 at 2018-03-01 16:17:26 -0800
Processing by StaticPagesController#home as HTML
  Rendering static_pages/home.html.erb within layouts/application
  Rendered static_pages/home.html.erb within layouts/application (151.4ms)
  Rendered layouts/_shim.html.erb (0.5ms)
  Rendered layouts/_header.html.erb (0.7ms)
  Rendered layouts/_footer.html.erb (0.5ms)
Completed 200 OK in 179ms (Views: 170.6ms | ActiveRecord: 0.0ms)
  [1m[35m (0.3ms)[0m  [1m[31mROLLBACK[0m
  [1m[35m (0.2ms)[0m  [1m[35mBEGIN[0m
---------------------------------------------------------
CommentsControllerTest: test_should_get_comment_home_page
---------------------------------------------------------
Started GET "/articles" for 127.0.0.1 at 2018-03-01 16:17:26 -0800
Processing by ArticlesController#index as HTML
  Rendering articles/index.html.erb within layouts/application
  [1m[36mArticle Load (0.5ms)[0m  [1m[34mSELECT "articles".* FROM "articles"[0m
  Rendered articles/index.html.erb within layouts/application (2.6ms)
  Rendered layouts/_shim.html.erb (0.1ms)
  Rendered layouts/_header.html.erb (0.2ms)
  Rendered layouts/_footer.html.erb (0.1ms)
Completed 200 OK in 9ms (Views: 6.5ms | ActiveRecord: 0.5ms)
  [1m[35m (0.2ms)[0m  [1m[31mROLLBACK[0m
  [1m[35m (0.1ms)[0m  [1m[35mBEGIN[0m
------------------------------------------------
UsersSignupTest: test_invalid_signup_information
------------------------------------------------
Started GET "/signup" for 127.0.0.1 at 2018-03-01 16:17:26 -0800
Processing by UsersController#new as HTML
  Rendering users/new.html.erb within layouts/application
  Rendered shared/_error_messages.html.erb (0.6ms)
  Rendered users/new.html.erb within layouts/application (13.5ms)
  Rendered layouts/_shim.html.erb (0.1ms)
  Rendered layouts/_header.html.erb (0.3ms)
  Rendered layouts/_footer.html.erb (0.1ms)
Completed 200 OK in 21ms (Views: 18.6ms | ActiveRecord: 0.0ms)
  [1m[35m (0.7ms)[0m  [1m[34mSELECT COUNT(*) FROM "users"[0m
Started POST "/users" for 127.0.0.1 at 2018-03-01 16:17:26 -0800
Processing by UsersController#create as HTML
  Parameters: {"user"=>{"name"=>"", "email"=>"user@invalid", "password"=>"[FILTERED]", "password_confirmation"=>"[FILTERED]"}}
  [1m[35m (0.2ms)[0m  [1m[35mSAVEPOINT active_record_1[0m
  [1m[36mUser Exists (0.5ms)[0m  [1m[34mSELECT  1 AS one FROM "users" WHERE LOWER("users"."email") = LOWER($1) LIMIT $2[0m  [["email", "user@invalid"], ["LIMIT", 1]]
  [1m[35m (0.2ms)[0m  [1m[31mROLLBACK TO SAVEPOINT active_record_1[0m
  Rendering users/new.html.erb within layouts/application
  Rendered shared/_error_messages.html.erb (0.9ms)
  Rendered users/new.html.erb within layouts/application (2.8ms)
  Rendered layouts/_shim.html.erb (0.0ms)
  Rendered layouts/_header.html.erb (0.1ms)
  Rendered layouts/_footer.html.erb (0.1ms)
Completed 200 OK in 12ms (Views: 4.6ms | ActiveRecord: 0.9ms)
  [1m[35m (0.3ms)[0m  [1m[34mSELECT COUNT(*) FROM "users"[0m
  [1m[35m (0.1ms)[0m  [1m[31mROLLBACK[0m
  [1m[35m (0.1ms)[0m  [1m[35mBEGIN[0m
--------------------------------------------------
StaticPagesControllerTest: test_should_get_contact
--------------------------------------------------
Started GET "/contact" for 127.0.0.1 at 2018-03-01 16:17:26 -0800
Processing by StaticPagesController#contact as HTML
  Rendering static_pages/contact.html.erb within layouts/application
  Rendered static_pages/contact.html.erb within layouts/application (0.3ms)
  Rendered layouts/_shim.html.erb (0.0ms)
  Rendered layouts/_header.html.erb (0.1ms)
  Rendered layouts/_footer.html.erb (0.1ms)
Completed 200 OK in 3ms (Views: 1.6ms | ActiveRecord: 0.0ms)
  [1m[35m (0.2ms)[0m  [1m[31mROLLBACK[0m
  [1m[35m (0.1ms)[0m  [1m[35mBEGIN[0m
-----------------------------------------------
StaticPagesControllerTest: test_should_get_home
-----------------------------------------------
Started GET "/" for 127.0.0.1 at 2018-03-01 16:17:26 -0800
Processing by StaticPagesController#home as HTML
  Rendering static_pages/home.html.erb within layouts/application
  Rendered static_pages/home.html.erb within layouts/application (0.4ms)
  Rendered layouts/_shim.html.erb (0.0ms)
  Rendered layouts/_header.html.erb (0.1ms)
  Rendered layouts/_footer.html.erb (0.1ms)
Completed 200 OK in 2ms (Views: 1.7ms | ActiveRecord: 0.0ms)
  [1m[35m (0.1ms)[0m  [1m[31mROLLBACK[0m
  [1m[35m (0.1ms)[0m  [1m[35mBEGIN[0m
------------------------------------------------
StaticPagesControllerTest: test_should_get_about
------------------------------------------------
Started GET "/about" for 127.0.0.1 at 2018-03-01 16:17:26 -0800
Processing by StaticPagesController#about as HTML
  Rendering static_pages/about.html.erb within layouts/application
  Rendered static_pages/about.html.erb within layouts/application (0.4ms)
  Rendered layouts/_shim.html.erb (0.0ms)
  Rendered layouts/_header.html.erb (0.1ms)
  Rendered layouts/_footer.html.erb (0.1ms)
Completed 200 OK in 3ms (Views: 1.7ms | ActiveRecord: 0.0ms)
  [1m[35m (0.1ms)[0m  [1m[31mROLLBACK[0m
  [1m[35m (0.1ms)[0m  [1m[35mBEGIN[0m
-----------------------------------------------
StaticPagesControllerTest: test_should_get_help
-----------------------------------------------
Started GET "/help" for 127.0.0.1 at 2018-03-01 16:17:26 -0800
Processing by StaticPagesController#help as HTML
  Rendering static_pages/help.html.erb within layouts/application
  Rendered static_pages/help.html.erb within layouts/application (0.3ms)
  Rendered layouts/_shim.html.erb (0.0ms)
  Rendered layouts/_header.html.erb (0.1ms)
  Rendered layouts/_footer.html.erb (0.1ms)
Completed 200 OK in 3ms (Views: 1.6ms | ActiveRecord: 0.0ms)
  [1m[35m (0.1ms)[0m  [1m[31mROLLBACK[0m
  [1m[35m (0.1ms)[0m  [1m[35mBEGIN[0m
---------------------------------------------------------
ArticlesControllerTest: test_should_get_article_home_page
---------------------------------------------------------
Started GET "/articles" for 127.0.0.1 at 2018-03-01 16:17:26 -0800
Processing by ArticlesController#index as HTML
  Rendering articles/index.html.erb within layouts/application
  [1m[36mArticle Load (0.2ms)[0m  [1m[34mSELECT "articles".* FROM "articles"[0m
  Rendered articles/index.html.erb within layouts/application (1.0ms)
  Rendered layouts/_shim.html.erb (0.0ms)
  Rendered layouts/_header.html.erb (0.1ms)
  Rendered layouts/_footer.html.erb (0.1ms)
Completed 200 OK in 3ms (Views: 2.1ms | ActiveRecord: 0.2ms)
  [1m[35m (0.1ms)[0m  [1m[31mROLLBACK[0m
  [1m[35m (0.1ms)[0m  [1m[35mBEGIN[0m
----------------------------------------
UsersControllerTest: test_should_get_new
----------------------------------------
Started GET "/signup" for 127.0.0.1 at 2018-03-01 16:17:26 -0800
Processing by UsersController#new as HTML
  Rendering users/new.html.erb within layouts/application
  Rendered shared/_error_messages.html.erb (0.0ms)
  Rendered users/new.html.erb within layouts/application (1.0ms)
  Rendered layouts/_shim.html.erb (0.0ms)
  Rendered layouts/_header.html.erb (0.1ms)
  Rendered layouts/_footer.html.erb (0.1ms)
Completed 200 OK in 3ms (Views: 2.3ms | ActiveRecord: 0.0ms)
  [1m[35m (0.1ms)[0m  [1m[31mROLLBACK[0m
  [1m[35m (0.7ms)[0m  [1m[34mSELECT "schema_migrations"."version" FROM "schema_migrations" ORDER BY "schema_migrations"."version" ASC[0m
  [1m[35m (0.2ms)[0m  [1m[35mBEGIN[0m
  [1m[35m (0.6ms)[0m  [1m[35mALTER TABLE "users" DISABLE TRIGGER ALL;ALTER TABLE "articles" DISABLE TRIGGER ALL;ALTER TABLE "comments" DISABLE TRIGGER ALL;ALTER TABLE "schema_migrations" DISABLE TRIGGER ALL;ALTER TABLE "ar_internal_metadata" DISABLE TRIGGER ALL[0m
  [1m[35m (5.7ms)[0m  [1m[35mCOMMIT[0m
  [1m[35m (0.2ms)[0m  [1m[35mBEGIN[0m
  [1m[36mFixture Delete (0.4ms)[0m  [1m[31mDELETE FROM "users"[0m
  [1m[36mFixture Delete (0.3ms)[0m  [1m[31mDELETE FROM "articles"[0m
  [1m[36mFixture Insert (0.2ms)[0m  [1m[32mINSERT INTO "articles" ("title", "created_at", "updated_at", "id") VALUES ('MyString', '2018-03-02 00:21:40.727148', '2018-03-02 00:21:40.727148', 980190962)[0m
  [1m[36mFixture Insert (0.3ms)[0m  [1m[32mINSERT INTO "articles" ("title", "created_at", "updated_at", "id") VALUES ('MyString', '2018-03-02 00:21:40.727148', '2018-03-02 00:21:40.727148', 298486374)[0m
  [1m[36mFixture Delete (0.3ms)[0m  [1m[31mDELETE FROM "comments"[0m
  [1m[36mFixture Insert (0.2ms)[0m  [1m[32mINSERT INTO "comments" ("commenter", "body", "created_at", "updated_at", "id", "article_id") VALUES ('MyString', 'MyText', '2018-03-02 00:21:40.737566', '2018-03-02 00:21:40.737566', 980190962, 980190962)[0m
  [1m[36mFixture Insert (0.1ms)[0m  [1m[32mINSERT INTO "comments" ("commenter", "body", "created_at", "updated_at", "id", "article_id") VALUES ('MyString', 'MyText', '2018-03-02 00:21:40.737566', '2018-03-02 00:21:40.737566', 298486374, 298486374)[0m
  [1m[35m (0.5ms)[0m  [1m[35mCOMMIT[0m
  [1m[35m (0.1ms)[0m  [1m[35mBEGIN[0m
  [1m[35m (0.4ms)[0m  [1m[35mALTER TABLE "users" ENABLE TRIGGER ALL;ALTER TABLE "articles" ENABLE TRIGGER ALL;ALTER TABLE "comments" ENABLE TRIGGER ALL;ALTER TABLE "schema_migrations" ENABLE TRIGGER ALL;ALTER TABLE "ar_internal_metadata" ENABLE TRIGGER ALL[0m
  [1m[35m (0.4ms)[0m  [1m[35mCOMMIT[0m
  [1m[35m (0.1ms)[0m  [1m[35mBEGIN[0m
---------------------------------------------------------
CommentsControllerTest: test_should_get_comment_home_page
---------------------------------------------------------
Started GET "/articles" for 127.0.0.1 at 2018-03-01 16:21:40 -0800
Processing by ArticlesController#index as HTML
  Rendering articles/index.html.erb within layouts/application
  [1m[36mArticle Load (0.4ms)[0m  [1m[34mSELECT "articles".* FROM "articles"[0m
  Rendered articles/index.html.erb within layouts/application (5.5ms)
  Rendered layouts/_shim.html.erb (0.4ms)
  Rendered layouts/_header.html.erb (0.7ms)
  Rendered layouts/_footer.html.erb (0.6ms)
Completed 200 OK in 142ms (Views: 134.6ms | ActiveRecord: 0.4ms)
  [1m[35m (0.2ms)[0m  [1m[31mROLLBACK[0m
  [1m[35m (0.2ms)[0m  [1m[35mBEGIN[0m
---------------------------------------------------------
ArticlesControllerTest: test_should_get_article_home_page
---------------------------------------------------------
Started GET "/articles" for 127.0.0.1 at 2018-03-01 16:21:41 -0800
Processing by ArticlesController#index as HTML
  Rendering articles/index.html.erb within layouts/application
  [1m[36mArticle Load (0.4ms)[0m  [1m[34mSELECT "articles".* FROM "articles"[0m
  Rendered articles/index.html.erb within layouts/application (1.9ms)
  Rendered layouts/_shim.html.erb (0.1ms)
  Rendered layouts/_header.html.erb (0.2ms)
  Rendered layouts/_footer.html.erb (0.1ms)
Completed 200 OK in 6ms (Views: 4.8ms | ActiveRecord: 0.4ms)
  [1m[35m (0.3ms)[0m  [1m[31mROLLBACK[0m
  [1m[35m (0.2ms)[0m  [1m[35mBEGIN[0m
------------------------------------------------
UsersSignupTest: test_invalid_signup_information
------------------------------------------------
Started GET "/signup" for 127.0.0.1 at 2018-03-01 16:21:41 -0800
Processing by UsersController#new as HTML
  Rendering users/new.html.erb within layouts/application
  Rendered shared/_error_messages.html.erb (0.7ms)
  Rendered users/new.html.erb within layouts/application (24.1ms)
  Rendered layouts/_shim.html.erb (0.1ms)
  Rendered layouts/_header.html.erb (0.2ms)
  Rendered layouts/_footer.html.erb (0.1ms)
Completed 200 OK in 47ms (Views: 29.9ms | ActiveRecord: 6.7ms)
  [1m[35m (0.5ms)[0m  [1m[34mSELECT COUNT(*) FROM "users"[0m
Started POST "/users" for 127.0.0.1 at 2018-03-01 16:21:41 -0800
Processing by UsersController#create as HTML
  Parameters: {"user"=>{"name"=>"", "email"=>"user@invalid", "password"=>"[FILTERED]", "password_confirmation"=>"[FILTERED]"}}
  [1m[35m (0.1ms)[0m  [1m[35mSAVEPOINT active_record_1[0m
  [1m[36mUser Exists (0.6ms)[0m  [1m[34mSELECT  1 AS one FROM "users" WHERE LOWER("users"."email") = LOWER($1) LIMIT $2[0m  [["email", "user@invalid"], ["LIMIT", 1]]
  [1m[35m (0.2ms)[0m  [1m[31mROLLBACK TO SAVEPOINT active_record_1[0m
  Rendering users/new.html.erb within layouts/application
  Rendered shared/_error_messages.html.erb (0.6ms)
  Rendered users/new.html.erb within layouts/application (1.9ms)
  Rendered layouts/_shim.html.erb (0.0ms)
  Rendered layouts/_header.html.erb (0.1ms)
  Rendered layouts/_footer.html.erb (0.1ms)
Completed 200 OK in 27ms (Views: 18.4ms | ActiveRecord: 2.6ms)
  [1m[35m (0.4ms)[0m  [1m[34mSELECT COUNT(*) FROM "users"[0m
  [1m[35m (0.2ms)[0m  [1m[31mROLLBACK[0m
  [1m[35m (135.0ms)[0m  [1m[35mDROP DATABASE IF EXISTS "viewfinder_test"[0m
  [1m[35m (309.4ms)[0m  [1m[35mCREATE DATABASE "viewfinder_test" ENCODING = 'utf8'[0m
  [1m[35mSQL (0.7ms)[0m  [1m[35mCREATE EXTENSION IF NOT EXISTS "plpgsql"[0m
  [1m[35m (0.3ms)[0m  [1m[35mDROP TABLE IF EXISTS "articles" CASCADE[0m
  [1m[35m (8.9ms)[0m  [1m[35mCREATE TABLE "articles" ("id" bigserial primary key, "title" character varying, "text" text, "created_at" timestamp NOT NULL, "updated_at" timestamp NOT NULL)[0m
  [1m[35m (0.5ms)[0m  [1m[35mDROP TABLE IF EXISTS "comments" CASCADE[0m
  [1m[35m (7.0ms)[0m  [1m[35mCREATE TABLE "comments" ("id" bigserial primary key, "commenter" character varying, "body" text, "article_id" bigint, "created_at" timestamp NOT NULL, "updated_at" timestamp NOT NULL)[0m
  [1m[35m (2.0ms)[0m  [1m[35mCREATE  INDEX  "index_comments_on_article_id" ON "comments"  ("article_id")[0m
  [1m[35m (0.3ms)[0m  [1m[35mDROP TABLE IF EXISTS "users" CASCADE[0m
  [1m[35m (6.3ms)[0m  [1m[35mCREATE TABLE "users" ("id" bigserial primary key, "name" character varying, "email" character varying, "created_at" timestamp NOT NULL, "updated_at" timestamp NOT NULL, "password_digest" character varying)[0m
  [1m[35m (2.3ms)[0m  [1m[35mCREATE UNIQUE INDEX  "index_users_on_email" ON "users"  ("email")[0m
  [1m[35m (4.0ms)[0m  [1m[35mALTER TABLE "comments" ADD CONSTRAINT "fk_rails_3bf61a60d3"
FOREIGN KEY ("article_id")
  REFERENCES "articles" ("id")
[0m
  [1m[35m (5.3ms)[0m  [1m[35mCREATE TABLE "schema_migrations" ("version" character varying NOT NULL PRIMARY KEY)[0m
  [1m[35m (1.1ms)[0m  [1m[34mSELECT "schema_migrations"."version" FROM "schema_migrations" ORDER BY "schema_migrations"."version" ASC[0m
  [1m[35m (1.2ms)[0m  [1m[32mINSERT INTO "schema_migrations" (version) VALUES (20180301074115)[0m
  [1m[35m (0.9ms)[0m  [1m[32mINSERT INTO "schema_migrations" (version) VALUES
(20180301072729),
(20180301070301),
(20180212205212),
(20180213094343);

[0m
  [1m[35m (4.6ms)[0m  [1m[35mCREATE TABLE "ar_internal_metadata" ("key" character varying NOT NULL PRIMARY KEY, "value" character varying, "created_at" timestamp NOT NULL, "updated_at" timestamp NOT NULL)[0m
  [1m[36mActiveRecord::InternalMetadata Load (0.8ms)[0m  [1m[34mSELECT  "ar_internal_metadata".* FROM "ar_internal_metadata" WHERE "ar_internal_metadata"."key" = $1 LIMIT $2[0m  [["key", "environment"], ["LIMIT", 1]]
  [1m[35m (0.3ms)[0m  [1m[35mBEGIN[0m
  [1m[35mSQL (0.9ms)[0m  [1m[32mINSERT INTO "ar_internal_metadata" ("key", "value", "created_at", "updated_at") VALUES ($1, $2, $3, $4) RETURNING "key"[0m  [["key", "environment"], ["value", "test"], ["created_at", "2018-03-02 00:31:12.674633"], ["updated_at", "2018-03-02 00:31:12.674633"]]
  [1m[35m (0.5ms)[0m  [1m[35mCOMMIT[0m
  [1m[36mActiveRecord::InternalMetadata Load (0.5ms)[0m  [1m[34mSELECT  "ar_internal_metadata".* FROM "ar_internal_metadata" WHERE "ar_internal_metadata"."key" = $1 LIMIT $2[0m  [["key", "environment"], ["LIMIT", 1]]
  [1m[35m (0.2ms)[0m  [1m[35mBEGIN[0m
  [1m[35m (0.2ms)[0m  [1m[35mCOMMIT[0m
  [1m[35m (0.9ms)[0m  [1m[34mSELECT "schema_migrations"."version" FROM "schema_migrations" ORDER BY "schema_migrations"."version" ASC[0m
  [1m[35m (0.2ms)[0m  [1m[35mBEGIN[0m
  [1m[35m (0.6ms)[0m  [1m[35mALTER TABLE "users" DISABLE TRIGGER ALL;ALTER TABLE "articles" DISABLE TRIGGER ALL;ALTER TABLE "comments" DISABLE TRIGGER ALL;ALTER TABLE "schema_migrations" DISABLE TRIGGER ALL;ALTER TABLE "ar_internal_metadata" DISABLE TRIGGER ALL[0m
  [1m[35m (0.6ms)[0m  [1m[35mCOMMIT[0m
  [1m[35m (0.2ms)[0m  [1m[35mBEGIN[0m
  [1m[36mFixture Delete (0.4ms)[0m  [1m[31mDELETE FROM "users"[0m
  [1m[36mFixture Delete (0.3ms)[0m  [1m[31mDELETE FROM "articles"[0m
  [1m[36mFixture Insert (0.3ms)[0m  [1m[32mINSERT INTO "articles" ("title", "created_at", "updated_at", "id") VALUES ('MyString', '2018-03-02 00:31:12.803677', '2018-03-02 00:31:12.803677', 980190962)[0m
  [1m[36mFixture Insert (0.1ms)[0m  [1m[32mINSERT INTO "articles" ("title", "created_at", "updated_at", "id") VALUES ('MyString', '2018-03-02 00:31:12.803677', '2018-03-02 00:31:12.803677', 298486374)[0m
  [1m[36mFixture Delete (0.3ms)[0m  [1m[31mDELETE FROM "comments"[0m
  [1m[36mFixture Insert (0.4ms)[0m  [1m[32mINSERT INTO "comments" ("commenter", "body", "created_at", "updated_at", "id", "article_id") VALUES ('MyString', 'MyText', '2018-03-02 00:31:12.813141', '2018-03-02 00:31:12.813141', 980190962, 980190962)[0m
  [1m[36mFixture Insert (0.3ms)[0m  [1m[32mINSERT INTO "comments" ("commenter", "body", "created_at", "updated_at", "id", "article_id") VALUES ('MyString', 'MyText', '2018-03-02 00:31:12.813141', '2018-03-02 00:31:12.813141', 298486374, 298486374)[0m
  [1m[35m (0.3ms)[0m  [1m[35mCOMMIT[0m
  [1m[35m (0.1ms)[0m  [1m[35mBEGIN[0m
  [1m[35m (0.5ms)[0m  [1m[35mALTER TABLE "users" ENABLE TRIGGER ALL;ALTER TABLE "articles" ENABLE TRIGGER ALL;ALTER TABLE "comments" ENABLE TRIGGER ALL;ALTER TABLE "schema_migrations" ENABLE TRIGGER ALL;ALTER TABLE "ar_internal_metadata" ENABLE TRIGGER ALL[0m
  [1m[35m (0.4ms)[0m  [1m[35mCOMMIT[0m
  [1m[35m (0.1ms)[0m  [1m[35mBEGIN[0m
---------------------------------------------------------
CommentsControllerTest: test_should_get_comment_home_page
---------------------------------------------------------
Started GET "/articles" for 127.0.0.1 at 2018-03-01 16:31:12 -0800
Processing by ArticlesController#index as HTML
  Rendering articles/index.html.erb within layouts/application
  [1m[36mArticle Load (0.4ms)[0m  [1m[34mSELECT "articles".* FROM "articles"[0m
  Rendered articles/index.html.erb within layouts/application (5.6ms)
  Rendered layouts/_shim.html.erb (0.4ms)
  Rendered layouts/_header.html.erb (0.6ms)
  Rendered layouts/_footer.html.erb (0.5ms)
Completed 200 OK in 145ms (Views: 137.4ms | ActiveRecord: 0.4ms)
  [1m[35m (0.2ms)[0m  [1m[31mROLLBACK[0m
  [1m[35m (0.1ms)[0m  [1m[35mBEGIN[0m
---------------------------------
SiteLayoutTest: test_layout_links
---------------------------------
Started GET "/" for 127.0.0.1 at 2018-03-01 16:31:13 -0800
Processing by StaticPagesController#home as HTML
  Rendering static_pages/home.html.erb within layouts/application
  Rendered static_pages/home.html.erb within layouts/application (1.6ms)
  Rendered layouts/_shim.html.erb (0.0ms)
  Rendered layouts/_header.html.erb (0.2ms)
  Rendered layouts/_footer.html.erb (0.1ms)
Completed 200 OK in 8ms (Views: 5.9ms | ActiveRecord: 0.0ms)
  [1m[35m (0.2ms)[0m  [1m[31mROLLBACK[0m
  [1m[35m (0.2ms)[0m  [1m[35mBEGIN[0m
----------------------------------------------
UsersSignupTest: test_valid_signup_information
----------------------------------------------
Started GET "/signup" for 127.0.0.1 at 2018-03-01 16:31:13 -0800
Processing by UsersController#new as HTML
  Rendering users/new.html.erb within layouts/application
  Rendered shared/_error_messages.html.erb (0.5ms)
  Rendered users/new.html.erb within layouts/application (20.6ms)
  Rendered layouts/_shim.html.erb (0.1ms)
  Rendered layouts/_header.html.erb (0.3ms)
  Rendered layouts/_footer.html.erb (0.2ms)
Completed 200 OK in 40ms (Views: 26.6ms | ActiveRecord: 4.7ms)
  [1m[35m (0.8ms)[0m  [1m[34mSELECT COUNT(*) FROM "users"[0m
Started POST "/users" for 127.0.0.1 at 2018-03-01 16:31:13 -0800
Processing by UsersController#create as HTML
  Parameters: {"user"=>{"name"=>"Example User", "email"=>"user@example.com", "password"=>"[FILTERED]", "password_confirmation"=>"[FILTERED]"}}
  [1m[35m (0.2ms)[0m  [1m[35mSAVEPOINT active_record_1[0m
  [1m[36mUser Exists (0.8ms)[0m  [1m[34mSELECT  1 AS one FROM "users" WHERE LOWER("users"."email") = LOWER($1) LIMIT $2[0m  [["email", "user@example.com"], ["LIMIT", 1]]
  [1m[35mSQL (0.9ms)[0m  [1m[32mINSERT INTO "users" ("name", "email", "created_at", "updated_at", "password_digest") VALUES ($1, $2, $3, $4, $5) RETURNING "id"[0m  [["name", "Example User"], ["email", "user@example.com"], ["created_at", "2018-03-02 00:31:13.212101"], ["updated_at", "2018-03-02 00:31:13.212101"], ["password_digest", "$2a$04$9WlNe7LRijWkvmjXecSpPOBz.6MzkbwlNpKJYnW2FqX1uYh3tQQky"]]
  [1m[35m (0.2ms)[0m  [1m[35mRELEASE SAVEPOINT active_record_1[0m
Redirected to http://www.example.com/users/1
Completed 302 Found in 16ms (ActiveRecord: 4.3ms)
  [1m[35m (0.6ms)[0m  [1m[34mSELECT COUNT(*) FROM "users"[0m
Started GET "/users/1" for 127.0.0.1 at 2018-03-01 16:31:13 -0800
Processing by UsersController#show as HTML
  Parameters: {"id"=>"1"}
  [1m[36mUser Load (0.3ms)[0m  [1m[34mSELECT  "users".* FROM "users" WHERE "users"."id" = $1 LIMIT $2[0m  [["id", 1], ["LIMIT", 1]]
  Rendering users/show.html.erb within layouts/application
  Rendered users/show.html.erb within layouts/application (0.8ms)
  Rendered layouts/_shim.html.erb (0.0ms)
  Rendered layouts/_header.html.erb (0.2ms)
  Rendered layouts/_footer.html.erb (0.1ms)
Completed 200 OK in 33ms (Views: 3.1ms | ActiveRecord: 0.5ms)
  [1m[35m (0.3ms)[0m  [1m[31mROLLBACK[0m
  [1m[35m (0.1ms)[0m  [1m[35mBEGIN[0m
------------------------------------------------
UsersSignupTest: test_invalid_signup_information
------------------------------------------------
Started GET "/signup" for 127.0.0.1 at 2018-03-01 16:31:13 -0800
Processing by UsersController#new as HTML
  Rendering users/new.html.erb within layouts/application
  Rendered shared/_error_messages.html.erb (0.0ms)
  Rendered users/new.html.erb within layouts/application (1.2ms)
  Rendered layouts/_shim.html.erb (0.0ms)
  Rendered layouts/_header.html.erb (0.1ms)
  Rendered layouts/_footer.html.erb (0.1ms)
Completed 200 OK in 3ms (Views: 2.7ms | ActiveRecord: 0.0ms)
  [1m[35m (0.3ms)[0m  [1m[34mSELECT COUNT(*) FROM "users"[0m
Started POST "/users" for 127.0.0.1 at 2018-03-01 16:31:13 -0800
Processing by UsersController#create as HTML
  Parameters: {"user"=>{"name"=>"", "email"=>"user@invalid", "password"=>"[FILTERED]", "password_confirmation"=>"[FILTERED]"}}
  [1m[35m (0.1ms)[0m  [1m[35mSAVEPOINT active_record_1[0m
  [1m[36mUser Exists (0.2ms)[0m  [1m[34mSELECT  1 AS one FROM "users" WHERE LOWER("users"."email") = LOWER($1) LIMIT $2[0m  [["email", "user@invalid"], ["LIMIT", 1]]
  [1m[35m (0.1ms)[0m  [1m[31mROLLBACK TO SAVEPOINT active_record_1[0m
  Rendering users/new.html.erb within layouts/application
  Rendered shared/_error_messages.html.erb (0.5ms)
  Rendered users/new.html.erb within layouts/application (1.5ms)
  Rendered layouts/_shim.html.erb (0.0ms)
  Rendered layouts/_header.html.erb (0.1ms)
  Rendered layouts/_footer.html.erb (0.1ms)
Completed 200 OK in 7ms (Views: 2.8ms | ActiveRecord: 0.4ms)
  [1m[35m (0.2ms)[0m  [1m[34mSELECT COUNT(*) FROM "users"[0m
  [1m[35m (0.1ms)[0m  [1m[31mROLLBACK[0m
  [1m[35m (0.7ms)[0m  [1m[34mSELECT "schema_migrations"."version" FROM "schema_migrations" ORDER BY "schema_migrations"."version" ASC[0m
  [1m[35m (0.2ms)[0m  [1m[35mBEGIN[0m
  [1m[35m (0.7ms)[0m  [1m[35mALTER TABLE "users" DISABLE TRIGGER ALL;ALTER TABLE "articles" DISABLE TRIGGER ALL;ALTER TABLE "comments" DISABLE TRIGGER ALL;ALTER TABLE "schema_migrations" DISABLE TRIGGER ALL;ALTER TABLE "ar_internal_metadata" DISABLE TRIGGER ALL[0m
  [1m[35m (5.7ms)[0m  [1m[35mCOMMIT[0m
  [1m[35m (0.1ms)[0m  [1m[35mBEGIN[0m
  [1m[36mFixture Delete (0.4ms)[0m  [1m[31mDELETE FROM "users"[0m
  [1m[36mFixture Delete (0.3ms)[0m  [1m[31mDELETE FROM "articles"[0m
  [1m[36mFixture Insert (0.3ms)[0m  [1m[32mINSERT INTO "articles" ("title", "created_at", "updated_at", "id") VALUES ('MyString', '2018-03-02 01:06:03.488722', '2018-03-02 01:06:03.488722', 980190962)[0m
  [1m[36mFixture Insert (0.1ms)[0m  [1m[32mINSERT INTO "articles" ("title", "created_at", "updated_at", "id") VALUES ('MyString', '2018-03-02 01:06:03.488722', '2018-03-02 01:06:03.488722', 298486374)[0m
  [1m[36mFixture Delete (0.3ms)[0m  [1m[31mDELETE FROM "comments"[0m
  [1m[36mFixture Insert (0.3ms)[0m  [1m[32mINSERT INTO "comments" ("commenter", "body", "created_at", "updated_at", "id", "article_id") VALUES ('MyString', 'MyText', '2018-03-02 01:06:03.498651', '2018-03-02 01:06:03.498651', 980190962, 980190962)[0m
  [1m[36mFixture Insert (0.1ms)[0m  [1m[32mINSERT INTO "comments" ("commenter", "body", "created_at", "updated_at", "id", "article_id") VALUES ('MyString', 'MyText', '2018-03-02 01:06:03.498651', '2018-03-02 01:06:03.498651', 298486374, 298486374)[0m
  [1m[35m (0.4ms)[0m  [1m[35mCOMMIT[0m
  [1m[35m (0.1ms)[0m  [1m[35mBEGIN[0m
  [1m[35m (0.6ms)[0m  [1m[35mALTER TABLE "users" ENABLE TRIGGER ALL;ALTER TABLE "articles" ENABLE TRIGGER ALL;ALTER TABLE "comments" ENABLE TRIGGER ALL;ALTER TABLE "schema_migrations" ENABLE TRIGGER ALL;ALTER TABLE "ar_internal_metadata" ENABLE TRIGGER ALL[0m
  [1m[35m (0.4ms)[0m  [1m[35mCOMMIT[0m
  [1m[35m (0.1ms)[0m  [1m[35mBEGIN[0m
-------------------------------------------------------
ArticleTest: test_should_not_save_article_without_title
-------------------------------------------------------
  [1m[35m (0.1ms)[0m  [1m[35mSAVEPOINT active_record_1[0m
  [1m[35m (0.2ms)[0m  [1m[31mROLLBACK TO SAVEPOINT active_record_1[0m
  [1m[35m (0.1ms)[0m  [1m[31mROLLBACK[0m
  [1m[35m (0.1ms)[0m  [1m[35mBEGIN[0m
-------------------------------------
ArticleTest: test_should_report_error
-------------------------------------
  [1m[35m (0.1ms)[0m  [1m[31mROLLBACK[0m
  [1m[35m (0.1ms)[0m  [1m[35mBEGIN[0m
---------------------------------------------------------
ArticlesControllerTest: test_should_get_article_home_page
---------------------------------------------------------
Started GET "/articles" for 127.0.0.1 at 2018-03-01 17:06:03 -0800
Processing by ArticlesController#index as HTML
  Rendering articles/index.html.erb within layouts/application
  [1m[36mArticle Load (0.4ms)[0m  [1m[34mSELECT "articles".* FROM "articles"[0m
  Rendered articles/index.html.erb within layouts/application (2.9ms)
  Rendered layouts/_shim.html.erb (0.2ms)
  Rendered layouts/_header.html.erb (0.4ms)
  Rendered layouts/_footer.html.erb (0.2ms)
Completed 200 OK in 131ms (Views: 124.2ms | ActiveRecord: 0.4ms)
  [1m[35m (0.2ms)[0m  [1m[31mROLLBACK[0m
  [1m[35m (0.1ms)[0m  [1m[35mBEGIN[0m
-------------------------------------
CommentTest: test_should_report_error
-------------------------------------
  [1m[35m (0.1ms)[0m  [1m[31mROLLBACK[0m
  [1m[35m (0.1ms)[0m  [1m[35mBEGIN[0m
------------------------------------------------
CommentTest: test_can_save_comment_without_title
------------------------------------------------
  [1m[35m (0.1ms)[0m  [1m[35mSAVEPOINT active_record_1[0m
  [1m[35m (0.1ms)[0m  [1m[31mROLLBACK TO SAVEPOINT active_record_1[0m
  [1m[35m (0.1ms)[0m  [1m[31mROLLBACK[0m
  [1m[35m (0.1ms)[0m  [1m[35mBEGIN[0m
---------------------------------------------------------------
UserTest: test_email_validation_should_reject_invalid_addresses
---------------------------------------------------------------
  [1m[36mUser Exists (0.4ms)[0m  [1m[34mSELECT  1 AS one FROM "users" WHERE LOWER("users"."email") = LOWER($1) LIMIT $2[0m  [["email", "user@example,com"], ["LIMIT", 1]]
  [1m[36mUser Exists (0.2ms)[0m  [1m[34mSELECT  1 AS one FROM "users" WHERE LOWER("users"."email") = LOWER($1) LIMIT $2[0m  [["email", "user_at_foo.org"], ["LIMIT", 1]]
  [1m[36mUser Exists (0.2ms)[0m  [1m[34mSELECT  1 AS one FROM "users" WHERE LOWER("users"."email") = LOWER($1) LIMIT $2[0m  [["email", "user.name@example."], ["LIMIT", 1]]
  [1m[36mUser Exists (0.2ms)[0m  [1m[34mSELECT  1 AS one FROM "users" WHERE LOWER("users"."email") = LOWER($1) LIMIT $2[0m  [["email", "foo@bar_baz.com"], ["LIMIT", 1]]
  [1m[36mUser Exists (0.2ms)[0m  [1m[34mSELECT  1 AS one FROM "users" WHERE LOWER("users"."email") = LOWER($1) LIMIT $2[0m  [["email", "foo@bar+baz.com"], ["LIMIT", 1]]
  [1m[36mUser Exists (0.2ms)[0m  [1m[34mSELECT  1 AS one FROM "users" WHERE LOWER("users"."email") = LOWER($1) LIMIT $2[0m  [["email", "foo@bar..com"], ["LIMIT", 1]]
  [1m[35m (0.1ms)[0m  [1m[31mROLLBACK[0m
  [1m[35m (0.1ms)[0m  [1m[35mBEGIN[0m
-------------------------------------
UserTest: test_name_should_be_present
-------------------------------------
  [1m[36mUser Exists (0.2ms)[0m  [1m[34mSELECT  1 AS one FROM "users" WHERE LOWER("users"."email") = LOWER($1) LIMIT $2[0m  [["email", "user@example.com"], ["LIMIT", 1]]
  [1m[35m (0.1ms)[0m  [1m[31mROLLBACK[0m
  [1m[35m (0.1ms)[0m  [1m[35mBEGIN[0m
------------------------------------------
UserTest: test_name_should_not_be_too_long
------------------------------------------
  [1m[36mUser Exists (0.2ms)[0m  [1m[34mSELECT  1 AS one FROM "users" WHERE LOWER("users"."email") = LOWER($1) LIMIT $2[0m  [["email", "user@example.com"], ["LIMIT", 1]]
  [1m[35m (0.1ms)[0m  [1m[31mROLLBACK[0m
  [1m[35m (0.1ms)[0m  [1m[35mBEGIN[0m
--------------------------------------
UserTest: test_email_should_be_present
--------------------------------------
  [1m[36mUser Exists (0.2ms)[0m  [1m[34mSELECT  1 AS one FROM "users" WHERE LOWER("users"."email") = LOWER($1) LIMIT $2[0m  [["email", "     "], ["LIMIT", 1]]
  [1m[35m (0.1ms)[0m  [1m[31mROLLBACK[0m
  [1m[35m (0.1ms)[0m  [1m[35mBEGIN[0m
-------------------------------------------------------------
UserTest: test_email_validation_should_accept_valid_addresses
-------------------------------------------------------------
  [1m[36mUser Exists (0.3ms)[0m  [1m[34mSELECT  1 AS one FROM "users" WHERE LOWER("users"."email") = LOWER($1) LIMIT $2[0m  [["email", "user@example.com"], ["LIMIT", 1]]
  [1m[36mUser Exists (0.2ms)[0m  [1m[34mSELECT  1 AS one FROM "users" WHERE LOWER("users"."email") = LOWER($1) LIMIT $2[0m  [["email", "USER@foo.COM"], ["LIMIT", 1]]
  [1m[36mUser Exists (0.2ms)[0m  [1m[34mSELECT  1 AS one FROM "users" WHERE LOWER("users"."email") = LOWER($1) LIMIT $2[0m  [["email", "A_US-ER@foo.bar.org"], ["LIMIT", 1]]
  [1m[36mUser Exists (0.2ms)[0m  [1m[34mSELECT  1 AS one FROM "users" WHERE LOWER("users"."email") = LOWER($1) LIMIT $2[0m  [["email", "first.last@foo.jp"], ["LIMIT", 1]]
  [1m[36mUser Exists (0.2ms)[0m  [1m[34mSELECT  1 AS one FROM "users" WHERE LOWER("users"."email") = LOWER($1) LIMIT $2[0m  [["email", "alice+bob@baz.cn"], ["LIMIT", 1]]
  [1m[35m (0.1ms)[0m  [1m[31mROLLBACK[0m
  [1m[35m (0.1ms)[0m  [1m[35mBEGIN[0m
------------------------------------------------------------
UserTest: test_email_addresses_should_be_saved_as_lower-case
------------------------------------------------------------
  [1m[35m (0.1ms)[0m  [1m[35mSAVEPOINT active_record_1[0m
  [1m[36mUser Exists (0.2ms)[0m  [1m[34mSELECT  1 AS one FROM "users" WHERE LOWER("users"."email") = LOWER($1) LIMIT $2[0m  [["email", "Foo@ExAMPle.CoM"], ["LIMIT", 1]]
  [1m[35mSQL (0.5ms)[0m  [1m[32mINSERT INTO "users" ("name", "email", "created_at", "updated_at", "password_digest") VALUES ($1, $2, $3, $4, $5) RETURNING "id"[0m  [["name", "Example User"], ["email", "foo@example.com"], ["created_at", "2018-03-02 01:06:03.837028"], ["updated_at", "2018-03-02 01:06:03.837028"], ["password_digest", "$2a$04$2PnQMzKjlezvyVtNyxcMH.9XRq1n6p7zArznPrzwD4VS/xJvG5PIG"]]
  [1m[35m (0.1ms)[0m  [1m[35mRELEASE SAVEPOINT active_record_1[0m
  [1m[36mUser Load (0.2ms)[0m  [1m[34mSELECT  "users".* FROM "users" WHERE "users"."id" = $1 LIMIT $2[0m  [["id", 1], ["LIMIT", 1]]
  [1m[35m (0.1ms)[0m  [1m[31mROLLBACK[0m
  [1m[35m (0.1ms)[0m  [1m[35mBEGIN[0m
-------------------------------------------
UserTest: test_email_should_not_be_too_long
-------------------------------------------
  [1m[36mUser Exists (0.3ms)[0m  [1m[34mSELECT  1 AS one FROM "users" WHERE LOWER("users"."email") = LOWER($1) LIMIT $2[0m  [["email", "aaaaaaaaaaaaaaaaaaaaaaaaaaaaaaaaaaaaaaaaaaaaaaaaaaaaaaaaaaaaaaaaaaaaaaaaaaaaaaaaaaaaaaaaaaaaaaaaaaaaaaaaaaaaaaaaaaaaaaaaaaaaaaaaaaaaaaaaaaaaaaaaaaaaaaaaaaaaaaaaaaaaaaaaaaaaaaaaaaaaaaaaaaaaaaaaaaaaaaaaaaaaaaaaaaaaaaaaaaaaaaaaaaaaaaaaaaaaaaaaaaaa@example.com"], ["LIMIT", 1]]
  [1m[35m (0.1ms)[0m  [1m[31mROLLBACK[0m
  [1m[35m (0.1ms)[0m  [1m[35mBEGIN[0m
----------------------------------------------------
UserTest: test_password_should_have_a_minimum_length
----------------------------------------------------
  [1m[36mUser Exists (0.3ms)[0m  [1m[34mSELECT  1 AS one FROM "users" WHERE LOWER("users"."email") = LOWER($1) LIMIT $2[0m  [["email", "user@example.com"], ["LIMIT", 1]]
  [1m[35m (0.1ms)[0m  [1m[31mROLLBACK[0m
  [1m[35m (0.1ms)[0m  [1m[35mBEGIN[0m
------------------------------
UserTest: test_should_be_valid
------------------------------
  [1m[36mUser Exists (0.3ms)[0m  [1m[34mSELECT  1 AS one FROM "users" WHERE LOWER("users"."email") = LOWER($1) LIMIT $2[0m  [["email", "user@example.com"], ["LIMIT", 1]]
  [1m[35m (0.1ms)[0m  [1m[31mROLLBACK[0m
  [1m[35m (0.1ms)[0m  [1m[35mBEGIN[0m
-----------------------------------------------
UserTest: test_email_addresses_should_be_unique
-----------------------------------------------
  [1m[35m (0.1ms)[0m  [1m[35mSAVEPOINT active_record_1[0m
  [1m[36mUser Exists (0.4ms)[0m  [1m[34mSELECT  1 AS one FROM "users" WHERE LOWER("users"."email") = LOWER($1) LIMIT $2[0m  [["email", "user@example.com"], ["LIMIT", 1]]
  [1m[35mSQL (0.5ms)[0m  [1m[32mINSERT INTO "users" ("name", "email", "created_at", "updated_at", "password_digest") VALUES ($1, $2, $3, $4, $5) RETURNING "id"[0m  [["name", "Example User"], ["email", "user@example.com"], ["created_at", "2018-03-02 01:06:03.853895"], ["updated_at", "2018-03-02 01:06:03.853895"], ["password_digest", "$2a$04$uKG58HZIrQGTtlwpUjShZu4V6DAmgH1vyrf8MWjHjlsFh9n/T1odq"]]
  [1m[35m (0.1ms)[0m  [1m[35mRELEASE SAVEPOINT active_record_1[0m
  [1m[36mUser Exists (0.3ms)[0m  [1m[34mSELECT  1 AS one FROM "users" WHERE LOWER("users"."email") = LOWER($1) LIMIT $2[0m  [["email", "USER@EXAMPLE.COM"], ["LIMIT", 1]]
  [1m[35m (0.2ms)[0m  [1m[31mROLLBACK[0m
  [1m[35m (0.1ms)[0m  [1m[35mBEGIN[0m
----------------------------------------------------
UserTest: test_password_should_be_present_(nonblank)
----------------------------------------------------
  [1m[36mUser Exists (0.3ms)[0m  [1m[34mSELECT  1 AS one FROM "users" WHERE LOWER("users"."email") = LOWER($1) LIMIT $2[0m  [["email", "user@example.com"], ["LIMIT", 1]]
  [1m[35m (0.1ms)[0m  [1m[31mROLLBACK[0m
  [1m[35m (0.1ms)[0m  [1m[35mBEGIN[0m
------------------------------------------------
StaticPagesControllerTest: test_should_get_about
------------------------------------------------
Started GET "/about" for 127.0.0.1 at 2018-03-01 17:06:03 -0800
Processing by StaticPagesController#about as HTML
  Rendering static_pages/about.html.erb within layouts/application
  Rendered static_pages/about.html.erb within layouts/application (0.4ms)
  Rendered layouts/_shim.html.erb (0.0ms)
  Rendered layouts/_header.html.erb (0.2ms)
  Rendered layouts/_footer.html.erb (0.1ms)
Completed 200 OK in 5ms (Views: 3.3ms | ActiveRecord: 0.0ms)
  [1m[35m (0.2ms)[0m  [1m[31mROLLBACK[0m
  [1m[35m (0.1ms)[0m  [1m[35mBEGIN[0m
--------------------------------------------------
StaticPagesControllerTest: test_should_get_contact
--------------------------------------------------
Started GET "/contact" for 127.0.0.1 at 2018-03-01 17:06:03 -0800
Processing by StaticPagesController#contact as HTML
  Rendering static_pages/contact.html.erb within layouts/application
  Rendered static_pages/contact.html.erb within layouts/application (0.6ms)
  Rendered layouts/_shim.html.erb (0.0ms)
  Rendered layouts/_header.html.erb (0.1ms)
  Rendered layouts/_footer.html.erb (0.1ms)
Completed 200 OK in 4ms (Views: 2.4ms | ActiveRecord: 0.0ms)
  [1m[35m (0.1ms)[0m  [1m[31mROLLBACK[0m
  [1m[35m (0.1ms)[0m  [1m[35mBEGIN[0m
-----------------------------------------------
StaticPagesControllerTest: test_should_get_help
-----------------------------------------------
Started GET "/help" for 127.0.0.1 at 2018-03-01 17:06:03 -0800
Processing by StaticPagesController#help as HTML
  Rendering static_pages/help.html.erb within layouts/application
  Rendered static_pages/help.html.erb within layouts/application (0.3ms)
  Rendered layouts/_shim.html.erb (0.0ms)
  Rendered layouts/_header.html.erb (0.1ms)
  Rendered layouts/_footer.html.erb (0.1ms)
Completed 200 OK in 4ms (Views: 1.9ms | ActiveRecord: 0.0ms)
  [1m[35m (0.1ms)[0m  [1m[31mROLLBACK[0m
  [1m[35m (0.1ms)[0m  [1m[35mBEGIN[0m
-----------------------------------------------
StaticPagesControllerTest: test_should_get_home
-----------------------------------------------
Started GET "/" for 127.0.0.1 at 2018-03-01 17:06:03 -0800
Processing by StaticPagesController#home as HTML
  Rendering static_pages/home.html.erb within layouts/application
  Rendered static_pages/home.html.erb within layouts/application (1.1ms)
  Rendered layouts/_shim.html.erb (0.0ms)
  Rendered layouts/_header.html.erb (0.1ms)
  Rendered layouts/_footer.html.erb (0.1ms)
Completed 200 OK in 4ms (Views: 2.4ms | ActiveRecord: 0.0ms)
  [1m[35m (0.1ms)[0m  [1m[31mROLLBACK[0m
  [1m[35m (0.1ms)[0m  [1m[35mBEGIN[0m
---------------------------------
SiteLayoutTest: test_layout_links
---------------------------------
Started GET "/" for 127.0.0.1 at 2018-03-01 17:06:03 -0800
Processing by StaticPagesController#home as HTML
  Rendering static_pages/home.html.erb within layouts/application
  Rendered static_pages/home.html.erb within layouts/application (0.4ms)
  Rendered layouts/_shim.html.erb (0.0ms)
  Rendered layouts/_header.html.erb (0.1ms)
  Rendered layouts/_footer.html.erb (0.1ms)
Completed 200 OK in 2ms (Views: 1.7ms | ActiveRecord: 0.0ms)
  [1m[35m (0.1ms)[0m  [1m[31mROLLBACK[0m
  [1m[35m (0.1ms)[0m  [1m[35mBEGIN[0m
---------------------------------------------------------
CommentsControllerTest: test_should_get_comment_home_page
---------------------------------------------------------
Started GET "/articles" for 127.0.0.1 at 2018-03-01 17:06:03 -0800
Processing by ArticlesController#index as HTML
  Rendering articles/index.html.erb within layouts/application
  [1m[36mArticle Load (0.3ms)[0m  [1m[34mSELECT "articles".* FROM "articles"[0m
  Rendered articles/index.html.erb within layouts/application (1.1ms)
  Rendered layouts/_shim.html.erb (0.0ms)
  Rendered layouts/_header.html.erb (0.1ms)
  Rendered layouts/_footer.html.erb (0.1ms)
Completed 200 OK in 3ms (Views: 2.2ms | ActiveRecord: 0.3ms)
  [1m[35m (0.2ms)[0m  [1m[31mROLLBACK[0m
  [1m[35m (0.1ms)[0m  [1m[35mBEGIN[0m
------------------------------------------------
UsersSignupTest: test_invalid_signup_information
------------------------------------------------
Started GET "/signup" for 127.0.0.1 at 2018-03-01 17:06:03 -0800
Processing by UsersController#new as HTML
  Rendering users/new.html.erb within layouts/application
  Rendered shared/_error_messages.html.erb (0.3ms)
  Rendered users/new.html.erb within layouts/application (7.1ms)
  Rendered layouts/_shim.html.erb (0.0ms)
  Rendered layouts/_header.html.erb (0.1ms)
  Rendered layouts/_footer.html.erb (0.1ms)
Completed 200 OK in 12ms (Views: 9.9ms | ActiveRecord: 0.0ms)
  [1m[35m (0.4ms)[0m  [1m[34mSELECT COUNT(*) FROM "users"[0m
Started POST "/users" for 127.0.0.1 at 2018-03-01 17:06:03 -0800
Processing by UsersController#create as HTML
  Parameters: {"user"=>{"name"=>"", "email"=>"user@invalid", "password"=>"[FILTERED]", "password_confirmation"=>"[FILTERED]"}}
  [1m[35m (0.2ms)[0m  [1m[35mSAVEPOINT active_record_1[0m
  [1m[36mUser Exists (0.6ms)[0m  [1m[34mSELECT  1 AS one FROM "users" WHERE LOWER("users"."email") = LOWER($1) LIMIT $2[0m  [["email", "user@invalid"], ["LIMIT", 1]]
  [1m[35m (0.1ms)[0m  [1m[31mROLLBACK TO SAVEPOINT active_record_1[0m
  Rendering users/new.html.erb within layouts/application
  Rendered shared/_error_messages.html.erb (0.5ms)
  Rendered users/new.html.erb within layouts/application (1.6ms)
  Rendered layouts/_shim.html.erb (0.0ms)
  Rendered layouts/_header.html.erb (0.1ms)
  Rendered layouts/_footer.html.erb (0.1ms)
Completed 200 OK in 8ms (Views: 3.1ms | ActiveRecord: 1.0ms)
  [1m[35m (0.3ms)[0m  [1m[34mSELECT COUNT(*) FROM "users"[0m
  [1m[35m (0.1ms)[0m  [1m[31mROLLBACK[0m
  [1m[35m (0.7ms)[0m  [1m[34mSELECT "schema_migrations"."version" FROM "schema_migrations" ORDER BY "schema_migrations"."version" ASC[0m
  [1m[35m (0.1ms)[0m  [1m[35mBEGIN[0m
  [1m[35m (0.7ms)[0m  [1m[35mALTER TABLE "users" DISABLE TRIGGER ALL;ALTER TABLE "articles" DISABLE TRIGGER ALL;ALTER TABLE "comments" DISABLE TRIGGER ALL;ALTER TABLE "schema_migrations" DISABLE TRIGGER ALL;ALTER TABLE "ar_internal_metadata" DISABLE TRIGGER ALL[0m
  [1m[35m (5.7ms)[0m  [1m[35mCOMMIT[0m
  [1m[35m (0.2ms)[0m  [1m[35mBEGIN[0m
  [1m[36mFixture Delete (0.4ms)[0m  [1m[31mDELETE FROM "users"[0m
  [1m[36mFixture Delete (0.3ms)[0m  [1m[31mDELETE FROM "articles"[0m
  [1m[36mFixture Insert (0.2ms)[0m  [1m[32mINSERT INTO "articles" ("title", "created_at", "updated_at", "id") VALUES ('MyString', '2018-03-02 01:08:57.368268', '2018-03-02 01:08:57.368268', 980190962)[0m
  [1m[36mFixture Insert (0.1ms)[0m  [1m[32mINSERT INTO "articles" ("title", "created_at", "updated_at", "id") VALUES ('MyString', '2018-03-02 01:08:57.368268', '2018-03-02 01:08:57.368268', 298486374)[0m
  [1m[36mFixture Delete (0.4ms)[0m  [1m[31mDELETE FROM "comments"[0m
  [1m[36mFixture Insert (0.2ms)[0m  [1m[32mINSERT INTO "comments" ("commenter", "body", "created_at", "updated_at", "id", "article_id") VALUES ('MyString', 'MyText', '2018-03-02 01:08:57.378041', '2018-03-02 01:08:57.378041', 980190962, 980190962)[0m
  [1m[36mFixture Insert (0.1ms)[0m  [1m[32mINSERT INTO "comments" ("commenter", "body", "created_at", "updated_at", "id", "article_id") VALUES ('MyString', 'MyText', '2018-03-02 01:08:57.378041', '2018-03-02 01:08:57.378041', 298486374, 298486374)[0m
  [1m[35m (0.5ms)[0m  [1m[35mCOMMIT[0m
  [1m[35m (0.1ms)[0m  [1m[35mBEGIN[0m
  [1m[35m (0.5ms)[0m  [1m[35mALTER TABLE "users" ENABLE TRIGGER ALL;ALTER TABLE "articles" ENABLE TRIGGER ALL;ALTER TABLE "comments" ENABLE TRIGGER ALL;ALTER TABLE "schema_migrations" ENABLE TRIGGER ALL;ALTER TABLE "ar_internal_metadata" ENABLE TRIGGER ALL[0m
  [1m[35m (0.5ms)[0m  [1m[35mCOMMIT[0m
  [1m[35m (0.1ms)[0m  [1m[35mBEGIN[0m
--------------------------------------------------
StaticPagesControllerTest: test_should_get_contact
--------------------------------------------------
Started GET "/contact" for 127.0.0.1 at 2018-03-01 17:08:57 -0800
Processing by StaticPagesController#contact as HTML
  Rendering static_pages/contact.html.erb within layouts/application
  Rendered static_pages/contact.html.erb within layouts/application (0.7ms)
  Rendered layouts/_shim.html.erb (0.2ms)
  Rendered layouts/_header.html.erb (0.4ms)
  Rendered layouts/_footer.html.erb (0.2ms)
Completed 200 OK in 133ms (Views: 126.4ms | ActiveRecord: 0.0ms)
  [1m[35m (0.1ms)[0m  [1m[31mROLLBACK[0m
  [1m[35m (0.1ms)[0m  [1m[35mBEGIN[0m
-----------------------------------------------
StaticPagesControllerTest: test_should_get_help
-----------------------------------------------
Started GET "/help" for 127.0.0.1 at 2018-03-01 17:08:57 -0800
Processing by StaticPagesController#help as HTML
  Rendering static_pages/help.html.erb within layouts/application
  Rendered static_pages/help.html.erb within layouts/application (0.2ms)
  Rendered layouts/_shim.html.erb (0.0ms)
  Rendered layouts/_header.html.erb (0.1ms)
  Rendered layouts/_footer.html.erb (0.1ms)
Completed 200 OK in 3ms (Views: 1.6ms | ActiveRecord: 0.0ms)
  [1m[35m (0.1ms)[0m  [1m[31mROLLBACK[0m
  [1m[35m (0.1ms)[0m  [1m[35mBEGIN[0m
-----------------------------------------------
StaticPagesControllerTest: test_should_get_home
-----------------------------------------------
Started GET "/" for 127.0.0.1 at 2018-03-01 17:08:57 -0800
Processing by StaticPagesController#home as HTML
  Rendering static_pages/home.html.erb within layouts/application
  Rendered static_pages/home.html.erb within layouts/application (1.0ms)
  Rendered layouts/_shim.html.erb (0.0ms)
  Rendered layouts/_header.html.erb (0.1ms)
  Rendered layouts/_footer.html.erb (0.1ms)
Completed 200 OK in 3ms (Views: 2.3ms | ActiveRecord: 0.0ms)
  [1m[35m (0.1ms)[0m  [1m[31mROLLBACK[0m
  [1m[35m (0.1ms)[0m  [1m[35mBEGIN[0m
------------------------------------------------
StaticPagesControllerTest: test_should_get_about
------------------------------------------------
Started GET "/about" for 127.0.0.1 at 2018-03-01 17:08:57 -0800
Processing by StaticPagesController#about as HTML
  Rendering static_pages/about.html.erb within layouts/application
  Rendered static_pages/about.html.erb within layouts/application (0.4ms)
  Rendered layouts/_shim.html.erb (0.0ms)
  Rendered layouts/_header.html.erb (0.2ms)
  Rendered layouts/_footer.html.erb (0.1ms)
Completed 200 OK in 4ms (Views: 2.1ms | ActiveRecord: 0.0ms)
  [1m[35m (0.2ms)[0m  [1m[31mROLLBACK[0m
  [1m[35m (0.1ms)[0m  [1m[35mBEGIN[0m
------------------------------------------
UserTest: test_name_should_not_be_too_long
------------------------------------------
  [1m[36mUser Exists (0.5ms)[0m  [1m[34mSELECT  1 AS one FROM "users" WHERE LOWER("users"."email") = LOWER($1) LIMIT $2[0m  [["email", "user@example.com"], ["LIMIT", 1]]
  [1m[35m (0.1ms)[0m  [1m[31mROLLBACK[0m
  [1m[35m (0.1ms)[0m  [1m[35mBEGIN[0m
-----------------------------------------------
UserTest: test_email_addresses_should_be_unique
-----------------------------------------------
  [1m[35m (0.1ms)[0m  [1m[35mSAVEPOINT active_record_1[0m
  [1m[36mUser Exists (0.3ms)[0m  [1m[34mSELECT  1 AS one FROM "users" WHERE LOWER("users"."email") = LOWER($1) LIMIT $2[0m  [["email", "user@example.com"], ["LIMIT", 1]]
  [1m[35mSQL (0.3ms)[0m  [1m[32mINSERT INTO "users" ("name", "email", "created_at", "updated_at", "password_digest") VALUES ($1, $2, $3, $4, $5) RETURNING "id"[0m  [["name", "Example User"], ["email", "user@example.com"], ["created_at", "2018-03-02 01:08:57.709981"], ["updated_at", "2018-03-02 01:08:57.709981"], ["password_digest", "$2a$04$7Oy/hduX21DgzCU8CTyTnuYGR1PZI/R1zYvGEVo1o35NWXBDlhTMe"]]
  [1m[35m (0.1ms)[0m  [1m[35mRELEASE SAVEPOINT active_record_1[0m
  [1m[36mUser Exists (0.2ms)[0m  [1m[34mSELECT  1 AS one FROM "users" WHERE LOWER("users"."email") = LOWER($1) LIMIT $2[0m  [["email", "USER@EXAMPLE.COM"], ["LIMIT", 1]]
  [1m[35m (0.1ms)[0m  [1m[31mROLLBACK[0m
  [1m[35m (0.1ms)[0m  [1m[35mBEGIN[0m
----------------------------------------------------
UserTest: test_password_should_have_a_minimum_length
----------------------------------------------------
  [1m[36mUser Exists (0.3ms)[0m  [1m[34mSELECT  1 AS one FROM "users" WHERE LOWER("users"."email") = LOWER($1) LIMIT $2[0m  [["email", "user@example.com"], ["LIMIT", 1]]
  [1m[35m (0.1ms)[0m  [1m[31mROLLBACK[0m
  [1m[35m (0.1ms)[0m  [1m[35mBEGIN[0m
------------------------------------------------------------
UserTest: test_email_addresses_should_be_saved_as_lower-case
------------------------------------------------------------
  [1m[35m (0.2ms)[0m  [1m[35mSAVEPOINT active_record_1[0m
  [1m[36mUser Exists (0.4ms)[0m  [1m[34mSELECT  1 AS one FROM "users" WHERE LOWER("users"."email") = LOWER($1) LIMIT $2[0m  [["email", "Foo@ExAMPle.CoM"], ["LIMIT", 1]]
  [1m[35mSQL (0.3ms)[0m  [1m[32mINSERT INTO "users" ("name", "email", "created_at", "updated_at", "password_digest") VALUES ($1, $2, $3, $4, $5) RETURNING "id"[0m  [["name", "Example User"], ["email", "foo@example.com"], ["created_at", "2018-03-02 01:08:57.720227"], ["updated_at", "2018-03-02 01:08:57.720227"], ["password_digest", "$2a$04$UkmE4do1tXQbf7yFalXXXuSgwjjJK1ueHf6Z1LOKDUgkyHmFP9v0W"]]
  [1m[35m (0.1ms)[0m  [1m[35mRELEASE SAVEPOINT active_record_1[0m
  [1m[36mUser Load (0.2ms)[0m  [1m[34mSELECT  "users".* FROM "users" WHERE "users"."id" = $1 LIMIT $2[0m  [["id", 2], ["LIMIT", 1]]
  [1m[35m (0.1ms)[0m  [1m[31mROLLBACK[0m
  [1m[35m (0.1ms)[0m  [1m[35mBEGIN[0m
---------------------------------------------------------------
UserTest: test_email_validation_should_reject_invalid_addresses
---------------------------------------------------------------
  [1m[36mUser Exists (0.3ms)[0m  [1m[34mSELECT  1 AS one FROM "users" WHERE LOWER("users"."email") = LOWER($1) LIMIT $2[0m  [["email", "user@example,com"], ["LIMIT", 1]]
  [1m[36mUser Exists (0.2ms)[0m  [1m[34mSELECT  1 AS one FROM "users" WHERE LOWER("users"."email") = LOWER($1) LIMIT $2[0m  [["email", "user_at_foo.org"], ["LIMIT", 1]]
  [1m[36mUser Exists (0.2ms)[0m  [1m[34mSELECT  1 AS one FROM "users" WHERE LOWER("users"."email") = LOWER($1) LIMIT $2[0m  [["email", "user.name@example."], ["LIMIT", 1]]
  [1m[36mUser Exists (0.2ms)[0m  [1m[34mSELECT  1 AS one FROM "users" WHERE LOWER("users"."email") = LOWER($1) LIMIT $2[0m  [["email", "foo@bar_baz.com"], ["LIMIT", 1]]
  [1m[36mUser Exists (0.2ms)[0m  [1m[34mSELECT  1 AS one FROM "users" WHERE LOWER("users"."email") = LOWER($1) LIMIT $2[0m  [["email", "foo@bar+baz.com"], ["LIMIT", 1]]
  [1m[36mUser Exists (0.2ms)[0m  [1m[34mSELECT  1 AS one FROM "users" WHERE LOWER("users"."email") = LOWER($1) LIMIT $2[0m  [["email", "foo@bar..com"], ["LIMIT", 1]]
  [1m[35m (0.1ms)[0m  [1m[31mROLLBACK[0m
  [1m[35m (0.1ms)[0m  [1m[35mBEGIN[0m
----------------------------------------------------
UserTest: test_password_should_be_present_(nonblank)
----------------------------------------------------
  [1m[36mUser Exists (0.2ms)[0m  [1m[34mSELECT  1 AS one FROM "users" WHERE LOWER("users"."email") = LOWER($1) LIMIT $2[0m  [["email", "user@example.com"], ["LIMIT", 1]]
  [1m[35m (0.1ms)[0m  [1m[31mROLLBACK[0m
  [1m[35m (0.1ms)[0m  [1m[35mBEGIN[0m
-------------------------------------------
UserTest: test_email_should_not_be_too_long
-------------------------------------------
  [1m[36mUser Exists (0.3ms)[0m  [1m[34mSELECT  1 AS one FROM "users" WHERE LOWER("users"."email") = LOWER($1) LIMIT $2[0m  [["email", "aaaaaaaaaaaaaaaaaaaaaaaaaaaaaaaaaaaaaaaaaaaaaaaaaaaaaaaaaaaaaaaaaaaaaaaaaaaaaaaaaaaaaaaaaaaaaaaaaaaaaaaaaaaaaaaaaaaaaaaaaaaaaaaaaaaaaaaaaaaaaaaaaaaaaaaaaaaaaaaaaaaaaaaaaaaaaaaaaaaaaaaaaaaaaaaaaaaaaaaaaaaaaaaaaaaaaaaaaaaaaaaaaaaaaaaaaaaaaaaaaaaa@example.com"], ["LIMIT", 1]]
  [1m[35m (0.1ms)[0m  [1m[31mROLLBACK[0m
  [1m[35m (0.1ms)[0m  [1m[35mBEGIN[0m
-------------------------------------
UserTest: test_name_should_be_present
-------------------------------------
  [1m[36mUser Exists (0.2ms)[0m  [1m[34mSELECT  1 AS one FROM "users" WHERE LOWER("users"."email") = LOWER($1) LIMIT $2[0m  [["email", "user@example.com"], ["LIMIT", 1]]
  [1m[35m (0.1ms)[0m  [1m[31mROLLBACK[0m
  [1m[35m (0.1ms)[0m  [1m[35mBEGIN[0m
------------------------------
UserTest: test_should_be_valid
------------------------------
  [1m[36mUser Exists (0.3ms)[0m  [1m[34mSELECT  1 AS one FROM "users" WHERE LOWER("users"."email") = LOWER($1) LIMIT $2[0m  [["email", "user@example.com"], ["LIMIT", 1]]
  [1m[35m (0.2ms)[0m  [1m[31mROLLBACK[0m
  [1m[35m (0.1ms)[0m  [1m[35mBEGIN[0m
-------------------------------------------------------------
UserTest: test_email_validation_should_accept_valid_addresses
-------------------------------------------------------------
  [1m[36mUser Exists (0.4ms)[0m  [1m[34mSELECT  1 AS one FROM "users" WHERE LOWER("users"."email") = LOWER($1) LIMIT $2[0m  [["email", "user@example.com"], ["LIMIT", 1]]
  [1m[36mUser Exists (0.3ms)[0m  [1m[34mSELECT  1 AS one FROM "users" WHERE LOWER("users"."email") = LOWER($1) LIMIT $2[0m  [["email", "USER@foo.COM"], ["LIMIT", 1]]
  [1m[36mUser Exists (0.3ms)[0m  [1m[34mSELECT  1 AS one FROM "users" WHERE LOWER("users"."email") = LOWER($1) LIMIT $2[0m  [["email", "A_US-ER@foo.bar.org"], ["LIMIT", 1]]
  [1m[36mUser Exists (0.4ms)[0m  [1m[34mSELECT  1 AS one FROM "users" WHERE LOWER("users"."email") = LOWER($1) LIMIT $2[0m  [["email", "first.last@foo.jp"], ["LIMIT", 1]]
  [1m[36mUser Exists (0.4ms)[0m  [1m[34mSELECT  1 AS one FROM "users" WHERE LOWER("users"."email") = LOWER($1) LIMIT $2[0m  [["email", "alice+bob@baz.cn"], ["LIMIT", 1]]
  [1m[35m (0.3ms)[0m  [1m[31mROLLBACK[0m
  [1m[35m (0.1ms)[0m  [1m[35mBEGIN[0m
--------------------------------------
UserTest: test_email_should_be_present
--------------------------------------
  [1m[36mUser Exists (0.3ms)[0m  [1m[34mSELECT  1 AS one FROM "users" WHERE LOWER("users"."email") = LOWER($1) LIMIT $2[0m  [["email", "     "], ["LIMIT", 1]]
  [1m[35m (0.1ms)[0m  [1m[31mROLLBACK[0m
  [1m[35m (0.1ms)[0m  [1m[35mBEGIN[0m
------------------------------------------------
CommentTest: test_can_save_comment_without_title
------------------------------------------------
  [1m[35m (0.1ms)[0m  [1m[35mSAVEPOINT active_record_1[0m
  [1m[35m (0.1ms)[0m  [1m[31mROLLBACK TO SAVEPOINT active_record_1[0m
  [1m[35m (0.1ms)[0m  [1m[31mROLLBACK[0m
  [1m[35m (0.1ms)[0m  [1m[35mBEGIN[0m
-------------------------------------
CommentTest: test_should_report_error
-------------------------------------
  [1m[35m (0.1ms)[0m  [1m[31mROLLBACK[0m
  [1m[35m (0.1ms)[0m  [1m[35mBEGIN[0m
---------------------------------
SiteLayoutTest: test_layout_links
---------------------------------
Started GET "/" for 127.0.0.1 at 2018-03-01 17:08:57 -0800
Processing by StaticPagesController#home as HTML
  Rendering static_pages/home.html.erb within layouts/application
  Rendered static_pages/home.html.erb within layouts/application (0.4ms)
  Rendered layouts/_shim.html.erb (0.0ms)
  Rendered layouts/_header.html.erb (0.1ms)
  Rendered layouts/_footer.html.erb (0.1ms)
Completed 200 OK in 2ms (Views: 1.6ms | ActiveRecord: 0.0ms)
  [1m[35m (0.1ms)[0m  [1m[31mROLLBACK[0m
  [1m[35m (0.1ms)[0m  [1m[35mBEGIN[0m
-------------------------------------------------------
ArticleTest: test_should_not_save_article_without_title
-------------------------------------------------------
  [1m[35m (0.1ms)[0m  [1m[35mSAVEPOINT active_record_1[0m
  [1m[35m (0.1ms)[0m  [1m[31mROLLBACK TO SAVEPOINT active_record_1[0m
  [1m[35m (0.1ms)[0m  [1m[31mROLLBACK[0m
  [1m[35m (0.1ms)[0m  [1m[35mBEGIN[0m
-------------------------------------
ArticleTest: test_should_report_error
-------------------------------------
  [1m[35m (0.1ms)[0m  [1m[31mROLLBACK[0m
  [1m[35m (0.1ms)[0m  [1m[35mBEGIN[0m
----------------------------------------
UsersControllerTest: test_should_get_new
----------------------------------------
Started GET "/signup" for 127.0.0.1 at 2018-03-01 17:08:57 -0800
Processing by UsersController#new as HTML
  Rendering users/new.html.erb within layouts/application
  Rendered shared/_error_messages.html.erb (0.3ms)
  Rendered users/new.html.erb within layouts/application (8.5ms)
  Rendered layouts/_shim.html.erb (0.0ms)
  Rendered layouts/_header.html.erb (0.1ms)
  Rendered layouts/_footer.html.erb (0.1ms)
Completed 200 OK in 12ms (Views: 11.1ms | ActiveRecord: 0.0ms)
  [1m[35m (0.1ms)[0m  [1m[31mROLLBACK[0m
  [1m[35m (0.1ms)[0m  [1m[35mBEGIN[0m
---------------------------------------------------------
ArticlesControllerTest: test_should_get_article_home_page
---------------------------------------------------------
Started GET "/articles" for 127.0.0.1 at 2018-03-01 17:08:57 -0800
Processing by ArticlesController#index as HTML
  Rendering articles/index.html.erb within layouts/application
  [1m[36mArticle Load (0.4ms)[0m  [1m[34mSELECT "articles".* FROM "articles"[0m
  Rendered articles/index.html.erb within layouts/application (1.6ms)
  Rendered layouts/_shim.html.erb (0.0ms)
  Rendered layouts/_header.html.erb (0.1ms)
  Rendered layouts/_footer.html.erb (0.1ms)
Completed 200 OK in 5ms (Views: 3.5ms | ActiveRecord: 0.4ms)
  [1m[35m (0.1ms)[0m  [1m[31mROLLBACK[0m
  [1m[35m (0.1ms)[0m  [1m[35mBEGIN[0m
------------------------------------------------
UsersSignupTest: test_invalid_signup_information
------------------------------------------------
Started GET "/signup" for 127.0.0.1 at 2018-03-01 17:08:57 -0800
Processing by UsersController#new as HTML
  Rendering users/new.html.erb within layouts/application
  Rendered shared/_error_messages.html.erb (0.0ms)
  Rendered users/new.html.erb within layouts/application (1.0ms)
  Rendered layouts/_shim.html.erb (0.0ms)
  Rendered layouts/_header.html.erb (0.1ms)
  Rendered layouts/_footer.html.erb (0.1ms)
Completed 200 OK in 3ms (Views: 2.3ms | ActiveRecord: 0.0ms)
  [1m[35m (0.3ms)[0m  [1m[34mSELECT COUNT(*) FROM "users"[0m
Started POST "/users" for 127.0.0.1 at 2018-03-01 17:08:57 -0800
Processing by UsersController#create as HTML
  Parameters: {"user"=>{"name"=>"", "email"=>"user@invalid", "password"=>"[FILTERED]", "password_confirmation"=>"[FILTERED]"}}
  [1m[35m (0.1ms)[0m  [1m[35mSAVEPOINT active_record_1[0m
  [1m[36mUser Exists (0.3ms)[0m  [1m[34mSELECT  1 AS one FROM "users" WHERE LOWER("users"."email") = LOWER($1) LIMIT $2[0m  [["email", "user@invalid"], ["LIMIT", 1]]
  [1m[35m (0.1ms)[0m  [1m[31mROLLBACK TO SAVEPOINT active_record_1[0m
  Rendering users/new.html.erb within layouts/application
  Rendered shared/_error_messages.html.erb (0.4ms)
  Rendered users/new.html.erb within layouts/application (1.4ms)
  Rendered layouts/_shim.html.erb (0.0ms)
  Rendered layouts/_header.html.erb (0.1ms)
  Rendered layouts/_footer.html.erb (0.1ms)
Completed 200 OK in 7ms (Views: 2.6ms | ActiveRecord: 0.5ms)
  [1m[35m (0.3ms)[0m  [1m[34mSELECT COUNT(*) FROM "users"[0m
  [1m[35m (0.1ms)[0m  [1m[31mROLLBACK[0m
  [1m[35m (0.6ms)[0m  [1m[34mSELECT "schema_migrations"."version" FROM "schema_migrations" ORDER BY "schema_migrations"."version" ASC[0m
  [1m[35m (0.2ms)[0m  [1m[35mBEGIN[0m
  [1m[35m (1.0ms)[0m  [1m[35mALTER TABLE "users" DISABLE TRIGGER ALL;ALTER TABLE "articles" DISABLE TRIGGER ALL;ALTER TABLE "comments" DISABLE TRIGGER ALL;ALTER TABLE "schema_migrations" DISABLE TRIGGER ALL;ALTER TABLE "ar_internal_metadata" DISABLE TRIGGER ALL[0m
  [1m[35m (5.8ms)[0m  [1m[35mCOMMIT[0m
  [1m[35m (0.2ms)[0m  [1m[35mBEGIN[0m
  [1m[36mFixture Delete (0.4ms)[0m  [1m[31mDELETE FROM "users"[0m
  [1m[36mFixture Delete (0.4ms)[0m  [1m[31mDELETE FROM "articles"[0m
  [1m[36mFixture Insert (0.3ms)[0m  [1m[32mINSERT INTO "articles" ("title", "created_at", "updated_at", "id") VALUES ('MyString', '2018-03-02 01:11:30.172251', '2018-03-02 01:11:30.172251', 980190962)[0m
  [1m[36mFixture Insert (0.7ms)[0m  [1m[32mINSERT INTO "articles" ("title", "created_at", "updated_at", "id") VALUES ('MyString', '2018-03-02 01:11:30.172251', '2018-03-02 01:11:30.172251', 298486374)[0m
  [1m[36mFixture Delete (0.3ms)[0m  [1m[31mDELETE FROM "comments"[0m
  [1m[36mFixture Insert (0.2ms)[0m  [1m[32mINSERT INTO "comments" ("commenter", "body", "created_at", "updated_at", "id", "article_id") VALUES ('MyString', 'MyText', '2018-03-02 01:11:30.182483', '2018-03-02 01:11:30.182483', 980190962, 980190962)[0m
  [1m[36mFixture Insert (0.1ms)[0m  [1m[32mINSERT INTO "comments" ("commenter", "body", "created_at", "updated_at", "id", "article_id") VALUES ('MyString', 'MyText', '2018-03-02 01:11:30.182483', '2018-03-02 01:11:30.182483', 298486374, 298486374)[0m
  [1m[35m (0.5ms)[0m  [1m[35mCOMMIT[0m
  [1m[35m (0.1ms)[0m  [1m[35mBEGIN[0m
  [1m[35m (0.4ms)[0m  [1m[35mALTER TABLE "users" ENABLE TRIGGER ALL;ALTER TABLE "articles" ENABLE TRIGGER ALL;ALTER TABLE "comments" ENABLE TRIGGER ALL;ALTER TABLE "schema_migrations" ENABLE TRIGGER ALL;ALTER TABLE "ar_internal_metadata" ENABLE TRIGGER ALL[0m
  [1m[35m (0.3ms)[0m  [1m[35mCOMMIT[0m
  [1m[35m (0.1ms)[0m  [1m[35mBEGIN[0m
----------------------------------------------------
UserTest: test_password_should_be_present_(nonblank)
----------------------------------------------------
  [1m[36mUser Exists (0.4ms)[0m  [1m[34mSELECT  1 AS one FROM "users" WHERE LOWER("users"."email") = LOWER($1) LIMIT $2[0m  [["email", "user@example.com"], ["LIMIT", 1]]
  [1m[35m (0.2ms)[0m  [1m[31mROLLBACK[0m
  [1m[35m (0.1ms)[0m  [1m[35mBEGIN[0m
----------------------------------------------------
UserTest: test_password_should_have_a_minimum_length
----------------------------------------------------
  [1m[36mUser Exists (0.3ms)[0m  [1m[34mSELECT  1 AS one FROM "users" WHERE LOWER("users"."email") = LOWER($1) LIMIT $2[0m  [["email", "user@example.com"], ["LIMIT", 1]]
  [1m[35m (0.1ms)[0m  [1m[31mROLLBACK[0m
  [1m[35m (0.1ms)[0m  [1m[35mBEGIN[0m
------------------------------------------------------------
UserTest: test_email_addresses_should_be_saved_as_lower-case
------------------------------------------------------------
  [1m[35m (0.1ms)[0m  [1m[35mSAVEPOINT active_record_1[0m
  [1m[36mUser Exists (0.3ms)[0m  [1m[34mSELECT  1 AS one FROM "users" WHERE LOWER("users"."email") = LOWER($1) LIMIT $2[0m  [["email", "Foo@ExAMPle.CoM"], ["LIMIT", 1]]
  [1m[35mSQL (0.3ms)[0m  [1m[32mINSERT INTO "users" ("name", "email", "created_at", "updated_at", "password_digest") VALUES ($1, $2, $3, $4, $5) RETURNING "id"[0m  [["name", "Example User"], ["email", "foo@example.com"], ["created_at", "2018-03-02 01:11:30.220242"], ["updated_at", "2018-03-02 01:11:30.220242"], ["password_digest", "$2a$04$qJ601Qq9sDod3EqFE/KUSuadYIUcsdKN1lpa5aT2GaFCIZqaIv55."]]
  [1m[35m (0.1ms)[0m  [1m[35mRELEASE SAVEPOINT active_record_1[0m
  [1m[36mUser Load (0.2ms)[0m  [1m[34mSELECT  "users".* FROM "users" WHERE "users"."id" = $1 LIMIT $2[0m  [["id", 1], ["LIMIT", 1]]
  [1m[35m (0.1ms)[0m  [1m[31mROLLBACK[0m
  [1m[35m (0.1ms)[0m  [1m[35mBEGIN[0m
-------------------------------------------------------------
UserTest: test_email_validation_should_accept_valid_addresses
-------------------------------------------------------------
  [1m[36mUser Exists (0.3ms)[0m  [1m[34mSELECT  1 AS one FROM "users" WHERE LOWER("users"."email") = LOWER($1) LIMIT $2[0m  [["email", "user@example.com"], ["LIMIT", 1]]
  [1m[36mUser Exists (0.2ms)[0m  [1m[34mSELECT  1 AS one FROM "users" WHERE LOWER("users"."email") = LOWER($1) LIMIT $2[0m  [["email", "USER@foo.COM"], ["LIMIT", 1]]
  [1m[36mUser Exists (0.2ms)[0m  [1m[34mSELECT  1 AS one FROM "users" WHERE LOWER("users"."email") = LOWER($1) LIMIT $2[0m  [["email", "A_US-ER@foo.bar.org"], ["LIMIT", 1]]
  [1m[36mUser Exists (0.2ms)[0m  [1m[34mSELECT  1 AS one FROM "users" WHERE LOWER("users"."email") = LOWER($1) LIMIT $2[0m  [["email", "first.last@foo.jp"], ["LIMIT", 1]]
  [1m[36mUser Exists (0.2ms)[0m  [1m[34mSELECT  1 AS one FROM "users" WHERE LOWER("users"."email") = LOWER($1) LIMIT $2[0m  [["email", "alice+bob@baz.cn"], ["LIMIT", 1]]
  [1m[35m (0.1ms)[0m  [1m[31mROLLBACK[0m
  [1m[35m (0.1ms)[0m  [1m[35mBEGIN[0m
------------------------------------------
UserTest: test_name_should_not_be_too_long
------------------------------------------
  [1m[36mUser Exists (0.2ms)[0m  [1m[34mSELECT  1 AS one FROM "users" WHERE LOWER("users"."email") = LOWER($1) LIMIT $2[0m  [["email", "user@example.com"], ["LIMIT", 1]]
  [1m[35m (0.1ms)[0m  [1m[31mROLLBACK[0m
  [1m[35m (0.1ms)[0m  [1m[35mBEGIN[0m
------------------------------
UserTest: test_should_be_valid
------------------------------
  [1m[36mUser Exists (0.2ms)[0m  [1m[34mSELECT  1 AS one FROM "users" WHERE LOWER("users"."email") = LOWER($1) LIMIT $2[0m  [["email", "user@example.com"], ["LIMIT", 1]]
  [1m[35m (0.1ms)[0m  [1m[31mROLLBACK[0m
  [1m[35m (0.1ms)[0m  [1m[35mBEGIN[0m
-----------------------------------------------
UserTest: test_email_addresses_should_be_unique
-----------------------------------------------
  [1m[35m (0.1ms)[0m  [1m[35mSAVEPOINT active_record_1[0m
  [1m[36mUser Exists (0.2ms)[0m  [1m[34mSELECT  1 AS one FROM "users" WHERE LOWER("users"."email") = LOWER($1) LIMIT $2[0m  [["email", "user@example.com"], ["LIMIT", 1]]
  [1m[35mSQL (0.2ms)[0m  [1m[32mINSERT INTO "users" ("name", "email", "created_at", "updated_at", "password_digest") VALUES ($1, $2, $3, $4, $5) RETURNING "id"[0m  [["name", "Example User"], ["email", "user@example.com"], ["created_at", "2018-03-02 01:11:30.237374"], ["updated_at", "2018-03-02 01:11:30.237374"], ["password_digest", "$2a$04$ra2zEsyvAuV8EWWWHLmdM.4krUzWmiER1Pa9yk7awpdkpaV1YDc9K"]]
  [1m[35m (0.1ms)[0m  [1m[35mRELEASE SAVEPOINT active_record_1[0m
  [1m[36mUser Exists (0.2ms)[0m  [1m[34mSELECT  1 AS one FROM "users" WHERE LOWER("users"."email") = LOWER($1) LIMIT $2[0m  [["email", "USER@EXAMPLE.COM"], ["LIMIT", 1]]
  [1m[35m (0.1ms)[0m  [1m[31mROLLBACK[0m
  [1m[35m (0.1ms)[0m  [1m[35mBEGIN[0m
--------------------------------------
UserTest: test_email_should_be_present
--------------------------------------
  [1m[36mUser Exists (0.3ms)[0m  [1m[34mSELECT  1 AS one FROM "users" WHERE LOWER("users"."email") = LOWER($1) LIMIT $2[0m  [["email", "     "], ["LIMIT", 1]]
  [1m[35m (0.1ms)[0m  [1m[31mROLLBACK[0m
  [1m[35m (0.1ms)[0m  [1m[35mBEGIN[0m
-------------------------------------
UserTest: test_name_should_be_present
-------------------------------------
  [1m[36mUser Exists (0.3ms)[0m  [1m[34mSELECT  1 AS one FROM "users" WHERE LOWER("users"."email") = LOWER($1) LIMIT $2[0m  [["email", "user@example.com"], ["LIMIT", 1]]
  [1m[35m (0.1ms)[0m  [1m[31mROLLBACK[0m
  [1m[35m (0.1ms)[0m  [1m[35mBEGIN[0m
---------------------------------------------------------------
UserTest: test_email_validation_should_reject_invalid_addresses
---------------------------------------------------------------
  [1m[36mUser Exists (0.3ms)[0m  [1m[34mSELECT  1 AS one FROM "users" WHERE LOWER("users"."email") = LOWER($1) LIMIT $2[0m  [["email", "user@example,com"], ["LIMIT", 1]]
  [1m[36mUser Exists (0.2ms)[0m  [1m[34mSELECT  1 AS one FROM "users" WHERE LOWER("users"."email") = LOWER($1) LIMIT $2[0m  [["email", "user_at_foo.org"], ["LIMIT", 1]]
  [1m[36mUser Exists (0.2ms)[0m  [1m[34mSELECT  1 AS one FROM "users" WHERE LOWER("users"."email") = LOWER($1) LIMIT $2[0m  [["email", "user.name@example."], ["LIMIT", 1]]
  [1m[36mUser Exists (0.2ms)[0m  [1m[34mSELECT  1 AS one FROM "users" WHERE LOWER("users"."email") = LOWER($1) LIMIT $2[0m  [["email", "foo@bar_baz.com"], ["LIMIT", 1]]
  [1m[36mUser Exists (0.2ms)[0m  [1m[34mSELECT  1 AS one FROM "users" WHERE LOWER("users"."email") = LOWER($1) LIMIT $2[0m  [["email", "foo@bar+baz.com"], ["LIMIT", 1]]
  [1m[36mUser Exists (0.2ms)[0m  [1m[34mSELECT  1 AS one FROM "users" WHERE LOWER("users"."email") = LOWER($1) LIMIT $2[0m  [["email", "foo@bar..com"], ["LIMIT", 1]]
  [1m[35m (0.1ms)[0m  [1m[31mROLLBACK[0m
  [1m[35m (0.1ms)[0m  [1m[35mBEGIN[0m
-------------------------------------------
UserTest: test_email_should_not_be_too_long
-------------------------------------------
  [1m[36mUser Exists (0.2ms)[0m  [1m[34mSELECT  1 AS one FROM "users" WHERE LOWER("users"."email") = LOWER($1) LIMIT $2[0m  [["email", "aaaaaaaaaaaaaaaaaaaaaaaaaaaaaaaaaaaaaaaaaaaaaaaaaaaaaaaaaaaaaaaaaaaaaaaaaaaaaaaaaaaaaaaaaaaaaaaaaaaaaaaaaaaaaaaaaaaaaaaaaaaaaaaaaaaaaaaaaaaaaaaaaaaaaaaaaaaaaaaaaaaaaaaaaaaaaaaaaaaaaaaaaaaaaaaaaaaaaaaaaaaaaaaaaaaaaaaaaaaaaaaaaaaaaaaaaaaaaaaaaaaa@example.com"], ["LIMIT", 1]]
  [1m[35m (0.1ms)[0m  [1m[31mROLLBACK[0m
  [1m[35m (0.1ms)[0m  [1m[35mBEGIN[0m
----------------------------------------------
UsersSignupTest: test_valid_signup_information
----------------------------------------------
Started GET "/signup" for 127.0.0.1 at 2018-03-01 17:11:30 -0800
Processing by UsersController#new as HTML
  Rendering users/new.html.erb within layouts/application
  Rendered shared/_error_messages.html.erb (0.3ms)
  Rendered users/new.html.erb within layouts/application (7.2ms)
  Rendered layouts/_shim.html.erb (0.2ms)
  Rendered layouts/_header.html.erb (0.3ms)
  Rendered layouts/_footer.html.erb (0.2ms)
Completed 200 OK in 139ms (Views: 132.0ms | ActiveRecord: 0.0ms)
  [1m[35m (0.4ms)[0m  [1m[34mSELECT COUNT(*) FROM "users"[0m
Started POST "/users" for 127.0.0.1 at 2018-03-01 17:11:30 -0800
Processing by UsersController#create as HTML
  Parameters: {"user"=>{"name"=>"Example User", "email"=>"user@example.com", "password"=>"[FILTERED]", "password_confirmation"=>"[FILTERED]"}}
  [1m[35m (0.1ms)[0m  [1m[35mSAVEPOINT active_record_1[0m
  [1m[36mUser Exists (0.3ms)[0m  [1m[34mSELECT  1 AS one FROM "users" WHERE LOWER("users"."email") = LOWER($1) LIMIT $2[0m  [["email", "user@example.com"], ["LIMIT", 1]]
  [1m[35mSQL (0.3ms)[0m  [1m[32mINSERT INTO "users" ("name", "email", "created_at", "updated_at", "password_digest") VALUES ($1, $2, $3, $4, $5) RETURNING "id"[0m  [["name", "Example User"], ["email", "user@example.com"], ["created_at", "2018-03-02 01:11:30.542325"], ["updated_at", "2018-03-02 01:11:30.542325"], ["password_digest", "$2a$04$PzLCMnVDKGl/LHEL8g60weK3csAQ8OVTYOyjR37Pfd1gug08vwNAW"]]
  [1m[35m (0.1ms)[0m  [1m[35mRELEASE SAVEPOINT active_record_1[0m
Redirected to http://www.example.com/users/3
Completed 302 Found in 4ms (ActiveRecord: 0.8ms)
  [1m[35m (0.2ms)[0m  [1m[34mSELECT COUNT(*) FROM "users"[0m
Started GET "/users/3" for 127.0.0.1 at 2018-03-01 17:11:30 -0800
Processing by UsersController#show as HTML
  Parameters: {"id"=>"3"}
  [1m[36mUser Load (0.2ms)[0m  [1m[34mSELECT  "users".* FROM "users" WHERE "users"."id" = $1 LIMIT $2[0m  [["id", 3], ["LIMIT", 1]]
  Rendering users/show.html.erb within layouts/application
  Rendered users/show.html.erb within layouts/application (0.5ms)
  Rendered layouts/_shim.html.erb (0.0ms)
  Rendered layouts/_header.html.erb (0.1ms)
  Rendered layouts/_footer.html.erb (0.1ms)
Completed 200 OK in 5ms (Views: 1.8ms | ActiveRecord: 0.2ms)
  [1m[35m (0.1ms)[0m  [1m[31mROLLBACK[0m
  [1m[35m (0.7ms)[0m  [1m[34mSELECT "schema_migrations"."version" FROM "schema_migrations" ORDER BY "schema_migrations"."version" ASC[0m
  [1m[35m (0.2ms)[0m  [1m[35mBEGIN[0m
  [1m[35m (0.7ms)[0m  [1m[35mALTER TABLE "users" DISABLE TRIGGER ALL;ALTER TABLE "articles" DISABLE TRIGGER ALL;ALTER TABLE "comments" DISABLE TRIGGER ALL;ALTER TABLE "schema_migrations" DISABLE TRIGGER ALL;ALTER TABLE "ar_internal_metadata" DISABLE TRIGGER ALL[0m
  [1m[35m (5.6ms)[0m  [1m[35mCOMMIT[0m
  [1m[35m (0.2ms)[0m  [1m[35mBEGIN[0m
  [1m[36mFixture Delete (0.4ms)[0m  [1m[31mDELETE FROM "users"[0m
  [1m[36mFixture Delete (0.3ms)[0m  [1m[31mDELETE FROM "articles"[0m
  [1m[36mFixture Insert (0.2ms)[0m  [1m[32mINSERT INTO "articles" ("title", "created_at", "updated_at", "id") VALUES ('MyString', '2018-03-02 01:13:20.097521', '2018-03-02 01:13:20.097521', 980190962)[0m
  [1m[36mFixture Insert (0.1ms)[0m  [1m[32mINSERT INTO "articles" ("title", "created_at", "updated_at", "id") VALUES ('MyString', '2018-03-02 01:13:20.097521', '2018-03-02 01:13:20.097521', 298486374)[0m
  [1m[36mFixture Delete (0.3ms)[0m  [1m[31mDELETE FROM "comments"[0m
  [1m[36mFixture Insert (0.2ms)[0m  [1m[32mINSERT INTO "comments" ("commenter", "body", "created_at", "updated_at", "id", "article_id") VALUES ('MyString', 'MyText', '2018-03-02 01:13:20.106265', '2018-03-02 01:13:20.106265', 980190962, 980190962)[0m
  [1m[36mFixture Insert (0.1ms)[0m  [1m[32mINSERT INTO "comments" ("commenter", "body", "created_at", "updated_at", "id", "article_id") VALUES ('MyString', 'MyText', '2018-03-02 01:13:20.106265', '2018-03-02 01:13:20.106265', 298486374, 298486374)[0m
  [1m[35m (0.4ms)[0m  [1m[35mCOMMIT[0m
  [1m[35m (0.1ms)[0m  [1m[35mBEGIN[0m
  [1m[35m (0.4ms)[0m  [1m[35mALTER TABLE "users" ENABLE TRIGGER ALL;ALTER TABLE "articles" ENABLE TRIGGER ALL;ALTER TABLE "comments" ENABLE TRIGGER ALL;ALTER TABLE "schema_migrations" ENABLE TRIGGER ALL;ALTER TABLE "ar_internal_metadata" ENABLE TRIGGER ALL[0m
  [1m[35m (0.3ms)[0m  [1m[35mCOMMIT[0m
  [1m[35m (0.1ms)[0m  [1m[35mBEGIN[0m
------------------------------------------------
CommentTest: test_can_save_comment_without_title
------------------------------------------------
  [1m[35m (0.1ms)[0m  [1m[35mSAVEPOINT active_record_1[0m
  [1m[35m (0.1ms)[0m  [1m[31mROLLBACK TO SAVEPOINT active_record_1[0m
  [1m[35m (0.1ms)[0m  [1m[31mROLLBACK[0m
  [1m[35m (0.1ms)[0m  [1m[35mBEGIN[0m
-------------------------------------
CommentTest: test_should_report_error
-------------------------------------
  [1m[35m (0.1ms)[0m  [1m[31mROLLBACK[0m
  [1m[35m (0.1ms)[0m  [1m[35mBEGIN[0m
---------------------------------
SiteLayoutTest: test_layout_links
---------------------------------
Started GET "/" for 127.0.0.1 at 2018-03-01 17:13:20 -0800
Processing by StaticPagesController#home as HTML
  Rendering static_pages/home.html.erb within layouts/application
  Rendered static_pages/home.html.erb within layouts/application (102.2ms)
  Rendered layouts/_shim.html.erb (0.2ms)
  Rendered layouts/_header.html.erb (0.3ms)
  Rendered layouts/_footer.html.erb (0.2ms)
Completed 200 OK in 119ms (Views: 111.8ms | ActiveRecord: 0.0ms)
  [1m[35m (0.1ms)[0m  [1m[31mROLLBACK[0m
  [1m[35m (0.1ms)[0m  [1m[35mBEGIN[0m
---------------------------------------------------------
CommentsControllerTest: test_should_get_comment_home_page
---------------------------------------------------------
Started GET "/articles" for 127.0.0.1 at 2018-03-01 17:13:20 -0800
Processing by ArticlesController#index as HTML
  Rendering articles/index.html.erb within layouts/application
  [1m[36mArticle Load (0.4ms)[0m  [1m[34mSELECT "articles".* FROM "articles"[0m
  Rendered articles/index.html.erb within layouts/application (4.9ms)
  Rendered layouts/_shim.html.erb (0.0ms)
  Rendered layouts/_header.html.erb (0.1ms)
  Rendered layouts/_footer.html.erb (0.1ms)
Completed 200 OK in 9ms (Views: 7.2ms | ActiveRecord: 0.4ms)
  [1m[35m (0.1ms)[0m  [1m[31mROLLBACK[0m
  [1m[35m (0.1ms)[0m  [1m[35mBEGIN[0m
-----------------------------------------------
StaticPagesControllerTest: test_should_get_home
-----------------------------------------------
Started GET "/" for 127.0.0.1 at 2018-03-01 17:13:20 -0800
Processing by StaticPagesController#home as HTML
  Rendering static_pages/home.html.erb within layouts/application
  Rendered static_pages/home.html.erb within layouts/application (0.5ms)
  Rendered layouts/_shim.html.erb (0.0ms)
  Rendered layouts/_header.html.erb (0.1ms)
  Rendered layouts/_footer.html.erb (0.1ms)
Completed 200 OK in 2ms (Views: 1.8ms | ActiveRecord: 0.0ms)
  [1m[35m (0.1ms)[0m  [1m[31mROLLBACK[0m
  [1m[35m (0.1ms)[0m  [1m[35mBEGIN[0m
------------------------------------------------
StaticPagesControllerTest: test_should_get_about
------------------------------------------------
Started GET "/about" for 127.0.0.1 at 2018-03-01 17:13:20 -0800
Processing by StaticPagesController#about as HTML
  Rendering static_pages/about.html.erb within layouts/application
  Rendered static_pages/about.html.erb within layouts/application (0.4ms)
  Rendered layouts/_shim.html.erb (0.0ms)
  Rendered layouts/_header.html.erb (0.1ms)
  Rendered layouts/_footer.html.erb (0.1ms)
Completed 200 OK in 3ms (Views: 2.0ms | ActiveRecord: 0.0ms)
  [1m[35m (0.1ms)[0m  [1m[31mROLLBACK[0m
  [1m[35m (0.1ms)[0m  [1m[35mBEGIN[0m
--------------------------------------------------
StaticPagesControllerTest: test_should_get_contact
--------------------------------------------------
Started GET "/contact" for 127.0.0.1 at 2018-03-01 17:13:20 -0800
Processing by StaticPagesController#contact as HTML
  Rendering static_pages/contact.html.erb within layouts/application
  Rendered static_pages/contact.html.erb within layouts/application (0.4ms)
  Rendered layouts/_shim.html.erb (0.1ms)
  Rendered layouts/_header.html.erb (0.2ms)
  Rendered layouts/_footer.html.erb (0.1ms)
Completed 200 OK in 5ms (Views: 2.4ms | ActiveRecord: 0.0ms)
  [1m[35m (0.2ms)[0m  [1m[31mROLLBACK[0m
  [1m[35m (0.1ms)[0m  [1m[35mBEGIN[0m
-----------------------------------------------
StaticPagesControllerTest: test_should_get_help
-----------------------------------------------
Started GET "/help" for 127.0.0.1 at 2018-03-01 17:13:20 -0800
Processing by StaticPagesController#help as HTML
  Rendering static_pages/help.html.erb within layouts/application
  Rendered static_pages/help.html.erb within layouts/application (0.3ms)
  Rendered layouts/_shim.html.erb (0.0ms)
  Rendered layouts/_header.html.erb (0.2ms)
  Rendered layouts/_footer.html.erb (0.1ms)
Completed 200 OK in 3ms (Views: 2.0ms | ActiveRecord: 0.0ms)
  [1m[35m (0.3ms)[0m  [1m[31mROLLBACK[0m
  [1m[35m (0.1ms)[0m  [1m[35mBEGIN[0m
-------------------------------------------------------
ArticleTest: test_should_not_save_article_without_title
-------------------------------------------------------
  [1m[35m (0.1ms)[0m  [1m[35mSAVEPOINT active_record_1[0m
  [1m[35m (0.1ms)[0m  [1m[31mROLLBACK TO SAVEPOINT active_record_1[0m
  [1m[35m (0.1ms)[0m  [1m[31mROLLBACK[0m
  [1m[35m (0.1ms)[0m  [1m[35mBEGIN[0m
-------------------------------------
ArticleTest: test_should_report_error
-------------------------------------
  [1m[35m (0.1ms)[0m  [1m[31mROLLBACK[0m
  [1m[35m (0.1ms)[0m  [1m[35mBEGIN[0m
------------------------------
UserTest: test_should_be_valid
------------------------------
  [1m[36mUser Exists (0.4ms)[0m  [1m[34mSELECT  1 AS one FROM "users" WHERE LOWER("users"."email") = LOWER($1) LIMIT $2[0m  [["email", "user@example.com"], ["LIMIT", 1]]
  [1m[35m (0.1ms)[0m  [1m[31mROLLBACK[0m
  [1m[35m (0.1ms)[0m  [1m[35mBEGIN[0m
---------------------------------------------------------------
UserTest: test_email_validation_should_reject_invalid_addresses
---------------------------------------------------------------
  [1m[36mUser Exists (0.4ms)[0m  [1m[34mSELECT  1 AS one FROM "users" WHERE LOWER("users"."email") = LOWER($1) LIMIT $2[0m  [["email", "user@example,com"], ["LIMIT", 1]]
  [1m[36mUser Exists (0.3ms)[0m  [1m[34mSELECT  1 AS one FROM "users" WHERE LOWER("users"."email") = LOWER($1) LIMIT $2[0m  [["email", "user_at_foo.org"], ["LIMIT", 1]]
  [1m[36mUser Exists (0.2ms)[0m  [1m[34mSELECT  1 AS one FROM "users" WHERE LOWER("users"."email") = LOWER($1) LIMIT $2[0m  [["email", "user.name@example."], ["LIMIT", 1]]
  [1m[36mUser Exists (0.2ms)[0m  [1m[34mSELECT  1 AS one FROM "users" WHERE LOWER("users"."email") = LOWER($1) LIMIT $2[0m  [["email", "foo@bar_baz.com"], ["LIMIT", 1]]
  [1m[36mUser Exists (0.2ms)[0m  [1m[34mSELECT  1 AS one FROM "users" WHERE LOWER("users"."email") = LOWER($1) LIMIT $2[0m  [["email", "foo@bar+baz.com"], ["LIMIT", 1]]
  [1m[36mUser Exists (0.2ms)[0m  [1m[34mSELECT  1 AS one FROM "users" WHERE LOWER("users"."email") = LOWER($1) LIMIT $2[0m  [["email", "foo@bar..com"], ["LIMIT", 1]]
  [1m[35m (0.2ms)[0m  [1m[31mROLLBACK[0m
  [1m[35m (0.1ms)[0m  [1m[35mBEGIN[0m
------------------------------------------
UserTest: test_name_should_not_be_too_long
------------------------------------------
  [1m[36mUser Exists (0.2ms)[0m  [1m[34mSELECT  1 AS one FROM "users" WHERE LOWER("users"."email") = LOWER($1) LIMIT $2[0m  [["email", "user@example.com"], ["LIMIT", 1]]
  [1m[35m (0.1ms)[0m  [1m[31mROLLBACK[0m
  [1m[35m (0.1ms)[0m  [1m[35mBEGIN[0m
----------------------------------------------------
UserTest: test_password_should_be_present_(nonblank)
----------------------------------------------------
  [1m[36mUser Exists (0.4ms)[0m  [1m[34mSELECT  1 AS one FROM "users" WHERE LOWER("users"."email") = LOWER($1) LIMIT $2[0m  [["email", "user@example.com"], ["LIMIT", 1]]
  [1m[35m (0.1ms)[0m  [1m[31mROLLBACK[0m
  [1m[35m (0.2ms)[0m  [1m[35mBEGIN[0m
-------------------------------------------
UserTest: test_email_should_not_be_too_long
-------------------------------------------
  [1m[36mUser Exists (0.3ms)[0m  [1m[34mSELECT  1 AS one FROM "users" WHERE LOWER("users"."email") = LOWER($1) LIMIT $2[0m  [["email", "aaaaaaaaaaaaaaaaaaaaaaaaaaaaaaaaaaaaaaaaaaaaaaaaaaaaaaaaaaaaaaaaaaaaaaaaaaaaaaaaaaaaaaaaaaaaaaaaaaaaaaaaaaaaaaaaaaaaaaaaaaaaaaaaaaaaaaaaaaaaaaaaaaaaaaaaaaaaaaaaaaaaaaaaaaaaaaaaaaaaaaaaaaaaaaaaaaaaaaaaaaaaaaaaaaaaaaaaaaaaaaaaaaaaaaaaaaaaaaaaaaaa@example.com"], ["LIMIT", 1]]
  [1m[35m (0.1ms)[0m  [1m[31mROLLBACK[0m
  [1m[35m (0.1ms)[0m  [1m[35mBEGIN[0m
-------------------------------------
UserTest: test_name_should_be_present
-------------------------------------
  [1m[36mUser Exists (0.2ms)[0m  [1m[34mSELECT  1 AS one FROM "users" WHERE LOWER("users"."email") = LOWER($1) LIMIT $2[0m  [["email", "user@example.com"], ["LIMIT", 1]]
  [1m[35m (0.1ms)[0m  [1m[31mROLLBACK[0m
  [1m[35m (0.1ms)[0m  [1m[35mBEGIN[0m
----------------------------------------------------
UserTest: test_password_should_have_a_minimum_length
----------------------------------------------------
  [1m[36mUser Exists (0.2ms)[0m  [1m[34mSELECT  1 AS one FROM "users" WHERE LOWER("users"."email") = LOWER($1) LIMIT $2[0m  [["email", "user@example.com"], ["LIMIT", 1]]
  [1m[35m (0.1ms)[0m  [1m[31mROLLBACK[0m
  [1m[35m (0.1ms)[0m  [1m[35mBEGIN[0m
--------------------------------------
UserTest: test_email_should_be_present
--------------------------------------
  [1m[36mUser Exists (0.2ms)[0m  [1m[34mSELECT  1 AS one FROM "users" WHERE LOWER("users"."email") = LOWER($1) LIMIT $2[0m  [["email", "     "], ["LIMIT", 1]]
  [1m[35m (0.1ms)[0m  [1m[31mROLLBACK[0m
  [1m[35m (0.1ms)[0m  [1m[35mBEGIN[0m
------------------------------------------------------------
UserTest: test_email_addresses_should_be_saved_as_lower-case
------------------------------------------------------------
  [1m[35m (0.1ms)[0m  [1m[35mSAVEPOINT active_record_1[0m
  [1m[36mUser Exists (0.2ms)[0m  [1m[34mSELECT  1 AS one FROM "users" WHERE LOWER("users"."email") = LOWER($1) LIMIT $2[0m  [["email", "Foo@ExAMPle.CoM"], ["LIMIT", 1]]
  [1m[35mSQL (0.3ms)[0m  [1m[32mINSERT INTO "users" ("name", "email", "created_at", "updated_at", "password_digest") VALUES ($1, $2, $3, $4, $5) RETURNING "id"[0m  [["name", "Example User"], ["email", "foo@example.com"], ["created_at", "2018-03-02 01:13:20.500304"], ["updated_at", "2018-03-02 01:13:20.500304"], ["password_digest", "$2a$04$Ubt96/.WlW88f.Xfc68ihOp.AyGJbCR7fSQzNYF.HJ05z7W2BwIlS"]]
  [1m[35m (0.1ms)[0m  [1m[35mRELEASE SAVEPOINT active_record_1[0m
  [1m[36mUser Load (0.2ms)[0m  [1m[34mSELECT  "users".* FROM "users" WHERE "users"."id" = $1 LIMIT $2[0m  [["id", 1], ["LIMIT", 1]]
  [1m[35m (0.1ms)[0m  [1m[31mROLLBACK[0m
  [1m[35m (0.1ms)[0m  [1m[35mBEGIN[0m
-------------------------------------------------------------
UserTest: test_email_validation_should_accept_valid_addresses
-------------------------------------------------------------
  [1m[36mUser Exists (0.2ms)[0m  [1m[34mSELECT  1 AS one FROM "users" WHERE LOWER("users"."email") = LOWER($1) LIMIT $2[0m  [["email", "user@example.com"], ["LIMIT", 1]]
  [1m[36mUser Exists (0.2ms)[0m  [1m[34mSELECT  1 AS one FROM "users" WHERE LOWER("users"."email") = LOWER($1) LIMIT $2[0m  [["email", "USER@foo.COM"], ["LIMIT", 1]]
  [1m[36mUser Exists (0.2ms)[0m  [1m[34mSELECT  1 AS one FROM "users" WHERE LOWER("users"."email") = LOWER($1) LIMIT $2[0m  [["email", "A_US-ER@foo.bar.org"], ["LIMIT", 1]]
  [1m[36mUser Exists (0.2ms)[0m  [1m[34mSELECT  1 AS one FROM "users" WHERE LOWER("users"."email") = LOWER($1) LIMIT $2[0m  [["email", "first.last@foo.jp"], ["LIMIT", 1]]
  [1m[36mUser Exists (0.2ms)[0m  [1m[34mSELECT  1 AS one FROM "users" WHERE LOWER("users"."email") = LOWER($1) LIMIT $2[0m  [["email", "alice+bob@baz.cn"], ["LIMIT", 1]]
  [1m[35m (0.1ms)[0m  [1m[31mROLLBACK[0m
  [1m[35m (0.1ms)[0m  [1m[35mBEGIN[0m
-----------------------------------------------
UserTest: test_email_addresses_should_be_unique
-----------------------------------------------
  [1m[35m (0.1ms)[0m  [1m[35mSAVEPOINT active_record_1[0m
  [1m[36mUser Exists (0.2ms)[0m  [1m[34mSELECT  1 AS one FROM "users" WHERE LOWER("users"."email") = LOWER($1) LIMIT $2[0m  [["email", "user@example.com"], ["LIMIT", 1]]
  [1m[35mSQL (0.3ms)[0m  [1m[32mINSERT INTO "users" ("name", "email", "created_at", "updated_at", "password_digest") VALUES ($1, $2, $3, $4, $5) RETURNING "id"[0m  [["name", "Example User"], ["email", "user@example.com"], ["created_at", "2018-03-02 01:13:20.510590"], ["updated_at", "2018-03-02 01:13:20.510590"], ["password_digest", "$2a$04$LvssaN/6sSIcmM1.5Yji9.cBRVczM/yBti8k/hL1jrADyQATQMhbm"]]
  [1m[35m (0.1ms)[0m  [1m[35mRELEASE SAVEPOINT active_record_1[0m
  [1m[36mUser Exists (0.2ms)[0m  [1m[34mSELECT  1 AS one FROM "users" WHERE LOWER("users"."email") = LOWER($1) LIMIT $2[0m  [["email", "USER@EXAMPLE.COM"], ["LIMIT", 1]]
  [1m[35m (0.1ms)[0m  [1m[31mROLLBACK[0m
  [1m[35m (0.1ms)[0m  [1m[35mBEGIN[0m
----------------------------------------------
UsersSignupTest: test_valid_signup_information
----------------------------------------------
Started GET "/signup" for 127.0.0.1 at 2018-03-01 17:13:20 -0800
Processing by UsersController#new as HTML
  Rendering users/new.html.erb within layouts/application
  Rendered shared/_error_messages.html.erb (0.3ms)
  Rendered users/new.html.erb within layouts/application (7.6ms)
  Rendered layouts/_shim.html.erb (0.0ms)
  Rendered layouts/_header.html.erb (0.1ms)
  Rendered layouts/_footer.html.erb (0.1ms)
Completed 200 OK in 13ms (Views: 11.0ms | ActiveRecord: 0.0ms)
  [1m[35m (0.4ms)[0m  [1m[34mSELECT COUNT(*) FROM "users"[0m
Started POST "/users" for 127.0.0.1 at 2018-03-01 17:13:20 -0800
Processing by UsersController#create as HTML
  Parameters: {"user"=>{"name"=>"Example User", "email"=>"user@example.com", "password"=>"[FILTERED]", "password_confirmation"=>"[FILTERED]"}}
  [1m[35m (0.1ms)[0m  [1m[35mSAVEPOINT active_record_1[0m
  [1m[36mUser Exists (0.3ms)[0m  [1m[34mSELECT  1 AS one FROM "users" WHERE LOWER("users"."email") = LOWER($1) LIMIT $2[0m  [["email", "user@example.com"], ["LIMIT", 1]]
  [1m[35mSQL (0.3ms)[0m  [1m[32mINSERT INTO "users" ("name", "email", "created_at", "updated_at", "password_digest") VALUES ($1, $2, $3, $4, $5) RETURNING "id"[0m  [["name", "Example User"], ["email", "user@example.com"], ["created_at", "2018-03-02 01:13:20.538451"], ["updated_at", "2018-03-02 01:13:20.538451"], ["password_digest", "$2a$04$HcsCMm6ujn43Vvk36R8QUeOQamf3OvPxPakMHeiZOdUiAF3FXtTOG"]]
  [1m[35m (0.1ms)[0m  [1m[35mRELEASE SAVEPOINT active_record_1[0m
Redirected to http://www.example.com/users/3
Completed 302 Found in 5ms (ActiveRecord: 0.8ms)
  [1m[35m (0.2ms)[0m  [1m[34mSELECT COUNT(*) FROM "users"[0m
Started GET "/users/3" for 127.0.0.1 at 2018-03-01 17:13:20 -0800
Processing by UsersController#show as HTML
  Parameters: {"id"=>"3"}
  [1m[36mUser Load (0.2ms)[0m  [1m[34mSELECT  "users".* FROM "users" WHERE "users"."id" = $1 LIMIT $2[0m  [["id", 3], ["LIMIT", 1]]
  Rendering users/show.html.erb within layouts/application
  Rendered users/show.html.erb within layouts/application (0.5ms)
  Rendered layouts/_shim.html.erb (0.1ms)
  Rendered layouts/_header.html.erb (0.2ms)
  Rendered layouts/_footer.html.erb (0.1ms)
Completed 200 OK in 6ms (Views: 2.3ms | ActiveRecord: 0.2ms)
  [1m[35m (0.2ms)[0m  [1m[31mROLLBACK[0m
  [1m[35m (0.1ms)[0m  [1m[35mBEGIN[0m
------------------------------------------------
UsersSignupTest: test_invalid_signup_information
------------------------------------------------
Started GET "/signup" for 127.0.0.1 at 2018-03-01 17:13:20 -0800
Processing by UsersController#new as HTML
  Rendering users/new.html.erb within layouts/application
  Rendered shared/_error_messages.html.erb (0.0ms)
  Rendered users/new.html.erb within layouts/application (1.3ms)
  Rendered layouts/_shim.html.erb (0.0ms)
  Rendered layouts/_header.html.erb (0.1ms)
  Rendered layouts/_footer.html.erb (0.1ms)
Completed 200 OK in 3ms (Views: 3.0ms | ActiveRecord: 0.0ms)
  [1m[35m (0.3ms)[0m  [1m[34mSELECT COUNT(*) FROM "users"[0m
Started POST "/users" for 127.0.0.1 at 2018-03-01 17:13:20 -0800
Processing by UsersController#create as HTML
  Parameters: {"user"=>{"name"=>"", "email"=>"user@invalid", "password"=>"[FILTERED]", "password_confirmation"=>"[FILTERED]"}}
  [1m[35m (0.1ms)[0m  [1m[35mSAVEPOINT active_record_1[0m
  [1m[36mUser Exists (0.3ms)[0m  [1m[34mSELECT  1 AS one FROM "users" WHERE LOWER("users"."email") = LOWER($1) LIMIT $2[0m  [["email", "user@invalid"], ["LIMIT", 1]]
  [1m[35m (0.1ms)[0m  [1m[31mROLLBACK TO SAVEPOINT active_record_1[0m
  Rendering users/new.html.erb within layouts/application
  Rendered shared/_error_messages.html.erb (1.2ms)
  Rendered users/new.html.erb within layouts/application (2.9ms)
  Rendered layouts/_shim.html.erb (0.1ms)
  Rendered layouts/_header.html.erb (0.6ms)
  Rendered layouts/_footer.html.erb (0.1ms)
Completed 200 OK in 12ms (Views: 6.1ms | ActiveRecord: 0.6ms)
  [1m[35m (0.3ms)[0m  [1m[34mSELECT COUNT(*) FROM "users"[0m
  [1m[35m (0.1ms)[0m  [1m[31mROLLBACK[0m
  [1m[35m (0.2ms)[0m  [1m[35mBEGIN[0m
---------------------------------------------------------
ArticlesControllerTest: test_should_get_article_home_page
---------------------------------------------------------
Started GET "/articles" for 127.0.0.1 at 2018-03-01 17:13:20 -0800
Processing by ArticlesController#index as HTML
  Rendering articles/index.html.erb within layouts/application
  [1m[36mArticle Load (0.4ms)[0m  [1m[34mSELECT "articles".* FROM "articles"[0m
  Rendered articles/index.html.erb within layouts/application (2.1ms)
  Rendered layouts/_shim.html.erb (0.0ms)
  Rendered layouts/_header.html.erb (0.1ms)
  Rendered layouts/_footer.html.erb (0.1ms)
Completed 200 OK in 6ms (Views: 4.5ms | ActiveRecord: 0.4ms)
  [1m[35m (0.2ms)[0m  [1m[31mROLLBACK[0m
  [1m[35m (0.1ms)[0m  [1m[35mBEGIN[0m
----------------------------------------
UsersControllerTest: test_should_get_new
----------------------------------------
Started GET "/signup" for 127.0.0.1 at 2018-03-01 17:13:20 -0800
Processing by UsersController#new as HTML
  Rendering users/new.html.erb within layouts/application
  Rendered shared/_error_messages.html.erb (0.0ms)
  Rendered users/new.html.erb within layouts/application (2.6ms)
  Rendered layouts/_shim.html.erb (0.0ms)
  Rendered layouts/_header.html.erb (0.4ms)
  Rendered layouts/_footer.html.erb (0.1ms)
Completed 200 OK in 5ms (Views: 4.8ms | ActiveRecord: 0.0ms)
  [1m[35m (0.1ms)[0m  [1m[31mROLLBACK[0m
  [1m[35m (0.7ms)[0m  [1m[34mSELECT "schema_migrations"."version" FROM "schema_migrations" ORDER BY "schema_migrations"."version" ASC[0m
  [1m[35m (0.2ms)[0m  [1m[35mBEGIN[0m
  [1m[35m (0.7ms)[0m  [1m[35mALTER TABLE "users" DISABLE TRIGGER ALL;ALTER TABLE "articles" DISABLE TRIGGER ALL;ALTER TABLE "comments" DISABLE TRIGGER ALL;ALTER TABLE "schema_migrations" DISABLE TRIGGER ALL;ALTER TABLE "ar_internal_metadata" DISABLE TRIGGER ALL[0m
  [1m[35m (5.7ms)[0m  [1m[35mCOMMIT[0m
  [1m[35m (0.2ms)[0m  [1m[35mBEGIN[0m
  [1m[36mFixture Delete (0.4ms)[0m  [1m[31mDELETE FROM "users"[0m
  [1m[36mFixture Delete (0.3ms)[0m  [1m[31mDELETE FROM "articles"[0m
  [1m[36mFixture Insert (0.2ms)[0m  [1m[32mINSERT INTO "articles" ("title", "created_at", "updated_at", "id") VALUES ('MyString', '2018-03-02 01:48:12.920479', '2018-03-02 01:48:12.920479', 980190962)[0m
  [1m[36mFixture Insert (0.1ms)[0m  [1m[32mINSERT INTO "articles" ("title", "created_at", "updated_at", "id") VALUES ('MyString', '2018-03-02 01:48:12.920479', '2018-03-02 01:48:12.920479', 298486374)[0m
  [1m[36mFixture Delete (0.3ms)[0m  [1m[31mDELETE FROM "comments"[0m
  [1m[36mFixture Insert (0.2ms)[0m  [1m[32mINSERT INTO "comments" ("commenter", "body", "created_at", "updated_at", "id", "article_id") VALUES ('MyString', 'MyText', '2018-03-02 01:48:12.930474', '2018-03-02 01:48:12.930474', 980190962, 980190962)[0m
  [1m[36mFixture Insert (0.1ms)[0m  [1m[32mINSERT INTO "comments" ("commenter", "body", "created_at", "updated_at", "id", "article_id") VALUES ('MyString', 'MyText', '2018-03-02 01:48:12.930474', '2018-03-02 01:48:12.930474', 298486374, 298486374)[0m
  [1m[35m (0.5ms)[0m  [1m[35mCOMMIT[0m
  [1m[35m (0.2ms)[0m  [1m[35mBEGIN[0m
  [1m[35m (0.6ms)[0m  [1m[35mALTER TABLE "users" ENABLE TRIGGER ALL;ALTER TABLE "articles" ENABLE TRIGGER ALL;ALTER TABLE "comments" ENABLE TRIGGER ALL;ALTER TABLE "schema_migrations" ENABLE TRIGGER ALL;ALTER TABLE "ar_internal_metadata" ENABLE TRIGGER ALL[0m
  [1m[35m (0.5ms)[0m  [1m[35mCOMMIT[0m
  [1m[35m (0.1ms)[0m  [1m[35mBEGIN[0m
------------------------------------------------
UsersSignupTest: test_invalid_signup_information
------------------------------------------------
Started GET "/signup" for 127.0.0.1 at 2018-03-01 17:48:13 -0800
Processing by UsersController#new as HTML
  Rendering users/new.html.erb within layouts/application
  Rendered shared/_error_messages.html.erb (0.3ms)
  Rendered users/new.html.erb within layouts/application (10.3ms)
  Rendered layouts/_shim.html.erb (0.2ms)
  Rendered layouts/_header.html.erb (0.4ms)
  Rendered layouts/_footer.html.erb (0.3ms)
Completed 200 OK in 147ms (Views: 133.1ms | ActiveRecord: 2.9ms)
  [1m[35m (0.4ms)[0m  [1m[34mSELECT COUNT(*) FROM "users"[0m
Started POST "/users" for 127.0.0.1 at 2018-03-01 17:48:13 -0800
Processing by UsersController#create as HTML
  Parameters: {"user"=>{"name"=>"", "email"=>"user@invalid", "password"=>"[FILTERED]", "password_confirmation"=>"[FILTERED]"}}
  [1m[35m (0.1ms)[0m  [1m[35mSAVEPOINT active_record_1[0m
  [1m[36mUser Exists (0.4ms)[0m  [1m[34mSELECT  1 AS one FROM "users" WHERE LOWER("users"."email") = LOWER($1) LIMIT $2[0m  [["email", "user@invalid"], ["LIMIT", 1]]
  [1m[35m (0.1ms)[0m  [1m[31mROLLBACK TO SAVEPOINT active_record_1[0m
  Rendering users/new.html.erb within layouts/application
  Rendered shared/_error_messages.html.erb (0.4ms)
  Rendered users/new.html.erb within layouts/application (1.4ms)
  Rendered layouts/_shim.html.erb (0.0ms)
  Rendered layouts/_header.html.erb (0.1ms)
  Rendered layouts/_footer.html.erb (0.1ms)
Completed 200 OK in 10ms (Views: 2.8ms | ActiveRecord: 1.9ms)
  [1m[35m (0.3ms)[0m  [1m[34mSELECT COUNT(*) FROM "users"[0m
  [1m[35m (0.1ms)[0m  [1m[31mROLLBACK[0m
  [1m[35m (0.1ms)[0m  [1m[35mBEGIN[0m
----------------------------------------------
UsersSignupTest: test_valid_signup_information
----------------------------------------------
Started GET "/signup" for 127.0.0.1 at 2018-03-01 17:48:13 -0800
Processing by UsersController#new as HTML
  Rendering users/new.html.erb within layouts/application
  Rendered shared/_error_messages.html.erb (0.1ms)
  Rendered users/new.html.erb within layouts/application (1.0ms)
  Rendered layouts/_shim.html.erb (0.0ms)
  Rendered layouts/_header.html.erb (0.1ms)
  Rendered layouts/_footer.html.erb (0.1ms)
Completed 200 OK in 2ms (Views: 2.2ms | ActiveRecord: 0.0ms)
  [1m[35m (0.3ms)[0m  [1m[34mSELECT COUNT(*) FROM "users"[0m
Started POST "/users" for 127.0.0.1 at 2018-03-01 17:48:13 -0800
Processing by UsersController#create as HTML
  Parameters: {"user"=>{"name"=>"Example User", "email"=>"user@example.com", "password"=>"[FILTERED]", "password_confirmation"=>"[FILTERED]"}}
  [1m[35m (0.1ms)[0m  [1m[35mSAVEPOINT active_record_1[0m
  [1m[36mUser Exists (0.3ms)[0m  [1m[34mSELECT  1 AS one FROM "users" WHERE LOWER("users"."email") = LOWER($1) LIMIT $2[0m  [["email", "user@example.com"], ["LIMIT", 1]]
  [1m[35mSQL (0.3ms)[0m  [1m[32mINSERT INTO "users" ("name", "email", "created_at", "updated_at", "password_digest") VALUES ($1, $2, $3, $4, $5) RETURNING "id"[0m  [["name", "Example User"], ["email", "user@example.com"], ["created_at", "2018-03-02 01:48:13.255611"], ["updated_at", "2018-03-02 01:48:13.255611"], ["password_digest", "$2a$04$97tzRHFYIpLfpH8IL3lK1uDujagBHmOnusRxcUk.VpfkyuraOsjQ6"]]
  [1m[35m (0.1ms)[0m  [1m[35mRELEASE SAVEPOINT active_record_1[0m
Redirected to http://www.example.com/users/1
Completed 302 Found in 4ms (ActiveRecord: 0.8ms)
  [1m[35m (0.2ms)[0m  [1m[34mSELECT COUNT(*) FROM "users"[0m
Started GET "/users/1" for 127.0.0.1 at 2018-03-01 17:48:13 -0800
Processing by UsersController#show as HTML
  Parameters: {"id"=>"1"}
  [1m[36mUser Load (0.2ms)[0m  [1m[34mSELECT  "users".* FROM "users" WHERE "users"."id" = $1 LIMIT $2[0m  [["id", 1], ["LIMIT", 1]]
  Rendering users/show.html.erb within layouts/application
  Rendered users/show.html.erb within layouts/application (0.5ms)
  Rendered layouts/_shim.html.erb (0.0ms)
  Rendered layouts/_header.html.erb (0.1ms)
  Rendered layouts/_footer.html.erb (0.1ms)
Completed 200 OK in 6ms (Views: 1.9ms | ActiveRecord: 0.3ms)
  [1m[35m (0.2ms)[0m  [1m[31mROLLBACK[0m
  [1m[35m (0.1ms)[0m  [1m[35mBEGIN[0m
---------------------------------------------------------
ArticlesControllerTest: test_should_get_article_home_page
---------------------------------------------------------
Started GET "/articles" for 127.0.0.1 at 2018-03-01 17:48:13 -0800
Processing by ArticlesController#index as HTML
  Rendering articles/index.html.erb within layouts/application
  [1m[36mArticle Load (0.3ms)[0m  [1m[34mSELECT "articles".* FROM "articles"[0m
  Rendered articles/index.html.erb within layouts/application (3.9ms)
  Rendered layouts/_shim.html.erb (0.0ms)
  Rendered layouts/_header.html.erb (0.1ms)
  Rendered layouts/_footer.html.erb (0.1ms)
Completed 200 OK in 8ms (Views: 6.1ms | ActiveRecord: 0.3ms)
  [1m[35m (0.2ms)[0m  [1m[31mROLLBACK[0m
  [1m[35m (0.1ms)[0m  [1m[35mBEGIN[0m
--------------------------------------
UserTest: test_email_should_be_present
--------------------------------------
  [1m[36mUser Exists (0.3ms)[0m  [1m[34mSELECT  1 AS one FROM "users" WHERE LOWER("users"."email") = LOWER($1) LIMIT $2[0m  [["email", "     "], ["LIMIT", 1]]
  [1m[35m (0.2ms)[0m  [1m[31mROLLBACK[0m
  [1m[35m (0.1ms)[0m  [1m[35mBEGIN[0m
-------------------------------------
UserTest: test_name_should_be_present
-------------------------------------
  [1m[36mUser Exists (0.4ms)[0m  [1m[34mSELECT  1 AS one FROM "users" WHERE LOWER("users"."email") = LOWER($1) LIMIT $2[0m  [["email", "user@example.com"], ["LIMIT", 1]]
  [1m[35m (0.1ms)[0m  [1m[31mROLLBACK[0m
  [1m[35m (0.1ms)[0m  [1m[35mBEGIN[0m
------------------------------------------------------------
UserTest: test_email_addresses_should_be_saved_as_lower-case
------------------------------------------------------------
  [1m[35m (0.1ms)[0m  [1m[35mSAVEPOINT active_record_1[0m
  [1m[36mUser Exists (0.3ms)[0m  [1m[34mSELECT  1 AS one FROM "users" WHERE LOWER("users"."email") = LOWER($1) LIMIT $2[0m  [["email", "Foo@ExAMPle.CoM"], ["LIMIT", 1]]
  [1m[35mSQL (0.3ms)[0m  [1m[32mINSERT INTO "users" ("name", "email", "created_at", "updated_at", "password_digest") VALUES ($1, $2, $3, $4, $5) RETURNING "id"[0m  [["name", "Example User"], ["email", "foo@example.com"], ["created_at", "2018-03-02 01:48:13.289292"], ["updated_at", "2018-03-02 01:48:13.289292"], ["password_digest", "$2a$04$GiFuiWaUpRiBxHBS69JMReIxyhG.F48DYxMiavRVoT5JH3dxDAhFa"]]
  [1m[35m (0.1ms)[0m  [1m[35mRELEASE SAVEPOINT active_record_1[0m
  [1m[36mUser Load (0.2ms)[0m  [1m[34mSELECT  "users".* FROM "users" WHERE "users"."id" = $1 LIMIT $2[0m  [["id", 2], ["LIMIT", 1]]
  [1m[35m (0.1ms)[0m  [1m[31mROLLBACK[0m
  [1m[35m (0.1ms)[0m  [1m[35mBEGIN[0m
-------------------------------------------
UserTest: test_email_should_not_be_too_long
-------------------------------------------
  [1m[36mUser Exists (0.3ms)[0m  [1m[34mSELECT  1 AS one FROM "users" WHERE LOWER("users"."email") = LOWER($1) LIMIT $2[0m  [["email", "aaaaaaaaaaaaaaaaaaaaaaaaaaaaaaaaaaaaaaaaaaaaaaaaaaaaaaaaaaaaaaaaaaaaaaaaaaaaaaaaaaaaaaaaaaaaaaaaaaaaaaaaaaaaaaaaaaaaaaaaaaaaaaaaaaaaaaaaaaaaaaaaaaaaaaaaaaaaaaaaaaaaaaaaaaaaaaaaaaaaaaaaaaaaaaaaaaaaaaaaaaaaaaaaaaaaaaaaaaaaaaaaaaaaaaaaaaaaaaaaaaaa@example.com"], ["LIMIT", 1]]
  [1m[35m (0.1ms)[0m  [1m[31mROLLBACK[0m
  [1m[35m (0.1ms)[0m  [1m[35mBEGIN[0m
----------------------------------------------------
UserTest: test_password_should_have_a_minimum_length
----------------------------------------------------
  [1m[36mUser Exists (0.3ms)[0m  [1m[34mSELECT  1 AS one FROM "users" WHERE LOWER("users"."email") = LOWER($1) LIMIT $2[0m  [["email", "user@example.com"], ["LIMIT", 1]]
  [1m[35m (0.2ms)[0m  [1m[31mROLLBACK[0m
  [1m[35m (0.1ms)[0m  [1m[35mBEGIN[0m
------------------------------------------
UserTest: test_name_should_not_be_too_long
------------------------------------------
  [1m[36mUser Exists (0.3ms)[0m  [1m[34mSELECT  1 AS one FROM "users" WHERE LOWER("users"."email") = LOWER($1) LIMIT $2[0m  [["email", "user@example.com"], ["LIMIT", 1]]
  [1m[35m (0.1ms)[0m  [1m[31mROLLBACK[0m
  [1m[35m (0.1ms)[0m  [1m[35mBEGIN[0m
------------------------------
UserTest: test_should_be_valid
------------------------------
  [1m[36mUser Exists (0.2ms)[0m  [1m[34mSELECT  1 AS one FROM "users" WHERE LOWER("users"."email") = LOWER($1) LIMIT $2[0m  [["email", "user@example.com"], ["LIMIT", 1]]
  [1m[35m (0.1ms)[0m  [1m[31mROLLBACK[0m
  [1m[35m (0.1ms)[0m  [1m[35mBEGIN[0m
----------------------------------------------------
UserTest: test_password_should_be_present_(nonblank)
----------------------------------------------------
  [1m[36mUser Exists (0.2ms)[0m  [1m[34mSELECT  1 AS one FROM "users" WHERE LOWER("users"."email") = LOWER($1) LIMIT $2[0m  [["email", "user@example.com"], ["LIMIT", 1]]
  [1m[35m (0.2ms)[0m  [1m[31mROLLBACK[0m
  [1m[35m (0.1ms)[0m  [1m[35mBEGIN[0m
---------------------------------------------------------------
UserTest: test_email_validation_should_reject_invalid_addresses
---------------------------------------------------------------
  [1m[36mUser Exists (0.2ms)[0m  [1m[34mSELECT  1 AS one FROM "users" WHERE LOWER("users"."email") = LOWER($1) LIMIT $2[0m  [["email", "user@example,com"], ["LIMIT", 1]]
  [1m[36mUser Exists (0.2ms)[0m  [1m[34mSELECT  1 AS one FROM "users" WHERE LOWER("users"."email") = LOWER($1) LIMIT $2[0m  [["email", "user_at_foo.org"], ["LIMIT", 1]]
  [1m[36mUser Exists (0.2ms)[0m  [1m[34mSELECT  1 AS one FROM "users" WHERE LOWER("users"."email") = LOWER($1) LIMIT $2[0m  [["email", "user.name@example."], ["LIMIT", 1]]
  [1m[36mUser Exists (0.2ms)[0m  [1m[34mSELECT  1 AS one FROM "users" WHERE LOWER("users"."email") = LOWER($1) LIMIT $2[0m  [["email", "foo@bar_baz.com"], ["LIMIT", 1]]
  [1m[36mUser Exists (0.2ms)[0m  [1m[34mSELECT  1 AS one FROM "users" WHERE LOWER("users"."email") = LOWER($1) LIMIT $2[0m  [["email", "foo@bar+baz.com"], ["LIMIT", 1]]
  [1m[36mUser Exists (0.2ms)[0m  [1m[34mSELECT  1 AS one FROM "users" WHERE LOWER("users"."email") = LOWER($1) LIMIT $2[0m  [["email", "foo@bar..com"], ["LIMIT", 1]]
  [1m[35m (0.1ms)[0m  [1m[31mROLLBACK[0m
  [1m[35m (0.1ms)[0m  [1m[35mBEGIN[0m
-------------------------------------------------------------
UserTest: test_email_validation_should_accept_valid_addresses
-------------------------------------------------------------
  [1m[36mUser Exists (0.3ms)[0m  [1m[34mSELECT  1 AS one FROM "users" WHERE LOWER("users"."email") = LOWER($1) LIMIT $2[0m  [["email", "user@example.com"], ["LIMIT", 1]]
  [1m[36mUser Exists (0.3ms)[0m  [1m[34mSELECT  1 AS one FROM "users" WHERE LOWER("users"."email") = LOWER($1) LIMIT $2[0m  [["email", "USER@foo.COM"], ["LIMIT", 1]]
  [1m[36mUser Exists (0.3ms)[0m  [1m[34mSELECT  1 AS one FROM "users" WHERE LOWER("users"."email") = LOWER($1) LIMIT $2[0m  [["email", "A_US-ER@foo.bar.org"], ["LIMIT", 1]]
  [1m[36mUser Exists (0.2ms)[0m  [1m[34mSELECT  1 AS one FROM "users" WHERE LOWER("users"."email") = LOWER($1) LIMIT $2[0m  [["email", "first.last@foo.jp"], ["LIMIT", 1]]
  [1m[36mUser Exists (0.2ms)[0m  [1m[34mSELECT  1 AS one FROM "users" WHERE LOWER("users"."email") = LOWER($1) LIMIT $2[0m  [["email", "alice+bob@baz.cn"], ["LIMIT", 1]]
  [1m[35m (0.1ms)[0m  [1m[31mROLLBACK[0m
  [1m[35m (0.1ms)[0m  [1m[35mBEGIN[0m
-----------------------------------------------
UserTest: test_email_addresses_should_be_unique
-----------------------------------------------
  [1m[35m (0.1ms)[0m  [1m[35mSAVEPOINT active_record_1[0m
  [1m[36mUser Exists (0.2ms)[0m  [1m[34mSELECT  1 AS one FROM "users" WHERE LOWER("users"."email") = LOWER($1) LIMIT $2[0m  [["email", "user@example.com"], ["LIMIT", 1]]
  [1m[35mSQL (0.3ms)[0m  [1m[32mINSERT INTO "users" ("name", "email", "created_at", "updated_at", "password_digest") VALUES ($1, $2, $3, $4, $5) RETURNING "id"[0m  [["name", "Example User"], ["email", "user@example.com"], ["created_at", "2018-03-02 01:48:13.322853"], ["updated_at", "2018-03-02 01:48:13.322853"], ["password_digest", "$2a$04$UoKpZ4v7tspUxcm.wknIfeaWn5U1Z74xLXRTDnwBMPxH.I5Rf0ZH."]]
  [1m[35m (0.1ms)[0m  [1m[35mRELEASE SAVEPOINT active_record_1[0m
  [1m[36mUser Exists (0.2ms)[0m  [1m[34mSELECT  1 AS one FROM "users" WHERE LOWER("users"."email") = LOWER($1) LIMIT $2[0m  [["email", "USER@EXAMPLE.COM"], ["LIMIT", 1]]
  [1m[35m (0.1ms)[0m  [1m[31mROLLBACK[0m
  [1m[35m (0.1ms)[0m  [1m[35mBEGIN[0m
----------------------------------------
UsersControllerTest: test_should_get_new
----------------------------------------
Started GET "/signup" for 127.0.0.1 at 2018-03-01 17:48:13 -0800
Processing by UsersController#new as HTML
  Rendering users/new.html.erb within layouts/application
  Rendered shared/_error_messages.html.erb (0.1ms)
  Rendered users/new.html.erb within layouts/application (1.3ms)
  Rendered layouts/_shim.html.erb (0.0ms)
  Rendered layouts/_header.html.erb (0.1ms)
  Rendered layouts/_footer.html.erb (0.1ms)
Completed 200 OK in 3ms (Views: 2.8ms | ActiveRecord: 0.0ms)
  [1m[35m (0.2ms)[0m  [1m[31mROLLBACK[0m
  [1m[35m (0.1ms)[0m  [1m[35mBEGIN[0m
--------------------------------------------------
StaticPagesControllerTest: test_should_get_contact
--------------------------------------------------
Started GET "/contact" for 127.0.0.1 at 2018-03-01 17:48:13 -0800
Processing by StaticPagesController#contact as HTML
  Rendering static_pages/contact.html.erb within layouts/application
  Rendered static_pages/contact.html.erb within layouts/application (0.2ms)
  Rendered layouts/_shim.html.erb (0.0ms)
  Rendered layouts/_header.html.erb (0.1ms)
  Rendered layouts/_footer.html.erb (0.1ms)
Completed 200 OK in 4ms (Views: 2.8ms | ActiveRecord: 0.0ms)
  [1m[35m (0.1ms)[0m  [1m[31mROLLBACK[0m
  [1m[35m (0.1ms)[0m  [1m[35mBEGIN[0m
-----------------------------------------------
StaticPagesControllerTest: test_should_get_help
-----------------------------------------------
Started GET "/help" for 127.0.0.1 at 2018-03-01 17:48:13 -0800
Processing by StaticPagesController#help as HTML
  Rendering static_pages/help.html.erb within layouts/application
  Rendered static_pages/help.html.erb within layouts/application (0.2ms)
  Rendered layouts/_shim.html.erb (0.0ms)
  Rendered layouts/_header.html.erb (0.1ms)
  Rendered layouts/_footer.html.erb (0.1ms)
Completed 200 OK in 3ms (Views: 1.6ms | ActiveRecord: 0.0ms)
  [1m[35m (0.1ms)[0m  [1m[31mROLLBACK[0m
  [1m[35m (0.1ms)[0m  [1m[35mBEGIN[0m
------------------------------------------------
StaticPagesControllerTest: test_should_get_about
------------------------------------------------
Started GET "/about" for 127.0.0.1 at 2018-03-01 17:48:13 -0800
Processing by StaticPagesController#about as HTML
  Rendering static_pages/about.html.erb within layouts/application
  Rendered static_pages/about.html.erb within layouts/application (0.4ms)
  Rendered layouts/_shim.html.erb (0.0ms)
  Rendered layouts/_header.html.erb (0.1ms)
  Rendered layouts/_footer.html.erb (0.1ms)
Completed 200 OK in 3ms (Views: 1.8ms | ActiveRecord: 0.0ms)
  [1m[35m (0.1ms)[0m  [1m[31mROLLBACK[0m
  [1m[35m (0.1ms)[0m  [1m[35mBEGIN[0m
-----------------------------------------------
StaticPagesControllerTest: test_should_get_home
-----------------------------------------------
Started GET "/" for 127.0.0.1 at 2018-03-01 17:48:13 -0800
Processing by StaticPagesController#home as HTML
  Rendering static_pages/home.html.erb within layouts/application
  Rendered static_pages/home.html.erb within layouts/application (1.0ms)
  Rendered layouts/_shim.html.erb (0.1ms)
  Rendered layouts/_header.html.erb (0.2ms)
  Rendered layouts/_footer.html.erb (0.1ms)
Completed 200 OK in 4ms (Views: 3.0ms | ActiveRecord: 0.0ms)
  [1m[35m (0.2ms)[0m  [1m[31mROLLBACK[0m
  [1m[35m (0.1ms)[0m  [1m[35mBEGIN[0m
------------------------------------------------
CommentTest: test_can_save_comment_without_title
------------------------------------------------
  [1m[35m (0.2ms)[0m  [1m[35mSAVEPOINT active_record_1[0m
  [1m[35m (0.1ms)[0m  [1m[31mROLLBACK TO SAVEPOINT active_record_1[0m
  [1m[35m (0.1ms)[0m  [1m[31mROLLBACK[0m
  [1m[35m (0.1ms)[0m  [1m[35mBEGIN[0m
-------------------------------------
CommentTest: test_should_report_error
-------------------------------------
  [1m[35m (0.1ms)[0m  [1m[31mROLLBACK[0m
  [1m[35m (0.1ms)[0m  [1m[35mBEGIN[0m
-------------------------------------
ArticleTest: test_should_report_error
-------------------------------------
  [1m[35m (0.1ms)[0m  [1m[31mROLLBACK[0m
  [1m[35m (0.1ms)[0m  [1m[35mBEGIN[0m
-------------------------------------------------------
ArticleTest: test_should_not_save_article_without_title
-------------------------------------------------------
  [1m[35m (0.1ms)[0m  [1m[35mSAVEPOINT active_record_1[0m
  [1m[35m (0.1ms)[0m  [1m[31mROLLBACK TO SAVEPOINT active_record_1[0m
  [1m[35m (0.1ms)[0m  [1m[31mROLLBACK[0m
  [1m[35m (0.1ms)[0m  [1m[35mBEGIN[0m
---------------------------------------------------------
CommentsControllerTest: test_should_get_comment_home_page
---------------------------------------------------------
Started GET "/articles" for 127.0.0.1 at 2018-03-01 17:48:13 -0800
Processing by ArticlesController#index as HTML
  Rendering articles/index.html.erb within layouts/application
  [1m[36mArticle Load (0.2ms)[0m  [1m[34mSELECT "articles".* FROM "articles"[0m
  Rendered articles/index.html.erb within layouts/application (1.0ms)
  Rendered layouts/_shim.html.erb (0.0ms)
  Rendered layouts/_header.html.erb (0.1ms)
  Rendered layouts/_footer.html.erb (0.1ms)
Completed 200 OK in 3ms (Views: 2.1ms | ActiveRecord: 0.2ms)
  [1m[35m (0.1ms)[0m  [1m[31mROLLBACK[0m
  [1m[35m (0.1ms)[0m  [1m[35mBEGIN[0m
---------------------------------
SiteLayoutTest: test_layout_links
---------------------------------
Started GET "/" for 127.0.0.1 at 2018-03-01 17:48:13 -0800
Processing by StaticPagesController#home as HTML
  Rendering static_pages/home.html.erb within layouts/application
  Rendered static_pages/home.html.erb within layouts/application (0.4ms)
  Rendered layouts/_shim.html.erb (0.0ms)
  Rendered layouts/_header.html.erb (0.1ms)
  Rendered layouts/_footer.html.erb (0.1ms)
Completed 200 OK in 2ms (Views: 1.6ms | ActiveRecord: 0.0ms)
  [1m[35m (0.1ms)[0m  [1m[31mROLLBACK[0m
  [1m[35m (0.1ms)[0m  [1m[35mBEGIN[0m
-------------------------------------------
SessionsControllerTest: test_should_get_new
-------------------------------------------
Started GET "/sessions/new" for 127.0.0.1 at 2018-03-01 17:48:13 -0800
Processing by SessionsController#new as HTML
  Rendering sessions/new.html.erb within layouts/application
  Rendered sessions/new.html.erb within layouts/application (0.2ms)
  Rendered layouts/_shim.html.erb (0.0ms)
  Rendered layouts/_header.html.erb (0.1ms)
  Rendered layouts/_footer.html.erb (0.1ms)
Completed 200 OK in 4ms (Views: 2.7ms | ActiveRecord: 0.0ms)
  [1m[35m (0.1ms)[0m  [1m[31mROLLBACK[0m
  [1m[35m (0.7ms)[0m  [1m[34mSELECT "schema_migrations"."version" FROM "schema_migrations" ORDER BY "schema_migrations"."version" ASC[0m
  [1m[35m (0.1ms)[0m  [1m[35mBEGIN[0m
  [1m[35m (0.7ms)[0m  [1m[35mALTER TABLE "users" DISABLE TRIGGER ALL;ALTER TABLE "articles" DISABLE TRIGGER ALL;ALTER TABLE "comments" DISABLE TRIGGER ALL;ALTER TABLE "schema_migrations" DISABLE TRIGGER ALL;ALTER TABLE "ar_internal_metadata" DISABLE TRIGGER ALL[0m
  [1m[35m (5.6ms)[0m  [1m[35mCOMMIT[0m
  [1m[35m (0.2ms)[0m  [1m[35mBEGIN[0m
  [1m[36mFixture Delete (0.4ms)[0m  [1m[31mDELETE FROM "users"[0m
  [1m[36mFixture Delete (0.3ms)[0m  [1m[31mDELETE FROM "articles"[0m
  [1m[36mFixture Insert (0.3ms)[0m  [1m[32mINSERT INTO "articles" ("title", "created_at", "updated_at", "id") VALUES ('MyString', '2018-03-02 01:49:56.210070', '2018-03-02 01:49:56.210070', 980190962)[0m
  [1m[36mFixture Insert (0.4ms)[0m  [1m[32mINSERT INTO "articles" ("title", "created_at", "updated_at", "id") VALUES ('MyString', '2018-03-02 01:49:56.210070', '2018-03-02 01:49:56.210070', 298486374)[0m
  [1m[36mFixture Delete (0.3ms)[0m  [1m[31mDELETE FROM "comments"[0m
  [1m[36mFixture Insert (0.2ms)[0m  [1m[32mINSERT INTO "comments" ("commenter", "body", "created_at", "updated_at", "id", "article_id") VALUES ('MyString', 'MyText', '2018-03-02 01:49:56.220234', '2018-03-02 01:49:56.220234', 980190962, 980190962)[0m
  [1m[36mFixture Insert (0.2ms)[0m  [1m[32mINSERT INTO "comments" ("commenter", "body", "created_at", "updated_at", "id", "article_id") VALUES ('MyString', 'MyText', '2018-03-02 01:49:56.220234', '2018-03-02 01:49:56.220234', 298486374, 298486374)[0m
  [1m[35m (0.4ms)[0m  [1m[35mCOMMIT[0m
  [1m[35m (0.1ms)[0m  [1m[35mBEGIN[0m
  [1m[35m (0.4ms)[0m  [1m[35mALTER TABLE "users" ENABLE TRIGGER ALL;ALTER TABLE "articles" ENABLE TRIGGER ALL;ALTER TABLE "comments" ENABLE TRIGGER ALL;ALTER TABLE "schema_migrations" ENABLE TRIGGER ALL;ALTER TABLE "ar_internal_metadata" ENABLE TRIGGER ALL[0m
  [1m[35m (0.3ms)[0m  [1m[35mCOMMIT[0m
  [1m[35m (0.1ms)[0m  [1m[35mBEGIN[0m
---------------------------------------------------------
CommentsControllerTest: test_should_get_comment_home_page
---------------------------------------------------------
Started GET "/articles" for 127.0.0.1 at 2018-03-01 17:49:56 -0800
Processing by ArticlesController#index as HTML
  Rendering articles/index.html.erb within layouts/application
  [1m[36mArticle Load (0.4ms)[0m  [1m[34mSELECT "articles".* FROM "articles"[0m
  Rendered articles/index.html.erb within layouts/application (5.6ms)
  Rendered layouts/_shim.html.erb (0.2ms)
  Rendered layouts/_header.html.erb (0.4ms)
  Rendered layouts/_footer.html.erb (0.3ms)
Completed 200 OK in 135ms (Views: 127.8ms | ActiveRecord: 0.4ms)
  [1m[35m (0.2ms)[0m  [1m[31mROLLBACK[0m
  [1m[35m (0.1ms)[0m  [1m[35mBEGIN[0m
-------------------------------------------
SessionsControllerTest: test_should_get_new
-------------------------------------------
  [1m[35m (0.1ms)[0m  [1m[31mROLLBACK[0m
  [1m[35m (0.7ms)[0m  [1m[34mSELECT "schema_migrations"."version" FROM "schema_migrations" ORDER BY "schema_migrations"."version" ASC[0m
  [1m[35m (0.1ms)[0m  [1m[35mBEGIN[0m
  [1m[35m (0.7ms)[0m  [1m[35mALTER TABLE "users" DISABLE TRIGGER ALL;ALTER TABLE "articles" DISABLE TRIGGER ALL;ALTER TABLE "comments" DISABLE TRIGGER ALL;ALTER TABLE "schema_migrations" DISABLE TRIGGER ALL;ALTER TABLE "ar_internal_metadata" DISABLE TRIGGER ALL[0m
  [1m[35m (2.4ms)[0m  [1m[35mCOMMIT[0m
  [1m[35m (0.1ms)[0m  [1m[35mBEGIN[0m
  [1m[36mFixture Delete (0.4ms)[0m  [1m[31mDELETE FROM "users"[0m
  [1m[36mFixture Delete (0.3ms)[0m  [1m[31mDELETE FROM "articles"[0m
  [1m[36mFixture Insert (0.2ms)[0m  [1m[32mINSERT INTO "articles" ("title", "created_at", "updated_at", "id") VALUES ('MyString', '2018-03-02 01:50:54.230535', '2018-03-02 01:50:54.230535', 980190962)[0m
  [1m[36mFixture Insert (0.1ms)[0m  [1m[32mINSERT INTO "articles" ("title", "created_at", "updated_at", "id") VALUES ('MyString', '2018-03-02 01:50:54.230535', '2018-03-02 01:50:54.230535', 298486374)[0m
  [1m[36mFixture Delete (0.3ms)[0m  [1m[31mDELETE FROM "comments"[0m
  [1m[36mFixture Insert (0.2ms)[0m  [1m[32mINSERT INTO "comments" ("commenter", "body", "created_at", "updated_at", "id", "article_id") VALUES ('MyString', 'MyText', '2018-03-02 01:50:54.239930', '2018-03-02 01:50:54.239930', 980190962, 980190962)[0m
  [1m[36mFixture Insert (0.1ms)[0m  [1m[32mINSERT INTO "comments" ("commenter", "body", "created_at", "updated_at", "id", "article_id") VALUES ('MyString', 'MyText', '2018-03-02 01:50:54.239930', '2018-03-02 01:50:54.239930', 298486374, 298486374)[0m
  [1m[35m (0.6ms)[0m  [1m[35mCOMMIT[0m
  [1m[35m (0.2ms)[0m  [1m[35mBEGIN[0m
  [1m[35m (0.6ms)[0m  [1m[35mALTER TABLE "users" ENABLE TRIGGER ALL;ALTER TABLE "articles" ENABLE TRIGGER ALL;ALTER TABLE "comments" ENABLE TRIGGER ALL;ALTER TABLE "schema_migrations" ENABLE TRIGGER ALL;ALTER TABLE "ar_internal_metadata" ENABLE TRIGGER ALL[0m
  [1m[35m (0.5ms)[0m  [1m[35mCOMMIT[0m
  [1m[35m (0.1ms)[0m  [1m[35mBEGIN[0m
---------------------------------------------------------
CommentsControllerTest: test_should_get_comment_home_page
---------------------------------------------------------
Started GET "/articles" for 127.0.0.1 at 2018-03-01 17:50:54 -0800
Processing by ArticlesController#index as HTML
  Rendering articles/index.html.erb within layouts/application
  [1m[36mArticle Load (0.4ms)[0m  [1m[34mSELECT "articles".* FROM "articles"[0m
  Rendered articles/index.html.erb within layouts/application (5.6ms)
  Rendered layouts/_shim.html.erb (0.3ms)
  Rendered layouts/_header.html.erb (0.4ms)
  Rendered layouts/_footer.html.erb (0.2ms)
Completed 200 OK in 137ms (Views: 129.5ms | ActiveRecord: 0.4ms)
  [1m[35m (0.2ms)[0m  [1m[31mROLLBACK[0m
  [1m[35m (0.1ms)[0m  [1m[35mBEGIN[0m
--------------------------------------------------
StaticPagesControllerTest: test_should_get_contact
--------------------------------------------------
Started GET "/contact" for 127.0.0.1 at 2018-03-01 17:50:54 -0800
Processing by StaticPagesController#contact as HTML
  Rendering static_pages/contact.html.erb within layouts/application
  Rendered static_pages/contact.html.erb within layouts/application (0.3ms)
  Rendered layouts/_shim.html.erb (0.0ms)
  Rendered layouts/_header.html.erb (0.1ms)
  Rendered layouts/_footer.html.erb (0.1ms)
Completed 200 OK in 5ms (Views: 3.2ms | ActiveRecord: 0.0ms)
  [1m[35m (0.2ms)[0m  [1m[31mROLLBACK[0m
  [1m[35m (0.1ms)[0m  [1m[35mBEGIN[0m
-----------------------------------------------
StaticPagesControllerTest: test_should_get_help
-----------------------------------------------
Started GET "/help" for 127.0.0.1 at 2018-03-01 17:50:54 -0800
Processing by StaticPagesController#help as HTML
  Rendering static_pages/help.html.erb within layouts/application
  Rendered static_pages/help.html.erb within layouts/application (0.2ms)
  Rendered layouts/_shim.html.erb (0.0ms)
  Rendered layouts/_header.html.erb (0.1ms)
  Rendered layouts/_footer.html.erb (0.1ms)
Completed 200 OK in 3ms (Views: 1.6ms | ActiveRecord: 0.0ms)
  [1m[35m (0.1ms)[0m  [1m[31mROLLBACK[0m
  [1m[35m (0.1ms)[0m  [1m[35mBEGIN[0m
-----------------------------------------------
StaticPagesControllerTest: test_should_get_home
-----------------------------------------------
Started GET "/" for 127.0.0.1 at 2018-03-01 17:50:54 -0800
Processing by StaticPagesController#home as HTML
  Rendering static_pages/home.html.erb within layouts/application
  Rendered static_pages/home.html.erb within layouts/application (1.0ms)
  Rendered layouts/_shim.html.erb (0.0ms)
  Rendered layouts/_header.html.erb (0.1ms)
  Rendered layouts/_footer.html.erb (0.1ms)
Completed 200 OK in 3ms (Views: 2.2ms | ActiveRecord: 0.0ms)
  [1m[35m (0.1ms)[0m  [1m[31mROLLBACK[0m
  [1m[35m (0.1ms)[0m  [1m[35mBEGIN[0m
------------------------------------------------
StaticPagesControllerTest: test_should_get_about
------------------------------------------------
Started GET "/about" for 127.0.0.1 at 2018-03-01 17:50:54 -0800
Processing by StaticPagesController#about as HTML
  Rendering static_pages/about.html.erb within layouts/application
  Rendered static_pages/about.html.erb within layouts/application (0.4ms)
  Rendered layouts/_shim.html.erb (0.0ms)
  Rendered layouts/_header.html.erb (0.1ms)
  Rendered layouts/_footer.html.erb (0.1ms)
Completed 200 OK in 3ms (Views: 1.7ms | ActiveRecord: 0.0ms)
  [1m[35m (0.1ms)[0m  [1m[31mROLLBACK[0m
  [1m[35m (0.1ms)[0m  [1m[35mBEGIN[0m
---------------------------------
SiteLayoutTest: test_layout_links
---------------------------------
Started GET "/" for 127.0.0.1 at 2018-03-01 17:50:54 -0800
Processing by StaticPagesController#home as HTML
  Rendering static_pages/home.html.erb within layouts/application
  Rendered static_pages/home.html.erb within layouts/application (0.4ms)
  Rendered layouts/_shim.html.erb (0.0ms)
  Rendered layouts/_header.html.erb (0.1ms)
  Rendered layouts/_footer.html.erb (0.1ms)
Completed 200 OK in 2ms (Views: 1.6ms | ActiveRecord: 0.0ms)
  [1m[35m (0.1ms)[0m  [1m[31mROLLBACK[0m
  [1m[35m (0.1ms)[0m  [1m[35mBEGIN[0m
-------------------------------------------
SessionsControllerTest: test_should_get_new
-------------------------------------------
Started GET "/login" for 127.0.0.1 at 2018-03-01 17:50:54 -0800
Processing by SessionsController#new as HTML
  Rendering sessions/new.html.erb within layouts/application
  Rendered sessions/new.html.erb within layouts/application (0.3ms)
  Rendered layouts/_shim.html.erb (0.0ms)
  Rendered layouts/_header.html.erb (0.2ms)
  Rendered layouts/_footer.html.erb (0.1ms)
Completed 200 OK in 7ms (Views: 4.2ms | ActiveRecord: 0.0ms)
  [1m[35m (0.1ms)[0m  [1m[31mROLLBACK[0m
  [1m[35m (0.1ms)[0m  [1m[35mBEGIN[0m
-------------------------------------------------------
ArticleTest: test_should_not_save_article_without_title
-------------------------------------------------------
  [1m[35m (0.1ms)[0m  [1m[35mSAVEPOINT active_record_1[0m
  [1m[35m (0.1ms)[0m  [1m[31mROLLBACK TO SAVEPOINT active_record_1[0m
  [1m[35m (0.1ms)[0m  [1m[31mROLLBACK[0m
  [1m[35m (0.1ms)[0m  [1m[35mBEGIN[0m
-------------------------------------
ArticleTest: test_should_report_error
-------------------------------------
  [1m[35m (0.1ms)[0m  [1m[31mROLLBACK[0m
  [1m[35m (0.1ms)[0m  [1m[35mBEGIN[0m
------------------------------------------------
CommentTest: test_can_save_comment_without_title
------------------------------------------------
  [1m[35m (0.1ms)[0m  [1m[35mSAVEPOINT active_record_1[0m
  [1m[35m (0.2ms)[0m  [1m[31mROLLBACK TO SAVEPOINT active_record_1[0m
  [1m[35m (0.1ms)[0m  [1m[31mROLLBACK[0m
  [1m[35m (0.1ms)[0m  [1m[35mBEGIN[0m
-------------------------------------
CommentTest: test_should_report_error
-------------------------------------
  [1m[35m (0.1ms)[0m  [1m[31mROLLBACK[0m
  [1m[35m (0.1ms)[0m  [1m[35mBEGIN[0m
------------------------------------------------
UsersSignupTest: test_invalid_signup_information
------------------------------------------------
Started GET "/signup" for 127.0.0.1 at 2018-03-01 17:50:54 -0800
Processing by UsersController#new as HTML
  Rendering users/new.html.erb within layouts/application
  Rendered shared/_error_messages.html.erb (0.3ms)
  Rendered users/new.html.erb within layouts/application (7.4ms)
  Rendered layouts/_shim.html.erb (0.0ms)
  Rendered layouts/_header.html.erb (0.1ms)
  Rendered layouts/_footer.html.erb (0.1ms)
Completed 200 OK in 18ms (Views: 10.2ms | ActiveRecord: 2.8ms)
  [1m[35m (0.4ms)[0m  [1m[34mSELECT COUNT(*) FROM "users"[0m
Started POST "/users" for 127.0.0.1 at 2018-03-01 17:50:54 -0800
Processing by UsersController#create as HTML
  Parameters: {"user"=>{"name"=>"", "email"=>"user@invalid", "password"=>"[FILTERED]", "password_confirmation"=>"[FILTERED]"}}
  [1m[35m (0.2ms)[0m  [1m[35mSAVEPOINT active_record_1[0m
  [1m[36mUser Exists (0.4ms)[0m  [1m[34mSELECT  1 AS one FROM "users" WHERE LOWER("users"."email") = LOWER($1) LIMIT $2[0m  [["email", "user@invalid"], ["LIMIT", 1]]
  [1m[35m (0.1ms)[0m  [1m[31mROLLBACK TO SAVEPOINT active_record_1[0m
  Rendering users/new.html.erb within layouts/application
  Rendered shared/_error_messages.html.erb (0.4ms)
  Rendered users/new.html.erb within layouts/application (1.4ms)
  Rendered layouts/_shim.html.erb (0.0ms)
  Rendered layouts/_header.html.erb (0.1ms)
  Rendered layouts/_footer.html.erb (0.1ms)
Completed 200 OK in 10ms (Views: 2.7ms | ActiveRecord: 2.1ms)
  [1m[35m (0.3ms)[0m  [1m[34mSELECT COUNT(*) FROM "users"[0m
  [1m[35m (0.2ms)[0m  [1m[31mROLLBACK[0m
  [1m[35m (0.1ms)[0m  [1m[35mBEGIN[0m
----------------------------------------------
UsersSignupTest: test_valid_signup_information
----------------------------------------------
Started GET "/signup" for 127.0.0.1 at 2018-03-01 17:50:54 -0800
Processing by UsersController#new as HTML
  Rendering users/new.html.erb within layouts/application
  Rendered shared/_error_messages.html.erb (0.0ms)
  Rendered users/new.html.erb within layouts/application (0.9ms)
  Rendered layouts/_shim.html.erb (0.0ms)
  Rendered layouts/_header.html.erb (0.1ms)
  Rendered layouts/_footer.html.erb (0.1ms)
Completed 200 OK in 2ms (Views: 2.2ms | ActiveRecord: 0.0ms)
  [1m[35m (0.3ms)[0m  [1m[34mSELECT COUNT(*) FROM "users"[0m
Started POST "/users" for 127.0.0.1 at 2018-03-01 17:50:54 -0800
Processing by UsersController#create as HTML
  Parameters: {"user"=>{"name"=>"Example User", "email"=>"user@example.com", "password"=>"[FILTERED]", "password_confirmation"=>"[FILTERED]"}}
  [1m[35m (0.1ms)[0m  [1m[35mSAVEPOINT active_record_1[0m
  [1m[36mUser Exists (0.3ms)[0m  [1m[34mSELECT  1 AS one FROM "users" WHERE LOWER("users"."email") = LOWER($1) LIMIT $2[0m  [["email", "user@example.com"], ["LIMIT", 1]]
  [1m[35mSQL (0.3ms)[0m  [1m[32mINSERT INTO "users" ("name", "email", "created_at", "updated_at", "password_digest") VALUES ($1, $2, $3, $4, $5) RETURNING "id"[0m  [["name", "Example User"], ["email", "user@example.com"], ["created_at", "2018-03-02 01:50:54.639229"], ["updated_at", "2018-03-02 01:50:54.639229"], ["password_digest", "$2a$04$wMZaa6lqofwZZjoMcdc3sOCApwzMeRNQAaGauwxZEhr/LaLyFgAPu"]]
  [1m[35m (0.1ms)[0m  [1m[35mRELEASE SAVEPOINT active_record_1[0m
Redirected to http://www.example.com/users/1
Completed 302 Found in 4ms (ActiveRecord: 0.8ms)
  [1m[35m (0.2ms)[0m  [1m[34mSELECT COUNT(*) FROM "users"[0m
Started GET "/users/1" for 127.0.0.1 at 2018-03-01 17:50:54 -0800
Processing by UsersController#show as HTML
  Parameters: {"id"=>"1"}
  [1m[36mUser Load (0.2ms)[0m  [1m[34mSELECT  "users".* FROM "users" WHERE "users"."id" = $1 LIMIT $2[0m  [["id", 1], ["LIMIT", 1]]
  Rendering users/show.html.erb within layouts/application
  Rendered users/show.html.erb within layouts/application (0.5ms)
  Rendered layouts/_shim.html.erb (0.0ms)
  Rendered layouts/_header.html.erb (0.1ms)
  Rendered layouts/_footer.html.erb (0.1ms)
Completed 200 OK in 5ms (Views: 1.9ms | ActiveRecord: 0.3ms)
  [1m[35m (0.2ms)[0m  [1m[31mROLLBACK[0m
  [1m[35m (0.1ms)[0m  [1m[35mBEGIN[0m
-----------------------------------------------
UserTest: test_email_addresses_should_be_unique
-----------------------------------------------
  [1m[35m (0.1ms)[0m  [1m[35mSAVEPOINT active_record_1[0m
  [1m[36mUser Exists (0.3ms)[0m  [1m[34mSELECT  1 AS one FROM "users" WHERE LOWER("users"."email") = LOWER($1) LIMIT $2[0m  [["email", "user@example.com"], ["LIMIT", 1]]
  [1m[35mSQL (0.3ms)[0m  [1m[32mINSERT INTO "users" ("name", "email", "created_at", "updated_at", "password_digest") VALUES ($1, $2, $3, $4, $5) RETURNING "id"[0m  [["name", "Example User"], ["email", "user@example.com"], ["created_at", "2018-03-02 01:50:54.652644"], ["updated_at", "2018-03-02 01:50:54.652644"], ["password_digest", "$2a$04$HJLEu3XmZLAlW.xyREktBOcxrXb7l3HLjf.uyfUJa.d2VGHY.Kq16"]]
  [1m[35m (0.1ms)[0m  [1m[35mRELEASE SAVEPOINT active_record_1[0m
  [1m[36mUser Exists (0.2ms)[0m  [1m[34mSELECT  1 AS one FROM "users" WHERE LOWER("users"."email") = LOWER($1) LIMIT $2[0m  [["email", "USER@EXAMPLE.COM"], ["LIMIT", 1]]
  [1m[35m (0.1ms)[0m  [1m[31mROLLBACK[0m
  [1m[35m (0.1ms)[0m  [1m[35mBEGIN[0m
-------------------------------------
UserTest: test_name_should_be_present
-------------------------------------
  [1m[36mUser Exists (0.3ms)[0m  [1m[34mSELECT  1 AS one FROM "users" WHERE LOWER("users"."email") = LOWER($1) LIMIT $2[0m  [["email", "user@example.com"], ["LIMIT", 1]]
  [1m[35m (0.1ms)[0m  [1m[31mROLLBACK[0m
  [1m[35m (0.1ms)[0m  [1m[35mBEGIN[0m
-------------------------------------------------------------
UserTest: test_email_validation_should_accept_valid_addresses
-------------------------------------------------------------
  [1m[36mUser Exists (0.2ms)[0m  [1m[34mSELECT  1 AS one FROM "users" WHERE LOWER("users"."email") = LOWER($1) LIMIT $2[0m  [["email", "user@example.com"], ["LIMIT", 1]]
  [1m[36mUser Exists (0.2ms)[0m  [1m[34mSELECT  1 AS one FROM "users" WHERE LOWER("users"."email") = LOWER($1) LIMIT $2[0m  [["email", "USER@foo.COM"], ["LIMIT", 1]]
  [1m[36mUser Exists (0.2ms)[0m  [1m[34mSELECT  1 AS one FROM "users" WHERE LOWER("users"."email") = LOWER($1) LIMIT $2[0m  [["email", "A_US-ER@foo.bar.org"], ["LIMIT", 1]]
  [1m[36mUser Exists (0.2ms)[0m  [1m[34mSELECT  1 AS one FROM "users" WHERE LOWER("users"."email") = LOWER($1) LIMIT $2[0m  [["email", "first.last@foo.jp"], ["LIMIT", 1]]
  [1m[36mUser Exists (0.2ms)[0m  [1m[34mSELECT  1 AS one FROM "users" WHERE LOWER("users"."email") = LOWER($1) LIMIT $2[0m  [["email", "alice+bob@baz.cn"], ["LIMIT", 1]]
  [1m[35m (0.1ms)[0m  [1m[31mROLLBACK[0m
  [1m[35m (0.1ms)[0m  [1m[35mBEGIN[0m
------------------------------------------
UserTest: test_name_should_not_be_too_long
------------------------------------------
  [1m[36mUser Exists (0.4ms)[0m  [1m[34mSELECT  1 AS one FROM "users" WHERE LOWER("users"."email") = LOWER($1) LIMIT $2[0m  [["email", "user@example.com"], ["LIMIT", 1]]
  [1m[35m (0.2ms)[0m  [1m[31mROLLBACK[0m
  [1m[35m (0.1ms)[0m  [1m[35mBEGIN[0m
----------------------------------------------------
UserTest: test_password_should_be_present_(nonblank)
----------------------------------------------------
  [1m[36mUser Exists (0.3ms)[0m  [1m[34mSELECT  1 AS one FROM "users" WHERE LOWER("users"."email") = LOWER($1) LIMIT $2[0m  [["email", "user@example.com"], ["LIMIT", 1]]
  [1m[35m (0.1ms)[0m  [1m[31mROLLBACK[0m
  [1m[35m (0.1ms)[0m  [1m[35mBEGIN[0m
-------------------------------------------
UserTest: test_email_should_not_be_too_long
-------------------------------------------
  [1m[36mUser Exists (0.4ms)[0m  [1m[34mSELECT  1 AS one FROM "users" WHERE LOWER("users"."email") = LOWER($1) LIMIT $2[0m  [["email", "aaaaaaaaaaaaaaaaaaaaaaaaaaaaaaaaaaaaaaaaaaaaaaaaaaaaaaaaaaaaaaaaaaaaaaaaaaaaaaaaaaaaaaaaaaaaaaaaaaaaaaaaaaaaaaaaaaaaaaaaaaaaaaaaaaaaaaaaaaaaaaaaaaaaaaaaaaaaaaaaaaaaaaaaaaaaaaaaaaaaaaaaaaaaaaaaaaaaaaaaaaaaaaaaaaaaaaaaaaaaaaaaaaaaaaaaaaaaaaaaaaaa@example.com"], ["LIMIT", 1]]
  [1m[35m (0.2ms)[0m  [1m[31mROLLBACK[0m
  [1m[35m (0.1ms)[0m  [1m[35mBEGIN[0m
------------------------------------------------------------
UserTest: test_email_addresses_should_be_saved_as_lower-case
------------------------------------------------------------
  [1m[35m (0.1ms)[0m  [1m[35mSAVEPOINT active_record_1[0m
  [1m[36mUser Exists (0.3ms)[0m  [1m[34mSELECT  1 AS one FROM "users" WHERE LOWER("users"."email") = LOWER($1) LIMIT $2[0m  [["email", "Foo@ExAMPle.CoM"], ["LIMIT", 1]]
  [1m[35mSQL (0.3ms)[0m  [1m[32mINSERT INTO "users" ("name", "email", "created_at", "updated_at", "password_digest") VALUES ($1, $2, $3, $4, $5) RETURNING "id"[0m  [["name", "Example User"], ["email", "foo@example.com"], ["created_at", "2018-03-02 01:50:54.676551"], ["updated_at", "2018-03-02 01:50:54.676551"], ["password_digest", "$2a$04$IAZRgA6DkUCrEbOPohdYbODezlA6oNDsqA6g2MHsRkL0mniKZl5VK"]]
  [1m[35m (0.1ms)[0m  [1m[35mRELEASE SAVEPOINT active_record_1[0m
  [1m[36mUser Load (0.2ms)[0m  [1m[34mSELECT  "users".* FROM "users" WHERE "users"."id" = $1 LIMIT $2[0m  [["id", 3], ["LIMIT", 1]]
  [1m[35m (0.1ms)[0m  [1m[31mROLLBACK[0m
  [1m[35m (0.1ms)[0m  [1m[35mBEGIN[0m
------------------------------
UserTest: test_should_be_valid
------------------------------
  [1m[36mUser Exists (0.3ms)[0m  [1m[34mSELECT  1 AS one FROM "users" WHERE LOWER("users"."email") = LOWER($1) LIMIT $2[0m  [["email", "user@example.com"], ["LIMIT", 1]]
  [1m[35m (0.1ms)[0m  [1m[31mROLLBACK[0m
  [1m[35m (0.1ms)[0m  [1m[35mBEGIN[0m
--------------------------------------
UserTest: test_email_should_be_present
--------------------------------------
  [1m[36mUser Exists (0.3ms)[0m  [1m[34mSELECT  1 AS one FROM "users" WHERE LOWER("users"."email") = LOWER($1) LIMIT $2[0m  [["email", "     "], ["LIMIT", 1]]
  [1m[35m (0.1ms)[0m  [1m[31mROLLBACK[0m
  [1m[35m (0.1ms)[0m  [1m[35mBEGIN[0m
----------------------------------------------------
UserTest: test_password_should_have_a_minimum_length
----------------------------------------------------
  [1m[36mUser Exists (0.3ms)[0m  [1m[34mSELECT  1 AS one FROM "users" WHERE LOWER("users"."email") = LOWER($1) LIMIT $2[0m  [["email", "user@example.com"], ["LIMIT", 1]]
  [1m[35m (0.1ms)[0m  [1m[31mROLLBACK[0m
  [1m[35m (0.1ms)[0m  [1m[35mBEGIN[0m
---------------------------------------------------------------
UserTest: test_email_validation_should_reject_invalid_addresses
---------------------------------------------------------------
  [1m[36mUser Exists (0.3ms)[0m  [1m[34mSELECT  1 AS one FROM "users" WHERE LOWER("users"."email") = LOWER($1) LIMIT $2[0m  [["email", "user@example,com"], ["LIMIT", 1]]
  [1m[36mUser Exists (0.4ms)[0m  [1m[34mSELECT  1 AS one FROM "users" WHERE LOWER("users"."email") = LOWER($1) LIMIT $2[0m  [["email", "user_at_foo.org"], ["LIMIT", 1]]
  [1m[36mUser Exists (0.3ms)[0m  [1m[34mSELECT  1 AS one FROM "users" WHERE LOWER("users"."email") = LOWER($1) LIMIT $2[0m  [["email", "user.name@example."], ["LIMIT", 1]]
  [1m[36mUser Exists (0.2ms)[0m  [1m[34mSELECT  1 AS one FROM "users" WHERE LOWER("users"."email") = LOWER($1) LIMIT $2[0m  [["email", "foo@bar_baz.com"], ["LIMIT", 1]]
  [1m[36mUser Exists (0.2ms)[0m  [1m[34mSELECT  1 AS one FROM "users" WHERE LOWER("users"."email") = LOWER($1) LIMIT $2[0m  [["email", "foo@bar+baz.com"], ["LIMIT", 1]]
  [1m[36mUser Exists (0.2ms)[0m  [1m[34mSELECT  1 AS one FROM "users" WHERE LOWER("users"."email") = LOWER($1) LIMIT $2[0m  [["email", "foo@bar..com"], ["LIMIT", 1]]
  [1m[35m (0.1ms)[0m  [1m[31mROLLBACK[0m
  [1m[35m (0.1ms)[0m  [1m[35mBEGIN[0m
----------------------------------------
UsersControllerTest: test_should_get_new
----------------------------------------
Started GET "/signup" for 127.0.0.1 at 2018-03-01 17:50:54 -0800
Processing by UsersController#new as HTML
  Rendering users/new.html.erb within layouts/application
  Rendered shared/_error_messages.html.erb (0.0ms)
  Rendered users/new.html.erb within layouts/application (1.0ms)
  Rendered layouts/_shim.html.erb (0.0ms)
  Rendered layouts/_header.html.erb (0.1ms)
  Rendered layouts/_footer.html.erb (0.1ms)
Completed 200 OK in 3ms (Views: 2.3ms | ActiveRecord: 0.0ms)
  [1m[35m (0.1ms)[0m  [1m[31mROLLBACK[0m
  [1m[35m (0.1ms)[0m  [1m[35mBEGIN[0m
---------------------------------------------------------
ArticlesControllerTest: test_should_get_article_home_page
---------------------------------------------------------
Started GET "/articles" for 127.0.0.1 at 2018-03-01 17:50:54 -0800
Processing by ArticlesController#index as HTML
  Rendering articles/index.html.erb within layouts/application
  [1m[36mArticle Load (0.4ms)[0m  [1m[34mSELECT "articles".* FROM "articles"[0m
  Rendered articles/index.html.erb within layouts/application (1.1ms)
  Rendered layouts/_shim.html.erb (0.0ms)
  Rendered layouts/_header.html.erb (0.1ms)
  Rendered layouts/_footer.html.erb (0.1ms)
Completed 200 OK in 3ms (Views: 2.1ms | ActiveRecord: 0.4ms)
  [1m[35m (0.1ms)[0m  [1m[31mROLLBACK[0m
  [1m[35m (3.0ms)[0m  [1m[34mSELECT "schema_migrations"."version" FROM "schema_migrations" ORDER BY "schema_migrations"."version" ASC[0m
  [1m[35m (0.1ms)[0m  [1m[35mBEGIN[0m
  [1m[35m (0.7ms)[0m  [1m[35mALTER TABLE "users" DISABLE TRIGGER ALL;ALTER TABLE "articles" DISABLE TRIGGER ALL;ALTER TABLE "comments" DISABLE TRIGGER ALL;ALTER TABLE "schema_migrations" DISABLE TRIGGER ALL;ALTER TABLE "ar_internal_metadata" DISABLE TRIGGER ALL[0m
  [1m[35m (2.2ms)[0m  [1m[35mCOMMIT[0m
  [1m[35m (0.1ms)[0m  [1m[35mBEGIN[0m
  [1m[36mFixture Delete (0.4ms)[0m  [1m[31mDELETE FROM "users"[0m
  [1m[36mFixture Delete (0.3ms)[0m  [1m[31mDELETE FROM "articles"[0m
  [1m[36mFixture Insert (0.8ms)[0m  [1m[32mINSERT INTO "articles" ("title", "created_at", "updated_at", "id") VALUES ('MyString', '2018-03-02 02:06:41.629356', '2018-03-02 02:06:41.629356', 980190962)[0m
  [1m[36mFixture Insert (0.3ms)[0m  [1m[32mINSERT INTO "articles" ("title", "created_at", "updated_at", "id") VALUES ('MyString', '2018-03-02 02:06:41.629356', '2018-03-02 02:06:41.629356', 298486374)[0m
  [1m[36mFixture Delete (0.3ms)[0m  [1m[31mDELETE FROM "comments"[0m
  [1m[36mFixture Insert (0.2ms)[0m  [1m[32mINSERT INTO "comments" ("commenter", "body", "created_at", "updated_at", "id", "article_id") VALUES ('MyString', 'MyText', '2018-03-02 02:06:41.640284', '2018-03-02 02:06:41.640284', 980190962, 980190962)[0m
  [1m[36mFixture Insert (0.2ms)[0m  [1m[32mINSERT INTO "comments" ("commenter", "body", "created_at", "updated_at", "id", "article_id") VALUES ('MyString', 'MyText', '2018-03-02 02:06:41.640284', '2018-03-02 02:06:41.640284', 298486374, 298486374)[0m
  [1m[35m (0.5ms)[0m  [1m[35mCOMMIT[0m
  [1m[35m (0.1ms)[0m  [1m[35mBEGIN[0m
  [1m[35m (0.8ms)[0m  [1m[35mALTER TABLE "users" ENABLE TRIGGER ALL;ALTER TABLE "articles" ENABLE TRIGGER ALL;ALTER TABLE "comments" ENABLE TRIGGER ALL;ALTER TABLE "schema_migrations" ENABLE TRIGGER ALL;ALTER TABLE "ar_internal_metadata" ENABLE TRIGGER ALL[0m
  [1m[35m (0.4ms)[0m  [1m[35mCOMMIT[0m
  [1m[35m (0.1ms)[0m  [1m[35mBEGIN[0m
---------------------------------------------------------
CommentsControllerTest: test_should_get_comment_home_page
---------------------------------------------------------
Started GET "/articles" for 127.0.0.1 at 2018-03-01 18:06:41 -0800
Processing by ArticlesController#index as HTML
  Rendering articles/index.html.erb within layouts/application
  [1m[36mArticle Load (0.4ms)[0m  [1m[34mSELECT "articles".* FROM "articles"[0m
  Rendered articles/index.html.erb within layouts/application (5.6ms)
  Rendered layouts/_shim.html.erb (0.3ms)
  Rendered layouts/_header.html.erb (0.3ms)
  Rendered layouts/_footer.html.erb (0.3ms)
Completed 200 OK in 137ms (Views: 130.2ms | ActiveRecord: 0.4ms)
  [1m[35m (0.2ms)[0m  [1m[31mROLLBACK[0m
  [1m[35m (0.1ms)[0m  [1m[35mBEGIN[0m
------------------------------------------------
CommentTest: test_can_save_comment_without_title
------------------------------------------------
  [1m[35m (0.1ms)[0m  [1m[35mSAVEPOINT active_record_1[0m
  [1m[35m (0.2ms)[0m  [1m[31mROLLBACK TO SAVEPOINT active_record_1[0m
  [1m[35m (0.1ms)[0m  [1m[31mROLLBACK[0m
  [1m[35m (0.1ms)[0m  [1m[35mBEGIN[0m
-------------------------------------
CommentTest: test_should_report_error
-------------------------------------
  [1m[35m (0.1ms)[0m  [1m[31mROLLBACK[0m
  [1m[35m (0.1ms)[0m  [1m[35mBEGIN[0m
----------------------------------------
UsersControllerTest: test_should_get_new
----------------------------------------
Started GET "/signup" for 127.0.0.1 at 2018-03-01 18:06:41 -0800
Processing by UsersController#new as HTML
  Rendering users/new.html.erb within layouts/application
  Rendered shared/_error_messages.html.erb (0.6ms)
  Rendered users/new.html.erb within layouts/application (20.3ms)
  Rendered layouts/_shim.html.erb (0.0ms)
  Rendered layouts/_header.html.erb (0.2ms)
  Rendered layouts/_footer.html.erb (0.1ms)
Completed 200 OK in 31ms (Views: 23.5ms | ActiveRecord: 2.8ms)
  [1m[35m (0.2ms)[0m  [1m[31mROLLBACK[0m
  [1m[35m (0.1ms)[0m  [1m[35mBEGIN[0m
---------------------------------
SiteLayoutTest: test_layout_links
---------------------------------
Started GET "/" for 127.0.0.1 at 2018-03-01 18:06:41 -0800
Processing by StaticPagesController#home as HTML
  Rendering static_pages/home.html.erb within layouts/application
  Rendered static_pages/home.html.erb within layouts/application (1.1ms)
  Rendered layouts/_shim.html.erb (0.0ms)
  Rendered layouts/_header.html.erb (0.1ms)
  Rendered layouts/_footer.html.erb (0.1ms)
Completed 200 OK in 5ms (Views: 3.8ms | ActiveRecord: 0.0ms)
  [1m[35m (0.1ms)[0m  [1m[31mROLLBACK[0m
  [1m[35m (0.1ms)[0m  [1m[35mBEGIN[0m
---------------------------------------------------------
ArticlesControllerTest: test_should_get_article_home_page
---------------------------------------------------------
Started GET "/articles" for 127.0.0.1 at 2018-03-01 18:06:41 -0800
Processing by ArticlesController#index as HTML
  Rendering articles/index.html.erb within layouts/application
  [1m[36mArticle Load (0.2ms)[0m  [1m[34mSELECT "articles".* FROM "articles"[0m
  Rendered articles/index.html.erb within layouts/application (0.9ms)
  Rendered layouts/_shim.html.erb (0.0ms)
  Rendered layouts/_header.html.erb (0.1ms)
  Rendered layouts/_footer.html.erb (0.1ms)
Completed 200 OK in 3ms (Views: 2.1ms | ActiveRecord: 0.2ms)
  [1m[35m (0.1ms)[0m  [1m[31mROLLBACK[0m
  [1m[35m (0.1ms)[0m  [1m[35mBEGIN[0m
---------------------------------------------------
UsersLoginTest: test_login_with_invalid_information
---------------------------------------------------
Started GET "/login" for 127.0.0.1 at 2018-03-01 18:06:41 -0800
Processing by SessionsController#new as HTML
  Rendering sessions/new.html.erb within layouts/application
  Rendered sessions/new.html.erb within layouts/application (1.0ms)
  Rendered layouts/_shim.html.erb (0.0ms)
  Rendered layouts/_header.html.erb (0.1ms)
  Rendered layouts/_footer.html.erb (0.1ms)
Completed 200 OK in 5ms (Views: 3.4ms | ActiveRecord: 0.0ms)
Started POST "/login" for 127.0.0.1 at 2018-03-01 18:06:42 -0800
Processing by SessionsController#create as HTML
  Parameters: {"session"=>{"email"=>"", "password"=>"[FILTERED]"}}
  [1m[36mUser Load (0.2ms)[0m  [1m[34mSELECT  "users".* FROM "users" WHERE "users"."email" = $1 LIMIT $2[0m  [["email", ""], ["LIMIT", 1]]
  Rendering sessions/new.html.erb within layouts/application
  Rendered sessions/new.html.erb within layouts/application (0.5ms)
  Rendered layouts/_shim.html.erb (0.0ms)
  Rendered layouts/_header.html.erb (0.1ms)
  Rendered layouts/_footer.html.erb (0.1ms)
Completed 200 OK in 4ms (Views: 1.8ms | ActiveRecord: 0.4ms)
Started GET "/" for 127.0.0.1 at 2018-03-01 18:06:42 -0800
Processing by StaticPagesController#home as HTML
  Rendering static_pages/home.html.erb within layouts/application
  Rendered static_pages/home.html.erb within layouts/application (0.4ms)
  Rendered layouts/_shim.html.erb (0.0ms)
  Rendered layouts/_header.html.erb (0.1ms)
  Rendered layouts/_footer.html.erb (0.1ms)
Completed 200 OK in 2ms (Views: 2.0ms | ActiveRecord: 0.0ms)
  [1m[35m (0.2ms)[0m  [1m[31mROLLBACK[0m
  [1m[35m (0.7ms)[0m  [1m[34mSELECT "schema_migrations"."version" FROM "schema_migrations" ORDER BY "schema_migrations"."version" ASC[0m
  [1m[35m (0.1ms)[0m  [1m[35mBEGIN[0m
  [1m[35m (0.7ms)[0m  [1m[35mALTER TABLE "users" DISABLE TRIGGER ALL;ALTER TABLE "articles" DISABLE TRIGGER ALL;ALTER TABLE "comments" DISABLE TRIGGER ALL;ALTER TABLE "schema_migrations" DISABLE TRIGGER ALL;ALTER TABLE "ar_internal_metadata" DISABLE TRIGGER ALL[0m
  [1m[35m (5.7ms)[0m  [1m[35mCOMMIT[0m
  [1m[35m (0.2ms)[0m  [1m[35mBEGIN[0m
  [1m[36mFixture Delete (0.5ms)[0m  [1m[31mDELETE FROM "users"[0m
  [1m[36mFixture Delete (0.5ms)[0m  [1m[31mDELETE FROM "articles"[0m
  [1m[36mFixture Insert (0.2ms)[0m  [1m[32mINSERT INTO "articles" ("title", "created_at", "updated_at", "id") VALUES ('MyString', '2018-03-02 02:07:30.173933', '2018-03-02 02:07:30.173933', 980190962)[0m
  [1m[36mFixture Insert (0.3ms)[0m  [1m[32mINSERT INTO "articles" ("title", "created_at", "updated_at", "id") VALUES ('MyString', '2018-03-02 02:07:30.173933', '2018-03-02 02:07:30.173933', 298486374)[0m
  [1m[36mFixture Delete (0.3ms)[0m  [1m[31mDELETE FROM "comments"[0m
  [1m[36mFixture Insert (0.2ms)[0m  [1m[32mINSERT INTO "comments" ("commenter", "body", "created_at", "updated_at", "id", "article_id") VALUES ('MyString', 'MyText', '2018-03-02 02:07:30.186070', '2018-03-02 02:07:30.186070', 980190962, 980190962)[0m
  [1m[36mFixture Insert (0.1ms)[0m  [1m[32mINSERT INTO "comments" ("commenter", "body", "created_at", "updated_at", "id", "article_id") VALUES ('MyString', 'MyText', '2018-03-02 02:07:30.186070', '2018-03-02 02:07:30.186070', 298486374, 298486374)[0m
  [1m[35m (2.2ms)[0m  [1m[35mCOMMIT[0m
  [1m[35m (0.2ms)[0m  [1m[35mBEGIN[0m
  [1m[35m (0.6ms)[0m  [1m[35mALTER TABLE "users" ENABLE TRIGGER ALL;ALTER TABLE "articles" ENABLE TRIGGER ALL;ALTER TABLE "comments" ENABLE TRIGGER ALL;ALTER TABLE "schema_migrations" ENABLE TRIGGER ALL;ALTER TABLE "ar_internal_metadata" ENABLE TRIGGER ALL[0m
  [1m[35m (0.5ms)[0m  [1m[35mCOMMIT[0m
  [1m[35m (0.2ms)[0m  [1m[35mBEGIN[0m
-------------------------------------
ArticleTest: test_should_report_error
-------------------------------------
  [1m[35m (0.1ms)[0m  [1m[31mROLLBACK[0m
  [1m[35m (0.1ms)[0m  [1m[35mBEGIN[0m
-------------------------------------------------------
ArticleTest: test_should_not_save_article_without_title
-------------------------------------------------------
  [1m[35m (0.2ms)[0m  [1m[35mSAVEPOINT active_record_1[0m
  [1m[35m (0.2ms)[0m  [1m[31mROLLBACK TO SAVEPOINT active_record_1[0m
  [1m[35m (0.1ms)[0m  [1m[31mROLLBACK[0m
  [1m[35m (0.1ms)[0m  [1m[35mBEGIN[0m
---------------------------------------------------------
CommentsControllerTest: test_should_get_comment_home_page
---------------------------------------------------------
Started GET "/articles" for 127.0.0.1 at 2018-03-01 18:07:30 -0800
Processing by ArticlesController#index as HTML
  Rendering articles/index.html.erb within layouts/application
  [1m[36mArticle Load (0.4ms)[0m  [1m[34mSELECT "articles".* FROM "articles"[0m
  Rendered articles/index.html.erb within layouts/application (2.9ms)
  Rendered layouts/_shim.html.erb (0.2ms)
  Rendered layouts/_header.html.erb (0.3ms)
  Rendered layouts/_footer.html.erb (0.2ms)
Completed 200 OK in 132ms (Views: 124.6ms | ActiveRecord: 0.4ms)
  [1m[35m (0.1ms)[0m  [1m[31mROLLBACK[0m
  [1m[35m (0.1ms)[0m  [1m[35mBEGIN[0m
------------------------------------------------
CommentTest: test_can_save_comment_without_title
------------------------------------------------
  [1m[35m (0.1ms)[0m  [1m[35mSAVEPOINT active_record_1[0m
  [1m[35m (0.1ms)[0m  [1m[31mROLLBACK TO SAVEPOINT active_record_1[0m
  [1m[35m (0.1ms)[0m  [1m[31mROLLBACK[0m
  [1m[35m (0.1ms)[0m  [1m[35mBEGIN[0m
-------------------------------------
CommentTest: test_should_report_error
-------------------------------------
  [1m[35m (0.1ms)[0m  [1m[31mROLLBACK[0m
  [1m[35m (0.1ms)[0m  [1m[35mBEGIN[0m
----------------------------------------------
UsersSignupTest: test_valid_signup_information
----------------------------------------------
Started GET "/signup" for 127.0.0.1 at 2018-03-01 18:07:30 -0800
Processing by UsersController#new as HTML
  Rendering users/new.html.erb within layouts/application
  Rendered shared/_error_messages.html.erb (0.3ms)
  Rendered users/new.html.erb within layouts/application (6.9ms)
  Rendered layouts/_shim.html.erb (0.0ms)
  Rendered layouts/_header.html.erb (0.1ms)
  Rendered layouts/_footer.html.erb (0.1ms)
Completed 200 OK in 17ms (Views: 9.4ms | ActiveRecord: 2.8ms)
  [1m[35m (0.4ms)[0m  [1m[34mSELECT COUNT(*) FROM "users"[0m
Started POST "/users" for 127.0.0.1 at 2018-03-01 18:07:30 -0800
Processing by UsersController#create as HTML
  Parameters: {"user"=>{"name"=>"Example User", "email"=>"user@example.com", "password"=>"[FILTERED]", "password_confirmation"=>"[FILTERED]"}}
  [1m[35m (0.3ms)[0m  [1m[35mSAVEPOINT active_record_1[0m
  [1m[36mUser Exists (0.6ms)[0m  [1m[34mSELECT  1 AS one FROM "users" WHERE LOWER("users"."email") = LOWER($1) LIMIT $2[0m  [["email", "user@example.com"], ["LIMIT", 1]]
  [1m[35mSQL (6.4ms)[0m  [1m[32mINSERT INTO "users" ("name", "email", "created_at", "updated_at", "password_digest") VALUES ($1, $2, $3, $4, $5) RETURNING "id"[0m  [["name", "Example User"], ["email", "user@example.com"], ["created_at", "2018-03-02 02:07:30.516772"], ["updated_at", "2018-03-02 02:07:30.516772"], ["password_digest", "$2a$04$Ebo9pHXu2RsCnPrUGmJItOI4s5ycstscCA87vYE1I/M1KuJZqdXyO"]]
  [1m[35m (0.2ms)[0m  [1m[35mRELEASE SAVEPOINT active_record_1[0m
Redirected to http://www.example.com/users/1
Completed 302 Found in 18ms (ActiveRecord: 9.3ms)
  [1m[35m (0.4ms)[0m  [1m[34mSELECT COUNT(*) FROM "users"[0m
Started GET "/users/1" for 127.0.0.1 at 2018-03-01 18:07:30 -0800
Processing by UsersController#show as HTML
  Parameters: {"id"=>"1"}
  [1m[36mUser Load (0.3ms)[0m  [1m[34mSELECT  "users".* FROM "users" WHERE "users"."id" = $1 LIMIT $2[0m  [["id", 1], ["LIMIT", 1]]
  Rendering users/show.html.erb within layouts/application
  Rendered users/show.html.erb within layouts/application (0.5ms)
  Rendered layouts/_shim.html.erb (0.0ms)
  Rendered layouts/_header.html.erb (0.1ms)
  Rendered layouts/_footer.html.erb (0.1ms)
Completed 200 OK in 7ms (Views: 2.2ms | ActiveRecord: 0.4ms)
  [1m[35m (0.2ms)[0m  [1m[31mROLLBACK[0m
  [1m[35m (0.1ms)[0m  [1m[35mBEGIN[0m
------------------------------------------------
UsersSignupTest: test_invalid_signup_information
------------------------------------------------
Started GET "/signup" for 127.0.0.1 at 2018-03-01 18:07:30 -0800
Processing by UsersController#new as HTML
  Rendering users/new.html.erb within layouts/application
  Rendered shared/_error_messages.html.erb (0.0ms)
  Rendered users/new.html.erb within layouts/application (1.2ms)
  Rendered layouts/_shim.html.erb (0.0ms)
  Rendered layouts/_header.html.erb (0.1ms)
  Rendered layouts/_footer.html.erb (0.1ms)
Completed 200 OK in 3ms (Views: 2.6ms | ActiveRecord: 0.0ms)
  [1m[35m (0.3ms)[0m  [1m[34mSELECT COUNT(*) FROM "users"[0m
Started POST "/users" for 127.0.0.1 at 2018-03-01 18:07:30 -0800
Processing by UsersController#create as HTML
  Parameters: {"user"=>{"name"=>"", "email"=>"user@invalid", "password"=>"[FILTERED]", "password_confirmation"=>"[FILTERED]"}}
  [1m[35m (0.1ms)[0m  [1m[35mSAVEPOINT active_record_1[0m
  [1m[36mUser Exists (0.3ms)[0m  [1m[34mSELECT  1 AS one FROM "users" WHERE LOWER("users"."email") = LOWER($1) LIMIT $2[0m  [["email", "user@invalid"], ["LIMIT", 1]]
  [1m[35m (0.1ms)[0m  [1m[31mROLLBACK TO SAVEPOINT active_record_1[0m
  Rendering users/new.html.erb within layouts/application
  Rendered shared/_error_messages.html.erb (0.4ms)
  Rendered users/new.html.erb within layouts/application (1.4ms)
  Rendered layouts/_shim.html.erb (0.0ms)
  Rendered layouts/_header.html.erb (0.1ms)
  Rendered layouts/_footer.html.erb (0.1ms)
Completed 200 OK in 6ms (Views: 2.7ms | ActiveRecord: 0.5ms)
  [1m[35m (0.2ms)[0m  [1m[34mSELECT COUNT(*) FROM "users"[0m
  [1m[35m (0.2ms)[0m  [1m[31mROLLBACK[0m
  [1m[35m (0.1ms)[0m  [1m[35mBEGIN[0m
-------------------------------------------
SessionsControllerTest: test_should_get_new
-------------------------------------------
Started GET "/login" for 127.0.0.1 at 2018-03-01 18:07:30 -0800
Processing by SessionsController#new as HTML
  Rendering sessions/new.html.erb within layouts/application
  Rendered sessions/new.html.erb within layouts/application (0.8ms)
  Rendered layouts/_shim.html.erb (0.0ms)
  Rendered layouts/_header.html.erb (0.1ms)
  Rendered layouts/_footer.html.erb (0.1ms)
Completed 200 OK in 4ms (Views: 3.2ms | ActiveRecord: 0.0ms)
  [1m[35m (0.1ms)[0m  [1m[31mROLLBACK[0m
  [1m[35m (0.1ms)[0m  [1m[35mBEGIN[0m
---------------------------------------------------------
ArticlesControllerTest: test_should_get_article_home_page
---------------------------------------------------------
Started GET "/articles" for 127.0.0.1 at 2018-03-01 18:07:30 -0800
Processing by ArticlesController#index as HTML
  Rendering articles/index.html.erb within layouts/application
  [1m[36mArticle Load (0.2ms)[0m  [1m[34mSELECT "articles".* FROM "articles"[0m
  Rendered articles/index.html.erb within layouts/application (0.9ms)
  Rendered layouts/_shim.html.erb (0.0ms)
  Rendered layouts/_header.html.erb (0.1ms)
  Rendered layouts/_footer.html.erb (0.1ms)
Completed 200 OK in 3ms (Views: 2.1ms | ActiveRecord: 0.2ms)
  [1m[35m (0.1ms)[0m  [1m[31mROLLBACK[0m
  [1m[35m (0.1ms)[0m  [1m[35mBEGIN[0m
----------------------------------------
UsersControllerTest: test_should_get_new
----------------------------------------
Started GET "/signup" for 127.0.0.1 at 2018-03-01 18:07:30 -0800
Processing by UsersController#new as HTML
  Rendering users/new.html.erb within layouts/application
  Rendered shared/_error_messages.html.erb (0.0ms)
  Rendered users/new.html.erb within layouts/application (1.0ms)
  Rendered layouts/_shim.html.erb (0.0ms)
  Rendered layouts/_header.html.erb (0.1ms)
  Rendered layouts/_footer.html.erb (0.1ms)
Completed 200 OK in 3ms (Views: 2.3ms | ActiveRecord: 0.0ms)
  [1m[35m (0.1ms)[0m  [1m[31mROLLBACK[0m
  [1m[35m (0.1ms)[0m  [1m[35mBEGIN[0m
-----------------------------------------------
UserTest: test_email_addresses_should_be_unique
-----------------------------------------------
  [1m[35m (0.1ms)[0m  [1m[35mSAVEPOINT active_record_1[0m
  [1m[36mUser Exists (0.3ms)[0m  [1m[34mSELECT  1 AS one FROM "users" WHERE LOWER("users"."email") = LOWER($1) LIMIT $2[0m  [["email", "user@example.com"], ["LIMIT", 1]]
  [1m[35mSQL (0.4ms)[0m  [1m[32mINSERT INTO "users" ("name", "email", "created_at", "updated_at", "password_digest") VALUES ($1, $2, $3, $4, $5) RETURNING "id"[0m  [["name", "Example User"], ["email", "user@example.com"], ["created_at", "2018-03-02 02:07:30.572942"], ["updated_at", "2018-03-02 02:07:30.572942"], ["password_digest", "$2a$04$oiGFzhxFu6MLGD3Oj65g5u6sCAizfQJdOXajGlLoJ.BZf.xqWkfR6"]]
  [1m[35m (0.1ms)[0m  [1m[35mRELEASE SAVEPOINT active_record_1[0m
  [1m[36mUser Exists (0.2ms)[0m  [1m[34mSELECT  1 AS one FROM "users" WHERE LOWER("users"."email") = LOWER($1) LIMIT $2[0m  [["email", "USER@EXAMPLE.COM"], ["LIMIT", 1]]
  [1m[35m (0.1ms)[0m  [1m[31mROLLBACK[0m
  [1m[35m (0.1ms)[0m  [1m[35mBEGIN[0m
--------------------------------------
UserTest: test_email_should_be_present
--------------------------------------
  [1m[36mUser Exists (0.3ms)[0m  [1m[34mSELECT  1 AS one FROM "users" WHERE LOWER("users"."email") = LOWER($1) LIMIT $2[0m  [["email", "     "], ["LIMIT", 1]]
  [1m[35m (0.1ms)[0m  [1m[31mROLLBACK[0m
  [1m[35m (0.1ms)[0m  [1m[35mBEGIN[0m
-------------------------------------------------------------
UserTest: test_email_validation_should_accept_valid_addresses
-------------------------------------------------------------
  [1m[36mUser Exists (0.5ms)[0m  [1m[34mSELECT  1 AS one FROM "users" WHERE LOWER("users"."email") = LOWER($1) LIMIT $2[0m  [["email", "user@example.com"], ["LIMIT", 1]]
  [1m[36mUser Exists (0.3ms)[0m  [1m[34mSELECT  1 AS one FROM "users" WHERE LOWER("users"."email") = LOWER($1) LIMIT $2[0m  [["email", "USER@foo.COM"], ["LIMIT", 1]]
  [1m[36mUser Exists (0.2ms)[0m  [1m[34mSELECT  1 AS one FROM "users" WHERE LOWER("users"."email") = LOWER($1) LIMIT $2[0m  [["email", "A_US-ER@foo.bar.org"], ["LIMIT", 1]]
  [1m[36mUser Exists (0.2ms)[0m  [1m[34mSELECT  1 AS one FROM "users" WHERE LOWER("users"."email") = LOWER($1) LIMIT $2[0m  [["email", "first.last@foo.jp"], ["LIMIT", 1]]
  [1m[36mUser Exists (0.2ms)[0m  [1m[34mSELECT  1 AS one FROM "users" WHERE LOWER("users"."email") = LOWER($1) LIMIT $2[0m  [["email", "alice+bob@baz.cn"], ["LIMIT", 1]]
  [1m[35m (0.1ms)[0m  [1m[31mROLLBACK[0m
  [1m[35m (0.1ms)[0m  [1m[35mBEGIN[0m
----------------------------------------------------
UserTest: test_password_should_be_present_(nonblank)
----------------------------------------------------
  [1m[36mUser Exists (0.2ms)[0m  [1m[34mSELECT  1 AS one FROM "users" WHERE LOWER("users"."email") = LOWER($1) LIMIT $2[0m  [["email", "user@example.com"], ["LIMIT", 1]]
  [1m[35m (0.1ms)[0m  [1m[31mROLLBACK[0m
  [1m[35m (0.1ms)[0m  [1m[35mBEGIN[0m
-------------------------------------------
UserTest: test_email_should_not_be_too_long
-------------------------------------------
  [1m[36mUser Exists (0.2ms)[0m  [1m[34mSELECT  1 AS one FROM "users" WHERE LOWER("users"."email") = LOWER($1) LIMIT $2[0m  [["email", "aaaaaaaaaaaaaaaaaaaaaaaaaaaaaaaaaaaaaaaaaaaaaaaaaaaaaaaaaaaaaaaaaaaaaaaaaaaaaaaaaaaaaaaaaaaaaaaaaaaaaaaaaaaaaaaaaaaaaaaaaaaaaaaaaaaaaaaaaaaaaaaaaaaaaaaaaaaaaaaaaaaaaaaaaaaaaaaaaaaaaaaaaaaaaaaaaaaaaaaaaaaaaaaaaaaaaaaaaaaaaaaaaaaaaaaaaaaaaaaaaaaa@example.com"], ["LIMIT", 1]]
  [1m[35m (0.1ms)[0m  [1m[31mROLLBACK[0m
  [1m[35m (0.1ms)[0m  [1m[35mBEGIN[0m
------------------------------------------------------------
UserTest: test_email_addresses_should_be_saved_as_lower-case
------------------------------------------------------------
  [1m[35m (0.1ms)[0m  [1m[35mSAVEPOINT active_record_1[0m
  [1m[36mUser Exists (0.2ms)[0m  [1m[34mSELECT  1 AS one FROM "users" WHERE LOWER("users"."email") = LOWER($1) LIMIT $2[0m  [["email", "Foo@ExAMPle.CoM"], ["LIMIT", 1]]
  [1m[35mSQL (0.3ms)[0m  [1m[32mINSERT INTO "users" ("name", "email", "created_at", "updated_at", "password_digest") VALUES ($1, $2, $3, $4, $5) RETURNING "id"[0m  [["name", "Example User"], ["email", "foo@example.com"], ["created_at", "2018-03-02 02:07:30.593942"], ["updated_at", "2018-03-02 02:07:30.593942"], ["password_digest", "$2a$04$/L8HdfRA3uN1RuneQUU3cOskknkVbq.z46KLzLz6B/X9XVRnFKD5G"]]
  [1m[35m (0.1ms)[0m  [1m[35mRELEASE SAVEPOINT active_record_1[0m
  [1m[36mUser Load (0.2ms)[0m  [1m[34mSELECT  "users".* FROM "users" WHERE "users"."id" = $1 LIMIT $2[0m  [["id", 3], ["LIMIT", 1]]
  [1m[35m (0.1ms)[0m  [1m[31mROLLBACK[0m
  [1m[35m (0.1ms)[0m  [1m[35mBEGIN[0m
---------------------------------------------------------------
UserTest: test_email_validation_should_reject_invalid_addresses
---------------------------------------------------------------
  [1m[36mUser Exists (0.2ms)[0m  [1m[34mSELECT  1 AS one FROM "users" WHERE LOWER("users"."email") = LOWER($1) LIMIT $2[0m  [["email", "user@example,com"], ["LIMIT", 1]]
  [1m[36mUser Exists (0.2ms)[0m  [1m[34mSELECT  1 AS one FROM "users" WHERE LOWER("users"."email") = LOWER($1) LIMIT $2[0m  [["email", "user_at_foo.org"], ["LIMIT", 1]]
  [1m[36mUser Exists (0.2ms)[0m  [1m[34mSELECT  1 AS one FROM "users" WHERE LOWER("users"."email") = LOWER($1) LIMIT $2[0m  [["email", "user.name@example."], ["LIMIT", 1]]
  [1m[36mUser Exists (0.2ms)[0m  [1m[34mSELECT  1 AS one FROM "users" WHERE LOWER("users"."email") = LOWER($1) LIMIT $2[0m  [["email", "foo@bar_baz.com"], ["LIMIT", 1]]
  [1m[36mUser Exists (0.2ms)[0m  [1m[34mSELECT  1 AS one FROM "users" WHERE LOWER("users"."email") = LOWER($1) LIMIT $2[0m  [["email", "foo@bar+baz.com"], ["LIMIT", 1]]
  [1m[36mUser Exists (0.2ms)[0m  [1m[34mSELECT  1 AS one FROM "users" WHERE LOWER("users"."email") = LOWER($1) LIMIT $2[0m  [["email", "foo@bar..com"], ["LIMIT", 1]]
  [1m[35m (0.1ms)[0m  [1m[31mROLLBACK[0m
  [1m[35m (0.1ms)[0m  [1m[35mBEGIN[0m
-------------------------------------
UserTest: test_name_should_be_present
-------------------------------------
  [1m[36mUser Exists (0.2ms)[0m  [1m[34mSELECT  1 AS one FROM "users" WHERE LOWER("users"."email") = LOWER($1) LIMIT $2[0m  [["email", "user@example.com"], ["LIMIT", 1]]
  [1m[35m (0.1ms)[0m  [1m[31mROLLBACK[0m
  [1m[35m (0.1ms)[0m  [1m[35mBEGIN[0m
------------------------------------------
UserTest: test_name_should_not_be_too_long
------------------------------------------
  [1m[36mUser Exists (0.3ms)[0m  [1m[34mSELECT  1 AS one FROM "users" WHERE LOWER("users"."email") = LOWER($1) LIMIT $2[0m  [["email", "user@example.com"], ["LIMIT", 1]]
  [1m[35m (0.1ms)[0m  [1m[31mROLLBACK[0m
  [1m[35m (0.1ms)[0m  [1m[35mBEGIN[0m
------------------------------
UserTest: test_should_be_valid
------------------------------
  [1m[36mUser Exists (0.2ms)[0m  [1m[34mSELECT  1 AS one FROM "users" WHERE LOWER("users"."email") = LOWER($1) LIMIT $2[0m  [["email", "user@example.com"], ["LIMIT", 1]]
  [1m[35m (0.1ms)[0m  [1m[31mROLLBACK[0m
  [1m[35m (0.1ms)[0m  [1m[35mBEGIN[0m
----------------------------------------------------
UserTest: test_password_should_have_a_minimum_length
----------------------------------------------------
  [1m[36mUser Exists (0.3ms)[0m  [1m[34mSELECT  1 AS one FROM "users" WHERE LOWER("users"."email") = LOWER($1) LIMIT $2[0m  [["email", "user@example.com"], ["LIMIT", 1]]
  [1m[35m (0.1ms)[0m  [1m[31mROLLBACK[0m
  [1m[35m (0.1ms)[0m  [1m[35mBEGIN[0m
---------------------------------------------------
UsersLoginTest: test_login_with_invalid_information
---------------------------------------------------
Started GET "/login" for 127.0.0.1 at 2018-03-01 18:07:30 -0800
Processing by SessionsController#new as HTML
  Rendering sessions/new.html.erb within layouts/application
  Rendered sessions/new.html.erb within layouts/application (0.6ms)
  Rendered layouts/_shim.html.erb (0.0ms)
  Rendered layouts/_header.html.erb (0.1ms)
  Rendered layouts/_footer.html.erb (17.1ms)
Completed 200 OK in 19ms (Views: 19.3ms | ActiveRecord: 0.0ms)
Started POST "/login" for 127.0.0.1 at 2018-03-01 18:07:30 -0800
Processing by SessionsController#create as HTML
  Parameters: {"session"=>{"email"=>"", "password"=>"[FILTERED]"}}
  [1m[36mUser Load (0.2ms)[0m  [1m[34mSELECT  "users".* FROM "users" WHERE "users"."email" = $1 LIMIT $2[0m  [["email", ""], ["LIMIT", 1]]
  Rendering sessions/new.html.erb within layouts/application
  Rendered sessions/new.html.erb within layouts/application (0.5ms)
  Rendered layouts/_shim.html.erb (0.0ms)
  Rendered layouts/_header.html.erb (0.1ms)
  Rendered layouts/_footer.html.erb (0.1ms)
Completed 200 OK in 3ms (Views: 1.9ms | ActiveRecord: 0.2ms)
Started GET "/" for 127.0.0.1 at 2018-03-01 18:07:30 -0800
Processing by StaticPagesController#home as HTML
  Rendering static_pages/home.html.erb within layouts/application
  Rendered static_pages/home.html.erb within layouts/application (1.2ms)
  Rendered layouts/_shim.html.erb (0.0ms)
  Rendered layouts/_header.html.erb (0.1ms)
  Rendered layouts/_footer.html.erb (0.1ms)
Completed 200 OK in 5ms (Views: 4.0ms | ActiveRecord: 0.0ms)
  [1m[35m (0.1ms)[0m  [1m[31mROLLBACK[0m
  [1m[35m (0.1ms)[0m  [1m[35mBEGIN[0m
------------------------------------------------
StaticPagesControllerTest: test_should_get_about
------------------------------------------------
Started GET "/about" for 127.0.0.1 at 2018-03-01 18:07:30 -0800
Processing by StaticPagesController#about as HTML
  Rendering static_pages/about.html.erb within layouts/application
  Rendered static_pages/about.html.erb within layouts/application (0.5ms)
  Rendered layouts/_shim.html.erb (0.0ms)
  Rendered layouts/_header.html.erb (0.1ms)
  Rendered layouts/_footer.html.erb (0.1ms)
Completed 200 OK in 5ms (Views: 2.2ms | ActiveRecord: 0.0ms)
  [1m[35m (0.1ms)[0m  [1m[31mROLLBACK[0m
  [1m[35m (0.1ms)[0m  [1m[35mBEGIN[0m
--------------------------------------------------
StaticPagesControllerTest: test_should_get_contact
--------------------------------------------------
Started GET "/contact" for 127.0.0.1 at 2018-03-01 18:07:30 -0800
Processing by StaticPagesController#contact as HTML
  Rendering static_pages/contact.html.erb within layouts/application
  Rendered static_pages/contact.html.erb within layouts/application (0.8ms)
  Rendered layouts/_shim.html.erb (0.0ms)
  Rendered layouts/_header.html.erb (0.2ms)
  Rendered layouts/_footer.html.erb (0.1ms)
Completed 200 OK in 6ms (Views: 3.4ms | ActiveRecord: 0.0ms)
  [1m[35m (0.2ms)[0m  [1m[31mROLLBACK[0m
  [1m[35m (0.1ms)[0m  [1m[35mBEGIN[0m
-----------------------------------------------
StaticPagesControllerTest: test_should_get_home
-----------------------------------------------
Started GET "/" for 127.0.0.1 at 2018-03-01 18:07:30 -0800
Processing by StaticPagesController#home as HTML
  Rendering static_pages/home.html.erb within layouts/application
  Rendered static_pages/home.html.erb within layouts/application (0.5ms)
  Rendered layouts/_shim.html.erb (0.0ms)
  Rendered layouts/_header.html.erb (0.1ms)
  Rendered layouts/_footer.html.erb (0.1ms)
Completed 200 OK in 2ms (Views: 2.0ms | ActiveRecord: 0.0ms)
  [1m[35m (0.2ms)[0m  [1m[31mROLLBACK[0m
  [1m[35m (0.1ms)[0m  [1m[35mBEGIN[0m
-----------------------------------------------
StaticPagesControllerTest: test_should_get_help
-----------------------------------------------
Started GET "/help" for 127.0.0.1 at 2018-03-01 18:07:30 -0800
Processing by StaticPagesController#help as HTML
  Rendering static_pages/help.html.erb within layouts/application
  Rendered static_pages/help.html.erb within layouts/application (0.3ms)
  Rendered layouts/_shim.html.erb (0.0ms)
  Rendered layouts/_header.html.erb (0.1ms)
  Rendered layouts/_footer.html.erb (0.1ms)
Completed 200 OK in 3ms (Views: 1.9ms | ActiveRecord: 0.0ms)
  [1m[35m (0.2ms)[0m  [1m[31mROLLBACK[0m
  [1m[35m (0.1ms)[0m  [1m[35mBEGIN[0m
---------------------------------
SiteLayoutTest: test_layout_links
---------------------------------
Started GET "/" for 127.0.0.1 at 2018-03-01 18:07:30 -0800
Processing by StaticPagesController#home as HTML
  Rendering static_pages/home.html.erb within layouts/application
  Rendered static_pages/home.html.erb within layouts/application (0.5ms)
  Rendered layouts/_shim.html.erb (0.0ms)
  Rendered layouts/_header.html.erb (0.1ms)
  Rendered layouts/_footer.html.erb (0.1ms)
Completed 200 OK in 3ms (Views: 2.3ms | ActiveRecord: 0.0ms)
  [1m[35m (0.2ms)[0m  [1m[31mROLLBACK[0m
  [1m[35m (0.6ms)[0m  [1m[34mSELECT "schema_migrations"."version" FROM "schema_migrations" ORDER BY "schema_migrations"."version" ASC[0m
  [1m[35m (0.1ms)[0m  [1m[35mBEGIN[0m
  [1m[35m (0.7ms)[0m  [1m[35mALTER TABLE "users" DISABLE TRIGGER ALL;ALTER TABLE "articles" DISABLE TRIGGER ALL;ALTER TABLE "comments" DISABLE TRIGGER ALL;ALTER TABLE "schema_migrations" DISABLE TRIGGER ALL;ALTER TABLE "ar_internal_metadata" DISABLE TRIGGER ALL[0m
  [1m[35m (5.7ms)[0m  [1m[35mCOMMIT[0m
  [1m[35m (0.2ms)[0m  [1m[35mBEGIN[0m
  [1m[36mFixture Delete (0.4ms)[0m  [1m[31mDELETE FROM "users"[0m
  [1m[36mFixture Delete (0.3ms)[0m  [1m[31mDELETE FROM "articles"[0m
  [1m[36mFixture Insert (0.4ms)[0m  [1m[32mINSERT INTO "articles" ("title", "created_at", "updated_at", "id") VALUES ('MyString', '2018-03-02 02:07:41.117126', '2018-03-02 02:07:41.117126', 980190962)[0m
  [1m[36mFixture Insert (0.2ms)[0m  [1m[32mINSERT INTO "articles" ("title", "created_at", "updated_at", "id") VALUES ('MyString', '2018-03-02 02:07:41.117126', '2018-03-02 02:07:41.117126', 298486374)[0m
  [1m[36mFixture Delete (0.3ms)[0m  [1m[31mDELETE FROM "comments"[0m
  [1m[36mFixture Insert (0.2ms)[0m  [1m[32mINSERT INTO "comments" ("commenter", "body", "created_at", "updated_at", "id", "article_id") VALUES ('MyString', 'MyText', '2018-03-02 02:07:41.128073', '2018-03-02 02:07:41.128073', 980190962, 980190962)[0m
  [1m[36mFixture Insert (0.1ms)[0m  [1m[32mINSERT INTO "comments" ("commenter", "body", "created_at", "updated_at", "id", "article_id") VALUES ('MyString', 'MyText', '2018-03-02 02:07:41.128073', '2018-03-02 02:07:41.128073', 298486374, 298486374)[0m
  [1m[35m (0.5ms)[0m  [1m[35mCOMMIT[0m
  [1m[35m (0.1ms)[0m  [1m[35mBEGIN[0m
  [1m[35m (0.5ms)[0m  [1m[35mALTER TABLE "users" ENABLE TRIGGER ALL;ALTER TABLE "articles" ENABLE TRIGGER ALL;ALTER TABLE "comments" ENABLE TRIGGER ALL;ALTER TABLE "schema_migrations" ENABLE TRIGGER ALL;ALTER TABLE "ar_internal_metadata" ENABLE TRIGGER ALL[0m
  [1m[35m (0.4ms)[0m  [1m[35mCOMMIT[0m
  [1m[35m (0.1ms)[0m  [1m[35mBEGIN[0m
---------------------------------------------------
UsersLoginTest: test_login_with_invalid_information
---------------------------------------------------
Started GET "/login" for 127.0.0.1 at 2018-03-01 18:07:41 -0800
Processing by SessionsController#new as HTML
  Rendering sessions/new.html.erb within layouts/application
  Rendered sessions/new.html.erb within layouts/application (7.7ms)
  Rendered layouts/_shim.html.erb (0.2ms)
  Rendered layouts/_header.html.erb (0.4ms)
  Rendered layouts/_footer.html.erb (0.2ms)
Completed 200 OK in 136ms (Views: 129.4ms | ActiveRecord: 0.0ms)
Started POST "/login" for 127.0.0.1 at 2018-03-01 18:07:41 -0800
Processing by SessionsController#create as HTML
  Parameters: {"session"=>{"email"=>"", "password"=>"[FILTERED]"}}
  [1m[36mUser Load (0.2ms)[0m  [1m[34mSELECT  "users".* FROM "users" WHERE "users"."email" = $1 LIMIT $2[0m  [["email", ""], ["LIMIT", 1]]
  Rendering sessions/new.html.erb within layouts/application
  Rendered sessions/new.html.erb within layouts/application (0.5ms)
  Rendered layouts/_shim.html.erb (0.0ms)
  Rendered layouts/_header.html.erb (0.1ms)
  Rendered layouts/_footer.html.erb (0.1ms)
Completed 200 OK in 6ms (Views: 1.9ms | ActiveRecord: 1.8ms)
Started GET "/" for 127.0.0.1 at 2018-03-01 18:07:41 -0800
Processing by StaticPagesController#home as HTML
  Rendering static_pages/home.html.erb within layouts/application
  Rendered static_pages/home.html.erb within layouts/application (0.9ms)
  Rendered layouts/_shim.html.erb (0.0ms)
  Rendered layouts/_header.html.erb (0.1ms)
  Rendered layouts/_footer.html.erb (0.1ms)
Completed 200 OK in 4ms (Views: 3.2ms | ActiveRecord: 0.0ms)
  [1m[35m (0.2ms)[0m  [1m[31mROLLBACK[0m
  [1m[35m (0.6ms)[0m  [1m[34mSELECT "schema_migrations"."version" FROM "schema_migrations" ORDER BY "schema_migrations"."version" ASC[0m
  [1m[35m (0.1ms)[0m  [1m[35mBEGIN[0m
  [1m[35m (0.7ms)[0m  [1m[35mALTER TABLE "users" DISABLE TRIGGER ALL;ALTER TABLE "articles" DISABLE TRIGGER ALL;ALTER TABLE "comments" DISABLE TRIGGER ALL;ALTER TABLE "schema_migrations" DISABLE TRIGGER ALL;ALTER TABLE "ar_internal_metadata" DISABLE TRIGGER ALL[0m
  [1m[35m (5.7ms)[0m  [1m[35mCOMMIT[0m
  [1m[35m (0.2ms)[0m  [1m[35mBEGIN[0m
  [1m[36mFixture Delete (0.4ms)[0m  [1m[31mDELETE FROM "users"[0m
  [1m[36mFixture Delete (0.3ms)[0m  [1m[31mDELETE FROM "articles"[0m
  [1m[36mFixture Insert (0.2ms)[0m  [1m[32mINSERT INTO "articles" ("title", "created_at", "updated_at", "id") VALUES ('MyString', '2018-03-02 02:07:51.065405', '2018-03-02 02:07:51.065405', 980190962)[0m
  [1m[36mFixture Insert (0.2ms)[0m  [1m[32mINSERT INTO "articles" ("title", "created_at", "updated_at", "id") VALUES ('MyString', '2018-03-02 02:07:51.065405', '2018-03-02 02:07:51.065405', 298486374)[0m
  [1m[36mFixture Delete (0.6ms)[0m  [1m[31mDELETE FROM "comments"[0m
  [1m[36mFixture Insert (0.5ms)[0m  [1m[32mINSERT INTO "comments" ("commenter", "body", "created_at", "updated_at", "id", "article_id") VALUES ('MyString', 'MyText', '2018-03-02 02:07:51.075353', '2018-03-02 02:07:51.075353', 980190962, 980190962)[0m
  [1m[36mFixture Insert (0.2ms)[0m  [1m[32mINSERT INTO "comments" ("commenter", "body", "created_at", "updated_at", "id", "article_id") VALUES ('MyString', 'MyText', '2018-03-02 02:07:51.075353', '2018-03-02 02:07:51.075353', 298486374, 298486374)[0m
  [1m[35m (0.6ms)[0m  [1m[35mCOMMIT[0m
  [1m[35m (0.2ms)[0m  [1m[35mBEGIN[0m
  [1m[35m (0.5ms)[0m  [1m[35mALTER TABLE "users" ENABLE TRIGGER ALL;ALTER TABLE "articles" ENABLE TRIGGER ALL;ALTER TABLE "comments" ENABLE TRIGGER ALL;ALTER TABLE "schema_migrations" ENABLE TRIGGER ALL;ALTER TABLE "ar_internal_metadata" ENABLE TRIGGER ALL[0m
  [1m[35m (0.5ms)[0m  [1m[35mCOMMIT[0m
  [1m[35m (0.2ms)[0m  [1m[35mBEGIN[0m
------------------------------------------------
UsersSignupTest: test_invalid_signup_information
------------------------------------------------
Started GET "/signup" for 127.0.0.1 at 2018-03-01 18:07:51 -0800
Processing by UsersController#new as HTML
  Rendering users/new.html.erb within layouts/application
  Rendered shared/_error_messages.html.erb (0.3ms)
  Rendered users/new.html.erb within layouts/application (11.0ms)
  Rendered layouts/_shim.html.erb (0.2ms)
  Rendered layouts/_header.html.erb (0.3ms)
  Rendered layouts/_footer.html.erb (0.2ms)
Completed 200 OK in 150ms (Views: 135.3ms | ActiveRecord: 2.9ms)
  [1m[35m (0.4ms)[0m  [1m[34mSELECT COUNT(*) FROM "users"[0m
Started POST "/users" for 127.0.0.1 at 2018-03-01 18:07:51 -0800
Processing by UsersController#create as HTML
  Parameters: {"user"=>{"name"=>"", "email"=>"user@invalid", "password"=>"[FILTERED]", "password_confirmation"=>"[FILTERED]"}}
  [1m[35m (0.2ms)[0m  [1m[35mSAVEPOINT active_record_1[0m
  [1m[36mUser Exists (0.5ms)[0m  [1m[34mSELECT  1 AS one FROM "users" WHERE LOWER("users"."email") = LOWER($1) LIMIT $2[0m  [["email", "user@invalid"], ["LIMIT", 1]]
  [1m[35m (0.1ms)[0m  [1m[31mROLLBACK TO SAVEPOINT active_record_1[0m
  Rendering users/new.html.erb within layouts/application
  Rendered shared/_error_messages.html.erb (0.4ms)
  Rendered users/new.html.erb within layouts/application (1.4ms)
  Rendered layouts/_shim.html.erb (0.0ms)
  Rendered layouts/_header.html.erb (0.1ms)
  Rendered layouts/_footer.html.erb (0.1ms)
Completed 200 OK in 11ms (Views: 2.8ms | ActiveRecord: 2.1ms)
  [1m[35m (0.3ms)[0m  [1m[34mSELECT COUNT(*) FROM "users"[0m
  [1m[35m (0.1ms)[0m  [1m[31mROLLBACK[0m
  [1m[35m (0.1ms)[0m  [1m[35mBEGIN[0m
----------------------------------------------
UsersSignupTest: test_valid_signup_information
----------------------------------------------
Started GET "/signup" for 127.0.0.1 at 2018-03-01 18:07:51 -0800
Processing by UsersController#new as HTML
  Rendering users/new.html.erb within layouts/application
  Rendered shared/_error_messages.html.erb (0.0ms)
  Rendered users/new.html.erb within layouts/application (0.9ms)
  Rendered layouts/_shim.html.erb (0.0ms)
  Rendered layouts/_header.html.erb (0.1ms)
  Rendered layouts/_footer.html.erb (0.1ms)
Completed 200 OK in 2ms (Views: 2.2ms | ActiveRecord: 0.0ms)
  [1m[35m (0.3ms)[0m  [1m[34mSELECT COUNT(*) FROM "users"[0m
Started POST "/users" for 127.0.0.1 at 2018-03-01 18:07:51 -0800
Processing by UsersController#create as HTML
  Parameters: {"user"=>{"name"=>"Example User", "email"=>"user@example.com", "password"=>"[FILTERED]", "password_confirmation"=>"[FILTERED]"}}
  [1m[35m (0.1ms)[0m  [1m[35mSAVEPOINT active_record_1[0m
  [1m[36mUser Exists (0.3ms)[0m  [1m[34mSELECT  1 AS one FROM "users" WHERE LOWER("users"."email") = LOWER($1) LIMIT $2[0m  [["email", "user@example.com"], ["LIMIT", 1]]
  [1m[35mSQL (0.3ms)[0m  [1m[32mINSERT INTO "users" ("name", "email", "created_at", "updated_at", "password_digest") VALUES ($1, $2, $3, $4, $5) RETURNING "id"[0m  [["name", "Example User"], ["email", "user@example.com"], ["created_at", "2018-03-02 02:07:51.400214"], ["updated_at", "2018-03-02 02:07:51.400214"], ["password_digest", "$2a$04$2bx0lhTVwhlEs9YOjRU8oewjG18QPoB74D76Sk0S1LYsPDJjPFa7."]]
  [1m[35m (0.1ms)[0m  [1m[35mRELEASE SAVEPOINT active_record_1[0m
Redirected to http://www.example.com/users/1
Completed 302 Found in 4ms (ActiveRecord: 0.8ms)
  [1m[35m (0.2ms)[0m  [1m[34mSELECT COUNT(*) FROM "users"[0m
Started GET "/users/1" for 127.0.0.1 at 2018-03-01 18:07:51 -0800
Processing by UsersController#show as HTML
  Parameters: {"id"=>"1"}
  [1m[36mUser Load (0.2ms)[0m  [1m[34mSELECT  "users".* FROM "users" WHERE "users"."id" = $1 LIMIT $2[0m  [["id", 1], ["LIMIT", 1]]
  Rendering users/show.html.erb within layouts/application
  Rendered users/show.html.erb within layouts/application (0.5ms)
  Rendered layouts/_shim.html.erb (0.0ms)
  Rendered layouts/_header.html.erb (0.1ms)
  Rendered layouts/_footer.html.erb (0.1ms)
Completed 200 OK in 6ms (Views: 1.9ms | ActiveRecord: 0.3ms)
  [1m[35m (0.3ms)[0m  [1m[31mROLLBACK[0m
  [1m[35m (0.1ms)[0m  [1m[35mBEGIN[0m
----------------------------------------
UsersControllerTest: test_should_get_new
----------------------------------------
Started GET "/signup" for 127.0.0.1 at 2018-03-01 18:07:51 -0800
Processing by UsersController#new as HTML
  Rendering users/new.html.erb within layouts/application
  Rendered shared/_error_messages.html.erb (0.0ms)
  Rendered users/new.html.erb within layouts/application (1.0ms)
  Rendered layouts/_shim.html.erb (0.0ms)
  Rendered layouts/_header.html.erb (0.1ms)
  Rendered layouts/_footer.html.erb (0.1ms)
Completed 200 OK in 3ms (Views: 2.2ms | ActiveRecord: 0.0ms)
  [1m[35m (0.1ms)[0m  [1m[31mROLLBACK[0m
  [1m[35m (0.1ms)[0m  [1m[35mBEGIN[0m
------------------------------------------------
CommentTest: test_can_save_comment_without_title
------------------------------------------------
  [1m[35m (0.1ms)[0m  [1m[35mSAVEPOINT active_record_1[0m
  [1m[35m (0.1ms)[0m  [1m[31mROLLBACK TO SAVEPOINT active_record_1[0m
  [1m[35m (0.1ms)[0m  [1m[31mROLLBACK[0m
  [1m[35m (0.1ms)[0m  [1m[35mBEGIN[0m
-------------------------------------
CommentTest: test_should_report_error
-------------------------------------
  [1m[35m (0.2ms)[0m  [1m[31mROLLBACK[0m
  [1m[35m (0.1ms)[0m  [1m[35mBEGIN[0m
---------------------------------------------------------
ArticlesControllerTest: test_should_get_article_home_page
---------------------------------------------------------
Started GET "/articles" for 127.0.0.1 at 2018-03-01 18:07:51 -0800
Processing by ArticlesController#index as HTML
  Rendering articles/index.html.erb within layouts/application
  [1m[36mArticle Load (0.5ms)[0m  [1m[34mSELECT "articles".* FROM "articles"[0m
  Rendered articles/index.html.erb within layouts/application (5.2ms)
  Rendered layouts/_shim.html.erb (0.0ms)
  Rendered layouts/_header.html.erb (0.1ms)
  Rendered layouts/_footer.html.erb (0.1ms)
Completed 200 OK in 10ms (Views: 7.8ms | ActiveRecord: 0.4ms)
  [1m[35m (0.1ms)[0m  [1m[31mROLLBACK[0m
  [1m[35m (0.1ms)[0m  [1m[35mBEGIN[0m
-------------------------------------------
SessionsControllerTest: test_should_get_new
-------------------------------------------
Started GET "/login" for 127.0.0.1 at 2018-03-01 18:07:51 -0800
Processing by SessionsController#new as HTML
  Rendering sessions/new.html.erb within layouts/application
  Rendered sessions/new.html.erb within layouts/application (0.8ms)
  Rendered layouts/_shim.html.erb (0.0ms)
  Rendered layouts/_header.html.erb (0.1ms)
  Rendered layouts/_footer.html.erb (0.1ms)
Completed 200 OK in 4ms (Views: 3.3ms | ActiveRecord: 0.0ms)
  [1m[35m (0.2ms)[0m  [1m[31mROLLBACK[0m
  [1m[35m (0.1ms)[0m  [1m[35mBEGIN[0m
-------------------------------------
ArticleTest: test_should_report_error
-------------------------------------
  [1m[35m (0.1ms)[0m  [1m[31mROLLBACK[0m
  [1m[35m (0.1ms)[0m  [1m[35mBEGIN[0m
-------------------------------------------------------
ArticleTest: test_should_not_save_article_without_title
-------------------------------------------------------
  [1m[35m (0.1ms)[0m  [1m[35mSAVEPOINT active_record_1[0m
  [1m[35m (0.1ms)[0m  [1m[31mROLLBACK TO SAVEPOINT active_record_1[0m
  [1m[35m (0.1ms)[0m  [1m[31mROLLBACK[0m
  [1m[35m (0.1ms)[0m  [1m[35mBEGIN[0m
---------------------------------
SiteLayoutTest: test_layout_links
---------------------------------
Started GET "/" for 127.0.0.1 at 2018-03-01 18:07:51 -0800
Processing by StaticPagesController#home as HTML
  Rendering static_pages/home.html.erb within layouts/application
  Rendered static_pages/home.html.erb within layouts/application (1.0ms)
  Rendered layouts/_shim.html.erb (0.0ms)
  Rendered layouts/_header.html.erb (0.1ms)
  Rendered layouts/_footer.html.erb (0.1ms)
Completed 200 OK in 4ms (Views: 3.2ms | ActiveRecord: 0.0ms)
  [1m[35m (0.1ms)[0m  [1m[31mROLLBACK[0m
  [1m[35m (0.1ms)[0m  [1m[35mBEGIN[0m
--------------------------------------
UserTest: test_email_should_be_present
--------------------------------------
  [1m[36mUser Exists (0.3ms)[0m  [1m[34mSELECT  1 AS one FROM "users" WHERE LOWER("users"."email") = LOWER($1) LIMIT $2[0m  [["email", "     "], ["LIMIT", 1]]
  [1m[35m (0.1ms)[0m  [1m[31mROLLBACK[0m
  [1m[35m (0.1ms)[0m  [1m[35mBEGIN[0m
-------------------------------------
UserTest: test_name_should_be_present
-------------------------------------
  [1m[36mUser Exists (0.2ms)[0m  [1m[34mSELECT  1 AS one FROM "users" WHERE LOWER("users"."email") = LOWER($1) LIMIT $2[0m  [["email", "user@example.com"], ["LIMIT", 1]]
  [1m[35m (0.1ms)[0m  [1m[31mROLLBACK[0m
  [1m[35m (0.1ms)[0m  [1m[35mBEGIN[0m
---------------------------------------------------------------
UserTest: test_email_validation_should_reject_invalid_addresses
---------------------------------------------------------------
  [1m[36mUser Exists (0.2ms)[0m  [1m[34mSELECT  1 AS one FROM "users" WHERE LOWER("users"."email") = LOWER($1) LIMIT $2[0m  [["email", "user@example,com"], ["LIMIT", 1]]
  [1m[36mUser Exists (0.2ms)[0m  [1m[34mSELECT  1 AS one FROM "users" WHERE LOWER("users"."email") = LOWER($1) LIMIT $2[0m  [["email", "user_at_foo.org"], ["LIMIT", 1]]
  [1m[36mUser Exists (0.2ms)[0m  [1m[34mSELECT  1 AS one FROM "users" WHERE LOWER("users"."email") = LOWER($1) LIMIT $2[0m  [["email", "user.name@example."], ["LIMIT", 1]]
  [1m[36mUser Exists (0.2ms)[0m  [1m[34mSELECT  1 AS one FROM "users" WHERE LOWER("users"."email") = LOWER($1) LIMIT $2[0m  [["email", "foo@bar_baz.com"], ["LIMIT", 1]]
  [1m[36mUser Exists (0.2ms)[0m  [1m[34mSELECT  1 AS one FROM "users" WHERE LOWER("users"."email") = LOWER($1) LIMIT $2[0m  [["email", "foo@bar+baz.com"], ["LIMIT", 1]]
  [1m[36mUser Exists (0.2ms)[0m  [1m[34mSELECT  1 AS one FROM "users" WHERE LOWER("users"."email") = LOWER($1) LIMIT $2[0m  [["email", "foo@bar..com"], ["LIMIT", 1]]
  [1m[35m (0.1ms)[0m  [1m[31mROLLBACK[0m
  [1m[35m (0.1ms)[0m  [1m[35mBEGIN[0m
------------------------------------------------------------
UserTest: test_email_addresses_should_be_saved_as_lower-case
------------------------------------------------------------
  [1m[35m (0.1ms)[0m  [1m[35mSAVEPOINT active_record_1[0m
  [1m[36mUser Exists (0.2ms)[0m  [1m[34mSELECT  1 AS one FROM "users" WHERE LOWER("users"."email") = LOWER($1) LIMIT $2[0m  [["email", "Foo@ExAMPle.CoM"], ["LIMIT", 1]]
  [1m[35mSQL (0.3ms)[0m  [1m[32mINSERT INTO "users" ("name", "email", "created_at", "updated_at", "password_digest") VALUES ($1, $2, $3, $4, $5) RETURNING "id"[0m  [["name", "Example User"], ["email", "foo@example.com"], ["created_at", "2018-03-02 02:07:51.476852"], ["updated_at", "2018-03-02 02:07:51.476852"], ["password_digest", "$2a$04$9m6W.nNGkBhLkVy/QBDwte2CpR.w259ubaAc3i9WB0sZvDpOQrIdG"]]
  [1m[35m (0.1ms)[0m  [1m[35mRELEASE SAVEPOINT active_record_1[0m
  [1m[36mUser Load (0.2ms)[0m  [1m[34mSELECT  "users".* FROM "users" WHERE "users"."id" = $1 LIMIT $2[0m  [["id", 2], ["LIMIT", 1]]
  [1m[35m (0.1ms)[0m  [1m[31mROLLBACK[0m
  [1m[35m (0.1ms)[0m  [1m[35mBEGIN[0m
-------------------------------------------------------------
UserTest: test_email_validation_should_accept_valid_addresses
-------------------------------------------------------------
  [1m[36mUser Exists (0.4ms)[0m  [1m[34mSELECT  1 AS one FROM "users" WHERE LOWER("users"."email") = LOWER($1) LIMIT $2[0m  [["email", "user@example.com"], ["LIMIT", 1]]
  [1m[36mUser Exists (0.2ms)[0m  [1m[34mSELECT  1 AS one FROM "users" WHERE LOWER("users"."email") = LOWER($1) LIMIT $2[0m  [["email", "USER@foo.COM"], ["LIMIT", 1]]
  [1m[36mUser Exists (0.3ms)[0m  [1m[34mSELECT  1 AS one FROM "users" WHERE LOWER("users"."email") = LOWER($1) LIMIT $2[0m  [["email", "A_US-ER@foo.bar.org"], ["LIMIT", 1]]
  [1m[36mUser Exists (0.2ms)[0m  [1m[34mSELECT  1 AS one FROM "users" WHERE LOWER("users"."email") = LOWER($1) LIMIT $2[0m  [["email", "first.last@foo.jp"], ["LIMIT", 1]]
  [1m[36mUser Exists (0.2ms)[0m  [1m[34mSELECT  1 AS one FROM "users" WHERE LOWER("users"."email") = LOWER($1) LIMIT $2[0m  [["email", "alice+bob@baz.cn"], ["LIMIT", 1]]
  [1m[35m (0.1ms)[0m  [1m[31mROLLBACK[0m
  [1m[35m (0.1ms)[0m  [1m[35mBEGIN[0m
----------------------------------------------------
UserTest: test_password_should_have_a_minimum_length
----------------------------------------------------
  [1m[36mUser Exists (0.2ms)[0m  [1m[34mSELECT  1 AS one FROM "users" WHERE LOWER("users"."email") = LOWER($1) LIMIT $2[0m  [["email", "user@example.com"], ["LIMIT", 1]]
  [1m[35m (0.1ms)[0m  [1m[31mROLLBACK[0m
  [1m[35m (0.1ms)[0m  [1m[35mBEGIN[0m
------------------------------
UserTest: test_should_be_valid
------------------------------
  [1m[36mUser Exists (0.2ms)[0m  [1m[34mSELECT  1 AS one FROM "users" WHERE LOWER("users"."email") = LOWER($1) LIMIT $2[0m  [["email", "user@example.com"], ["LIMIT", 1]]
  [1m[35m (0.1ms)[0m  [1m[31mROLLBACK[0m
  [1m[35m (0.1ms)[0m  [1m[35mBEGIN[0m
-------------------------------------------
UserTest: test_email_should_not_be_too_long
-------------------------------------------
  [1m[36mUser Exists (0.2ms)[0m  [1m[34mSELECT  1 AS one FROM "users" WHERE LOWER("users"."email") = LOWER($1) LIMIT $2[0m  [["email", "aaaaaaaaaaaaaaaaaaaaaaaaaaaaaaaaaaaaaaaaaaaaaaaaaaaaaaaaaaaaaaaaaaaaaaaaaaaaaaaaaaaaaaaaaaaaaaaaaaaaaaaaaaaaaaaaaaaaaaaaaaaaaaaaaaaaaaaaaaaaaaaaaaaaaaaaaaaaaaaaaaaaaaaaaaaaaaaaaaaaaaaaaaaaaaaaaaaaaaaaaaaaaaaaaaaaaaaaaaaaaaaaaaaaaaaaaaaaaaaaaaaa@example.com"], ["LIMIT", 1]]
  [1m[35m (0.1ms)[0m  [1m[31mROLLBACK[0m
  [1m[35m (0.1ms)[0m  [1m[35mBEGIN[0m
-----------------------------------------------
UserTest: test_email_addresses_should_be_unique
-----------------------------------------------
  [1m[35m (0.1ms)[0m  [1m[35mSAVEPOINT active_record_1[0m
  [1m[36mUser Exists (0.2ms)[0m  [1m[34mSELECT  1 AS one FROM "users" WHERE LOWER("users"."email") = LOWER($1) LIMIT $2[0m  [["email", "user@example.com"], ["LIMIT", 1]]
  [1m[35mSQL (0.3ms)[0m  [1m[32mINSERT INTO "users" ("name", "email", "created_at", "updated_at", "password_digest") VALUES ($1, $2, $3, $4, $5) RETURNING "id"[0m  [["name", "Example User"], ["email", "user@example.com"], ["created_at", "2018-03-02 02:07:51.496360"], ["updated_at", "2018-03-02 02:07:51.496360"], ["password_digest", "$2a$04$sTgJFs586ptIMAgOFcKYgOrgt1Xf5TR32.5ChUVzrkG/W6Wx3aGQi"]]
  [1m[35m (0.1ms)[0m  [1m[35mRELEASE SAVEPOINT active_record_1[0m
  [1m[36mUser Exists (0.3ms)[0m  [1m[34mSELECT  1 AS one FROM "users" WHERE LOWER("users"."email") = LOWER($1) LIMIT $2[0m  [["email", "USER@EXAMPLE.COM"], ["LIMIT", 1]]
  [1m[35m (0.1ms)[0m  [1m[31mROLLBACK[0m
  [1m[35m (0.1ms)[0m  [1m[35mBEGIN[0m
------------------------------------------
UserTest: test_name_should_not_be_too_long
------------------------------------------
  [1m[36mUser Exists (0.3ms)[0m  [1m[34mSELECT  1 AS one FROM "users" WHERE LOWER("users"."email") = LOWER($1) LIMIT $2[0m  [["email", "user@example.com"], ["LIMIT", 1]]
  [1m[35m (0.1ms)[0m  [1m[31mROLLBACK[0m
  [1m[35m (0.1ms)[0m  [1m[35mBEGIN[0m
----------------------------------------------------
UserTest: test_password_should_be_present_(nonblank)
----------------------------------------------------
  [1m[36mUser Exists (0.2ms)[0m  [1m[34mSELECT  1 AS one FROM "users" WHERE LOWER("users"."email") = LOWER($1) LIMIT $2[0m  [["email", "user@example.com"], ["LIMIT", 1]]
  [1m[35m (0.1ms)[0m  [1m[31mROLLBACK[0m
  [1m[35m (0.1ms)[0m  [1m[35mBEGIN[0m
---------------------------------------------------------
CommentsControllerTest: test_should_get_comment_home_page
---------------------------------------------------------
Started GET "/articles" for 127.0.0.1 at 2018-03-01 18:07:51 -0800
Processing by ArticlesController#index as HTML
  Rendering articles/index.html.erb within layouts/application
  [1m[36mArticle Load (0.2ms)[0m  [1m[34mSELECT "articles".* FROM "articles"[0m
  Rendered articles/index.html.erb within layouts/application (0.9ms)
  Rendered layouts/_shim.html.erb (0.0ms)
  Rendered layouts/_header.html.erb (0.1ms)
  Rendered layouts/_footer.html.erb (0.1ms)
Completed 200 OK in 3ms (Views: 2.0ms | ActiveRecord: 0.2ms)
  [1m[35m (0.1ms)[0m  [1m[31mROLLBACK[0m
  [1m[35m (0.1ms)[0m  [1m[35mBEGIN[0m
---------------------------------------------------
UsersLoginTest: test_login_with_invalid_information
---------------------------------------------------
Started GET "/login" for 127.0.0.1 at 2018-03-01 18:07:51 -0800
Processing by SessionsController#new as HTML
  Rendering sessions/new.html.erb within layouts/application
  Rendered sessions/new.html.erb within layouts/application (0.5ms)
  Rendered layouts/_shim.html.erb (0.0ms)
  Rendered layouts/_header.html.erb (0.1ms)
  Rendered layouts/_footer.html.erb (0.1ms)
Completed 200 OK in 2ms (Views: 2.0ms | ActiveRecord: 0.0ms)
Started POST "/login" for 127.0.0.1 at 2018-03-01 18:07:51 -0800
Processing by SessionsController#create as HTML
  Parameters: {"session"=>{"email"=>"", "password"=>"[FILTERED]"}}
  [1m[36mUser Load (0.2ms)[0m  [1m[34mSELECT  "users".* FROM "users" WHERE "users"."email" = $1 LIMIT $2[0m  [["email", ""], ["LIMIT", 1]]
  Rendering sessions/new.html.erb within layouts/application
  Rendered sessions/new.html.erb within layouts/application (0.5ms)
  Rendered layouts/_shim.html.erb (0.0ms)
  Rendered layouts/_header.html.erb (0.1ms)
  Rendered layouts/_footer.html.erb (0.1ms)
Completed 200 OK in 3ms (Views: 1.8ms | ActiveRecord: 0.2ms)
Started GET "/" for 127.0.0.1 at 2018-03-01 18:07:51 -0800
Processing by StaticPagesController#home as HTML
  Rendering static_pages/home.html.erb within layouts/application
  Rendered static_pages/home.html.erb within layouts/application (0.4ms)
  Rendered layouts/_shim.html.erb (0.0ms)
  Rendered layouts/_header.html.erb (0.1ms)
  Rendered layouts/_footer.html.erb (0.1ms)
Completed 200 OK in 2ms (Views: 1.5ms | ActiveRecord: 0.0ms)
  [1m[35m (0.1ms)[0m  [1m[31mROLLBACK[0m
  [1m[35m (0.1ms)[0m  [1m[35mBEGIN[0m
-----------------------------------------------
StaticPagesControllerTest: test_should_get_help
-----------------------------------------------
Started GET "/help" for 127.0.0.1 at 2018-03-01 18:07:51 -0800
Processing by StaticPagesController#help as HTML
  Rendering static_pages/help.html.erb within layouts/application
  Rendered static_pages/help.html.erb within layouts/application (0.3ms)
  Rendered layouts/_shim.html.erb (14.8ms)
  Rendered layouts/_header.html.erb (0.3ms)
  Rendered layouts/_footer.html.erb (0.1ms)
Completed 200 OK in 18ms (Views: 17.0ms | ActiveRecord: 0.0ms)
  [1m[35m (0.2ms)[0m  [1m[31mROLLBACK[0m
  [1m[35m (0.1ms)[0m  [1m[35mBEGIN[0m
------------------------------------------------
StaticPagesControllerTest: test_should_get_about
------------------------------------------------
Started GET "/about" for 127.0.0.1 at 2018-03-01 18:07:51 -0800
Processing by StaticPagesController#about as HTML
  Rendering static_pages/about.html.erb within layouts/application
  Rendered static_pages/about.html.erb within layouts/application (1.3ms)
  Rendered layouts/_shim.html.erb (0.0ms)
  Rendered layouts/_header.html.erb (0.3ms)
  Rendered layouts/_footer.html.erb (0.1ms)
Completed 200 OK in 5ms (Views: 3.7ms | ActiveRecord: 0.0ms)
  [1m[35m (0.1ms)[0m  [1m[31mROLLBACK[0m
  [1m[35m (0.1ms)[0m  [1m[35mBEGIN[0m
-----------------------------------------------
StaticPagesControllerTest: test_should_get_home
-----------------------------------------------
Started GET "/" for 127.0.0.1 at 2018-03-01 18:07:51 -0800
Processing by StaticPagesController#home as HTML
  Rendering static_pages/home.html.erb within layouts/application
  Rendered static_pages/home.html.erb within layouts/application (0.7ms)
  Rendered layouts/_shim.html.erb (0.0ms)
  Rendered layouts/_header.html.erb (0.1ms)
  Rendered layouts/_footer.html.erb (0.1ms)
Completed 200 OK in 3ms (Views: 2.8ms | ActiveRecord: 0.0ms)
  [1m[35m (0.1ms)[0m  [1m[31mROLLBACK[0m
  [1m[35m (0.1ms)[0m  [1m[35mBEGIN[0m
--------------------------------------------------
StaticPagesControllerTest: test_should_get_contact
--------------------------------------------------
Started GET "/contact" for 127.0.0.1 at 2018-03-01 18:07:51 -0800
Processing by StaticPagesController#contact as HTML
  Rendering static_pages/contact.html.erb within layouts/application
  Rendered static_pages/contact.html.erb within layouts/application (0.5ms)
  Rendered layouts/_shim.html.erb (0.1ms)
  Rendered layouts/_header.html.erb (0.2ms)
  Rendered layouts/_footer.html.erb (0.1ms)
Completed 200 OK in 4ms (Views: 2.6ms | ActiveRecord: 0.0ms)
  [1m[35m (0.2ms)[0m  [1m[31mROLLBACK[0m
  [1m[35m (0.7ms)[0m  [1m[34mSELECT "schema_migrations"."version" FROM "schema_migrations" ORDER BY "schema_migrations"."version" ASC[0m
  [1m[35m (0.5ms)[0m  [1m[35mBEGIN[0m
  [1m[35m (0.7ms)[0m  [1m[35mALTER TABLE "users" DISABLE TRIGGER ALL;ALTER TABLE "articles" DISABLE TRIGGER ALL;ALTER TABLE "comments" DISABLE TRIGGER ALL;ALTER TABLE "schema_migrations" DISABLE TRIGGER ALL;ALTER TABLE "ar_internal_metadata" DISABLE TRIGGER ALL[0m
  [1m[35m (5.6ms)[0m  [1m[35mCOMMIT[0m
  [1m[35m (0.2ms)[0m  [1m[35mBEGIN[0m
  [1m[36mFixture Delete (0.4ms)[0m  [1m[31mDELETE FROM "users"[0m
  [1m[36mFixture Delete (0.3ms)[0m  [1m[31mDELETE FROM "articles"[0m
  [1m[36mFixture Insert (0.3ms)[0m  [1m[32mINSERT INTO "articles" ("title", "created_at", "updated_at", "id") VALUES ('MyString', '2018-03-02 02:11:37.407793', '2018-03-02 02:11:37.407793', 980190962)[0m
  [1m[36mFixture Insert (0.2ms)[0m  [1m[32mINSERT INTO "articles" ("title", "created_at", "updated_at", "id") VALUES ('MyString', '2018-03-02 02:11:37.407793', '2018-03-02 02:11:37.407793', 298486374)[0m
  [1m[36mFixture Delete (0.3ms)[0m  [1m[31mDELETE FROM "comments"[0m
  [1m[36mFixture Insert (0.2ms)[0m  [1m[32mINSERT INTO "comments" ("commenter", "body", "created_at", "updated_at", "id", "article_id") VALUES ('MyString', 'MyText', '2018-03-02 02:11:37.419402', '2018-03-02 02:11:37.419402', 980190962, 980190962)[0m
  [1m[36mFixture Insert (0.2ms)[0m  [1m[32mINSERT INTO "comments" ("commenter", "body", "created_at", "updated_at", "id", "article_id") VALUES ('MyString', 'MyText', '2018-03-02 02:11:37.419402', '2018-03-02 02:11:37.419402', 298486374, 298486374)[0m
  [1m[35m (2.2ms)[0m  [1m[35mCOMMIT[0m
  [1m[35m (0.1ms)[0m  [1m[35mBEGIN[0m
  [1m[35m (0.7ms)[0m  [1m[35mALTER TABLE "users" ENABLE TRIGGER ALL;ALTER TABLE "articles" ENABLE TRIGGER ALL;ALTER TABLE "comments" ENABLE TRIGGER ALL;ALTER TABLE "schema_migrations" ENABLE TRIGGER ALL;ALTER TABLE "ar_internal_metadata" ENABLE TRIGGER ALL[0m
  [1m[35m (0.5ms)[0m  [1m[35mCOMMIT[0m
  [1m[35m (0.1ms)[0m  [1m[35mBEGIN[0m
-------------------------------------------
SessionsControllerTest: test_should_get_new
-------------------------------------------
Started GET "/login" for 127.0.0.1 at 2018-03-01 18:11:37 -0800
Processing by SessionsController#new as HTML
  Rendering sessions/new.html.erb within layouts/application
  Rendered sessions/new.html.erb within layouts/application (7.8ms)
  Rendered layouts/_shim.html.erb (0.2ms)
  Rendered layouts/_header.html.erb (0.4ms)
  Rendered layouts/_footer.html.erb (0.3ms)
Completed 200 OK in 147ms (Views: 140.6ms | ActiveRecord: 0.0ms)
  [1m[35m (0.2ms)[0m  [1m[31mROLLBACK[0m
  [1m[35m (0.1ms)[0m  [1m[35mBEGIN[0m
---------------------------------------------------
UsersLoginTest: test_login_with_invalid_information
---------------------------------------------------
Started GET "/login" for 127.0.0.1 at 2018-03-01 18:11:37 -0800
Processing by SessionsController#new as HTML
  Rendering sessions/new.html.erb within layouts/application
  Rendered sessions/new.html.erb within layouts/application (0.5ms)
  Rendered layouts/_shim.html.erb (0.0ms)
  Rendered layouts/_header.html.erb (0.1ms)
  Rendered layouts/_footer.html.erb (0.1ms)
Completed 200 OK in 2ms (Views: 1.9ms | ActiveRecord: 0.0ms)
Started POST "/login" for 127.0.0.1 at 2018-03-01 18:11:37 -0800
Processing by SessionsController#create as HTML
  Parameters: {"session"=>{"email"=>"", "password"=>"[FILTERED]"}}
  [1m[36mUser Load (0.3ms)[0m  [1m[34mSELECT  "users".* FROM "users" WHERE "users"."email" = $1 LIMIT $2[0m  [["email", ""], ["LIMIT", 1]]
  Rendering sessions/new.html.erb within layouts/application
  Rendered sessions/new.html.erb within layouts/application (0.7ms)
  Rendered layouts/_shim.html.erb (0.0ms)
  Rendered layouts/_header.html.erb (0.1ms)
  Rendered layouts/_footer.html.erb (0.1ms)
Completed 200 OK in 8ms (Views: 2.5ms | ActiveRecord: 2.4ms)
Started GET "/" for 127.0.0.1 at 2018-03-01 18:11:37 -0800
Processing by StaticPagesController#home as HTML
  Rendering static_pages/home.html.erb within layouts/application
  Rendered static_pages/home.html.erb within layouts/application (1.3ms)
  Rendered layouts/_shim.html.erb (0.0ms)
  Rendered layouts/_header.html.erb (0.2ms)
  Rendered layouts/_footer.html.erb (0.1ms)
Completed 200 OK in 7ms (Views: 5.0ms | ActiveRecord: 0.0ms)
  [1m[35m (0.3ms)[0m  [1m[31mROLLBACK[0m
  [1m[35m (0.2ms)[0m  [1m[35mBEGIN[0m
----------------------------------------
UsersControllerTest: test_should_get_new
----------------------------------------
Started GET "/signup" for 127.0.0.1 at 2018-03-01 18:11:37 -0800
Processing by UsersController#new as HTML
  Rendering users/new.html.erb within layouts/application
  Rendered shared/_error_messages.html.erb (0.3ms)
  Rendered users/new.html.erb within layouts/application (3.2ms)
  Rendered layouts/_shim.html.erb (0.0ms)
  Rendered layouts/_header.html.erb (0.1ms)
  Rendered layouts/_footer.html.erb (0.1ms)
Completed 200 OK in 14ms (Views: 5.8ms | ActiveRecord: 2.8ms)
  [1m[35m (0.1ms)[0m  [1m[31mROLLBACK[0m
  [1m[35m (0.1ms)[0m  [1m[35mBEGIN[0m
---------------------------------
SiteLayoutTest: test_layout_links
---------------------------------
Started GET "/" for 127.0.0.1 at 2018-03-01 18:11:37 -0800
Processing by StaticPagesController#home as HTML
  Rendering static_pages/home.html.erb within layouts/application
  Rendered static_pages/home.html.erb within layouts/application (0.4ms)
  Rendered layouts/_shim.html.erb (0.0ms)
  Rendered layouts/_header.html.erb (0.1ms)
  Rendered layouts/_footer.html.erb (0.1ms)
Completed 200 OK in 2ms (Views: 1.8ms | ActiveRecord: 0.0ms)
  [1m[35m (0.1ms)[0m  [1m[31mROLLBACK[0m
  [1m[35m (0.1ms)[0m  [1m[35mBEGIN[0m
---------------------------------------------------------
ArticlesControllerTest: test_should_get_article_home_page
---------------------------------------------------------
Started GET "/articles" for 127.0.0.1 at 2018-03-01 18:11:37 -0800
Processing by ArticlesController#index as HTML
  Rendering articles/index.html.erb within layouts/application
  [1m[36mArticle Load (0.4ms)[0m  [1m[34mSELECT "articles".* FROM "articles"[0m
  Rendered articles/index.html.erb within layouts/application (5.8ms)
  Rendered layouts/_shim.html.erb (0.0ms)
  Rendered layouts/_header.html.erb (0.1ms)
  Rendered layouts/_footer.html.erb (0.1ms)
Completed 200 OK in 11ms (Views: 9.0ms | ActiveRecord: 0.4ms)
  [1m[35m (0.2ms)[0m  [1m[31mROLLBACK[0m
  [1m[35m (0.1ms)[0m  [1m[35mBEGIN[0m
-------------------------------------
UserTest: test_name_should_be_present
-------------------------------------
  [1m[36mUser Exists (0.4ms)[0m  [1m[34mSELECT  1 AS one FROM "users" WHERE LOWER("users"."email") = LOWER($1) LIMIT $2[0m  [["email", "user@example.com"], ["LIMIT", 1]]
  [1m[35m (0.1ms)[0m  [1m[31mROLLBACK[0m
  [1m[35m (0.1ms)[0m  [1m[35mBEGIN[0m
-------------------------------------------------------------
UserTest: test_email_validation_should_accept_valid_addresses
-------------------------------------------------------------
  [1m[36mUser Exists (0.2ms)[0m  [1m[34mSELECT  1 AS one FROM "users" WHERE LOWER("users"."email") = LOWER($1) LIMIT $2[0m  [["email", "user@example.com"], ["LIMIT", 1]]
  [1m[36mUser Exists (0.2ms)[0m  [1m[34mSELECT  1 AS one FROM "users" WHERE LOWER("users"."email") = LOWER($1) LIMIT $2[0m  [["email", "USER@foo.COM"], ["LIMIT", 1]]
  [1m[36mUser Exists (0.2ms)[0m  [1m[34mSELECT  1 AS one FROM "users" WHERE LOWER("users"."email") = LOWER($1) LIMIT $2[0m  [["email", "A_US-ER@foo.bar.org"], ["LIMIT", 1]]
  [1m[36mUser Exists (0.2ms)[0m  [1m[34mSELECT  1 AS one FROM "users" WHERE LOWER("users"."email") = LOWER($1) LIMIT $2[0m  [["email", "first.last@foo.jp"], ["LIMIT", 1]]
  [1m[36mUser Exists (0.2ms)[0m  [1m[34mSELECT  1 AS one FROM "users" WHERE LOWER("users"."email") = LOWER($1) LIMIT $2[0m  [["email", "alice+bob@baz.cn"], ["LIMIT", 1]]
  [1m[35m (0.1ms)[0m  [1m[31mROLLBACK[0m
  [1m[35m (0.1ms)[0m  [1m[35mBEGIN[0m
------------------------------
UserTest: test_should_be_valid
------------------------------
  [1m[36mUser Exists (0.2ms)[0m  [1m[34mSELECT  1 AS one FROM "users" WHERE LOWER("users"."email") = LOWER($1) LIMIT $2[0m  [["email", "user@example.com"], ["LIMIT", 1]]
  [1m[35m (0.1ms)[0m  [1m[31mROLLBACK[0m
  [1m[35m (0.1ms)[0m  [1m[35mBEGIN[0m
--------------------------------------
UserTest: test_email_should_be_present
--------------------------------------
  [1m[36mUser Exists (0.3ms)[0m  [1m[34mSELECT  1 AS one FROM "users" WHERE LOWER("users"."email") = LOWER($1) LIMIT $2[0m  [["email", "     "], ["LIMIT", 1]]
  [1m[35m (0.1ms)[0m  [1m[31mROLLBACK[0m
  [1m[35m (0.1ms)[0m  [1m[35mBEGIN[0m
-------------------------------------------
UserTest: test_email_should_not_be_too_long
-------------------------------------------
  [1m[36mUser Exists (0.3ms)[0m  [1m[34mSELECT  1 AS one FROM "users" WHERE LOWER("users"."email") = LOWER($1) LIMIT $2[0m  [["email", "aaaaaaaaaaaaaaaaaaaaaaaaaaaaaaaaaaaaaaaaaaaaaaaaaaaaaaaaaaaaaaaaaaaaaaaaaaaaaaaaaaaaaaaaaaaaaaaaaaaaaaaaaaaaaaaaaaaaaaaaaaaaaaaaaaaaaaaaaaaaaaaaaaaaaaaaaaaaaaaaaaaaaaaaaaaaaaaaaaaaaaaaaaaaaaaaaaaaaaaaaaaaaaaaaaaaaaaaaaaaaaaaaaaaaaaaaaaaaaaaaaaa@example.com"], ["LIMIT", 1]]
  [1m[35m (0.1ms)[0m  [1m[31mROLLBACK[0m
  [1m[35m (0.1ms)[0m  [1m[35mBEGIN[0m
---------------------------------------------------------------
UserTest: test_email_validation_should_reject_invalid_addresses
---------------------------------------------------------------
  [1m[36mUser Exists (0.3ms)[0m  [1m[34mSELECT  1 AS one FROM "users" WHERE LOWER("users"."email") = LOWER($1) LIMIT $2[0m  [["email", "user@example,com"], ["LIMIT", 1]]
  [1m[36mUser Exists (0.2ms)[0m  [1m[34mSELECT  1 AS one FROM "users" WHERE LOWER("users"."email") = LOWER($1) LIMIT $2[0m  [["email", "user_at_foo.org"], ["LIMIT", 1]]
  [1m[36mUser Exists (0.2ms)[0m  [1m[34mSELECT  1 AS one FROM "users" WHERE LOWER("users"."email") = LOWER($1) LIMIT $2[0m  [["email", "user.name@example."], ["LIMIT", 1]]
  [1m[36mUser Exists (0.2ms)[0m  [1m[34mSELECT  1 AS one FROM "users" WHERE LOWER("users"."email") = LOWER($1) LIMIT $2[0m  [["email", "foo@bar_baz.com"], ["LIMIT", 1]]
  [1m[36mUser Exists (0.2ms)[0m  [1m[34mSELECT  1 AS one FROM "users" WHERE LOWER("users"."email") = LOWER($1) LIMIT $2[0m  [["email", "foo@bar+baz.com"], ["LIMIT", 1]]
  [1m[36mUser Exists (0.2ms)[0m  [1m[34mSELECT  1 AS one FROM "users" WHERE LOWER("users"."email") = LOWER($1) LIMIT $2[0m  [["email", "foo@bar..com"], ["LIMIT", 1]]
  [1m[35m (0.1ms)[0m  [1m[31mROLLBACK[0m
  [1m[35m (0.1ms)[0m  [1m[35mBEGIN[0m
----------------------------------------------------
UserTest: test_password_should_be_present_(nonblank)
----------------------------------------------------
  [1m[36mUser Exists (0.2ms)[0m  [1m[34mSELECT  1 AS one FROM "users" WHERE LOWER("users"."email") = LOWER($1) LIMIT $2[0m  [["email", "user@example.com"], ["LIMIT", 1]]
  [1m[35m (0.1ms)[0m  [1m[31mROLLBACK[0m
  [1m[35m (0.1ms)[0m  [1m[35mBEGIN[0m
-----------------------------------------------
UserTest: test_email_addresses_should_be_unique
-----------------------------------------------
  [1m[35m (0.1ms)[0m  [1m[35mSAVEPOINT active_record_1[0m
  [1m[36mUser Exists (0.3ms)[0m  [1m[34mSELECT  1 AS one FROM "users" WHERE LOWER("users"."email") = LOWER($1) LIMIT $2[0m  [["email", "user@example.com"], ["LIMIT", 1]]
  [1m[35mSQL (0.4ms)[0m  [1m[32mINSERT INTO "users" ("name", "email", "created_at", "updated_at", "password_digest") VALUES ($1, $2, $3, $4, $5) RETURNING "id"[0m  [["name", "Example User"], ["email", "user@example.com"], ["created_at", "2018-03-02 02:11:37.815183"], ["updated_at", "2018-03-02 02:11:37.815183"], ["password_digest", "$2a$04$OB32lEPRCplcMOuiFa7KWe2fEhfcjuLD0bjAXyEqK7xINnYwltioS"]]
  [1m[35m (0.1ms)[0m  [1m[35mRELEASE SAVEPOINT active_record_1[0m
  [1m[36mUser Exists (0.3ms)[0m  [1m[34mSELECT  1 AS one FROM "users" WHERE LOWER("users"."email") = LOWER($1) LIMIT $2[0m  [["email", "USER@EXAMPLE.COM"], ["LIMIT", 1]]
  [1m[35m (0.1ms)[0m  [1m[31mROLLBACK[0m
  [1m[35m (0.1ms)[0m  [1m[35mBEGIN[0m
------------------------------------------------------------
UserTest: test_email_addresses_should_be_saved_as_lower-case
------------------------------------------------------------
  [1m[35m (0.1ms)[0m  [1m[35mSAVEPOINT active_record_1[0m
  [1m[36mUser Exists (0.3ms)[0m  [1m[34mSELECT  1 AS one FROM "users" WHERE LOWER("users"."email") = LOWER($1) LIMIT $2[0m  [["email", "Foo@ExAMPle.CoM"], ["LIMIT", 1]]
  [1m[35mSQL (0.3ms)[0m  [1m[32mINSERT INTO "users" ("name", "email", "created_at", "updated_at", "password_digest") VALUES ($1, $2, $3, $4, $5) RETURNING "id"[0m  [["name", "Example User"], ["email", "foo@example.com"], ["created_at", "2018-03-02 02:11:37.821069"], ["updated_at", "2018-03-02 02:11:37.821069"], ["password_digest", "$2a$04$iIzcBVLyn5kfXdjYtxOWgOyGwj8mtWSu0e0blZbqoWgRrt/Vmd/hC"]]
  [1m[35m (0.1ms)[0m  [1m[35mRELEASE SAVEPOINT active_record_1[0m
  [1m[36mUser Load (0.2ms)[0m  [1m[34mSELECT  "users".* FROM "users" WHERE "users"."id" = $1 LIMIT $2[0m  [["id", 2], ["LIMIT", 1]]
  [1m[35m (0.1ms)[0m  [1m[31mROLLBACK[0m
  [1m[35m (0.1ms)[0m  [1m[35mBEGIN[0m
----------------------------------------------------
UserTest: test_password_should_have_a_minimum_length
----------------------------------------------------
  [1m[36mUser Exists (0.2ms)[0m  [1m[34mSELECT  1 AS one FROM "users" WHERE LOWER("users"."email") = LOWER($1) LIMIT $2[0m  [["email", "user@example.com"], ["LIMIT", 1]]
  [1m[35m (0.1ms)[0m  [1m[31mROLLBACK[0m
  [1m[35m (0.1ms)[0m  [1m[35mBEGIN[0m
------------------------------------------
UserTest: test_name_should_not_be_too_long
------------------------------------------
  [1m[36mUser Exists (0.6ms)[0m  [1m[34mSELECT  1 AS one FROM "users" WHERE LOWER("users"."email") = LOWER($1) LIMIT $2[0m  [["email", "user@example.com"], ["LIMIT", 1]]
  [1m[35m (0.1ms)[0m  [1m[31mROLLBACK[0m
  [1m[35m (0.1ms)[0m  [1m[35mBEGIN[0m
-------------------------------------
CommentTest: test_should_report_error
-------------------------------------
  [1m[35m (0.1ms)[0m  [1m[31mROLLBACK[0m
  [1m[35m (0.1ms)[0m  [1m[35mBEGIN[0m
------------------------------------------------
CommentTest: test_can_save_comment_without_title
------------------------------------------------
  [1m[35m (0.1ms)[0m  [1m[35mSAVEPOINT active_record_1[0m
  [1m[35m (0.1ms)[0m  [1m[31mROLLBACK TO SAVEPOINT active_record_1[0m
  [1m[35m (0.1ms)[0m  [1m[31mROLLBACK[0m
  [1m[35m (0.1ms)[0m  [1m[35mBEGIN[0m
-------------------------------------------------------
ArticleTest: test_should_not_save_article_without_title
-------------------------------------------------------
  [1m[35m (0.1ms)[0m  [1m[35mSAVEPOINT active_record_1[0m
  [1m[35m (0.1ms)[0m  [1m[31mROLLBACK TO SAVEPOINT active_record_1[0m
  [1m[35m (0.1ms)[0m  [1m[31mROLLBACK[0m
  [1m[35m (0.1ms)[0m  [1m[35mBEGIN[0m
-------------------------------------
ArticleTest: test_should_report_error
-------------------------------------
  [1m[35m (0.1ms)[0m  [1m[31mROLLBACK[0m
  [1m[35m (0.1ms)[0m  [1m[35mBEGIN[0m
------------------------------------------------
UsersSignupTest: test_invalid_signup_information
------------------------------------------------
Started GET "/signup" for 127.0.0.1 at 2018-03-01 18:11:37 -0800
Processing by UsersController#new as HTML
  Rendering users/new.html.erb within layouts/application
  Rendered shared/_error_messages.html.erb (0.0ms)
  Rendered users/new.html.erb within layouts/application (1.2ms)
  Rendered layouts/_shim.html.erb (0.0ms)
  Rendered layouts/_header.html.erb (0.2ms)
  Rendered layouts/_footer.html.erb (0.1ms)
Completed 200 OK in 17ms (Views: 16.9ms | ActiveRecord: 0.0ms)
  [1m[35m (0.4ms)[0m  [1m[34mSELECT COUNT(*) FROM "users"[0m
Started POST "/users" for 127.0.0.1 at 2018-03-01 18:11:37 -0800
Processing by UsersController#create as HTML
  Parameters: {"user"=>{"name"=>"", "email"=>"user@invalid", "password"=>"[FILTERED]", "password_confirmation"=>"[FILTERED]"}}
  [1m[35m (0.1ms)[0m  [1m[35mSAVEPOINT active_record_1[0m
  [1m[36mUser Exists (0.3ms)[0m  [1m[34mSELECT  1 AS one FROM "users" WHERE LOWER("users"."email") = LOWER($1) LIMIT $2[0m  [["email", "user@invalid"], ["LIMIT", 1]]
  [1m[35m (0.1ms)[0m  [1m[31mROLLBACK TO SAVEPOINT active_record_1[0m
  Rendering users/new.html.erb within layouts/application
  Rendered shared/_error_messages.html.erb (0.5ms)
  Rendered users/new.html.erb within layouts/application (1.7ms)
  Rendered layouts/_shim.html.erb (0.0ms)
  Rendered layouts/_header.html.erb (0.2ms)
  Rendered layouts/_footer.html.erb (0.1ms)
Completed 200 OK in 8ms (Views: 3.8ms | ActiveRecord: 0.5ms)
  [1m[35m (0.4ms)[0m  [1m[34mSELECT COUNT(*) FROM "users"[0m
  [1m[35m (0.1ms)[0m  [1m[31mROLLBACK[0m
  [1m[35m (0.1ms)[0m  [1m[35mBEGIN[0m
----------------------------------------------
UsersSignupTest: test_valid_signup_information
----------------------------------------------
Started GET "/signup" for 127.0.0.1 at 2018-03-01 18:11:37 -0800
Processing by UsersController#new as HTML
  Rendering users/new.html.erb within layouts/application
  Rendered shared/_error_messages.html.erb (0.1ms)
  Rendered users/new.html.erb within layouts/application (1.8ms)
  Rendered layouts/_shim.html.erb (0.1ms)
  Rendered layouts/_header.html.erb (0.3ms)
  Rendered layouts/_footer.html.erb (0.1ms)
Completed 200 OK in 5ms (Views: 4.5ms | ActiveRecord: 0.0ms)
  [1m[35m (0.4ms)[0m  [1m[34mSELECT COUNT(*) FROM "users"[0m
Started POST "/users" for 127.0.0.1 at 2018-03-01 18:11:37 -0800
Processing by UsersController#create as HTML
  Parameters: {"user"=>{"name"=>"Example User", "email"=>"user@example.com", "password"=>"[FILTERED]", "password_confirmation"=>"[FILTERED]"}}
  [1m[35m (0.2ms)[0m  [1m[35mSAVEPOINT active_record_1[0m
  [1m[36mUser Exists (0.4ms)[0m  [1m[34mSELECT  1 AS one FROM "users" WHERE LOWER("users"."email") = LOWER($1) LIMIT $2[0m  [["email", "user@example.com"], ["LIMIT", 1]]
  [1m[35mSQL (0.4ms)[0m  [1m[32mINSERT INTO "users" ("name", "email", "created_at", "updated_at", "password_digest") VALUES ($1, $2, $3, $4, $5) RETURNING "id"[0m  [["name", "Example User"], ["email", "user@example.com"], ["created_at", "2018-03-02 02:11:37.890353"], ["updated_at", "2018-03-02 02:11:37.890353"], ["password_digest", "$2a$04$8WOfL2PVptN2wjOVIzFMb.nArk5907DzD2sqjqgUhPLG0sW5i2AN6"]]
  [1m[35m (0.1ms)[0m  [1m[35mRELEASE SAVEPOINT active_record_1[0m
Redirected to http://www.example.com/users/3
Completed 302 Found in 6ms (ActiveRecord: 1.1ms)
  [1m[35m (0.3ms)[0m  [1m[34mSELECT COUNT(*) FROM "users"[0m
Started GET "/users/3" for 127.0.0.1 at 2018-03-01 18:11:37 -0800
Processing by UsersController#show as HTML
  Parameters: {"id"=>"3"}
  [1m[36mUser Load (0.3ms)[0m  [1m[34mSELECT  "users".* FROM "users" WHERE "users"."id" = $1 LIMIT $2[0m  [["id", 3], ["LIMIT", 1]]
  Rendering users/show.html.erb within layouts/application
  Rendered users/show.html.erb within layouts/application (0.5ms)
  Rendered layouts/_shim.html.erb (0.0ms)
  Rendered layouts/_header.html.erb (0.2ms)
  Rendered layouts/_footer.html.erb (0.1ms)
Completed 200 OK in 5ms (Views: 2.2ms | ActiveRecord: 0.3ms)
  [1m[35m (0.2ms)[0m  [1m[31mROLLBACK[0m
  [1m[35m (0.1ms)[0m  [1m[35mBEGIN[0m
-----------------------------------------------
StaticPagesControllerTest: test_should_get_help
-----------------------------------------------
Started GET "/help" for 127.0.0.1 at 2018-03-01 18:11:37 -0800
Processing by StaticPagesController#help as HTML
  Rendering static_pages/help.html.erb within layouts/application
  Rendered static_pages/help.html.erb within layouts/application (0.3ms)
  Rendered layouts/_shim.html.erb (0.0ms)
  Rendered layouts/_header.html.erb (0.2ms)
  Rendered layouts/_footer.html.erb (0.1ms)
Completed 200 OK in 3ms (Views: 2.0ms | ActiveRecord: 0.0ms)
  [1m[35m (0.1ms)[0m  [1m[31mROLLBACK[0m
  [1m[35m (0.1ms)[0m  [1m[35mBEGIN[0m
--------------------------------------------------
StaticPagesControllerTest: test_should_get_contact
--------------------------------------------------
Started GET "/contact" for 127.0.0.1 at 2018-03-01 18:11:37 -0800
Processing by StaticPagesController#contact as HTML
  Rendering static_pages/contact.html.erb within layouts/application
  Rendered static_pages/contact.html.erb within layouts/application (0.6ms)
  Rendered layouts/_shim.html.erb (0.0ms)
  Rendered layouts/_header.html.erb (0.1ms)
  Rendered layouts/_footer.html.erb (0.1ms)
Completed 200 OK in 4ms (Views: 2.7ms | ActiveRecord: 0.0ms)
  [1m[35m (0.1ms)[0m  [1m[31mROLLBACK[0m
  [1m[35m (0.1ms)[0m  [1m[35mBEGIN[0m
-----------------------------------------------
StaticPagesControllerTest: test_should_get_home
-----------------------------------------------
Started GET "/" for 127.0.0.1 at 2018-03-01 18:11:37 -0800
Processing by StaticPagesController#home as HTML
  Rendering static_pages/home.html.erb within layouts/application
  Rendered static_pages/home.html.erb within layouts/application (0.4ms)
  Rendered layouts/_shim.html.erb (0.0ms)
  Rendered layouts/_header.html.erb (0.1ms)
  Rendered layouts/_footer.html.erb (0.1ms)
Completed 200 OK in 2ms (Views: 1.7ms | ActiveRecord: 0.0ms)
  [1m[35m (0.1ms)[0m  [1m[31mROLLBACK[0m
  [1m[35m (0.1ms)[0m  [1m[35mBEGIN[0m
------------------------------------------------
StaticPagesControllerTest: test_should_get_about
------------------------------------------------
Started GET "/about" for 127.0.0.1 at 2018-03-01 18:11:37 -0800
Processing by StaticPagesController#about as HTML
  Rendering static_pages/about.html.erb within layouts/application
  Rendered static_pages/about.html.erb within layouts/application (0.4ms)
  Rendered layouts/_shim.html.erb (0.0ms)
  Rendered layouts/_header.html.erb (0.2ms)
  Rendered layouts/_footer.html.erb (0.1ms)
Completed 200 OK in 3ms (Views: 1.8ms | ActiveRecord: 0.0ms)
  [1m[35m (0.1ms)[0m  [1m[31mROLLBACK[0m
  [1m[35m (0.1ms)[0m  [1m[35mBEGIN[0m
---------------------------------------------------------
CommentsControllerTest: test_should_get_comment_home_page
---------------------------------------------------------
Started GET "/articles" for 127.0.0.1 at 2018-03-01 18:11:37 -0800
Processing by ArticlesController#index as HTML
  Rendering articles/index.html.erb within layouts/application
  [1m[36mArticle Load (0.2ms)[0m  [1m[34mSELECT "articles".* FROM "articles"[0m
  Rendered articles/index.html.erb within layouts/application (1.2ms)
  Rendered layouts/_shim.html.erb (0.0ms)
  Rendered layouts/_header.html.erb (0.1ms)
  Rendered layouts/_footer.html.erb (0.1ms)
Completed 200 OK in 3ms (Views: 2.8ms | ActiveRecord: 0.2ms)
  [1m[35m (0.1ms)[0m  [1m[31mROLLBACK[0m
  [1m[35m (2.8ms)[0m  [1m[34mSELECT "schema_migrations"."version" FROM "schema_migrations" ORDER BY "schema_migrations"."version" ASC[0m
  [1m[35m (0.1ms)[0m  [1m[35mBEGIN[0m
  [1m[35m (0.7ms)[0m  [1m[35mALTER TABLE "users" DISABLE TRIGGER ALL;ALTER TABLE "articles" DISABLE TRIGGER ALL;ALTER TABLE "comments" DISABLE TRIGGER ALL;ALTER TABLE "schema_migrations" DISABLE TRIGGER ALL;ALTER TABLE "ar_internal_metadata" DISABLE TRIGGER ALL[0m
  [1m[35m (2.4ms)[0m  [1m[35mCOMMIT[0m
  [1m[35m (0.2ms)[0m  [1m[35mBEGIN[0m
  [1m[36mFixture Delete (0.3ms)[0m  [1m[31mDELETE FROM "users"[0m
  [1m[36mFixture Insert (0.9ms)[0m  [1m[32mINSERT INTO "users" ("name", "email", "password_digest", "created_at", "updated_at", "id") VALUES ('Michael Example', 'michael@example.com', '$2a$04$GLoQZbbev3TOh7MBL7ooke5tazO.wkCBp.Zp9TTrtgDdHuaLM3u5i', '2018-03-02 02:38:21.171958', '2018-03-02 02:38:21.171958', 762146111)[0m
  [1m[36mFixture Delete (0.3ms)[0m  [1m[31mDELETE FROM "articles"[0m
  [1m[36mFixture Insert (0.2ms)[0m  [1m[32mINSERT INTO "articles" ("title", "created_at", "updated_at", "id") VALUES ('MyString', '2018-03-02 02:38:21.183330', '2018-03-02 02:38:21.183330', 980190962)[0m
  [1m[36mFixture Insert (0.1ms)[0m  [1m[32mINSERT INTO "articles" ("title", "created_at", "updated_at", "id") VALUES ('MyString', '2018-03-02 02:38:21.183330', '2018-03-02 02:38:21.183330', 298486374)[0m
  [1m[36mFixture Delete (0.3ms)[0m  [1m[31mDELETE FROM "comments"[0m
  [1m[36mFixture Insert (0.3ms)[0m  [1m[32mINSERT INTO "comments" ("commenter", "body", "created_at", "updated_at", "id", "article_id") VALUES ('MyString', 'MyText', '2018-03-02 02:38:21.192265', '2018-03-02 02:38:21.192265', 980190962, 980190962)[0m
  [1m[36mFixture Insert (0.2ms)[0m  [1m[32mINSERT INTO "comments" ("commenter", "body", "created_at", "updated_at", "id", "article_id") VALUES ('MyString', 'MyText', '2018-03-02 02:38:21.192265', '2018-03-02 02:38:21.192265', 298486374, 298486374)[0m
  [1m[35m (0.4ms)[0m  [1m[35mCOMMIT[0m
  [1m[35m (0.1ms)[0m  [1m[35mBEGIN[0m
  [1m[35m (0.3ms)[0m  [1m[35mALTER TABLE "users" ENABLE TRIGGER ALL;ALTER TABLE "articles" ENABLE TRIGGER ALL;ALTER TABLE "comments" ENABLE TRIGGER ALL;ALTER TABLE "schema_migrations" ENABLE TRIGGER ALL;ALTER TABLE "ar_internal_metadata" ENABLE TRIGGER ALL[0m
  [1m[35m (0.4ms)[0m  [1m[35mCOMMIT[0m
  [1m[35m (0.1ms)[0m  [1m[35mBEGIN[0m
------------------------------------------------
StaticPagesControllerTest: test_should_get_about
------------------------------------------------
Started GET "/about" for 127.0.0.1 at 2018-03-01 18:38:21 -0800
Processing by StaticPagesController#about as HTML
  Rendering static_pages/about.html.erb within layouts/application
  Rendered static_pages/about.html.erb within layouts/application (0.8ms)
  Rendered layouts/_shim.html.erb (0.2ms)
  [1m[36mUser Load (0.3ms)[0m  [1m[34mSELECT  "users".* FROM "users" WHERE "users"."id" IS NULL LIMIT $1[0m  [["LIMIT", 1]]
  Rendered layouts/_header.html.erb (1.7ms)
  Rendered layouts/_footer.html.erb (0.3ms)
Completed 200 OK in 3050ms (Views: 3042.8ms | ActiveRecord: 0.3ms)
  [1m[35m (0.2ms)[0m  [1m[31mROLLBACK[0m
  [1m[35m (0.1ms)[0m  [1m[35mBEGIN[0m
--------------------------------------------------
StaticPagesControllerTest: test_should_get_contact
--------------------------------------------------
Started GET "/contact" for 127.0.0.1 at 2018-03-01 18:38:24 -0800
Processing by StaticPagesController#contact as HTML
  Rendering static_pages/contact.html.erb within layouts/application
  Rendered static_pages/contact.html.erb within layouts/application (0.2ms)
  Rendered layouts/_shim.html.erb (0.0ms)
  [1m[36mUser Load (0.3ms)[0m  [1m[34mSELECT  "users".* FROM "users" WHERE "users"."id" IS NULL LIMIT $1[0m  [["LIMIT", 1]]
  Rendered layouts/_header.html.erb (1.0ms)
  Rendered layouts/_footer.html.erb (0.1ms)
Completed 200 OK in 4ms (Views: 2.2ms | ActiveRecord: 0.3ms)
  [1m[35m (0.1ms)[0m  [1m[31mROLLBACK[0m
  [1m[35m (0.1ms)[0m  [1m[35mBEGIN[0m
-----------------------------------------------
StaticPagesControllerTest: test_should_get_home
-----------------------------------------------
Started GET "/" for 127.0.0.1 at 2018-03-01 18:38:24 -0800
Processing by StaticPagesController#home as HTML
  Rendering static_pages/home.html.erb within layouts/application
  Rendered static_pages/home.html.erb within layouts/application (1.0ms)
  Rendered layouts/_shim.html.erb (0.0ms)
  [1m[36mUser Load (0.3ms)[0m  [1m[34mSELECT  "users".* FROM "users" WHERE "users"."id" IS NULL LIMIT $1[0m  [["LIMIT", 1]]
  Rendered layouts/_header.html.erb (0.9ms)
  Rendered layouts/_footer.html.erb (0.1ms)
Completed 200 OK in 4ms (Views: 2.8ms | ActiveRecord: 0.3ms)
  [1m[35m (0.1ms)[0m  [1m[31mROLLBACK[0m
  [1m[35m (0.1ms)[0m  [1m[35mBEGIN[0m
-----------------------------------------------
StaticPagesControllerTest: test_should_get_help
-----------------------------------------------
Started GET "/help" for 127.0.0.1 at 2018-03-01 18:38:24 -0800
Processing by StaticPagesController#help as HTML
  Rendering static_pages/help.html.erb within layouts/application
  Rendered static_pages/help.html.erb within layouts/application (0.3ms)
  Rendered layouts/_shim.html.erb (0.0ms)
  [1m[36mUser Load (0.3ms)[0m  [1m[34mSELECT  "users".* FROM "users" WHERE "users"."id" IS NULL LIMIT $1[0m  [["LIMIT", 1]]
  Rendered layouts/_header.html.erb (0.9ms)
  Rendered layouts/_footer.html.erb (0.1ms)
Completed 200 OK in 4ms (Views: 2.2ms | ActiveRecord: 0.3ms)
  [1m[35m (0.1ms)[0m  [1m[31mROLLBACK[0m
  [1m[35m (0.1ms)[0m  [1m[35mBEGIN[0m
---------------------------------------------------------
ArticlesControllerTest: test_should_get_article_home_page
---------------------------------------------------------
Started GET "/articles" for 127.0.0.1 at 2018-03-01 18:38:24 -0800
Processing by ArticlesController#index as HTML
  Rendering articles/index.html.erb within layouts/application
  [1m[36mArticle Load (0.4ms)[0m  [1m[34mSELECT "articles".* FROM "articles"[0m
  Rendered articles/index.html.erb within layouts/application (4.9ms)
  Rendered layouts/_shim.html.erb (0.0ms)
  [1m[36mUser Load (0.3ms)[0m  [1m[34mSELECT  "users".* FROM "users" WHERE "users"."id" IS NULL LIMIT $1[0m  [["LIMIT", 1]]
  Rendered layouts/_header.html.erb (0.9ms)
  Rendered layouts/_footer.html.erb (0.1ms)
Completed 200 OK in 10ms (Views: 7.7ms | ActiveRecord: 0.7ms)
  [1m[35m (0.1ms)[0m  [1m[31mROLLBACK[0m
  [1m[35m (0.1ms)[0m  [1m[35mBEGIN[0m
---------------------------------------------------
UsersLoginTest: test_login_with_invalid_information
---------------------------------------------------
  [1m[36mUser Load (0.2ms)[0m  [1m[34mSELECT  "users".* FROM "users" WHERE "users"."id" = $1 LIMIT $2[0m  [["id", 762146111], ["LIMIT", 1]]
Started GET "/login" for 127.0.0.1 at 2018-03-01 18:38:24 -0800
Processing by SessionsController#new as HTML
  Rendering sessions/new.html.erb within layouts/application
  Rendered sessions/new.html.erb within layouts/application (11.5ms)
  Rendered layouts/_shim.html.erb (0.0ms)
  [1m[36mUser Load (0.4ms)[0m  [1m[34mSELECT  "users".* FROM "users" WHERE "users"."id" IS NULL LIMIT $1[0m  [["LIMIT", 1]]
  Rendered layouts/_header.html.erb (1.3ms)
  Rendered layouts/_footer.html.erb (0.1ms)
Completed 200 OK in 18ms (Views: 15.9ms | ActiveRecord: 0.4ms)
Started POST "/login" for 127.0.0.1 at 2018-03-01 18:38:24 -0800
Processing by SessionsController#create as HTML
  Parameters: {"session"=>{"email"=>"", "password"=>"[FILTERED]"}}
  [1m[36mUser Load (0.2ms)[0m  [1m[34mSELECT  "users".* FROM "users" WHERE "users"."email" = $1 LIMIT $2[0m  [["email", ""], ["LIMIT", 1]]
  Rendering sessions/new.html.erb within layouts/application
  Rendered sessions/new.html.erb within layouts/application (0.5ms)
  Rendered layouts/_shim.html.erb (0.0ms)
  [1m[36mUser Load (0.3ms)[0m  [1m[34mSELECT  "users".* FROM "users" WHERE "users"."id" IS NULL LIMIT $1[0m  [["LIMIT", 1]]
  Rendered layouts/_header.html.erb (0.8ms)
  Rendered layouts/_footer.html.erb (0.1ms)
Completed 200 OK in 5ms (Views: 2.3ms | ActiveRecord: 0.5ms)
Started GET "/" for 127.0.0.1 at 2018-03-01 18:38:24 -0800
Processing by StaticPagesController#home as HTML
  Rendering static_pages/home.html.erb within layouts/application
  Rendered static_pages/home.html.erb within layouts/application (0.4ms)
  Rendered layouts/_shim.html.erb (0.0ms)
  [1m[36mUser Load (0.3ms)[0m  [1m[34mSELECT  "users".* FROM "users" WHERE "users"."id" IS NULL LIMIT $1[0m  [["LIMIT", 1]]
  Rendered layouts/_header.html.erb (0.8ms)
  Rendered layouts/_footer.html.erb (0.1ms)
Completed 200 OK in 3ms (Views: 2.2ms | ActiveRecord: 0.3ms)
  [1m[35m (0.1ms)[0m  [1m[31mROLLBACK[0m
  [1m[35m (0.1ms)[0m  [1m[35mBEGIN[0m
-------------------------------------------------
UsersLoginTest: test_login_with_valid_information
-------------------------------------------------
  [1m[36mUser Load (0.2ms)[0m  [1m[34mSELECT  "users".* FROM "users" WHERE "users"."id" = $1 LIMIT $2[0m  [["id", 762146111], ["LIMIT", 1]]
Started GET "/login" for 127.0.0.1 at 2018-03-01 18:38:24 -0800
Processing by SessionsController#new as HTML
  Rendering sessions/new.html.erb within layouts/application
  Rendered sessions/new.html.erb within layouts/application (0.5ms)
  Rendered layouts/_shim.html.erb (0.0ms)
  [1m[36mUser Load (0.3ms)[0m  [1m[34mSELECT  "users".* FROM "users" WHERE "users"."id" IS NULL LIMIT $1[0m  [["LIMIT", 1]]
  Rendered layouts/_header.html.erb (0.9ms)
  Rendered layouts/_footer.html.erb (0.1ms)
Completed 200 OK in 3ms (Views: 2.5ms | ActiveRecord: 0.3ms)
Started POST "/login" for 127.0.0.1 at 2018-03-01 18:38:24 -0800
Processing by SessionsController#create as HTML
  Parameters: {"session"=>{"email"=>"michael@example.com", "password"=>"[FILTERED]"}}
  [1m[36mUser Load (0.2ms)[0m  [1m[34mSELECT  "users".* FROM "users" WHERE "users"."email" = $1 LIMIT $2[0m  [["email", "michael@example.com"], ["LIMIT", 1]]
Redirected to http://www.example.com/users/762146111
Completed 302 Found in 2ms (ActiveRecord: 0.2ms)
Started GET "/users/762146111" for 127.0.0.1 at 2018-03-01 18:38:24 -0800
Processing by UsersController#show as HTML
  Parameters: {"id"=>"762146111"}
  [1m[36mUser Load (0.3ms)[0m  [1m[34mSELECT  "users".* FROM "users" WHERE "users"."id" = $1 LIMIT $2[0m  [["id", 762146111], ["LIMIT", 1]]
  Rendering users/show.html.erb within layouts/application
  Rendered users/show.html.erb within layouts/application (0.5ms)
  Rendered layouts/_shim.html.erb (0.0ms)
  [1m[36mUser Load (0.3ms)[0m  [1m[34mSELECT  "users".* FROM "users" WHERE "users"."id" = $1 LIMIT $2[0m  [["id", 762146111], ["LIMIT", 1]]
  Rendered layouts/_header.html.erb (1.1ms)
  Rendered layouts/_footer.html.erb (0.1ms)
Completed 200 OK in 6ms (Views: 3.8ms | ActiveRecord: 0.5ms)
  [1m[35m (0.1ms)[0m  [1m[31mROLLBACK[0m
  [1m[35m (0.1ms)[0m  [1m[35mBEGIN[0m
------------------------------------------------
UsersSignupTest: test_invalid_signup_information
------------------------------------------------
Started GET "/signup" for 127.0.0.1 at 2018-03-01 18:38:24 -0800
Processing by UsersController#new as HTML
  Rendering users/new.html.erb within layouts/application
  Rendered shared/_error_messages.html.erb (0.3ms)
  Rendered users/new.html.erb within layouts/application (3.0ms)
  Rendered layouts/_shim.html.erb (0.0ms)
  [1m[36mUser Load (0.3ms)[0m  [1m[34mSELECT  "users".* FROM "users" WHERE "users"."id" IS NULL LIMIT $1[0m  [["LIMIT", 1]]
  Rendered layouts/_header.html.erb (0.9ms)
  Rendered layouts/_footer.html.erb (0.1ms)
Completed 200 OK in 7ms (Views: 5.0ms | ActiveRecord: 0.3ms)
  [1m[35m (0.3ms)[0m  [1m[34mSELECT COUNT(*) FROM "users"[0m
Started POST "/users" for 127.0.0.1 at 2018-03-01 18:38:24 -0800
Processing by UsersController#create as HTML
  Parameters: {"user"=>{"name"=>"", "email"=>"user@invalid", "password"=>"[FILTERED]", "password_confirmation"=>"[FILTERED]"}}
  [1m[35m (0.1ms)[0m  [1m[35mSAVEPOINT active_record_1[0m
  [1m[36mUser Exists (0.5ms)[0m  [1m[34mSELECT  1 AS one FROM "users" WHERE LOWER("users"."email") = LOWER($1) LIMIT $2[0m  [["email", "user@invalid"], ["LIMIT", 1]]
  [1m[35m (0.1ms)[0m  [1m[31mROLLBACK TO SAVEPOINT active_record_1[0m
  Rendering users/new.html.erb within layouts/application
  Rendered shared/_error_messages.html.erb (0.5ms)
  Rendered users/new.html.erb within layouts/application (1.6ms)
  Rendered layouts/_shim.html.erb (0.0ms)
  [1m[36mUser Load (0.3ms)[0m  [1m[34mSELECT  "users".* FROM "users" WHERE "users"."id" IS NULL LIMIT $1[0m  [["LIMIT", 1]]
  Rendered layouts/_header.html.erb (1.0ms)
  Rendered layouts/_footer.html.erb (0.1ms)
Completed 200 OK in 11ms (Views: 3.8ms | ActiveRecord: 2.2ms)
  [1m[35m (0.2ms)[0m  [1m[34mSELECT COUNT(*) FROM "users"[0m
  [1m[35m (0.1ms)[0m  [1m[31mROLLBACK[0m
  [1m[35m (0.1ms)[0m  [1m[35mBEGIN[0m
----------------------------------------------
UsersSignupTest: test_valid_signup_information
----------------------------------------------
Started GET "/signup" for 127.0.0.1 at 2018-03-01 18:38:24 -0800
Processing by UsersController#new as HTML
  Rendering users/new.html.erb within layouts/application
  Rendered shared/_error_messages.html.erb (0.0ms)
  Rendered users/new.html.erb within layouts/application (1.1ms)
  Rendered layouts/_shim.html.erb (0.0ms)
  [1m[36mUser Load (0.4ms)[0m  [1m[34mSELECT  "users".* FROM "users" WHERE "users"."id" IS NULL LIMIT $1[0m  [["LIMIT", 1]]
  Rendered layouts/_header.html.erb (1.0ms)
  Rendered layouts/_footer.html.erb (0.1ms)
Completed 200 OK in 4ms (Views: 3.1ms | ActiveRecord: 0.4ms)
  [1m[35m (0.3ms)[0m  [1m[34mSELECT COUNT(*) FROM "users"[0m
Started POST "/users" for 127.0.0.1 at 2018-03-01 18:38:24 -0800
Processing by UsersController#create as HTML
  Parameters: {"user"=>{"name"=>"Example User", "email"=>"user@example.com", "password"=>"[FILTERED]", "password_confirmation"=>"[FILTERED]"}}
  [1m[35m (0.1ms)[0m  [1m[35mSAVEPOINT active_record_1[0m
  [1m[36mUser Exists (0.3ms)[0m  [1m[34mSELECT  1 AS one FROM "users" WHERE LOWER("users"."email") = LOWER($1) LIMIT $2[0m  [["email", "user@example.com"], ["LIMIT", 1]]
  [1m[35mSQL (0.3ms)[0m  [1m[32mINSERT INTO "users" ("name", "email", "created_at", "updated_at", "password_digest") VALUES ($1, $2, $3, $4, $5) RETURNING "id"[0m  [["name", "Example User"], ["email", "user@example.com"], ["created_at", "2018-03-02 02:38:24.523802"], ["updated_at", "2018-03-02 02:38:24.523802"], ["password_digest", "$2a$04$qVwCaAYZzmBGD6f/e1oLsuYa00jueNCI6MIeh.x0ug4rFEcH2IVbS"]]
  [1m[35m (0.1ms)[0m  [1m[35mRELEASE SAVEPOINT active_record_1[0m
Redirected to http://www.example.com/users/762146112
Completed 302 Found in 5ms (ActiveRecord: 0.8ms)
  [1m[35m (0.2ms)[0m  [1m[34mSELECT COUNT(*) FROM "users"[0m
Started GET "/users/762146112" for 127.0.0.1 at 2018-03-01 18:38:24 -0800
Processing by UsersController#show as HTML
  Parameters: {"id"=>"762146112"}
  [1m[36mUser Load (0.3ms)[0m  [1m[34mSELECT  "users".* FROM "users" WHERE "users"."id" = $1 LIMIT $2[0m  [["id", 762146112], ["LIMIT", 1]]
  Rendering users/show.html.erb within layouts/application
  Rendered users/show.html.erb within layouts/application (0.2ms)
  Rendered layouts/_shim.html.erb (0.0ms)
  [1m[36mUser Load (0.3ms)[0m  [1m[34mSELECT  "users".* FROM "users" WHERE "users"."id" IS NULL LIMIT $1[0m  [["LIMIT", 1]]
  Rendered layouts/_header.html.erb (0.8ms)
  Rendered layouts/_footer.html.erb (0.1ms)
Completed 200 OK in 3ms (Views: 2.0ms | ActiveRecord: 0.5ms)
  [1m[35m (0.2ms)[0m  [1m[31mROLLBACK[0m
  [1m[35m (0.1ms)[0m  [1m[35mBEGIN[0m
------------------------------
UserTest: test_should_be_valid
------------------------------
  [1m[36mUser Exists (0.3ms)[0m  [1m[34mSELECT  1 AS one FROM "users" WHERE LOWER("users"."email") = LOWER($1) LIMIT $2[0m  [["email", "user@example.com"], ["LIMIT", 1]]
  [1m[35m (0.1ms)[0m  [1m[31mROLLBACK[0m
  [1m[35m (0.1ms)[0m  [1m[35mBEGIN[0m
-----------------------------------------------
UserTest: test_email_addresses_should_be_unique
-----------------------------------------------
  [1m[35m (0.1ms)[0m  [1m[35mSAVEPOINT active_record_1[0m
  [1m[36mUser Exists (0.3ms)[0m  [1m[34mSELECT  1 AS one FROM "users" WHERE LOWER("users"."email") = LOWER($1) LIMIT $2[0m  [["email", "user@example.com"], ["LIMIT", 1]]
  [1m[35mSQL (0.2ms)[0m  [1m[32mINSERT INTO "users" ("name", "email", "created_at", "updated_at", "password_digest") VALUES ($1, $2, $3, $4, $5) RETURNING "id"[0m  [["name", "Example User"], ["email", "user@example.com"], ["created_at", "2018-03-02 02:38:24.537773"], ["updated_at", "2018-03-02 02:38:24.537773"], ["password_digest", "$2a$04$iesQmT2ek7Tv9.5ck1/dquVvWwIqXmjYXql.ElI1Dxxl339pk81eS"]]
  [1m[35m (0.1ms)[0m  [1m[35mRELEASE SAVEPOINT active_record_1[0m
  [1m[36mUser Exists (0.2ms)[0m  [1m[34mSELECT  1 AS one FROM "users" WHERE LOWER("users"."email") = LOWER($1) LIMIT $2[0m  [["email", "USER@EXAMPLE.COM"], ["LIMIT", 1]]
  [1m[35m (0.1ms)[0m  [1m[31mROLLBACK[0m
  [1m[35m (0.1ms)[0m  [1m[35mBEGIN[0m
--------------------------------------
UserTest: test_email_should_be_present
--------------------------------------
  [1m[36mUser Exists (0.3ms)[0m  [1m[34mSELECT  1 AS one FROM "users" WHERE LOWER("users"."email") = LOWER($1) LIMIT $2[0m  [["email", "     "], ["LIMIT", 1]]
  [1m[35m (0.1ms)[0m  [1m[31mROLLBACK[0m
  [1m[35m (0.1ms)[0m  [1m[35mBEGIN[0m
-------------------------------------------
UserTest: test_email_should_not_be_too_long
-------------------------------------------
  [1m[36mUser Exists (0.2ms)[0m  [1m[34mSELECT  1 AS one FROM "users" WHERE LOWER("users"."email") = LOWER($1) LIMIT $2[0m  [["email", "aaaaaaaaaaaaaaaaaaaaaaaaaaaaaaaaaaaaaaaaaaaaaaaaaaaaaaaaaaaaaaaaaaaaaaaaaaaaaaaaaaaaaaaaaaaaaaaaaaaaaaaaaaaaaaaaaaaaaaaaaaaaaaaaaaaaaaaaaaaaaaaaaaaaaaaaaaaaaaaaaaaaaaaaaaaaaaaaaaaaaaaaaaaaaaaaaaaaaaaaaaaaaaaaaaaaaaaaaaaaaaaaaaaaaaaaaaaaaaaaaaaa@example.com"], ["LIMIT", 1]]
  [1m[35m (0.1ms)[0m  [1m[31mROLLBACK[0m
  [1m[35m (0.1ms)[0m  [1m[35mBEGIN[0m
----------------------------------------------------
UserTest: test_password_should_be_present_(nonblank)
----------------------------------------------------
  [1m[36mUser Exists (0.5ms)[0m  [1m[34mSELECT  1 AS one FROM "users" WHERE LOWER("users"."email") = LOWER($1) LIMIT $2[0m  [["email", "user@example.com"], ["LIMIT", 1]]
  [1m[35m (0.2ms)[0m  [1m[31mROLLBACK[0m
  [1m[35m (0.2ms)[0m  [1m[35mBEGIN[0m
-------------------------------------------------------------
UserTest: test_email_validation_should_accept_valid_addresses
-------------------------------------------------------------
  [1m[36mUser Exists (0.3ms)[0m  [1m[34mSELECT  1 AS one FROM "users" WHERE LOWER("users"."email") = LOWER($1) LIMIT $2[0m  [["email", "user@example.com"], ["LIMIT", 1]]
  [1m[36mUser Exists (0.2ms)[0m  [1m[34mSELECT  1 AS one FROM "users" WHERE LOWER("users"."email") = LOWER($1) LIMIT $2[0m  [["email", "USER@foo.COM"], ["LIMIT", 1]]
  [1m[36mUser Exists (0.2ms)[0m  [1m[34mSELECT  1 AS one FROM "users" WHERE LOWER("users"."email") = LOWER($1) LIMIT $2[0m  [["email", "A_US-ER@foo.bar.org"], ["LIMIT", 1]]
  [1m[36mUser Exists (0.2ms)[0m  [1m[34mSELECT  1 AS one FROM "users" WHERE LOWER("users"."email") = LOWER($1) LIMIT $2[0m  [["email", "first.last@foo.jp"], ["LIMIT", 1]]
  [1m[36mUser Exists (0.2ms)[0m  [1m[34mSELECT  1 AS one FROM "users" WHERE LOWER("users"."email") = LOWER($1) LIMIT $2[0m  [["email", "alice+bob@baz.cn"], ["LIMIT", 1]]
  [1m[35m (0.1ms)[0m  [1m[31mROLLBACK[0m
  [1m[35m (0.1ms)[0m  [1m[35mBEGIN[0m
----------------------------------------------------
UserTest: test_password_should_have_a_minimum_length
----------------------------------------------------
  [1m[36mUser Exists (0.2ms)[0m  [1m[34mSELECT  1 AS one FROM "users" WHERE LOWER("users"."email") = LOWER($1) LIMIT $2[0m  [["email", "user@example.com"], ["LIMIT", 1]]
  [1m[35m (0.1ms)[0m  [1m[31mROLLBACK[0m
  [1m[35m (0.1ms)[0m  [1m[35mBEGIN[0m
------------------------------------------------------------
UserTest: test_email_addresses_should_be_saved_as_lower-case
------------------------------------------------------------
  [1m[35m (0.1ms)[0m  [1m[35mSAVEPOINT active_record_1[0m
  [1m[36mUser Exists (0.2ms)[0m  [1m[34mSELECT  1 AS one FROM "users" WHERE LOWER("users"."email") = LOWER($1) LIMIT $2[0m  [["email", "Foo@ExAMPle.CoM"], ["LIMIT", 1]]
  [1m[35mSQL (0.3ms)[0m  [1m[32mINSERT INTO "users" ("name", "email", "created_at", "updated_at", "password_digest") VALUES ($1, $2, $3, $4, $5) RETURNING "id"[0m  [["name", "Example User"], ["email", "foo@example.com"], ["created_at", "2018-03-02 02:38:24.562417"], ["updated_at", "2018-03-02 02:38:24.562417"], ["password_digest", "$2a$04$.2Q8sbHw0paiUJ0NE9v6te3WvYLaPIEmJEmiG5JgSVOl.fES1I/Li"]]
  [1m[35m (0.1ms)[0m  [1m[35mRELEASE SAVEPOINT active_record_1[0m
  [1m[36mUser Load (0.2ms)[0m  [1m[34mSELECT  "users".* FROM "users" WHERE "users"."id" = $1 LIMIT $2[0m  [["id", 762146114], ["LIMIT", 1]]
  [1m[35m (0.1ms)[0m  [1m[31mROLLBACK[0m
  [1m[35m (0.1ms)[0m  [1m[35mBEGIN[0m
------------------------------------------
UserTest: test_name_should_not_be_too_long
------------------------------------------
  [1m[36mUser Exists (0.3ms)[0m  [1m[34mSELECT  1 AS one FROM "users" WHERE LOWER("users"."email") = LOWER($1) LIMIT $2[0m  [["email", "user@example.com"], ["LIMIT", 1]]
  [1m[35m (0.1ms)[0m  [1m[31mROLLBACK[0m
  [1m[35m (0.1ms)[0m  [1m[35mBEGIN[0m
-------------------------------------
UserTest: test_name_should_be_present
-------------------------------------
  [1m[36mUser Exists (0.2ms)[0m  [1m[34mSELECT  1 AS one FROM "users" WHERE LOWER("users"."email") = LOWER($1) LIMIT $2[0m  [["email", "user@example.com"], ["LIMIT", 1]]
  [1m[35m (0.1ms)[0m  [1m[31mROLLBACK[0m
  [1m[35m (0.1ms)[0m  [1m[35mBEGIN[0m
---------------------------------------------------------------
UserTest: test_email_validation_should_reject_invalid_addresses
---------------------------------------------------------------
  [1m[36mUser Exists (0.2ms)[0m  [1m[34mSELECT  1 AS one FROM "users" WHERE LOWER("users"."email") = LOWER($1) LIMIT $2[0m  [["email", "user@example,com"], ["LIMIT", 1]]
  [1m[36mUser Exists (0.2ms)[0m  [1m[34mSELECT  1 AS one FROM "users" WHERE LOWER("users"."email") = LOWER($1) LIMIT $2[0m  [["email", "user_at_foo.org"], ["LIMIT", 1]]
  [1m[36mUser Exists (0.2ms)[0m  [1m[34mSELECT  1 AS one FROM "users" WHERE LOWER("users"."email") = LOWER($1) LIMIT $2[0m  [["email", "user.name@example."], ["LIMIT", 1]]
  [1m[36mUser Exists (0.2ms)[0m  [1m[34mSELECT  1 AS one FROM "users" WHERE LOWER("users"."email") = LOWER($1) LIMIT $2[0m  [["email", "foo@bar_baz.com"], ["LIMIT", 1]]
  [1m[36mUser Exists (0.2ms)[0m  [1m[34mSELECT  1 AS one FROM "users" WHERE LOWER("users"."email") = LOWER($1) LIMIT $2[0m  [["email", "foo@bar+baz.com"], ["LIMIT", 1]]
  [1m[36mUser Exists (0.2ms)[0m  [1m[34mSELECT  1 AS one FROM "users" WHERE LOWER("users"."email") = LOWER($1) LIMIT $2[0m  [["email", "foo@bar..com"], ["LIMIT", 1]]
  [1m[35m (0.1ms)[0m  [1m[31mROLLBACK[0m
  [1m[35m (0.1ms)[0m  [1m[35mBEGIN[0m
-------------------------------------
CommentTest: test_should_report_error
-------------------------------------
  [1m[35m (0.1ms)[0m  [1m[31mROLLBACK[0m
  [1m[35m (0.1ms)[0m  [1m[35mBEGIN[0m
------------------------------------------------
CommentTest: test_can_save_comment_without_title
------------------------------------------------
  [1m[35m (0.1ms)[0m  [1m[35mSAVEPOINT active_record_1[0m
  [1m[35m (0.1ms)[0m  [1m[31mROLLBACK TO SAVEPOINT active_record_1[0m
  [1m[35m (0.1ms)[0m  [1m[31mROLLBACK[0m
  [1m[35m (0.1ms)[0m  [1m[35mBEGIN[0m
---------------------------------------------------------
CommentsControllerTest: test_should_get_comment_home_page
---------------------------------------------------------
Started GET "/articles" for 127.0.0.1 at 2018-03-01 18:38:24 -0800
Processing by ArticlesController#index as HTML
  Rendering articles/index.html.erb within layouts/application
  [1m[36mArticle Load (0.3ms)[0m  [1m[34mSELECT "articles".* FROM "articles"[0m
  Rendered articles/index.html.erb within layouts/application (1.1ms)
  Rendered layouts/_shim.html.erb (0.0ms)
  [1m[36mUser Load (0.3ms)[0m  [1m[34mSELECT  "users".* FROM "users" WHERE "users"."id" IS NULL LIMIT $1[0m  [["LIMIT", 1]]
  Rendered layouts/_header.html.erb (0.9ms)
  Rendered layouts/_footer.html.erb (0.1ms)
Completed 200 OK in 4ms (Views: 2.8ms | ActiveRecord: 0.5ms)
  [1m[35m (0.1ms)[0m  [1m[31mROLLBACK[0m
  [1m[35m (0.1ms)[0m  [1m[35mBEGIN[0m
----------------------------------------
UsersControllerTest: test_should_get_new
----------------------------------------
Started GET "/signup" for 127.0.0.1 at 2018-03-01 18:38:24 -0800
Processing by UsersController#new as HTML
  Rendering users/new.html.erb within layouts/application
  Rendered shared/_error_messages.html.erb (0.0ms)
  Rendered users/new.html.erb within layouts/application (1.0ms)
  Rendered layouts/_shim.html.erb (0.0ms)
  [1m[36mUser Load (0.3ms)[0m  [1m[34mSELECT  "users".* FROM "users" WHERE "users"."id" IS NULL LIMIT $1[0m  [["LIMIT", 1]]
  Rendered layouts/_header.html.erb (0.8ms)
  Rendered layouts/_footer.html.erb (0.1ms)
Completed 200 OK in 3ms (Views: 2.7ms | ActiveRecord: 0.3ms)
  [1m[35m (0.1ms)[0m  [1m[31mROLLBACK[0m
  [1m[35m (0.1ms)[0m  [1m[35mBEGIN[0m
-------------------------------------------------------
ArticleTest: test_should_not_save_article_without_title
-------------------------------------------------------
  [1m[35m (0.1ms)[0m  [1m[35mSAVEPOINT active_record_1[0m
  [1m[35m (0.1ms)[0m  [1m[31mROLLBACK TO SAVEPOINT active_record_1[0m
  [1m[35m (0.1ms)[0m  [1m[31mROLLBACK[0m
  [1m[35m (0.1ms)[0m  [1m[35mBEGIN[0m
-------------------------------------
ArticleTest: test_should_report_error
-------------------------------------
  [1m[35m (0.1ms)[0m  [1m[31mROLLBACK[0m
  [1m[35m (0.1ms)[0m  [1m[35mBEGIN[0m
-------------------------------------------
SessionsControllerTest: test_should_get_new
-------------------------------------------
Started GET "/login" for 127.0.0.1 at 2018-03-01 18:38:24 -0800
Processing by SessionsController#new as HTML
  Rendering sessions/new.html.erb within layouts/application
  Rendered sessions/new.html.erb within layouts/application (0.6ms)
  Rendered layouts/_shim.html.erb (0.0ms)
  [1m[36mUser Load (0.3ms)[0m  [1m[34mSELECT  "users".* FROM "users" WHERE "users"."id" IS NULL LIMIT $1[0m  [["LIMIT", 1]]
  Rendered layouts/_header.html.erb (1.1ms)
  Rendered layouts/_footer.html.erb (0.1ms)
Completed 200 OK in 4ms (Views: 3.3ms | ActiveRecord: 0.3ms)
  [1m[35m (0.1ms)[0m  [1m[31mROLLBACK[0m
  [1m[35m (0.1ms)[0m  [1m[35mBEGIN[0m
---------------------------------
SiteLayoutTest: test_layout_links
---------------------------------
Started GET "/" for 127.0.0.1 at 2018-03-01 18:38:24 -0800
Processing by StaticPagesController#home as HTML
  Rendering static_pages/home.html.erb within layouts/application
  Rendered static_pages/home.html.erb within layouts/application (0.4ms)
  Rendered layouts/_shim.html.erb (0.0ms)
  [1m[36mUser Load (0.3ms)[0m  [1m[34mSELECT  "users".* FROM "users" WHERE "users"."id" IS NULL LIMIT $1[0m  [["LIMIT", 1]]
  Rendered layouts/_header.html.erb (0.8ms)
  Rendered layouts/_footer.html.erb (0.1ms)
Completed 200 OK in 3ms (Views: 2.1ms | ActiveRecord: 0.3ms)
  [1m[35m (0.1ms)[0m  [1m[31mROLLBACK[0m
  [1m[35m (0.7ms)[0m  [1m[34mSELECT "schema_migrations"."version" FROM "schema_migrations" ORDER BY "schema_migrations"."version" ASC[0m
  [1m[35m (0.1ms)[0m  [1m[35mBEGIN[0m
  [1m[35m (0.7ms)[0m  [1m[35mALTER TABLE "users" DISABLE TRIGGER ALL;ALTER TABLE "articles" DISABLE TRIGGER ALL;ALTER TABLE "comments" DISABLE TRIGGER ALL;ALTER TABLE "schema_migrations" DISABLE TRIGGER ALL;ALTER TABLE "ar_internal_metadata" DISABLE TRIGGER ALL[0m
  [1m[35m (5.8ms)[0m  [1m[35mCOMMIT[0m
  [1m[35m (0.2ms)[0m  [1m[35mBEGIN[0m
  [1m[36mFixture Delete (0.3ms)[0m  [1m[31mDELETE FROM "users"[0m
  [1m[36mFixture Insert (0.4ms)[0m  [1m[32mINSERT INTO "users" ("name", "email", "password_digest", "created_at", "updated_at", "id") VALUES ('Michael Example', 'michael@example.com', '$2a$04$5xM.O5N5akv7cz2za5AT0.da1ZyFs27KgXq4hJwZXQ5vDNDEtSgRS', '2018-03-02 02:38:42.172875', '2018-03-02 02:38:42.172875', 762146111)[0m
  [1m[36mFixture Delete (0.3ms)[0m  [1m[31mDELETE FROM "articles"[0m
  [1m[36mFixture Insert (0.2ms)[0m  [1m[32mINSERT INTO "articles" ("title", "created_at", "updated_at", "id") VALUES ('MyString', '2018-03-02 02:38:42.184187', '2018-03-02 02:38:42.184187', 980190962)[0m
  [1m[36mFixture Insert (0.2ms)[0m  [1m[32mINSERT INTO "articles" ("title", "created_at", "updated_at", "id") VALUES ('MyString', '2018-03-02 02:38:42.184187', '2018-03-02 02:38:42.184187', 298486374)[0m
  [1m[36mFixture Delete (0.3ms)[0m  [1m[31mDELETE FROM "comments"[0m
  [1m[36mFixture Insert (0.2ms)[0m  [1m[32mINSERT INTO "comments" ("commenter", "body", "created_at", "updated_at", "id", "article_id") VALUES ('MyString', 'MyText', '2018-03-02 02:38:42.193705', '2018-03-02 02:38:42.193705', 980190962, 980190962)[0m
  [1m[36mFixture Insert (0.1ms)[0m  [1m[32mINSERT INTO "comments" ("commenter", "body", "created_at", "updated_at", "id", "article_id") VALUES ('MyString', 'MyText', '2018-03-02 02:38:42.193705', '2018-03-02 02:38:42.193705', 298486374, 298486374)[0m
  [1m[35m (2.2ms)[0m  [1m[35mCOMMIT[0m
  [1m[35m (0.2ms)[0m  [1m[35mBEGIN[0m
  [1m[35m (0.4ms)[0m  [1m[35mALTER TABLE "users" ENABLE TRIGGER ALL;ALTER TABLE "articles" ENABLE TRIGGER ALL;ALTER TABLE "comments" ENABLE TRIGGER ALL;ALTER TABLE "schema_migrations" ENABLE TRIGGER ALL;ALTER TABLE "ar_internal_metadata" ENABLE TRIGGER ALL[0m
  [1m[35m (0.3ms)[0m  [1m[35mCOMMIT[0m
  [1m[35m (0.1ms)[0m  [1m[35mBEGIN[0m
---------------------------------------------------
UsersLoginTest: test_login_with_invalid_information
---------------------------------------------------
  [1m[36mUser Load (0.2ms)[0m  [1m[34mSELECT  "users".* FROM "users" WHERE "users"."id" = $1 LIMIT $2[0m  [["id", 762146111], ["LIMIT", 1]]
Started GET "/login" for 127.0.0.1 at 2018-03-01 18:38:42 -0800
Processing by SessionsController#new as HTML
  Rendering sessions/new.html.erb within layouts/application
  Rendered sessions/new.html.erb within layouts/application (8.0ms)
  Rendered layouts/_shim.html.erb (0.2ms)
  [1m[36mUser Load (0.3ms)[0m  [1m[34mSELECT  "users".* FROM "users" WHERE "users"."id" IS NULL LIMIT $1[0m  [["LIMIT", 1]]
  Rendered layouts/_header.html.erb (1.4ms)
  Rendered layouts/_footer.html.erb (0.3ms)
Completed 200 OK in 146ms (Views: 138.7ms | ActiveRecord: 0.3ms)
Started POST "/login" for 127.0.0.1 at 2018-03-01 18:38:42 -0800
Processing by SessionsController#create as HTML
  Parameters: {"session"=>{"email"=>"", "password"=>"[FILTERED]"}}
  [1m[36mUser Load (0.4ms)[0m  [1m[34mSELECT  "users".* FROM "users" WHERE "users"."email" = $1 LIMIT $2[0m  [["email", ""], ["LIMIT", 1]]
  Rendering sessions/new.html.erb within layouts/application
  Rendered sessions/new.html.erb within layouts/application (0.7ms)
  Rendered layouts/_shim.html.erb (0.0ms)
  [1m[36mUser Load (0.4ms)[0m  [1m[34mSELECT  "users".* FROM "users" WHERE "users"."id" IS NULL LIMIT $1[0m  [["LIMIT", 1]]
  Rendered layouts/_header.html.erb (1.3ms)
  Rendered layouts/_footer.html.erb (0.1ms)
Completed 200 OK in 9ms (Views: 3.3ms | ActiveRecord: 0.8ms)
Started GET "/" for 127.0.0.1 at 2018-03-01 18:38:42 -0800
Processing by StaticPagesController#home as HTML
  Rendering static_pages/home.html.erb within layouts/application
  Rendered static_pages/home.html.erb within layouts/application (1.1ms)
  Rendered layouts/_shim.html.erb (0.0ms)
  [1m[36mUser Load (0.3ms)[0m  [1m[34mSELECT  "users".* FROM "users" WHERE "users"."id" IS NULL LIMIT $1[0m  [["LIMIT", 1]]
  Rendered layouts/_header.html.erb (1.0ms)
  Rendered layouts/_footer.html.erb (0.1ms)
Completed 200 OK in 6ms (Views: 4.2ms | ActiveRecord: 0.3ms)
  [1m[35m (0.1ms)[0m  [1m[31mROLLBACK[0m
  [1m[35m (0.1ms)[0m  [1m[35mBEGIN[0m
-------------------------------------------------
UsersLoginTest: test_login_with_valid_information
-------------------------------------------------
  [1m[36mUser Load (0.2ms)[0m  [1m[34mSELECT  "users".* FROM "users" WHERE "users"."id" = $1 LIMIT $2[0m  [["id", 762146111], ["LIMIT", 1]]
Started GET "/login" for 127.0.0.1 at 2018-03-01 18:38:42 -0800
Processing by SessionsController#new as HTML
  Rendering sessions/new.html.erb within layouts/application
  Rendered sessions/new.html.erb within layouts/application (0.5ms)
  Rendered layouts/_shim.html.erb (0.0ms)
  [1m[36mUser Load (0.3ms)[0m  [1m[34mSELECT  "users".* FROM "users" WHERE "users"."id" IS NULL LIMIT $1[0m  [["LIMIT", 1]]
  Rendered layouts/_header.html.erb (0.8ms)
  Rendered layouts/_footer.html.erb (0.1ms)
Completed 200 OK in 3ms (Views: 2.2ms | ActiveRecord: 0.3ms)
Started POST "/login" for 127.0.0.1 at 2018-03-01 18:38:42 -0800
Processing by SessionsController#create as HTML
  Parameters: {"session"=>{"email"=>"michael@example.com", "password"=>"[FILTERED]"}}
  [1m[36mUser Load (0.2ms)[0m  [1m[34mSELECT  "users".* FROM "users" WHERE "users"."email" = $1 LIMIT $2[0m  [["email", "michael@example.com"], ["LIMIT", 1]]
Redirected to http://www.example.com/users/762146111
Completed 302 Found in 2ms (ActiveRecord: 0.2ms)
Started GET "/users/762146111" for 127.0.0.1 at 2018-03-01 18:38:42 -0800
Processing by UsersController#show as HTML
  Parameters: {"id"=>"762146111"}
  [1m[36mUser Load (0.3ms)[0m  [1m[34mSELECT  "users".* FROM "users" WHERE "users"."id" = $1 LIMIT $2[0m  [["id", 762146111], ["LIMIT", 1]]
  Rendering users/show.html.erb within layouts/application
  Rendered users/show.html.erb within layouts/application (0.5ms)
  Rendered layouts/_shim.html.erb (0.0ms)
  [1m[36mUser Load (0.3ms)[0m  [1m[34mSELECT  "users".* FROM "users" WHERE "users"."id" = $1 LIMIT $2[0m  [["id", 762146111], ["LIMIT", 1]]
  Rendered layouts/_header.html.erb (1.1ms)
  Rendered layouts/_footer.html.erb (0.1ms)
Completed 200 OK in 6ms (Views: 3.6ms | ActiveRecord: 0.5ms)
  [1m[35m (0.1ms)[0m  [1m[31mROLLBACK[0m
  [1m[35m (0.6ms)[0m  [1m[34mSELECT "schema_migrations"."version" FROM "schema_migrations" ORDER BY "schema_migrations"."version" ASC[0m
  [1m[35m (0.1ms)[0m  [1m[35mBEGIN[0m
  [1m[35m (0.7ms)[0m  [1m[35mALTER TABLE "users" DISABLE TRIGGER ALL;ALTER TABLE "articles" DISABLE TRIGGER ALL;ALTER TABLE "comments" DISABLE TRIGGER ALL;ALTER TABLE "schema_migrations" DISABLE TRIGGER ALL;ALTER TABLE "ar_internal_metadata" DISABLE TRIGGER ALL[0m
  [1m[35m (5.7ms)[0m  [1m[35mCOMMIT[0m
  [1m[35m (0.2ms)[0m  [1m[35mBEGIN[0m
  [1m[36mFixture Delete (0.4ms)[0m  [1m[31mDELETE FROM "users"[0m
  [1m[36mFixture Insert (0.3ms)[0m  [1m[32mINSERT INTO "users" ("name", "email", "password_digest", "created_at", "updated_at", "id") VALUES ('Michael Example', 'michael@example.com', '$2a$04$yxVLzCioa3rBdhHEdqXZ4Ox8J3kKONRhCEOs6KbWihDh29XCNTnbq', '2018-03-02 02:42:55.581174', '2018-03-02 02:42:55.581174', 762146111)[0m
  [1m[36mFixture Delete (0.3ms)[0m  [1m[31mDELETE FROM "articles"[0m
  [1m[36mFixture Insert (0.2ms)[0m  [1m[32mINSERT INTO "articles" ("title", "created_at", "updated_at", "id") VALUES ('MyString', '2018-03-02 02:42:55.591584', '2018-03-02 02:42:55.591584', 980190962)[0m
  [1m[36mFixture Insert (0.1ms)[0m  [1m[32mINSERT INTO "articles" ("title", "created_at", "updated_at", "id") VALUES ('MyString', '2018-03-02 02:42:55.591584', '2018-03-02 02:42:55.591584', 298486374)[0m
  [1m[36mFixture Delete (0.3ms)[0m  [1m[31mDELETE FROM "comments"[0m
  [1m[36mFixture Insert (0.2ms)[0m  [1m[32mINSERT INTO "comments" ("commenter", "body", "created_at", "updated_at", "id", "article_id") VALUES ('MyString', 'MyText', '2018-03-02 02:42:55.600898', '2018-03-02 02:42:55.600898', 980190962, 980190962)[0m
  [1m[36mFixture Insert (0.1ms)[0m  [1m[32mINSERT INTO "comments" ("commenter", "body", "created_at", "updated_at", "id", "article_id") VALUES ('MyString', 'MyText', '2018-03-02 02:42:55.600898', '2018-03-02 02:42:55.600898', 298486374, 298486374)[0m
  [1m[35m (2.3ms)[0m  [1m[35mCOMMIT[0m
  [1m[35m (0.2ms)[0m  [1m[35mBEGIN[0m
  [1m[35m (0.5ms)[0m  [1m[35mALTER TABLE "users" ENABLE TRIGGER ALL;ALTER TABLE "articles" ENABLE TRIGGER ALL;ALTER TABLE "comments" ENABLE TRIGGER ALL;ALTER TABLE "schema_migrations" ENABLE TRIGGER ALL;ALTER TABLE "ar_internal_metadata" ENABLE TRIGGER ALL[0m
  [1m[35m (0.5ms)[0m  [1m[35mCOMMIT[0m
  [1m[35m (0.1ms)[0m  [1m[35mBEGIN[0m
----------------------------------------------
UsersSignupTest: test_valid_signup_information
----------------------------------------------
Started GET "/signup" for 127.0.0.1 at 2018-03-01 18:42:55 -0800
Processing by UsersController#new as HTML
  Rendering users/new.html.erb within layouts/application
  Rendered shared/_error_messages.html.erb (0.3ms)
  Rendered users/new.html.erb within layouts/application (10.4ms)
  Rendered layouts/_shim.html.erb (0.3ms)
  [1m[36mUser Load (0.4ms)[0m  [1m[34mSELECT  "users".* FROM "users" WHERE "users"."id" IS NULL LIMIT $1[0m  [["LIMIT", 1]]
  Rendered layouts/_header.html.erb (1.7ms)
  Rendered layouts/_footer.html.erb (0.3ms)
Completed 200 OK in 151ms (Views: 141.3ms | ActiveRecord: 0.4ms)
  [1m[35m (0.3ms)[0m  [1m[34mSELECT COUNT(*) FROM "users"[0m
Started POST "/users" for 127.0.0.1 at 2018-03-01 18:42:55 -0800
Processing by UsersController#create as HTML
  Parameters: {"user"=>{"name"=>"Example User", "email"=>"user@example.com", "password"=>"[FILTERED]", "password_confirmation"=>"[FILTERED]"}}
  [1m[35m (0.2ms)[0m  [1m[35mSAVEPOINT active_record_1[0m
  [1m[36mUser Exists (0.5ms)[0m  [1m[34mSELECT  1 AS one FROM "users" WHERE LOWER("users"."email") = LOWER($1) LIMIT $2[0m  [["email", "user@example.com"], ["LIMIT", 1]]
  [1m[35mSQL (0.3ms)[0m  [1m[32mINSERT INTO "users" ("name", "email", "created_at", "updated_at", "password_digest") VALUES ($1, $2, $3, $4, $5) RETURNING "id"[0m  [["name", "Example User"], ["email", "user@example.com"], ["created_at", "2018-03-02 02:42:55.916639"], ["updated_at", "2018-03-02 02:42:55.916639"], ["password_digest", "$2a$04$HARqhMr/Ywo8fDq/JDcy/uj3IJVR608C3tAZGROQl4/221fHj5Woa"]]
  [1m[35m (0.1ms)[0m  [1m[35mRELEASE SAVEPOINT active_record_1[0m
Redirected to http://www.example.com/users/762146112
Completed 302 Found in 9ms (ActiveRecord: 2.8ms)
  [1m[35m (0.3ms)[0m  [1m[34mSELECT COUNT(*) FROM "users"[0m
Started GET "/users/762146112" for 127.0.0.1 at 2018-03-01 18:42:55 -0800
Processing by UsersController#show as HTML
  Parameters: {"id"=>"762146112"}
  [1m[36mUser Load (0.2ms)[0m  [1m[34mSELECT  "users".* FROM "users" WHERE "users"."id" = $1 LIMIT $2[0m  [["id", 762146112], ["LIMIT", 1]]
  Rendering users/show.html.erb within layouts/application
  Rendered users/show.html.erb within layouts/application (0.5ms)
  Rendered layouts/_shim.html.erb (0.0ms)
  [1m[36mUser Load (0.2ms)[0m  [1m[34mSELECT  "users".* FROM "users" WHERE "users"."id" = $1 LIMIT $2[0m  [["id", 762146112], ["LIMIT", 1]]
  Rendered layouts/_header.html.erb (1.1ms)
  Rendered layouts/_footer.html.erb (0.1ms)
Completed 200 OK in 7ms (Views: 2.6ms | ActiveRecord: 0.6ms)
  [1m[35m (0.2ms)[0m  [1m[31mROLLBACK[0m
  [1m[35m (0.1ms)[0m  [1m[35mBEGIN[0m
------------------------------------------------
UsersSignupTest: test_invalid_signup_information
------------------------------------------------
Started GET "/signup" for 127.0.0.1 at 2018-03-01 18:42:55 -0800
Processing by UsersController#new as HTML
  Rendering users/new.html.erb within layouts/application
  Rendered shared/_error_messages.html.erb (0.0ms)
  Rendered users/new.html.erb within layouts/application (1.0ms)
  Rendered layouts/_shim.html.erb (0.0ms)
  [1m[36mUser Load (0.3ms)[0m  [1m[34mSELECT  "users".* FROM "users" WHERE "users"."id" IS NULL LIMIT $1[0m  [["LIMIT", 1]]
  Rendered layouts/_header.html.erb (0.9ms)
  Rendered layouts/_footer.html.erb (0.1ms)
Completed 200 OK in 3ms (Views: 2.7ms | ActiveRecord: 0.3ms)
  [1m[35m (0.2ms)[0m  [1m[34mSELECT COUNT(*) FROM "users"[0m
Started POST "/users" for 127.0.0.1 at 2018-03-01 18:42:55 -0800
Processing by UsersController#create as HTML
  Parameters: {"user"=>{"name"=>"", "email"=>"user@invalid", "password"=>"[FILTERED]", "password_confirmation"=>"[FILTERED]"}}
  [1m[35m (0.1ms)[0m  [1m[35mSAVEPOINT active_record_1[0m
  [1m[36mUser Exists (0.3ms)[0m  [1m[34mSELECT  1 AS one FROM "users" WHERE LOWER("users"."email") = LOWER($1) LIMIT $2[0m  [["email", "user@invalid"], ["LIMIT", 1]]
  [1m[35m (0.1ms)[0m  [1m[31mROLLBACK TO SAVEPOINT active_record_1[0m
  Rendering users/new.html.erb within layouts/application
  Rendered shared/_error_messages.html.erb (0.4ms)
  Rendered users/new.html.erb within layouts/application (1.3ms)
  Rendered layouts/_shim.html.erb (0.0ms)
  [1m[36mUser Load (0.3ms)[0m  [1m[34mSELECT  "users".* FROM "users" WHERE "users"."id" IS NULL LIMIT $1[0m  [["LIMIT", 1]]
  Rendered layouts/_header.html.erb (0.8ms)
  Rendered layouts/_footer.html.erb (0.1ms)
Completed 200 OK in 7ms (Views: 3.1ms | ActiveRecord: 0.7ms)
  [1m[35m (0.2ms)[0m  [1m[34mSELECT COUNT(*) FROM "users"[0m
  [1m[35m (0.1ms)[0m  [1m[31mROLLBACK[0m
  [1m[35m (0.1ms)[0m  [1m[35mBEGIN[0m
---------------------------------
SiteLayoutTest: test_layout_links
---------------------------------
Started GET "/" for 127.0.0.1 at 2018-03-01 18:42:55 -0800
Processing by StaticPagesController#home as HTML
  Rendering static_pages/home.html.erb within layouts/application
  Rendered static_pages/home.html.erb within layouts/application (1.0ms)
  Rendered layouts/_shim.html.erb (0.0ms)
  [1m[36mUser Load (0.3ms)[0m  [1m[34mSELECT  "users".* FROM "users" WHERE "users"."id" IS NULL LIMIT $1[0m  [["LIMIT", 1]]
  Rendered layouts/_header.html.erb (1.0ms)
  Rendered layouts/_footer.html.erb (0.1ms)
Completed 200 OK in 5ms (Views: 3.9ms | ActiveRecord: 0.3ms)
  [1m[35m (0.1ms)[0m  [1m[31mROLLBACK[0m
  [1m[35m (0.1ms)[0m  [1m[35mBEGIN[0m
---------------------------------------------------------------
UserTest: test_email_validation_should_reject_invalid_addresses
---------------------------------------------------------------
  [1m[36mUser Exists (0.3ms)[0m  [1m[34mSELECT  1 AS one FROM "users" WHERE LOWER("users"."email") = LOWER($1) LIMIT $2[0m  [["email", "user@example,com"], ["LIMIT", 1]]
  [1m[36mUser Exists (0.2ms)[0m  [1m[34mSELECT  1 AS one FROM "users" WHERE LOWER("users"."email") = LOWER($1) LIMIT $2[0m  [["email", "user_at_foo.org"], ["LIMIT", 1]]
  [1m[36mUser Exists (0.2ms)[0m  [1m[34mSELECT  1 AS one FROM "users" WHERE LOWER("users"."email") = LOWER($1) LIMIT $2[0m  [["email", "user.name@example."], ["LIMIT", 1]]
  [1m[36mUser Exists (0.2ms)[0m  [1m[34mSELECT  1 AS one FROM "users" WHERE LOWER("users"."email") = LOWER($1) LIMIT $2[0m  [["email", "foo@bar_baz.com"], ["LIMIT", 1]]
  [1m[36mUser Exists (0.2ms)[0m  [1m[34mSELECT  1 AS one FROM "users" WHERE LOWER("users"."email") = LOWER($1) LIMIT $2[0m  [["email", "foo@bar+baz.com"], ["LIMIT", 1]]
  [1m[36mUser Exists (0.2ms)[0m  [1m[34mSELECT  1 AS one FROM "users" WHERE LOWER("users"."email") = LOWER($1) LIMIT $2[0m  [["email", "foo@bar..com"], ["LIMIT", 1]]
  [1m[35m (0.1ms)[0m  [1m[31mROLLBACK[0m
  [1m[35m (0.1ms)[0m  [1m[35mBEGIN[0m
-------------------------------------
UserTest: test_name_should_be_present
-------------------------------------
  [1m[36mUser Exists (0.2ms)[0m  [1m[34mSELECT  1 AS one FROM "users" WHERE LOWER("users"."email") = LOWER($1) LIMIT $2[0m  [["email", "user@example.com"], ["LIMIT", 1]]
  [1m[35m (0.1ms)[0m  [1m[31mROLLBACK[0m
  [1m[35m (0.1ms)[0m  [1m[35mBEGIN[0m
------------------------------
UserTest: test_should_be_valid
------------------------------
  [1m[36mUser Exists (0.6ms)[0m  [1m[34mSELECT  1 AS one FROM "users" WHERE LOWER("users"."email") = LOWER($1) LIMIT $2[0m  [["email", "user@example.com"], ["LIMIT", 1]]
  [1m[35m (0.1ms)[0m  [1m[31mROLLBACK[0m
  [1m[35m (0.1ms)[0m  [1m[35mBEGIN[0m
-----------------------------------------------
UserTest: test_email_addresses_should_be_unique
-----------------------------------------------
  [1m[35m (0.1ms)[0m  [1m[35mSAVEPOINT active_record_1[0m
  [1m[36mUser Exists (0.3ms)[0m  [1m[34mSELECT  1 AS one FROM "users" WHERE LOWER("users"."email") = LOWER($1) LIMIT $2[0m  [["email", "user@example.com"], ["LIMIT", 1]]
  [1m[35mSQL (0.3ms)[0m  [1m[32mINSERT INTO "users" ("name", "email", "created_at", "updated_at", "password_digest") VALUES ($1, $2, $3, $4, $5) RETURNING "id"[0m  [["name", "Example User"], ["email", "user@example.com"], ["created_at", "2018-03-02 02:42:55.971314"], ["updated_at", "2018-03-02 02:42:55.971314"], ["password_digest", "$2a$04$8TQ3XRa7nhl3kK0hnZrIb.h3UWaD4U3dXjInv46HK5bL8H3PUfxue"]]
  [1m[35m (0.1ms)[0m  [1m[35mRELEASE SAVEPOINT active_record_1[0m
  [1m[36mUser Exists (0.3ms)[0m  [1m[34mSELECT  1 AS one FROM "users" WHERE LOWER("users"."email") = LOWER($1) LIMIT $2[0m  [["email", "USER@EXAMPLE.COM"], ["LIMIT", 1]]
  [1m[35m (0.2ms)[0m  [1m[31mROLLBACK[0m
  [1m[35m (0.1ms)[0m  [1m[35mBEGIN[0m
-------------------------------------------
UserTest: test_email_should_not_be_too_long
-------------------------------------------
  [1m[36mUser Exists (0.3ms)[0m  [1m[34mSELECT  1 AS one FROM "users" WHERE LOWER("users"."email") = LOWER($1) LIMIT $2[0m  [["email", "aaaaaaaaaaaaaaaaaaaaaaaaaaaaaaaaaaaaaaaaaaaaaaaaaaaaaaaaaaaaaaaaaaaaaaaaaaaaaaaaaaaaaaaaaaaaaaaaaaaaaaaaaaaaaaaaaaaaaaaaaaaaaaaaaaaaaaaaaaaaaaaaaaaaaaaaaaaaaaaaaaaaaaaaaaaaaaaaaaaaaaaaaaaaaaaaaaaaaaaaaaaaaaaaaaaaaaaaaaaaaaaaaaaaaaaaaaaaaaaaaaaa@example.com"], ["LIMIT", 1]]
  [1m[35m (0.1ms)[0m  [1m[31mROLLBACK[0m
  [1m[35m (0.1ms)[0m  [1m[35mBEGIN[0m
------------------------------------------------------------
UserTest: test_email_addresses_should_be_saved_as_lower-case
------------------------------------------------------------
  [1m[35m (0.3ms)[0m  [1m[35mSAVEPOINT active_record_1[0m
  [1m[36mUser Exists (0.5ms)[0m  [1m[34mSELECT  1 AS one FROM "users" WHERE LOWER("users"."email") = LOWER($1) LIMIT $2[0m  [["email", "Foo@ExAMPle.CoM"], ["LIMIT", 1]]
  [1m[35mSQL (0.3ms)[0m  [1m[32mINSERT INTO "users" ("name", "email", "created_at", "updated_at", "password_digest") VALUES ($1, $2, $3, $4, $5) RETURNING "id"[0m  [["name", "Example User"], ["email", "foo@example.com"], ["created_at", "2018-03-02 02:42:55.980635"], ["updated_at", "2018-03-02 02:42:55.980635"], ["password_digest", "$2a$04$vMC/GZYHUYBwVLN.4c2VR.P7hTY601roXrTVYTGjyCPJNmB78UKCi"]]
  [1m[35m (0.1ms)[0m  [1m[35mRELEASE SAVEPOINT active_record_1[0m
  [1m[36mUser Load (0.2ms)[0m  [1m[34mSELECT  "users".* FROM "users" WHERE "users"."id" = $1 LIMIT $2[0m  [["id", 762146114], ["LIMIT", 1]]
  [1m[35m (0.1ms)[0m  [1m[31mROLLBACK[0m
  [1m[35m (0.1ms)[0m  [1m[35mBEGIN[0m
--------------------------------------
UserTest: test_email_should_be_present
--------------------------------------
  [1m[36mUser Exists (0.3ms)[0m  [1m[34mSELECT  1 AS one FROM "users" WHERE LOWER("users"."email") = LOWER($1) LIMIT $2[0m  [["email", "     "], ["LIMIT", 1]]
  [1m[35m (0.1ms)[0m  [1m[31mROLLBACK[0m
  [1m[35m (0.1ms)[0m  [1m[35mBEGIN[0m
----------------------------------------------------
UserTest: test_password_should_be_present_(nonblank)
----------------------------------------------------
  [1m[36mUser Exists (0.2ms)[0m  [1m[34mSELECT  1 AS one FROM "users" WHERE LOWER("users"."email") = LOWER($1) LIMIT $2[0m  [["email", "user@example.com"], ["LIMIT", 1]]
  [1m[35m (0.1ms)[0m  [1m[31mROLLBACK[0m
  [1m[35m (0.1ms)[0m  [1m[35mBEGIN[0m
----------------------------------------------------
UserTest: test_password_should_have_a_minimum_length
----------------------------------------------------
  [1m[36mUser Exists (0.2ms)[0m  [1m[34mSELECT  1 AS one FROM "users" WHERE LOWER("users"."email") = LOWER($1) LIMIT $2[0m  [["email", "user@example.com"], ["LIMIT", 1]]
  [1m[35m (0.1ms)[0m  [1m[31mROLLBACK[0m
  [1m[35m (0.1ms)[0m  [1m[35mBEGIN[0m
------------------------------------------
UserTest: test_name_should_not_be_too_long
------------------------------------------
  [1m[36mUser Exists (0.2ms)[0m  [1m[34mSELECT  1 AS one FROM "users" WHERE LOWER("users"."email") = LOWER($1) LIMIT $2[0m  [["email", "user@example.com"], ["LIMIT", 1]]
  [1m[35m (0.1ms)[0m  [1m[31mROLLBACK[0m
  [1m[35m (0.1ms)[0m  [1m[35mBEGIN[0m
-------------------------------------------------------------
UserTest: test_email_validation_should_accept_valid_addresses
-------------------------------------------------------------
  [1m[36mUser Exists (0.3ms)[0m  [1m[34mSELECT  1 AS one FROM "users" WHERE LOWER("users"."email") = LOWER($1) LIMIT $2[0m  [["email", "user@example.com"], ["LIMIT", 1]]
  [1m[36mUser Exists (0.2ms)[0m  [1m[34mSELECT  1 AS one FROM "users" WHERE LOWER("users"."email") = LOWER($1) LIMIT $2[0m  [["email", "USER@foo.COM"], ["LIMIT", 1]]
  [1m[36mUser Exists (0.2ms)[0m  [1m[34mSELECT  1 AS one FROM "users" WHERE LOWER("users"."email") = LOWER($1) LIMIT $2[0m  [["email", "A_US-ER@foo.bar.org"], ["LIMIT", 1]]
  [1m[36mUser Exists (0.2ms)[0m  [1m[34mSELECT  1 AS one FROM "users" WHERE LOWER("users"."email") = LOWER($1) LIMIT $2[0m  [["email", "first.last@foo.jp"], ["LIMIT", 1]]
  [1m[36mUser Exists (0.3ms)[0m  [1m[34mSELECT  1 AS one FROM "users" WHERE LOWER("users"."email") = LOWER($1) LIMIT $2[0m  [["email", "alice+bob@baz.cn"], ["LIMIT", 1]]
  [1m[35m (0.1ms)[0m  [1m[31mROLLBACK[0m
  [1m[35m (0.1ms)[0m  [1m[35mBEGIN[0m
-----------------------------------------------
StaticPagesControllerTest: test_should_get_home
-----------------------------------------------
Started GET "/" for 127.0.0.1 at 2018-03-01 18:42:56 -0800
Processing by StaticPagesController#home as HTML
  Rendering static_pages/home.html.erb within layouts/application
  Rendered static_pages/home.html.erb within layouts/application (0.4ms)
  Rendered layouts/_shim.html.erb (0.0ms)
  [1m[36mUser Load (0.3ms)[0m  [1m[34mSELECT  "users".* FROM "users" WHERE "users"."id" IS NULL LIMIT $1[0m  [["LIMIT", 1]]
  Rendered layouts/_header.html.erb (0.8ms)
  Rendered layouts/_footer.html.erb (0.1ms)
Completed 200 OK in 3ms (Views: 2.0ms | ActiveRecord: 0.3ms)
  [1m[35m (0.1ms)[0m  [1m[31mROLLBACK[0m
  [1m[35m (0.1ms)[0m  [1m[35mBEGIN[0m
------------------------------------------------
StaticPagesControllerTest: test_should_get_about
------------------------------------------------
Started GET "/about" for 127.0.0.1 at 2018-03-01 18:42:56 -0800
Processing by StaticPagesController#about as HTML
  Rendering static_pages/about.html.erb within layouts/application
  Rendered static_pages/about.html.erb within layouts/application (0.5ms)
  Rendered layouts/_shim.html.erb (0.0ms)
  [1m[36mUser Load (0.6ms)[0m  [1m[34mSELECT  "users".* FROM "users" WHERE "users"."id" IS NULL LIMIT $1[0m  [["LIMIT", 1]]
  Rendered layouts/_header.html.erb (1.7ms)
  Rendered layouts/_footer.html.erb (0.1ms)
Completed 200 OK in 5ms (Views: 3.2ms | ActiveRecord: 0.6ms)
  [1m[35m (0.1ms)[0m  [1m[31mROLLBACK[0m
  [1m[35m (0.1ms)[0m  [1m[35mBEGIN[0m
--------------------------------------------------
StaticPagesControllerTest: test_should_get_contact
--------------------------------------------------
Started GET "/contact" for 127.0.0.1 at 2018-03-01 18:42:56 -0800
Processing by StaticPagesController#contact as HTML
  Rendering static_pages/contact.html.erb within layouts/application
  Rendered static_pages/contact.html.erb within layouts/application (0.2ms)
  Rendered layouts/_shim.html.erb (0.0ms)
  [1m[36mUser Load (0.3ms)[0m  [1m[34mSELECT  "users".* FROM "users" WHERE "users"."id" IS NULL LIMIT $1[0m  [["LIMIT", 1]]
  Rendered layouts/_header.html.erb (0.9ms)
  Rendered layouts/_footer.html.erb (0.1ms)
Completed 200 OK in 4ms (Views: 2.1ms | ActiveRecord: 0.3ms)
  [1m[35m (0.1ms)[0m  [1m[31mROLLBACK[0m
  [1m[35m (0.1ms)[0m  [1m[35mBEGIN[0m
-----------------------------------------------
StaticPagesControllerTest: test_should_get_help
-----------------------------------------------
Started GET "/help" for 127.0.0.1 at 2018-03-01 18:42:56 -0800
Processing by StaticPagesController#help as HTML
  Rendering static_pages/help.html.erb within layouts/application
  Rendered static_pages/help.html.erb within layouts/application (0.2ms)
  Rendered layouts/_shim.html.erb (0.0ms)
  [1m[36mUser Load (0.3ms)[0m  [1m[34mSELECT  "users".* FROM "users" WHERE "users"."id" IS NULL LIMIT $1[0m  [["LIMIT", 1]]
  Rendered layouts/_header.html.erb (0.9ms)
  Rendered layouts/_footer.html.erb (0.1ms)
Completed 200 OK in 3ms (Views: 2.1ms | ActiveRecord: 0.3ms)
  [1m[35m (0.1ms)[0m  [1m[31mROLLBACK[0m
  [1m[35m (0.1ms)[0m  [1m[35mBEGIN[0m
---------------------------------------------------------
ArticlesControllerTest: test_should_get_article_home_page
---------------------------------------------------------
Started GET "/articles" for 127.0.0.1 at 2018-03-01 18:42:56 -0800
Processing by ArticlesController#index as HTML
  Rendering articles/index.html.erb within layouts/application
  [1m[36mArticle Load (0.4ms)[0m  [1m[34mSELECT "articles".* FROM "articles"[0m
  Rendered articles/index.html.erb within layouts/application (4.1ms)
  Rendered layouts/_shim.html.erb (0.0ms)
  [1m[36mUser Load (0.3ms)[0m  [1m[34mSELECT  "users".* FROM "users" WHERE "users"."id" IS NULL LIMIT $1[0m  [["LIMIT", 1]]
  Rendered layouts/_header.html.erb (1.0ms)
  Rendered layouts/_footer.html.erb (0.1ms)
Completed 200 OK in 9ms (Views: 7.1ms | ActiveRecord: 0.7ms)
  [1m[35m (0.1ms)[0m  [1m[31mROLLBACK[0m
  [1m[35m (0.1ms)[0m  [1m[35mBEGIN[0m
-------------------------------------------------------
ArticleTest: test_should_not_save_article_without_title
-------------------------------------------------------
  [1m[35m (0.1ms)[0m  [1m[35mSAVEPOINT active_record_1[0m
  [1m[35m (0.1ms)[0m  [1m[31mROLLBACK TO SAVEPOINT active_record_1[0m
  [1m[35m (0.1ms)[0m  [1m[31mROLLBACK[0m
  [1m[35m (0.1ms)[0m  [1m[35mBEGIN[0m
-------------------------------------
ArticleTest: test_should_report_error
-------------------------------------
  [1m[35m (0.1ms)[0m  [1m[31mROLLBACK[0m
  [1m[35m (0.1ms)[0m  [1m[35mBEGIN[0m
----------------------------------------
UsersControllerTest: test_should_get_new
----------------------------------------
Started GET "/signup" for 127.0.0.1 at 2018-03-01 18:42:56 -0800
Processing by UsersController#new as HTML
  Rendering users/new.html.erb within layouts/application
  Rendered shared/_error_messages.html.erb (0.3ms)
  Rendered users/new.html.erb within layouts/application (2.3ms)
  Rendered layouts/_shim.html.erb (0.0ms)
  [1m[36mUser Load (0.3ms)[0m  [1m[34mSELECT  "users".* FROM "users" WHERE "users"."id" IS NULL LIMIT $1[0m  [["LIMIT", 1]]
  Rendered layouts/_header.html.erb (1.0ms)
  Rendered layouts/_footer.html.erb (0.1ms)
Completed 200 OK in 6ms (Views: 4.8ms | ActiveRecord: 0.3ms)
  [1m[35m (0.1ms)[0m  [1m[31mROLLBACK[0m
  [1m[35m (0.1ms)[0m  [1m[35mBEGIN[0m
-------------------------------------------
SessionsControllerTest: test_should_get_new
-------------------------------------------
Started GET "/login" for 127.0.0.1 at 2018-03-01 18:42:56 -0800
Processing by SessionsController#new as HTML
  Rendering sessions/new.html.erb within layouts/application
  Rendered sessions/new.html.erb within layouts/application (0.9ms)
  Rendered layouts/_shim.html.erb (0.0ms)
  [1m[36mUser Load (0.3ms)[0m  [1m[34mSELECT  "users".* FROM "users" WHERE "users"."id" IS NULL LIMIT $1[0m  [["LIMIT", 1]]
  Rendered layouts/_header.html.erb (0.9ms)
  Rendered layouts/_footer.html.erb (0.1ms)
Completed 200 OK in 5ms (Views: 3.8ms | ActiveRecord: 0.3ms)
  [1m[35m (0.1ms)[0m  [1m[31mROLLBACK[0m
  [1m[35m (0.1ms)[0m  [1m[35mBEGIN[0m
------------------------------------------------
CommentTest: test_can_save_comment_without_title
------------------------------------------------
  [1m[35m (0.2ms)[0m  [1m[35mSAVEPOINT active_record_1[0m
  [1m[35m (0.2ms)[0m  [1m[31mROLLBACK TO SAVEPOINT active_record_1[0m
  [1m[35m (0.1ms)[0m  [1m[31mROLLBACK[0m
  [1m[35m (0.1ms)[0m  [1m[35mBEGIN[0m
-------------------------------------
CommentTest: test_should_report_error
-------------------------------------
  [1m[35m (0.1ms)[0m  [1m[31mROLLBACK[0m
  [1m[35m (0.1ms)[0m  [1m[35mBEGIN[0m
---------------------------------------------------
UsersLoginTest: test_login_with_invalid_information
---------------------------------------------------
  [1m[36mUser Load (0.2ms)[0m  [1m[34mSELECT  "users".* FROM "users" WHERE "users"."id" = $1 LIMIT $2[0m  [["id", 762146111], ["LIMIT", 1]]
Started GET "/login" for 127.0.0.1 at 2018-03-01 18:42:56 -0800
Processing by SessionsController#new as HTML
  Rendering sessions/new.html.erb within layouts/application
  Rendered sessions/new.html.erb within layouts/application (0.6ms)
  Rendered layouts/_shim.html.erb (0.0ms)
  [1m[36mUser Load (0.5ms)[0m  [1m[34mSELECT  "users".* FROM "users" WHERE "users"."id" IS NULL LIMIT $1[0m  [["LIMIT", 1]]
  Rendered layouts/_header.html.erb (1.7ms)
  Rendered layouts/_footer.html.erb (0.2ms)
Completed 200 OK in 5ms (Views: 3.8ms | ActiveRecord: 0.5ms)
Started POST "/login" for 127.0.0.1 at 2018-03-01 18:42:56 -0800
Processing by SessionsController#create as HTML
  Parameters: {"session"=>{"email"=>"", "password"=>"[FILTERED]"}}
  [1m[36mUser Load (0.2ms)[0m  [1m[34mSELECT  "users".* FROM "users" WHERE "users"."email" = $1 LIMIT $2[0m  [["email", ""], ["LIMIT", 1]]
  Rendering sessions/new.html.erb within layouts/application
  Rendered sessions/new.html.erb within layouts/application (0.5ms)
  Rendered layouts/_shim.html.erb (0.0ms)
  [1m[36mUser Load (0.3ms)[0m  [1m[34mSELECT  "users".* FROM "users" WHERE "users"."id" IS NULL LIMIT $1[0m  [["LIMIT", 1]]
  Rendered layouts/_header.html.erb (1.0ms)
  Rendered layouts/_footer.html.erb (0.1ms)
Completed 200 OK in 5ms (Views: 2.8ms | ActiveRecord: 0.6ms)
Started GET "/" for 127.0.0.1 at 2018-03-01 18:42:56 -0800
Processing by StaticPagesController#home as HTML
  Rendering static_pages/home.html.erb within layouts/application
  Rendered static_pages/home.html.erb within layouts/application (0.5ms)
  Rendered layouts/_shim.html.erb (0.0ms)
  [1m[36mUser Load (0.3ms)[0m  [1m[34mSELECT  "users".* FROM "users" WHERE "users"."id" IS NULL LIMIT $1[0m  [["LIMIT", 1]]
  Rendered layouts/_header.html.erb (0.9ms)
  Rendered layouts/_footer.html.erb (0.1ms)
Completed 200 OK in 3ms (Views: 2.3ms | ActiveRecord: 0.3ms)
  [1m[35m (0.1ms)[0m  [1m[31mROLLBACK[0m
  [1m[35m (0.1ms)[0m  [1m[35mBEGIN[0m
-------------------------------------------------
UsersLoginTest: test_login_with_valid_information
-------------------------------------------------
  [1m[36mUser Load (0.2ms)[0m  [1m[34mSELECT  "users".* FROM "users" WHERE "users"."id" = $1 LIMIT $2[0m  [["id", 762146111], ["LIMIT", 1]]
Started GET "/login" for 127.0.0.1 at 2018-03-01 18:42:56 -0800
Processing by SessionsController#new as HTML
  Rendering sessions/new.html.erb within layouts/application
  Rendered sessions/new.html.erb within layouts/application (0.5ms)
  Rendered layouts/_shim.html.erb (0.0ms)
  [1m[36mUser Load (0.3ms)[0m  [1m[34mSELECT  "users".* FROM "users" WHERE "users"."id" IS NULL LIMIT $1[0m  [["LIMIT", 1]]
  Rendered layouts/_header.html.erb (0.8ms)
  Rendered layouts/_footer.html.erb (0.1ms)
Completed 200 OK in 3ms (Views: 2.4ms | ActiveRecord: 0.3ms)
Started POST "/login" for 127.0.0.1 at 2018-03-01 18:42:56 -0800
Processing by SessionsController#create as HTML
  Parameters: {"session"=>{"email"=>"michael@example.com", "password"=>"[FILTERED]"}}
  [1m[36mUser Load (0.2ms)[0m  [1m[34mSELECT  "users".* FROM "users" WHERE "users"."email" = $1 LIMIT $2[0m  [["email", "michael@example.com"], ["LIMIT", 1]]
Redirected to http://www.example.com/users/762146111
Completed 302 Found in 2ms (ActiveRecord: 0.2ms)
Started GET "/users/762146111" for 127.0.0.1 at 2018-03-01 18:42:56 -0800
Processing by UsersController#show as HTML
  Parameters: {"id"=>"762146111"}
  [1m[36mUser Load (0.2ms)[0m  [1m[34mSELECT  "users".* FROM "users" WHERE "users"."id" = $1 LIMIT $2[0m  [["id", 762146111], ["LIMIT", 1]]
  Rendering users/show.html.erb within layouts/application
  Rendered users/show.html.erb within layouts/application (0.1ms)
  Rendered layouts/_shim.html.erb (0.0ms)
  [1m[36mUser Load (0.1ms)[0m  [1m[34mSELECT  "users".* FROM "users" WHERE "users"."id" = $1 LIMIT $2[0m  [["id", 762146111], ["LIMIT", 1]]
  Rendered layouts/_header.html.erb (0.6ms)
  Rendered layouts/_footer.html.erb (0.1ms)
Completed 200 OK in 3ms (Views: 1.9ms | ActiveRecord: 0.3ms)
  [1m[35m (0.2ms)[0m  [1m[31mROLLBACK[0m
  [1m[35m (0.1ms)[0m  [1m[35mBEGIN[0m
---------------------------------------------------------
CommentsControllerTest: test_should_get_comment_home_page
---------------------------------------------------------
Started GET "/articles" for 127.0.0.1 at 2018-03-01 18:42:56 -0800
Processing by ArticlesController#index as HTML
  Rendering articles/index.html.erb within layouts/application
  [1m[36mArticle Load (0.2ms)[0m  [1m[34mSELECT "articles".* FROM "articles"[0m
  Rendered articles/index.html.erb within layouts/application (0.9ms)
  Rendered layouts/_shim.html.erb (0.0ms)
  [1m[36mUser Load (0.4ms)[0m  [1m[34mSELECT  "users".* FROM "users" WHERE "users"."id" IS NULL LIMIT $1[0m  [["LIMIT", 1]]
  Rendered layouts/_header.html.erb (1.1ms)
  Rendered layouts/_footer.html.erb (0.1ms)
Completed 200 OK in 4ms (Views: 2.8ms | ActiveRecord: 0.6ms)
  [1m[35m (0.2ms)[0m  [1m[31mROLLBACK[0m
  [1m[35m (0.7ms)[0m  [1m[34mSELECT "schema_migrations"."version" FROM "schema_migrations" ORDER BY "schema_migrations"."version" ASC[0m
  [1m[35m (0.2ms)[0m  [1m[35mBEGIN[0m
  [1m[35m (0.7ms)[0m  [1m[35mALTER TABLE "users" DISABLE TRIGGER ALL;ALTER TABLE "articles" DISABLE TRIGGER ALL;ALTER TABLE "comments" DISABLE TRIGGER ALL;ALTER TABLE "schema_migrations" DISABLE TRIGGER ALL;ALTER TABLE "ar_internal_metadata" DISABLE TRIGGER ALL[0m
  [1m[35m (5.5ms)[0m  [1m[35mCOMMIT[0m
  [1m[35m (0.2ms)[0m  [1m[35mBEGIN[0m
  [1m[36mFixture Delete (0.3ms)[0m  [1m[31mDELETE FROM "users"[0m
  [1m[36mFixture Insert (0.3ms)[0m  [1m[32mINSERT INTO "users" ("name", "email", "password_digest", "created_at", "updated_at", "id") VALUES ('Michael Example', 'michael@example.com', '$2a$04$GSmf8dmM6XM/PRnhPMjOY.MzBQJSsrObOEVt1XplZoGx0rg3SMq4e', '2018-03-02 02:48:18.135038', '2018-03-02 02:48:18.135038', 762146111)[0m
  [1m[36mFixture Delete (0.3ms)[0m  [1m[31mDELETE FROM "articles"[0m
  [1m[36mFixture Insert (0.2ms)[0m  [1m[32mINSERT INTO "articles" ("title", "created_at", "updated_at", "id") VALUES ('MyString', '2018-03-02 02:48:18.145949', '2018-03-02 02:48:18.145949', 980190962)[0m
  [1m[36mFixture Insert (0.1ms)[0m  [1m[32mINSERT INTO "articles" ("title", "created_at", "updated_at", "id") VALUES ('MyString', '2018-03-02 02:48:18.145949', '2018-03-02 02:48:18.145949', 298486374)[0m
  [1m[36mFixture Delete (0.3ms)[0m  [1m[31mDELETE FROM "comments"[0m
  [1m[36mFixture Insert (0.2ms)[0m  [1m[32mINSERT INTO "comments" ("commenter", "body", "created_at", "updated_at", "id", "article_id") VALUES ('MyString', 'MyText', '2018-03-02 02:48:18.155438', '2018-03-02 02:48:18.155438', 980190962, 980190962)[0m
  [1m[36mFixture Insert (0.1ms)[0m  [1m[32mINSERT INTO "comments" ("commenter", "body", "created_at", "updated_at", "id", "article_id") VALUES ('MyString', 'MyText', '2018-03-02 02:48:18.155438', '2018-03-02 02:48:18.155438', 298486374, 298486374)[0m
  [1m[35m (2.1ms)[0m  [1m[35mCOMMIT[0m
  [1m[35m (0.1ms)[0m  [1m[35mBEGIN[0m
  [1m[35m (0.4ms)[0m  [1m[35mALTER TABLE "users" ENABLE TRIGGER ALL;ALTER TABLE "articles" ENABLE TRIGGER ALL;ALTER TABLE "comments" ENABLE TRIGGER ALL;ALTER TABLE "schema_migrations" ENABLE TRIGGER ALL;ALTER TABLE "ar_internal_metadata" ENABLE TRIGGER ALL[0m
  [1m[35m (0.3ms)[0m  [1m[35mCOMMIT[0m
  [1m[35m (0.1ms)[0m  [1m[35mBEGIN[0m
---------------------------------------------------------
ArticlesControllerTest: test_should_get_article_home_page
---------------------------------------------------------
Started GET "/articles" for 127.0.0.1 at 2018-03-01 18:48:18 -0800
Processing by ArticlesController#index as HTML
  Rendering articles/index.html.erb within layouts/application
  [1m[36mArticle Load (0.4ms)[0m  [1m[34mSELECT "articles".* FROM "articles"[0m
  Rendered articles/index.html.erb within layouts/application (5.6ms)
  Rendered layouts/_shim.html.erb (0.2ms)
  [1m[36mUser Load (0.3ms)[0m  [1m[34mSELECT  "users".* FROM "users" WHERE "users"."id" IS NULL LIMIT $1[0m  [["LIMIT", 1]]
  Rendered layouts/_header.html.erb (1.5ms)
  Rendered layouts/_footer.html.erb (0.3ms)
Completed 200 OK in 143ms (Views: 135.8ms | ActiveRecord: 0.8ms)
  [1m[35m (0.1ms)[0m  [1m[31mROLLBACK[0m
  [1m[35m (0.1ms)[0m  [1m[35mBEGIN[0m
--------------------------------------------------------------------
UsersLoginTest: test_login_with_valid_information_followed_by_logout
--------------------------------------------------------------------
  [1m[36mUser Load (0.2ms)[0m  [1m[34mSELECT  "users".* FROM "users" WHERE "users"."id" = $1 LIMIT $2[0m  [["id", 762146111], ["LIMIT", 1]]
Started GET "/login" for 127.0.0.1 at 2018-03-01 18:48:18 -0800
Processing by SessionsController#new as HTML
  Rendering sessions/new.html.erb within layouts/application
  Rendered sessions/new.html.erb within layouts/application (7.1ms)
  Rendered layouts/_shim.html.erb (0.0ms)
  [1m[36mUser Load (0.4ms)[0m  [1m[34mSELECT  "users".* FROM "users" WHERE "users"."id" IS NULL LIMIT $1[0m  [["LIMIT", 1]]
  Rendered layouts/_header.html.erb (1.1ms)
  Rendered layouts/_footer.html.erb (0.1ms)
Completed 200 OK in 12ms (Views: 10.2ms | ActiveRecord: 0.4ms)
Started POST "/login" for 127.0.0.1 at 2018-03-01 18:48:18 -0800
Processing by SessionsController#create as HTML
  Parameters: {"session"=>{"email"=>"michael@example.com", "password"=>"[FILTERED]"}}
  [1m[36mUser Load (0.2ms)[0m  [1m[34mSELECT  "users".* FROM "users" WHERE "users"."email" = $1 LIMIT $2[0m  [["email", "michael@example.com"], ["LIMIT", 1]]
Redirected to http://www.example.com/users/762146111
Completed 302 Found in 4ms (ActiveRecord: 0.2ms)
Started GET "/users/762146111" for 127.0.0.1 at 2018-03-01 18:48:18 -0800
Processing by UsersController#show as HTML
  Parameters: {"id"=>"762146111"}
  [1m[36mUser Load (0.3ms)[0m  [1m[34mSELECT  "users".* FROM "users" WHERE "users"."id" = $1 LIMIT $2[0m  [["id", 762146111], ["LIMIT", 1]]
  Rendering users/show.html.erb within layouts/application
  Rendered users/show.html.erb within layouts/application (0.5ms)
  Rendered layouts/_shim.html.erb (0.0ms)
  [1m[36mUser Load (0.3ms)[0m  [1m[34mSELECT  "users".* FROM "users" WHERE "users"."id" = $1 LIMIT $2[0m  [["id", 762146111], ["LIMIT", 1]]
  Rendered layouts/_header.html.erb (1.5ms)
  Rendered layouts/_footer.html.erb (0.1ms)
Completed 200 OK in 7ms (Views: 4.1ms | ActiveRecord: 0.6ms)
Started DELETE "/logout" for 127.0.0.1 at 2018-03-01 18:48:18 -0800
Processing by SessionsController#destroy as HTML
Redirected to http://www.example.com/
Completed 302 Found in 0ms (ActiveRecord: 0.0ms)
Started GET "/" for 127.0.0.1 at 2018-03-01 18:48:18 -0800
Processing by StaticPagesController#home as HTML
  Rendering static_pages/home.html.erb within layouts/application
  Rendered static_pages/home.html.erb within layouts/application (1.0ms)
  Rendered layouts/_shim.html.erb (0.0ms)
  [1m[36mUser Load (0.3ms)[0m  [1m[34mSELECT  "users".* FROM "users" WHERE "users"."id" IS NULL LIMIT $1[0m  [["LIMIT", 1]]
  Rendered layouts/_header.html.erb (0.9ms)
  Rendered layouts/_footer.html.erb (0.1ms)
Completed 200 OK in 5ms (Views: 3.8ms | ActiveRecord: 0.3ms)
  [1m[35m (0.2ms)[0m  [1m[31mROLLBACK[0m
  [1m[35m (0.1ms)[0m  [1m[35mBEGIN[0m
---------------------------------------------------
UsersLoginTest: test_login_with_invalid_information
---------------------------------------------------
  [1m[36mUser Load (0.2ms)[0m  [1m[34mSELECT  "users".* FROM "users" WHERE "users"."id" = $1 LIMIT $2[0m  [["id", 762146111], ["LIMIT", 1]]
Started GET "/login" for 127.0.0.1 at 2018-03-01 18:48:18 -0800
Processing by SessionsController#new as HTML
  Rendering sessions/new.html.erb within layouts/application
  Rendered sessions/new.html.erb within layouts/application (0.5ms)
  Rendered layouts/_shim.html.erb (0.0ms)
  [1m[36mUser Load (0.3ms)[0m  [1m[34mSELECT  "users".* FROM "users" WHERE "users"."id" IS NULL LIMIT $1[0m  [["LIMIT", 1]]
  Rendered layouts/_header.html.erb (0.8ms)
  Rendered layouts/_footer.html.erb (0.1ms)
Completed 200 OK in 3ms (Views: 2.3ms | ActiveRecord: 0.3ms)
Started POST "/login" for 127.0.0.1 at 2018-03-01 18:48:18 -0800
Processing by SessionsController#create as HTML
  Parameters: {"session"=>{"email"=>"", "password"=>"[FILTERED]"}}
  [1m[36mUser Load (0.3ms)[0m  [1m[34mSELECT  "users".* FROM "users" WHERE "users"."email" = $1 LIMIT $2[0m  [["email", ""], ["LIMIT", 1]]
  Rendering sessions/new.html.erb within layouts/application
  Rendered sessions/new.html.erb within layouts/application (0.5ms)
  Rendered layouts/_shim.html.erb (0.0ms)
  [1m[36mUser Load (0.3ms)[0m  [1m[34mSELECT  "users".* FROM "users" WHERE "users"."id" IS NULL LIMIT $1[0m  [["LIMIT", 1]]
  Rendered layouts/_header.html.erb (0.9ms)
  Rendered layouts/_footer.html.erb (0.1ms)
Completed 200 OK in 3ms (Views: 2.2ms | ActiveRecord: 0.6ms)
Started GET "/" for 127.0.0.1 at 2018-03-01 18:48:18 -0800
Processing by StaticPagesController#home as HTML
  Rendering static_pages/home.html.erb within layouts/application
  Rendered static_pages/home.html.erb within layouts/application (0.4ms)
  Rendered layouts/_shim.html.erb (0.0ms)
  [1m[36mUser Load (0.3ms)[0m  [1m[34mSELECT  "users".* FROM "users" WHERE "users"."id" IS NULL LIMIT $1[0m  [["LIMIT", 1]]
  Rendered layouts/_header.html.erb (0.8ms)
  Rendered layouts/_footer.html.erb (0.1ms)
Completed 200 OK in 3ms (Views: 2.0ms | ActiveRecord: 0.3ms)
  [1m[35m (0.1ms)[0m  [1m[31mROLLBACK[0m
  [1m[35m (0.1ms)[0m  [1m[35mBEGIN[0m
----------------------------------------
UsersControllerTest: test_should_get_new
----------------------------------------
Started GET "/signup" for 127.0.0.1 at 2018-03-01 18:48:18 -0800
Processing by UsersController#new as HTML
  Rendering users/new.html.erb within layouts/application
  Rendered shared/_error_messages.html.erb (0.3ms)
  Rendered users/new.html.erb within layouts/application (2.7ms)
  Rendered layouts/_shim.html.erb (0.0ms)
  [1m[36mUser Load (0.3ms)[0m  [1m[34mSELECT  "users".* FROM "users" WHERE "users"."id" IS NULL LIMIT $1[0m  [["LIMIT", 1]]
  Rendered layouts/_header.html.erb (0.9ms)
  Rendered layouts/_footer.html.erb (0.1ms)
Completed 200 OK in 6ms (Views: 4.6ms | ActiveRecord: 0.3ms)
  [1m[35m (0.1ms)[0m  [1m[31mROLLBACK[0m
  [1m[35m (0.1ms)[0m  [1m[35mBEGIN[0m
------------------------------------------------
UsersSignupTest: test_invalid_signup_information
------------------------------------------------
Started GET "/signup" for 127.0.0.1 at 2018-03-01 18:48:18 -0800
Processing by UsersController#new as HTML
  Rendering users/new.html.erb within layouts/application
  Rendered shared/_error_messages.html.erb (0.0ms)
  Rendered users/new.html.erb within layouts/application (1.0ms)
  Rendered layouts/_shim.html.erb (0.0ms)
  [1m[36mUser Load (0.3ms)[0m  [1m[34mSELECT  "users".* FROM "users" WHERE "users"."id" IS NULL LIMIT $1[0m  [["LIMIT", 1]]
  Rendered layouts/_header.html.erb (0.8ms)
  Rendered layouts/_footer.html.erb (0.1ms)
Completed 200 OK in 3ms (Views: 2.7ms | ActiveRecord: 0.3ms)
  [1m[35m (0.3ms)[0m  [1m[34mSELECT COUNT(*) FROM "users"[0m
Started POST "/users" for 127.0.0.1 at 2018-03-01 18:48:18 -0800
Processing by UsersController#create as HTML
  Parameters: {"user"=>{"name"=>"", "email"=>"user@invalid", "password"=>"[FILTERED]", "password_confirmation"=>"[FILTERED]"}}
  [1m[35m (0.1ms)[0m  [1m[35mSAVEPOINT active_record_1[0m
  [1m[36mUser Exists (0.7ms)[0m  [1m[34mSELECT  1 AS one FROM "users" WHERE LOWER("users"."email") = LOWER($1) LIMIT $2[0m  [["email", "user@invalid"], ["LIMIT", 1]]
  [1m[35m (0.2ms)[0m  [1m[31mROLLBACK TO SAVEPOINT active_record_1[0m
  Rendering users/new.html.erb within layouts/application
  Rendered shared/_error_messages.html.erb (0.7ms)
  Rendered users/new.html.erb within layouts/application (2.7ms)
  Rendered layouts/_shim.html.erb (0.0ms)
  [1m[36mUser Load (0.3ms)[0m  [1m[34mSELECT  "users".* FROM "users" WHERE "users"."id" IS NULL LIMIT $1[0m  [["LIMIT", 1]]
  Rendered layouts/_header.html.erb (1.0ms)
  Rendered layouts/_footer.html.erb (0.1ms)
Completed 200 OK in 14ms (Views: 5.3ms | ActiveRecord: 2.6ms)
  [1m[35m (0.3ms)[0m  [1m[34mSELECT COUNT(*) FROM "users"[0m
  [1m[35m (0.1ms)[0m  [1m[31mROLLBACK[0m
  [1m[35m (0.1ms)[0m  [1m[35mBEGIN[0m
----------------------------------------------
UsersSignupTest: test_valid_signup_information
----------------------------------------------
Started GET "/signup" for 127.0.0.1 at 2018-03-01 18:48:18 -0800
Processing by UsersController#new as HTML
  Rendering users/new.html.erb within layouts/application
  Rendered shared/_error_messages.html.erb (0.0ms)
  Rendered users/new.html.erb within layouts/application (1.0ms)
  Rendered layouts/_shim.html.erb (0.0ms)
  [1m[36mUser Load (0.3ms)[0m  [1m[34mSELECT  "users".* FROM "users" WHERE "users"."id" IS NULL LIMIT $1[0m  [["LIMIT", 1]]
  Rendered layouts/_header.html.erb (0.9ms)
  Rendered layouts/_footer.html.erb (0.1ms)
Completed 200 OK in 3ms (Views: 2.7ms | ActiveRecord: 0.3ms)
  [1m[35m (0.2ms)[0m  [1m[34mSELECT COUNT(*) FROM "users"[0m
Started POST "/users" for 127.0.0.1 at 2018-03-01 18:48:18 -0800
Processing by UsersController#create as HTML
  Parameters: {"user"=>{"name"=>"Example User", "email"=>"user@example.com", "password"=>"[FILTERED]", "password_confirmation"=>"[FILTERED]"}}
  [1m[35m (0.1ms)[0m  [1m[35mSAVEPOINT active_record_1[0m
  [1m[36mUser Exists (0.3ms)[0m  [1m[34mSELECT  1 AS one FROM "users" WHERE LOWER("users"."email") = LOWER($1) LIMIT $2[0m  [["email", "user@example.com"], ["LIMIT", 1]]
  [1m[35mSQL (0.3ms)[0m  [1m[32mINSERT INTO "users" ("name", "email", "created_at", "updated_at", "password_digest") VALUES ($1, $2, $3, $4, $5) RETURNING "id"[0m  [["name", "Example User"], ["email", "user@example.com"], ["created_at", "2018-03-02 02:48:18.562368"], ["updated_at", "2018-03-02 02:48:18.562368"], ["password_digest", "$2a$04$6psbYr0ksYxT67VT/zBG9Or5g2FW/DV3X1mWprtas3gxd3CVaFHO2"]]
  [1m[35m (0.1ms)[0m  [1m[35mRELEASE SAVEPOINT active_record_1[0m
Redirected to http://www.example.com/users/762146112
Completed 302 Found in 4ms (ActiveRecord: 0.7ms)
  [1m[35m (0.3ms)[0m  [1m[34mSELECT COUNT(*) FROM "users"[0m
Started GET "/users/762146112" for 127.0.0.1 at 2018-03-01 18:48:18 -0800
Processing by UsersController#show as HTML
  Parameters: {"id"=>"762146112"}
  [1m[36mUser Load (0.3ms)[0m  [1m[34mSELECT  "users".* FROM "users" WHERE "users"."id" = $1 LIMIT $2[0m  [["id", 762146112], ["LIMIT", 1]]
  Rendering users/show.html.erb within layouts/application
  Rendered users/show.html.erb within layouts/application (0.2ms)
  Rendered layouts/_shim.html.erb (0.0ms)
  [1m[36mUser Load (0.3ms)[0m  [1m[34mSELECT  "users".* FROM "users" WHERE "users"."id" = $1 LIMIT $2[0m  [["id", 762146112], ["LIMIT", 1]]
  Rendered layouts/_header.html.erb (0.8ms)
  Rendered layouts/_footer.html.erb (0.1ms)
Completed 200 OK in 3ms (Views: 1.8ms | ActiveRecord: 0.5ms)
  [1m[35m (0.2ms)[0m  [1m[31mROLLBACK[0m
  [1m[35m (0.1ms)[0m  [1m[35mBEGIN[0m
-----------------------------------------------
StaticPagesControllerTest: test_should_get_home
-----------------------------------------------
Started GET "/" for 127.0.0.1 at 2018-03-01 18:48:18 -0800
Processing by StaticPagesController#home as HTML
  Rendering static_pages/home.html.erb within layouts/application
  Rendered static_pages/home.html.erb within layouts/application (0.4ms)
  Rendered layouts/_shim.html.erb (0.0ms)
  [1m[36mUser Load (0.3ms)[0m  [1m[34mSELECT  "users".* FROM "users" WHERE "users"."id" IS NULL LIMIT $1[0m  [["LIMIT", 1]]
  Rendered layouts/_header.html.erb (0.9ms)
  Rendered layouts/_footer.html.erb (0.1ms)
Completed 200 OK in 3ms (Views: 2.2ms | ActiveRecord: 0.3ms)
  [1m[35m (0.1ms)[0m  [1m[31mROLLBACK[0m
  [1m[35m (0.1ms)[0m  [1m[35mBEGIN[0m
-----------------------------------------------
StaticPagesControllerTest: test_should_get_help
-----------------------------------------------
Started GET "/help" for 127.0.0.1 at 2018-03-01 18:48:18 -0800
Processing by StaticPagesController#help as HTML
  Rendering static_pages/help.html.erb within layouts/application
  Rendered static_pages/help.html.erb within layouts/application (0.3ms)
  Rendered layouts/_shim.html.erb (0.0ms)
  [1m[36mUser Load (0.3ms)[0m  [1m[34mSELECT  "users".* FROM "users" WHERE "users"."id" IS NULL LIMIT $1[0m  [["LIMIT", 1]]
  Rendered layouts/_header.html.erb (0.9ms)
  Rendered layouts/_footer.html.erb (0.1ms)
Completed 200 OK in 4ms (Views: 2.1ms | ActiveRecord: 0.3ms)
  [1m[35m (0.1ms)[0m  [1m[31mROLLBACK[0m
  [1m[35m (0.1ms)[0m  [1m[35mBEGIN[0m
------------------------------------------------
StaticPagesControllerTest: test_should_get_about
------------------------------------------------
Started GET "/about" for 127.0.0.1 at 2018-03-01 18:48:18 -0800
Processing by StaticPagesController#about as HTML
  Rendering static_pages/about.html.erb within layouts/application
  Rendered static_pages/about.html.erb within layouts/application (0.4ms)
  Rendered layouts/_shim.html.erb (0.0ms)
  [1m[36mUser Load (0.3ms)[0m  [1m[34mSELECT  "users".* FROM "users" WHERE "users"."id" IS NULL LIMIT $1[0m  [["LIMIT", 1]]
  Rendered layouts/_header.html.erb (0.9ms)
  Rendered layouts/_footer.html.erb (0.1ms)
Completed 200 OK in 4ms (Views: 2.2ms | ActiveRecord: 0.3ms)
  [1m[35m (0.1ms)[0m  [1m[31mROLLBACK[0m
  [1m[35m (0.1ms)[0m  [1m[35mBEGIN[0m
--------------------------------------------------
StaticPagesControllerTest: test_should_get_contact
--------------------------------------------------
Started GET "/contact" for 127.0.0.1 at 2018-03-01 18:48:18 -0800
Processing by StaticPagesController#contact as HTML
  Rendering static_pages/contact.html.erb within layouts/application
  Rendered static_pages/contact.html.erb within layouts/application (0.3ms)
  Rendered layouts/_shim.html.erb (0.0ms)
  [1m[36mUser Load (0.3ms)[0m  [1m[34mSELECT  "users".* FROM "users" WHERE "users"."id" IS NULL LIMIT $1[0m  [["LIMIT", 1]]
  Rendered layouts/_header.html.erb (0.9ms)
  Rendered layouts/_footer.html.erb (0.1ms)
Completed 200 OK in 4ms (Views: 2.1ms | ActiveRecord: 0.3ms)
  [1m[35m (0.1ms)[0m  [1m[31mROLLBACK[0m
  [1m[35m (0.1ms)[0m  [1m[35mBEGIN[0m
---------------------------------------------------------
CommentsControllerTest: test_should_get_comment_home_page
---------------------------------------------------------
Started GET "/articles" for 127.0.0.1 at 2018-03-01 18:48:18 -0800
Processing by ArticlesController#index as HTML
  Rendering articles/index.html.erb within layouts/application
  [1m[36mArticle Load (0.7ms)[0m  [1m[34mSELECT "articles".* FROM "articles"[0m
  Rendered articles/index.html.erb within layouts/application (2.8ms)
  Rendered layouts/_shim.html.erb (0.0ms)
  [1m[36mUser Load (0.3ms)[0m  [1m[34mSELECT  "users".* FROM "users" WHERE "users"."id" IS NULL LIMIT $1[0m  [["LIMIT", 1]]
  Rendered layouts/_header.html.erb (1.2ms)
  Rendered layouts/_footer.html.erb (0.1ms)
Completed 200 OK in 7ms (Views: 5.5ms | ActiveRecord: 1.0ms)
  [1m[35m (0.1ms)[0m  [1m[31mROLLBACK[0m
  [1m[35m (0.1ms)[0m  [1m[35mBEGIN[0m
-------------------------------------------
SessionsControllerTest: test_should_get_new
-------------------------------------------
Started GET "/login" for 127.0.0.1 at 2018-03-01 18:48:18 -0800
Processing by SessionsController#new as HTML
  Rendering sessions/new.html.erb within layouts/application
  Rendered sessions/new.html.erb within layouts/application (0.6ms)
  Rendered layouts/_shim.html.erb (0.0ms)
  [1m[36mUser Load (0.3ms)[0m  [1m[34mSELECT  "users".* FROM "users" WHERE "users"."id" IS NULL LIMIT $1[0m  [["LIMIT", 1]]
  Rendered layouts/_header.html.erb (0.9ms)
  Rendered layouts/_footer.html.erb (0.1ms)
Completed 200 OK in 3ms (Views: 2.6ms | ActiveRecord: 0.3ms)
  [1m[35m (0.1ms)[0m  [1m[31mROLLBACK[0m
  [1m[35m (0.1ms)[0m  [1m[35mBEGIN[0m
-------------------------------------------------------
ArticleTest: test_should_not_save_article_without_title
-------------------------------------------------------
  [1m[35m (0.1ms)[0m  [1m[35mSAVEPOINT active_record_1[0m
  [1m[35m (0.1ms)[0m  [1m[31mROLLBACK TO SAVEPOINT active_record_1[0m
  [1m[35m (0.1ms)[0m  [1m[31mROLLBACK[0m
  [1m[35m (0.1ms)[0m  [1m[35mBEGIN[0m
-------------------------------------
ArticleTest: test_should_report_error
-------------------------------------
  [1m[35m (0.1ms)[0m  [1m[31mROLLBACK[0m
  [1m[35m (0.1ms)[0m  [1m[35mBEGIN[0m
-------------------------------------
CommentTest: test_should_report_error
-------------------------------------
  [1m[35m (0.1ms)[0m  [1m[31mROLLBACK[0m
  [1m[35m (0.1ms)[0m  [1m[35mBEGIN[0m
------------------------------------------------
CommentTest: test_can_save_comment_without_title
------------------------------------------------
  [1m[35m (0.2ms)[0m  [1m[35mSAVEPOINT active_record_1[0m
  [1m[35m (0.1ms)[0m  [1m[31mROLLBACK TO SAVEPOINT active_record_1[0m
  [1m[35m (0.1ms)[0m  [1m[31mROLLBACK[0m
  [1m[35m (0.1ms)[0m  [1m[35mBEGIN[0m
---------------------------------
SiteLayoutTest: test_layout_links
---------------------------------
Started GET "/" for 127.0.0.1 at 2018-03-01 18:48:18 -0800
Processing by StaticPagesController#home as HTML
  Rendering static_pages/home.html.erb within layouts/application
  Rendered static_pages/home.html.erb within layouts/application (0.5ms)
  Rendered layouts/_shim.html.erb (0.0ms)
  [1m[36mUser Load (0.3ms)[0m  [1m[34mSELECT  "users".* FROM "users" WHERE "users"."id" IS NULL LIMIT $1[0m  [["LIMIT", 1]]
  Rendered layouts/_header.html.erb (0.9ms)
  Rendered layouts/_footer.html.erb (0.1ms)
Completed 200 OK in 3ms (Views: 2.5ms | ActiveRecord: 0.3ms)
  [1m[35m (0.1ms)[0m  [1m[31mROLLBACK[0m
  [1m[35m (0.1ms)[0m  [1m[35mBEGIN[0m
-------------------------------------------
UserTest: test_email_should_not_be_too_long
-------------------------------------------
  [1m[36mUser Exists (0.3ms)[0m  [1m[34mSELECT  1 AS one FROM "users" WHERE LOWER("users"."email") = LOWER($1) LIMIT $2[0m  [["email", "aaaaaaaaaaaaaaaaaaaaaaaaaaaaaaaaaaaaaaaaaaaaaaaaaaaaaaaaaaaaaaaaaaaaaaaaaaaaaaaaaaaaaaaaaaaaaaaaaaaaaaaaaaaaaaaaaaaaaaaaaaaaaaaaaaaaaaaaaaaaaaaaaaaaaaaaaaaaaaaaaaaaaaaaaaaaaaaaaaaaaaaaaaaaaaaaaaaaaaaaaaaaaaaaaaaaaaaaaaaaaaaaaaaaaaaaaaaaaaaaaaaa@example.com"], ["LIMIT", 1]]
  [1m[35m (0.1ms)[0m  [1m[31mROLLBACK[0m
  [1m[35m (0.1ms)[0m  [1m[35mBEGIN[0m
-------------------------------------------------------------
UserTest: test_email_validation_should_accept_valid_addresses
-------------------------------------------------------------
  [1m[36mUser Exists (0.2ms)[0m  [1m[34mSELECT  1 AS one FROM "users" WHERE LOWER("users"."email") = LOWER($1) LIMIT $2[0m  [["email", "user@example.com"], ["LIMIT", 1]]
  [1m[36mUser Exists (0.3ms)[0m  [1m[34mSELECT  1 AS one FROM "users" WHERE LOWER("users"."email") = LOWER($1) LIMIT $2[0m  [["email", "USER@foo.COM"], ["LIMIT", 1]]
  [1m[36mUser Exists (0.7ms)[0m  [1m[34mSELECT  1 AS one FROM "users" WHERE LOWER("users"."email") = LOWER($1) LIMIT $2[0m  [["email", "A_US-ER@foo.bar.org"], ["LIMIT", 1]]
  [1m[36mUser Exists (0.3ms)[0m  [1m[34mSELECT  1 AS one FROM "users" WHERE LOWER("users"."email") = LOWER($1) LIMIT $2[0m  [["email", "first.last@foo.jp"], ["LIMIT", 1]]
  [1m[36mUser Exists (0.3ms)[0m  [1m[34mSELECT  1 AS one FROM "users" WHERE LOWER("users"."email") = LOWER($1) LIMIT $2[0m  [["email", "alice+bob@baz.cn"], ["LIMIT", 1]]
  [1m[35m (0.1ms)[0m  [1m[31mROLLBACK[0m
  [1m[35m (0.1ms)[0m  [1m[35mBEGIN[0m
--------------------------------------
UserTest: test_email_should_be_present
--------------------------------------
  [1m[36mUser Exists (0.4ms)[0m  [1m[34mSELECT  1 AS one FROM "users" WHERE LOWER("users"."email") = LOWER($1) LIMIT $2[0m  [["email", "     "], ["LIMIT", 1]]
  [1m[35m (0.1ms)[0m  [1m[31mROLLBACK[0m
  [1m[35m (0.1ms)[0m  [1m[35mBEGIN[0m
---------------------------------------------------------------
UserTest: test_email_validation_should_reject_invalid_addresses
---------------------------------------------------------------
  [1m[36mUser Exists (0.4ms)[0m  [1m[34mSELECT  1 AS one FROM "users" WHERE LOWER("users"."email") = LOWER($1) LIMIT $2[0m  [["email", "user@example,com"], ["LIMIT", 1]]
  [1m[36mUser Exists (0.5ms)[0m  [1m[34mSELECT  1 AS one FROM "users" WHERE LOWER("users"."email") = LOWER($1) LIMIT $2[0m  [["email", "user_at_foo.org"], ["LIMIT", 1]]
  [1m[36mUser Exists (0.5ms)[0m  [1m[34mSELECT  1 AS one FROM "users" WHERE LOWER("users"."email") = LOWER($1) LIMIT $2[0m  [["email", "user.name@example."], ["LIMIT", 1]]
  [1m[36mUser Exists (0.6ms)[0m  [1m[34mSELECT  1 AS one FROM "users" WHERE LOWER("users"."email") = LOWER($1) LIMIT $2[0m  [["email", "foo@bar_baz.com"], ["LIMIT", 1]]
  [1m[36mUser Exists (0.4ms)[0m  [1m[34mSELECT  1 AS one FROM "users" WHERE LOWER("users"."email") = LOWER($1) LIMIT $2[0m  [["email", "foo@bar+baz.com"], ["LIMIT", 1]]
  [1m[36mUser Exists (0.4ms)[0m  [1m[34mSELECT  1 AS one FROM "users" WHERE LOWER("users"."email") = LOWER($1) LIMIT $2[0m  [["email", "foo@bar..com"], ["LIMIT", 1]]
  [1m[35m (0.1ms)[0m  [1m[31mROLLBACK[0m
  [1m[35m (0.2ms)[0m  [1m[35mBEGIN[0m
----------------------------------------------------
UserTest: test_password_should_have_a_minimum_length
----------------------------------------------------
  [1m[36mUser Exists (0.3ms)[0m  [1m[34mSELECT  1 AS one FROM "users" WHERE LOWER("users"."email") = LOWER($1) LIMIT $2[0m  [["email", "user@example.com"], ["LIMIT", 1]]
  [1m[35m (0.1ms)[0m  [1m[31mROLLBACK[0m
  [1m[35m (0.1ms)[0m  [1m[35mBEGIN[0m
------------------------------------------------------------
UserTest: test_email_addresses_should_be_saved_as_lower-case
------------------------------------------------------------
  [1m[35m (0.1ms)[0m  [1m[35mSAVEPOINT active_record_1[0m
  [1m[36mUser Exists (0.2ms)[0m  [1m[34mSELECT  1 AS one FROM "users" WHERE LOWER("users"."email") = LOWER($1) LIMIT $2[0m  [["email", "Foo@ExAMPle.CoM"], ["LIMIT", 1]]
  [1m[35mSQL (0.3ms)[0m  [1m[32mINSERT INTO "users" ("name", "email", "created_at", "updated_at", "password_digest") VALUES ($1, $2, $3, $4, $5) RETURNING "id"[0m  [["name", "Example User"], ["email", "foo@example.com"], ["created_at", "2018-03-02 02:48:18.677252"], ["updated_at", "2018-03-02 02:48:18.677252"], ["password_digest", "$2a$04$tsKo0bpXa.CuFEd2aumq2OCsmIxC2XCIV0M66cEJaA9vCi77pCjZ6"]]
  [1m[35m (0.1ms)[0m  [1m[35mRELEASE SAVEPOINT active_record_1[0m
  [1m[36mUser Load (0.2ms)[0m  [1m[34mSELECT  "users".* FROM "users" WHERE "users"."id" = $1 LIMIT $2[0m  [["id", 762146113], ["LIMIT", 1]]
  [1m[35m (0.1ms)[0m  [1m[31mROLLBACK[0m
  [1m[35m (0.1ms)[0m  [1m[35mBEGIN[0m
------------------------------------------
UserTest: test_name_should_not_be_too_long
------------------------------------------
  [1m[36mUser Exists (0.3ms)[0m  [1m[34mSELECT  1 AS one FROM "users" WHERE LOWER("users"."email") = LOWER($1) LIMIT $2[0m  [["email", "user@example.com"], ["LIMIT", 1]]
  [1m[35m (0.1ms)[0m  [1m[31mROLLBACK[0m
  [1m[35m (0.1ms)[0m  [1m[35mBEGIN[0m
----------------------------------------------------
UserTest: test_password_should_be_present_(nonblank)
----------------------------------------------------
  [1m[36mUser Exists (0.3ms)[0m  [1m[34mSELECT  1 AS one FROM "users" WHERE LOWER("users"."email") = LOWER($1) LIMIT $2[0m  [["email", "user@example.com"], ["LIMIT", 1]]
  [1m[35m (0.1ms)[0m  [1m[31mROLLBACK[0m
  [1m[35m (0.1ms)[0m  [1m[35mBEGIN[0m
-------------------------------------
UserTest: test_name_should_be_present
-------------------------------------
  [1m[36mUser Exists (0.3ms)[0m  [1m[34mSELECT  1 AS one FROM "users" WHERE LOWER("users"."email") = LOWER($1) LIMIT $2[0m  [["email", "user@example.com"], ["LIMIT", 1]]
  [1m[35m (0.1ms)[0m  [1m[31mROLLBACK[0m
  [1m[35m (0.1ms)[0m  [1m[35mBEGIN[0m
------------------------------
UserTest: test_should_be_valid
------------------------------
  [1m[36mUser Exists (0.3ms)[0m  [1m[34mSELECT  1 AS one FROM "users" WHERE LOWER("users"."email") = LOWER($1) LIMIT $2[0m  [["email", "user@example.com"], ["LIMIT", 1]]
  [1m[35m (0.1ms)[0m  [1m[31mROLLBACK[0m
  [1m[35m (0.1ms)[0m  [1m[35mBEGIN[0m
-----------------------------------------------
UserTest: test_email_addresses_should_be_unique
-----------------------------------------------
  [1m[35m (0.1ms)[0m  [1m[35mSAVEPOINT active_record_1[0m
  [1m[36mUser Exists (0.2ms)[0m  [1m[34mSELECT  1 AS one FROM "users" WHERE LOWER("users"."email") = LOWER($1) LIMIT $2[0m  [["email", "user@example.com"], ["LIMIT", 1]]
  [1m[35mSQL (0.2ms)[0m  [1m[32mINSERT INTO "users" ("name", "email", "created_at", "updated_at", "password_digest") VALUES ($1, $2, $3, $4, $5) RETURNING "id"[0m  [["name", "Example User"], ["email", "user@example.com"], ["created_at", "2018-03-02 02:48:18.694438"], ["updated_at", "2018-03-02 02:48:18.694438"], ["password_digest", "$2a$04$Kf7AZWAltxcSzU9YZU5Gbu2wdnPI1hmiFHO7Y7L5ouQI9e2nSqrZG"]]
  [1m[35m (0.1ms)[0m  [1m[35mRELEASE SAVEPOINT active_record_1[0m
  [1m[36mUser Exists (0.2ms)[0m  [1m[34mSELECT  1 AS one FROM "users" WHERE LOWER("users"."email") = LOWER($1) LIMIT $2[0m  [["email", "USER@EXAMPLE.COM"], ["LIMIT", 1]]
  [1m[35m (0.1ms)[0m  [1m[31mROLLBACK[0m
